Archive member included to satisfy reference by file (symbol)

C:\Users\Gaston\Documents\facultad\TDII\Proyecto\lpc_chip_175x_6x\Debug\liblpc_chip_175x_6x.a(chip_17xx_40xx.o)
                              ./example/src/pantalla_TFT/UTFT.o (SystemCoreClock)
C:\Users\Gaston\Documents\facultad\TDII\Proyecto\lpc_chip_175x_6x\Debug\liblpc_chip_175x_6x.a(clock_17xx_40xx.o)
                              C:\Users\Gaston\Documents\facultad\TDII\Proyecto\lpc_chip_175x_6x\Debug\liblpc_chip_175x_6x.a(chip_17xx_40xx.o) (Chip_Clock_EnablePLL)
C:\Users\Gaston\Documents\facultad\TDII\Proyecto\lpc_chip_175x_6x\Debug\liblpc_chip_175x_6x.a(iocon_17xx_40xx.o)
                              ./example/src/tasks/task-Door1_switch_lpc1769.o (Chip_IOCON_PinMux)
C:\Users\Gaston\Documents\facultad\TDII\Proyecto\lpc_chip_175x_6x\Debug\liblpc_chip_175x_6x.a(sysinit_17xx_40xx.o)
                              ./example/src/c-tds/system_lpc1769.o (Chip_SetupXtalClocking)
C:\Users\Gaston\Documents\facultad\TDII\Proyecto\lpc_chip_175x_6x\Debug\liblpc_chip_175x_6x.a(timer_17xx_40xx.o)
                              ./example/src/c-tds/monittor_lpc1769.o (Chip_TIMER_Init)
C:\Users\Gaston\Documents\facultad\TDII\Proyecto\lpc_chip_175x_6x\Debug\liblpc_chip_175x_6x.a(wwdt_17xx_40xx.o)
                              ./example/src/c-tds/system_lpc1769.o (Chip_WWDT_Init)
c:/nxp/mcuxpressoide_10.3.1_2233/ide/plugins/com.nxp.mcuxpresso.tools.win32_10.3.0.201811011841/tools/bin/../lib/gcc/arm-none-eabi/7.3.1/../../../../arm-none-eabi/lib/thumb/v7-m\libcr_nohost.a(_cr__main.o)
                              ./example/src/main/cr_startup_lpc175x_6x.o (__main)
c:/nxp/mcuxpressoide_10.3.1_2233/ide/plugins/com.nxp.mcuxpresso.tools.win32_10.3.0.201811011841/tools/bin/../lib/gcc/arm-none-eabi/7.3.1/../../../../arm-none-eabi/lib/thumb/v7-m\libcr_c.a(memset.o)
                              ./example/src/c-tds/scheduler_lpc1769.o (memset)
c:/nxp/mcuxpressoide_10.3.1_2233/ide/plugins/com.nxp.mcuxpresso.tools.win32_10.3.0.201811011841/tools/bin/../lib/gcc/arm-none-eabi/7.3.1/../../../../arm-none-eabi/lib/thumb/v7-m\libcr_c.a(initio.o)
                              c:/nxp/mcuxpressoide_10.3.1_2233/ide/plugins/com.nxp.mcuxpresso.tools.win32_10.3.0.201811011841/tools/bin/../lib/gcc/arm-none-eabi/7.3.1/../../../../arm-none-eabi/lib/thumb/v7-m\libcr_nohost.a(_cr__main.o) (_initio)
c:/nxp/mcuxpressoide_10.3.1_2233/ide/plugins/com.nxp.mcuxpresso.tools.win32_10.3.0.201811011841/tools/bin/../lib/gcc/arm-none-eabi/7.3.1/../../../../arm-none-eabi/lib/thumb/v7-m\libcr_c.a(setvbuf.o)
                              c:/nxp/mcuxpressoide_10.3.1_2233/ide/plugins/com.nxp.mcuxpresso.tools.win32_10.3.0.201811011841/tools/bin/../lib/gcc/arm-none-eabi/7.3.1/../../../../arm-none-eabi/lib/thumb/v7-m\libcr_c.a(initio.o) (setvbuf)
c:/nxp/mcuxpressoide_10.3.1_2233/ide/plugins/com.nxp.mcuxpresso.tools.win32_10.3.0.201811011841/tools/bin/../lib/gcc/arm-none-eabi/7.3.1/../../../../arm-none-eabi/lib/thumb/v7-m\libcr_c.a(strlen.o)
                              ./example/src/pantalla_TFT/UTFT.o (strlen)
c:/nxp/mcuxpressoide_10.3.1_2233/ide/plugins/com.nxp.mcuxpresso.tools.win32_10.3.0.201811011841/tools/bin/../lib/gcc/arm-none-eabi/7.3.1/../../../../arm-none-eabi/lib/thumb/v7-m\libcr_c.a(_fdopen.o)
                              c:/nxp/mcuxpressoide_10.3.1_2233/ide/plugins/com.nxp.mcuxpresso.tools.win32_10.3.0.201811011841/tools/bin/../lib/gcc/arm-none-eabi/7.3.1/../../../../arm-none-eabi/lib/thumb/v7-m\libcr_c.a(initio.o) (_fdopen)
c:/nxp/mcuxpressoide_10.3.1_2233/ide/plugins/com.nxp.mcuxpresso.tools.win32_10.3.0.201811011841/tools/bin/../lib/gcc/arm-none-eabi/7.3.1/../../../../arm-none-eabi/lib/thumb/v7-m\libcr_c.a(fclose.o)
                              c:/nxp/mcuxpressoide_10.3.1_2233/ide/plugins/com.nxp.mcuxpresso.tools.win32_10.3.0.201811011841/tools/bin/../lib/gcc/arm-none-eabi/7.3.1/../../../../arm-none-eabi/lib/thumb/v7-m\libcr_c.a(initio.o) (fclose)
c:/nxp/mcuxpressoide_10.3.1_2233/ide/plugins/com.nxp.mcuxpresso.tools.win32_10.3.0.201811011841/tools/bin/../lib/gcc/arm-none-eabi/7.3.1/../../../../arm-none-eabi/lib/thumb/v7-m\libcr_c.a(fflush.o)
                              c:/nxp/mcuxpressoide_10.3.1_2233/ide/plugins/com.nxp.mcuxpresso.tools.win32_10.3.0.201811011841/tools/bin/../lib/gcc/arm-none-eabi/7.3.1/../../../../arm-none-eabi/lib/thumb/v7-m\libcr_c.a(fclose.o) (fflush)
c:/nxp/mcuxpressoide_10.3.1_2233/ide/plugins/com.nxp.mcuxpresso.tools.win32_10.3.0.201811011841/tools/bin/../lib/gcc/arm-none-eabi/7.3.1/../../../../arm-none-eabi/lib/thumb/v7-m\libcr_c.a(fseek.o)
                              c:/nxp/mcuxpressoide_10.3.1_2233/ide/plugins/com.nxp.mcuxpresso.tools.win32_10.3.0.201811011841/tools/bin/../lib/gcc/arm-none-eabi/7.3.1/../../../../arm-none-eabi/lib/thumb/v7-m\libcr_c.a(_fdopen.o) (fseek)
[...]
Memory Configuration

Name             Origin             Length             Attributes
MFlash512        0x00000000         0x00080000         xr
RamLoc32         0x10000000         0x00008000         xrw
RamAHB32         0x2007c000         0x00008000         xrw
*default*        0x00000000         0xffffffff

Linker script and memory map

LOAD ./example/src/tasks/task-Clean_Room_controller_lpc1769.o
LOAD ./example/src/tasks/task-Door1_switch_lpc1769.o
LOAD ./example/src/tasks/task-Door2_switch_lpc1769.o
LOAD ./example/src/tasks/task-Emergency_switch_lpc1769.o
LOAD ./example/src/tasks/task-LockDoor1_led_lpc1769.o
LOAD ./example/src/tasks/task-LockDoor2_led_lpc1769.o
LOAD ./example/src/tasks/task-heartbeat_lpc1769.o
LOAD ./example/src/tasks/task-pantalla.o
LOAD ./example/src/tasks/task-s3_switch_lpc1769.o
LOAD ./example/src/tasks/task-watchdog_lpc1769.o
LOAD ./example/src/pantalla_TFT/DefaultFonts.o
LOAD ./example/src/pantalla_TFT/HW_lpc1769.o
LOAD ./example/src/pantalla_TFT/UTFT.o
LOAD ./example/src/main/cr_startup_lpc175x_6x.o
LOAD ./example/src/main/main.o
LOAD ./example/src/main/sysinit.o
LOAD ./example/src/c-tds/monittor_lpc1769.o
LOAD ./example/src/c-tds/scheduler_lpc1769.o
LOAD ./example/src/c-tds/system_lpc1769.o
LOAD C:\Users\Gaston\Documents\facultad\TDII\Proyecto\lpc_chip_175x_6x\Debug\liblpc_chip_175x_6x.a
START GROUP
LOAD c:/nxp/mcuxpressoide_10.3.1_2233/ide/plugins/com.nxp.mcuxpresso.tools.win32_10.3.0.201811011841/tools/bin/../lib/gcc/arm-none-eabi/7.3.1/../../../../arm-none-eabi/lib/thumb/v7-m\libcr_nohost.a
LOAD c:/nxp/mcuxpressoide_10.3.1_2233/ide/plugins/com.nxp.mcuxpresso.tools.win32_10.3.0.201811011841/tools/bin/../lib/gcc/arm-none-eabi/7.3.1/../../../../arm-none-eabi/lib/thumb/v7-m\libcr_c.a
LOAD c:/nxp/mcuxpressoide_10.3.1_2233/ide/plugins/com.nxp.mcuxpresso.tools.win32_10.3.0.201811011841/tools/bin/../lib/gcc/arm-none-eabi/7.3.1/thumb/v7-m\libcr_eabihelpers.a
LOAD c:/nxp/mcuxpressoide_10.3.1_2233/ide/plugins/com.nxp.mcuxpresso.tools.win32_10.3.0.201811011841/tools/bin/../lib/gcc/arm-none-eabi/7.3.1/thumb/v7-m\libgcc.a
END GROUP
                0x00000000                __base_MFlash512 = 0x0
                0x00000000                __base_Flash = 0x0
                0x00080000                __top_MFlash512 = 0x80000
                0x00080000                __top_Flash = 0x80000
                0x10000000                __base_RamLoc32 = 0x10000000
                0x10000000                __base_RAM = 0x10000000
                0x10008000                __top_RamLoc32 = 0x10008000
                0x10008000                __top_RAM = 0x10008000
                0x2007c000                __base_RamAHB32 = 0x2007c000
                0x2007c000                __base_RAM2 = 0x2007c000
                0x20084000                __top_RamAHB32 = 0x20084000
                0x20084000                __top_RAM2 = 0x20084000

.text           0x00000000     0x35e4
 FILL mask 0xff
                0x00000000                __vectors_start__ = ABSOLUTE (.)
 *(.isr_vector)
 .isr_vector    0x00000000       0xcc ./example/src/main/cr_startup_lpc175x_6x.o
                0x00000000                g_pfnVectors
                0x000000cc                . = ALIGN (0x4)
                0x000000cc                __section_table_start = .
                0x000000cc                __data_section_table = .
                0x000000cc        0x4 LONG 0x35e4 LOADADDR (.data)
                0x000000d0        0x4 LONG 0x10000000 ADDR (.data)
                0x000000d4        0x4 LONG 0xc8c SIZEOF (.data)
                0x000000d8        0x4 LONG 0x35e4 LOADADDR (.data_RAM2)
                0x000000dc        0x4 LONG 0x2007c000 ADDR (.data_RAM2)
                0x000000e0        0x4 LONG 0x0 SIZEOF (.data_RAM2)
                0x000000e4                __data_section_table_end = .
                0x000000e4                __bss_section_table = .
                0x000000e4        0x4 LONG 0x10000c8c ADDR (.bss)
                0x000000e8        0x4 LONG 0x540 SIZEOF (.bss)
                0x000000ec        0x4 LONG 0x2007c000 ADDR (.bss_RAM2)
                0x000000f0        0x4 LONG 0x0 SIZEOF (.bss_RAM2)
                0x000000f4                __bss_section_table_end = .
                0x000000f4                __section_table_end = .
 *(.after_vectors*)
 .after_vectors
                0x000000f4      0x12c ./example/src/main/cr_startup_lpc175x_6x.o
                0x000000f4                data_init
                0x00000136                bss_init
                0x0000016c                ResetISR
                0x000001e4                NMI_Handler
                0x000001ea                HardFault_Handler
                0x000001f0                MemManage_Handler
                0x000001f6                BusFault_Handler
                0x000001fc                UsageFault_Handler
                0x00000202                SVC_Handler
                0x00000208                DebugMon_Handler
                0x0000020e                PendSV_Handler
                0x0000021a                UART1_IRQHandler
                0x0000021a                EINT3_IRQHandler
                0x0000021a                CANActivity_IRQHandler
                0x0000021a                TIMER3_IRQHandler
                0x0000021a                UART0_IRQHandler
                0x0000021a                USBActivity_IRQHandler
                0x0000021a                EINT2_IRQHandler
                0x0000021a                IntDefaultHandler
                0x0000021a                PLL0_IRQHandler
                0x0000021a                CAN_IRQHandler
                0x0000021a                I2C0_IRQHandler
                0x0000021a                I2C1_IRQHandler
                0x0000021a                I2S_IRQHandler
                0x0000021a                I2C2_IRQHandler
                0x0000021a                RTC_IRQHandler
                0x0000021a                SPI_IRQHandler
                0x0000021a                RIT_IRQHandler
                0x0000021a                EINT1_IRQHandler
                0x0000021a                TIMER1_IRQHandler
                0x0000021a                UART2_IRQHandler
                0x0000021a                ADC_IRQHandler
                0x0000021a                SSP1_IRQHandler
                0x0000021a                USB_IRQHandler
                0x0000021a                BOD_IRQHandler
                0x0000021a                PWM1_IRQHandler
                0x0000021a                WDT_IRQHandler
                0x0000021a                SSP0_IRQHandler
                0x0000021a                QEI_IRQHandler
                0x0000021a                EINT0_IRQHandler
                0x0000021a                ETH_IRQHandler
                0x0000021a                PLL1_IRQHandler
                0x0000021a                DMA_IRQHandler
                0x0000021a                TIMER2_IRQHandler
                0x0000021a                UART3_IRQHandler
                0x0000021a                MCPWM_IRQHandler
 *(.text*)
 .text.Chip_GPIO_SetPinState
                0x00000220       0x64 ./example/src/tasks/task-heartbeat_lpc1769.o
 .text.Chip_GPIO_WritePortBit
                0x00000284       0x2c ./example/src/tasks/task-heartbeat_lpc1769.o
 .text.Chip_GPIO_SetPinDIROutput
                0x000002b0       0x36 ./example/src/tasks/task-heartbeat_lpc1769.o
 *fill*         0x000002e6        0x2 ff
 .text.HEARTBEAT_Init
                0x000002e8       0x30 ./example/src/tasks/task-heartbeat_lpc1769.o
                0x000002e8                HEARTBEAT_Init
 .text.HEARTBEAT_Update
                0x00000318       0xc0 ./example/src/tasks/task-heartbeat_lpc1769.o
                0x00000318                HEARTBEAT_Update
 .text.Chip_GPIO_SetPinState
                0x000003d8       0x64 ./example/src/tasks/task-pantalla.o
 .text.Chip_GPIO_WritePortBit
                0x0000043c       0x2c ./example/src/tasks/task-pantalla.o
 .text.task_pantalla_Init
                0x00000468       0x74 ./example/src/tasks/task-pantalla.o
                0x00000468                task_pantalla_Init
 .text.task_pantalla
                0x000004dc      0x194 ./example/src/tasks/task-pantalla.o
                0x000004dc                task_pantalla
 .text.Chip_GPIO_GetPinState
                0x00000670       0x38 ./example/src/tasks/task-watchdog_lpc1769.o
 .text.Chip_GPIO_ReadPortBit
                0x000006a8       0x26 ./example/src/tasks/task-watchdog_lpc1769.o
 .text.Chip_GPIO_SetPinDIRInput
                0x000006ce       0x3a ./example/src/tasks/task-watchdog_lpc1769.o
 .text.Chip_WWDT_SetTimeOut
                0x00000708       0x1a ./example/src/tasks/task-watchdog_lpc1769.o
 .text.Chip_WWDT_Feed
                0x00000722       0x1e ./example/src/tasks/task-watchdog_lpc1769.o
 .text.Chip_WWDT_SetOption
                0x00000740       0x20 ./example/src/tasks/task-watchdog_lpc1769.o
 .text.Chip_WWDT_Start
                0x00000760       0x1e ./example/src/tasks/task-watchdog_lpc1769.o
 *fill*         0x0000077e        0x2 ff
 .text.Chip_WWDT_SelClockSource
                0x00000780       0x24 ./example/src/tasks/task-watchdog_lpc1769.o
 .text.WATCHDOG_Init
                0x000007a4       0x90 ./example/src/tasks/task-watchdog_lpc1769.o
                0x000007a4                WATCHDOG_Init
 .text.WATCHDOG_Update
                0x00000834       0x14 ./example/src/tasks/task-watchdog_lpc1769.o
                0x00000834                WATCHDOG_Update
 .text.Chip_GPIO_SetPinState
                0x00000848       0x64 ./example/src/pantalla_TFT/HW_lpc1769.o
 .text.Chip_GPIO_WritePortBit
                0x000008ac       0x2c ./example/src/pantalla_TFT/HW_lpc1769.o
 .text.LCD_Writ_Bus
                0x000008d8      0x128 ./example/src/pantalla_TFT/HW_lpc1769.o
                0x000008d8                LCD_Writ_Bus
 .text.Chip_GPIO_SetPinState
                0x00000a00       0x64 ./example/src/pantalla_TFT/UTFT.o
 .text.Chip_GPIO_WritePortBit
                0x00000a64       0x2c ./example/src/pantalla_TFT/UTFT.o
 .text.LCD_Write_COM
                0x00000a90       0x34 ./example/src/pantalla_TFT/UTFT.o
                0x00000a90                LCD_Write_COM
 .text.LCD_Write_DATA2
                0x00000ac4       0x3c ./example/src/pantalla_TFT/UTFT.o
                0x00000ac4                LCD_Write_DATA2
 .text.LCD_Write_DATA1
                0x00000b00       0x34 ./example/src/pantalla_TFT/UTFT.o
                0x00000b00                LCD_Write_DATA1
 .text.LCD_Write_COM_DATA
                0x00000b34       0x2e ./example/src/pantalla_TFT/UTFT.o
                0x00000b34                LCD_Write_COM_DATA
 *fill*         0x00000b62        0x2 ff
 .text.InitLCD  0x00000b64      0x698 ./example/src/pantalla_TFT/UTFT.o
                0x00000b64                InitLCD
 .text.setXY    0x000011fc       0xd8 ./example/src/pantalla_TFT/UTFT.o
                0x000011fc                setXY
 .text.clrXY    0x000012d4       0x48 ./example/src/pantalla_TFT/UTFT.o
                0x000012d4                clrXY
 .text.setColor2
                0x0000131c       0x60 ./example/src/pantalla_TFT/UTFT.o
                0x0000131c                setColor2
 .text.setBackColor2
                0x0000137c       0x68 ./example/src/pantalla_TFT/UTFT.o
                0x0000137c                setBackColor2
 .text.setPixel
                0x000013e4       0x26 ./example/src/pantalla_TFT/UTFT.o
                0x000013e4                setPixel
 *fill*         0x0000140a        0x2 ff
 .text.drawPixel
                0x0000140c       0x5c ./example/src/pantalla_TFT/UTFT.o
                0x0000140c                drawPixel
 .text.printChar
                0x00001468      0x390 ./example/src/pantalla_TFT/UTFT.o
                0x00001468                printChar
 .text.print    0x000017f8      0x14c ./example/src/pantalla_TFT/UTFT.o
                0x000017f8                print
 .text.setFont  0x00001944       0x44 ./example/src/pantalla_TFT/UTFT.o
                0x00001944                setFont
 .text.main     0x00001988       0x12 ./example/src/main/main.o
                0x00001988                main
 *fill*         0x0000199a        0x2 ff
 .text.SystemInit
                0x0000199c       0x24 ./example/src/main/sysinit.o
                0x0000199c                SystemInit
 .text.NVIC_EnableIRQ
                0x000019c0       0x30 ./example/src/c-tds/monittor_lpc1769.o
 .text.NVIC_DisableIRQ
                0x000019f0       0x34 ./example/src/c-tds/monittor_lpc1769.o
 .text.NVIC_ClearPendingIRQ
                0x00001a24       0x34 ./example/src/c-tds/monittor_lpc1769.o
 .text.Chip_TIMER_MatchPending
                0x00001a58       0x32 ./example/src/c-tds/monittor_lpc1769.o
 .text.Chip_TIMER_ClearMatch
                0x00001a8a       0x26 ./example/src/c-tds/monittor_lpc1769.o
 .text.Chip_TIMER_Enable
                0x00001ab0       0x1e ./example/src/c-tds/monittor_lpc1769.o
 .text.Chip_TIMER_Disable
                0x00001ace       0x1e ./example/src/c-tds/monittor_lpc1769.o
 .text.Chip_TIMER_ReadCount
                0x00001aec       0x16 ./example/src/c-tds/monittor_lpc1769.o
 .text.Chip_TIMER_PrescaleSet
                0x00001b02       0x1a ./example/src/c-tds/monittor_lpc1769.o
 .text.Chip_TIMER_SetMatch
                0x00001b1c       0x26 ./example/src/c-tds/monittor_lpc1769.o
 .text.Chip_TIMER_MatchEnableInt
                0x00001b42       0x32 ./example/src/c-tds/monittor_lpc1769.o
 .text.Chip_TIMER_ResetOnMatchEnable
                0x00001b74       0x34 ./example/src/c-tds/monittor_lpc1769.o
 .text.Chip_TIMER_StopOnMatchEnable
                0x00001ba8       0x34 ./example/src/c-tds/monittor_lpc1769.o
 .text.MONITTOR_I_Init
                0x00001bdc       0x4c ./example/src/c-tds/monittor_lpc1769.o
                0x00001bdc                MONITTOR_I_Init
 .text.MONITTOR_I_Start
                0x00001c28       0x6c ./example/src/c-tds/monittor_lpc1769.o
                0x00001c28                MONITTOR_I_Start
 .text.MONITTOR_I_Stop
                0x00001c94       0x60 ./example/src/c-tds/monittor_lpc1769.o
                0x00001c94                MONITTOR_I_Stop
 .text.MONITTOR_I_Disable
                0x00001cf4       0x16 ./example/src/c-tds/monittor_lpc1769.o
                0x00001cf4                MONITTOR_I_Disable
 .text.TIMER0_IRQHandler
                0x00001d0a       0x50 ./example/src/c-tds/monittor_lpc1769.o
                0x00001d0a                TIMER0_IRQHandler
 *fill*         0x00001d5a        0x2 ff
 .text.NVIC_SetPriority
                0x00001d5c       0x54 ./example/src/c-tds/scheduler_lpc1769.o
 .text.SysTick_Config
                0x00001db0       0x44 ./example/src/c-tds/scheduler_lpc1769.o
 .text.DWT_Init
                0x00001df4       0x24 ./example/src/c-tds/scheduler_lpc1769.o
 .text.DWT_GetTime
                0x00001e18       0x1c ./example/src/c-tds/scheduler_lpc1769.o
 .text.DWT_Clear
                0x00001e34       0x18 ./example/src/c-tds/scheduler_lpc1769.o
 .text.SCH_Init
                0x00001e4c       0xb8 ./example/src/c-tds/scheduler_lpc1769.o
                0x00001e4c                SCH_Init
 .text.SCH_Start
                0x00001f04       0x28 ./example/src/c-tds/scheduler_lpc1769.o
                0x00001f04                SCH_Start
 .text.SysTick_Handler
                0x00001f2c       0x1c ./example/src/c-tds/scheduler_lpc1769.o
                0x00001f2c                SysTick_Handler
 .text.SCH_Dispatch_Tasks
                0x00001f48      0x298 ./example/src/c-tds/scheduler_lpc1769.o
                0x00001f48                SCH_Dispatch_Tasks
 .text.SCH_Add_Task
                0x000021e0       0xdc ./example/src/c-tds/scheduler_lpc1769.o
                0x000021e0                SCH_Add_Task
 .text.SCH_Go_To_Sleep
                0x000022bc        0xe ./example/src/c-tds/scheduler_lpc1769.o
 *fill*         0x000022ca        0x2 ff
 .text.SCH_Get_Current_Task_Pointer
                0x000022cc       0x24 ./example/src/c-tds/scheduler_lpc1769.o
                0x000022cc                SCH_Get_Current_Task_Pointer
 .text.Chip_SYSCTL_SetFLASHAccess
                0x000022f0       0x30 ./example/src/c-tds/system_lpc1769.o
 .text.Chip_IOCON_Init
                0x00002320       0x16 ./example/src/c-tds/system_lpc1769.o
 .text.Chip_GPIO_Init
                0x00002336       0x16 ./example/src/c-tds/system_lpc1769.o
 .text.SYSTEM_Init
                0x0000234c       0x10 ./example/src/c-tds/system_lpc1769.o
                0x0000234c                SYSTEM_Init
 .text.SYSTEM_Identify_Required_Mode
                0x0000235c       0x4c ./example/src/c-tds/system_lpc1769.o
                0x0000235c                SYSTEM_Identify_Required_Mode
 .text.SYSTEM_Configure_Required_Mode
                0x000023a8       0xa8 ./example/src/c-tds/system_lpc1769.o
                0x000023a8                SYSTEM_Configure_Required_Mode
 .text.SYSTEM_Perform_Safe_Shutdown
                0x00002450       0x34 ./example/src/c-tds/system_lpc1769.o
                0x00002450                SYSTEM_Perform_Safe_Shutdown
 .text.SYSTEM_Change_Mode_Fault
                0x00002484       0x20 ./example/src/c-tds/system_lpc1769.o
                0x00002484                SYSTEM_Change_Mode_Fault
 .text.SYSTEM_Get_Mode
                0x000024a4       0x14 ./example/src/c-tds/system_lpc1769.o
                0x000024a4                SYSTEM_Get_Mode
 .text.SystemCoreClockUpdate
                0x000024b8       0x18 C:\Users\Gaston\Documents\facultad\TDII\Proyecto\lpc_chip_175x_6x\Debug\liblpc_chip_175x_6x.a(chip_17xx_40xx.o)
                0x000024b8                SystemCoreClockUpdate
 .text.Chip_Clock_IsMainPLLEnabled
                0x000024d0       0x24 C:\Users\Gaston\Documents\facultad\TDII\Proyecto\lpc_chip_175x_6x\Debug\liblpc_chip_175x_6x.a(clock_17xx_40xx.o)
 .text.Chip_Clock_IsMainPLLConnected
                0x000024f4       0x24 C:\Users\Gaston\Documents\facultad\TDII\Proyecto\lpc_chip_175x_6x\Debug\liblpc_chip_175x_6x.a(clock_17xx_40xx.o)
 .text.Chip_Clock_FeedPLL
                0x00002518       0x34 C:\Users\Gaston\Documents\facultad\TDII\Proyecto\lpc_chip_175x_6x\Debug\liblpc_chip_175x_6x.a(clock_17xx_40xx.o)
 .text.Chip_Clock_GetMainPLLSource
                0x0000254c       0x20 C:\Users\Gaston\Documents\facultad\TDII\Proyecto\lpc_chip_175x_6x\Debug\liblpc_chip_175x_6x.a(clock_17xx_40xx.o)
 .text.Chip_Clock_GetMainOscRate
                0x0000256c       0x14 C:\Users\Gaston\Documents\facultad\TDII\Proyecto\lpc_chip_175x_6x\Debug\liblpc_chip_175x_6x.a(clock_17xx_40xx.o)
 .text.Chip_Clock_GetIntOscRate
                0x00002580       0x14 C:\Users\Gaston\Documents\facultad\TDII\Proyecto\lpc_chip_175x_6x\Debug\liblpc_chip_175x_6x.a(clock_17xx_40xx.o)
 .text.Chip_Clock_GetRTCOscRate
                0x00002594       0x14 C:\Users\Gaston\Documents\facultad\TDII\Proyecto\lpc_chip_175x_6x\Debug\liblpc_chip_175x_6x.a(clock_17xx_40xx.o)
 .text.Chip_Clock_GetMainPLLInClockRate
                0x000025a8        0xe C:\Users\Gaston\Documents\facultad\TDII\Proyecto\lpc_chip_175x_6x\Debug\liblpc_chip_175x_6x.a(clock_17xx_40xx.o)
 *fill*         0x000025b6        0x2 ff
 .text.Chip_Clock_EnablePLL
                0x000025b8       0x44 C:\Users\Gaston\Documents\facultad\TDII\Proyecto\lpc_chip_175x_6x\Debug\liblpc_chip_175x_6x.a(clock_17xx_40xx.o)
                0x000025b8                Chip_Clock_EnablePLL
 .text.Chip_Clock_DisablePLL
                0x000025fc       0x48 C:\Users\Gaston\Documents\facultad\TDII\Proyecto\lpc_chip_175x_6x\Debug\liblpc_chip_175x_6x.a(clock_17xx_40xx.o)
                0x000025fc                Chip_Clock_DisablePLL
 .text.Chip_Clock_SetupPLL
                0x00002644       0x5c C:\Users\Gaston\Documents\facultad\TDII\Proyecto\lpc_chip_175x_6x\Debug\liblpc_chip_175x_6x.a(clock_17xx_40xx.o)
                0x00002644                Chip_Clock_SetupPLL
 .text.Chip_Clock_EnablePeriphClock
                0x000026a0       0x34 C:\Users\Gaston\Documents\facultad\TDII\Proyecto\lpc_chip_175x_6x\Debug\liblpc_chip_175x_6x.a(clock_17xx_40xx.o)
                0x000026a0                Chip_Clock_EnablePeriphClock
 .text.Chip_Clock_GetCPUClockSource
                0x000026d4       0x24 C:\Users\Gaston\Documents\facultad\TDII\Proyecto\lpc_chip_175x_6x\Debug\liblpc_chip_175x_6x.a(clock_17xx_40xx.o)
                0x000026d4                Chip_Clock_GetCPUClockSource
 .text.Chip_Clock_SetCPUClockDiv
                0x000026f8       0x20 C:\Users\Gaston\Documents\facultad\TDII\Proyecto\lpc_chip_175x_6x\Debug\liblpc_chip_175x_6x.a(clock_17xx_40xx.o)
                0x000026f8                Chip_Clock_SetCPUClockDiv
 .text.Chip_Clock_GetCPUClockDiv
                0x00002718       0x1c C:\Users\Gaston\Documents\facultad\TDII\Proyecto\lpc_chip_175x_6x\Debug\liblpc_chip_175x_6x.a(clock_17xx_40xx.o)
                0x00002718                Chip_Clock_GetCPUClockDiv
 .text.Chip_Clock_SetPCLKDiv
                0x00002734       0x64 C:\Users\Gaston\Documents\facultad\TDII\Proyecto\lpc_chip_175x_6x\Debug\liblpc_chip_175x_6x.a(clock_17xx_40xx.o)
                0x00002734                Chip_Clock_SetPCLKDiv
 .text.Chip_Clock_GetSYSCLKRate
                0x00002798       0x34 C:\Users\Gaston\Documents\facultad\TDII\Proyecto\lpc_chip_175x_6x\Debug\liblpc_chip_175x_6x.a(clock_17xx_40xx.o)
                0x00002798                Chip_Clock_GetSYSCLKRate
 .text.Chip_Clock_GetMainPLLOutClockRate
                0x000027cc       0x54 C:\Users\Gaston\Documents\facultad\TDII\Proyecto\lpc_chip_175x_6x\Debug\liblpc_chip_175x_6x.a(clock_17xx_40xx.o)
                0x000027cc                Chip_Clock_GetMainPLLOutClockRate
 .text.Chip_Clock_GetMainClockRate
                0x00002820       0x28 C:\Users\Gaston\Documents\facultad\TDII\Proyecto\lpc_chip_175x_6x\Debug\liblpc_chip_175x_6x.a(clock_17xx_40xx.o)
                0x00002820                Chip_Clock_GetMainClockRate
 .text.Chip_Clock_GetSystemClockRate
                0x00002848       0x18 C:\Users\Gaston\Documents\facultad\TDII\Proyecto\lpc_chip_175x_6x\Debug\liblpc_chip_175x_6x.a(clock_17xx_40xx.o)
                0x00002848                Chip_Clock_GetSystemClockRate
 .text.Chip_IOCON_PinMux
                0x00002860       0x94 C:\Users\Gaston\Documents\facultad\TDII\Proyecto\lpc_chip_175x_6x\Debug\liblpc_chip_175x_6x.a(iocon_17xx_40xx.o)
                0x00002860                Chip_IOCON_PinMux
 .text.Chip_Clock_IsMainPLLEnabled
                0x000028f4       0x24 C:\Users\Gaston\Documents\facultad\TDII\Proyecto\lpc_chip_175x_6x\Debug\liblpc_chip_175x_6x.a(sysinit_17xx_40xx.o)
 .text.Chip_Clock_IsMainPLLLocked
                0x00002918       0x24 C:\Users\Gaston\Documents\facultad\TDII\Proyecto\lpc_chip_175x_6x\Debug\liblpc_chip_175x_6x.a(sysinit_17xx_40xx.o)
 .text.Chip_Clock_IsMainPLLConnected
                0x0000293c       0x24 C:\Users\Gaston\Documents\facultad\TDII\Proyecto\lpc_chip_175x_6x\Debug\liblpc_chip_175x_6x.a(sysinit_17xx_40xx.o)
 .text.Chip_Clock_EnableCrystal
                0x00002960       0x20 C:\Users\Gaston\Documents\facultad\TDII\Proyecto\lpc_chip_175x_6x\Debug\liblpc_chip_175x_6x.a(sysinit_17xx_40xx.o)
 .text.Chip_Clock_IsCrystalEnabled
                0x00002980       0x24 C:\Users\Gaston\Documents\facultad\TDII\Proyecto\lpc_chip_175x_6x\Debug\liblpc_chip_175x_6x.a(sysinit_17xx_40xx.o)
 .text.Chip_Clock_SetMainPLLSource
                0x000029a4       0x20 C:\Users\Gaston\Documents\facultad\TDII\Proyecto\lpc_chip_175x_6x\Debug\liblpc_chip_175x_6x.a(sysinit_17xx_40xx.o)
 .text.Chip_SetupIrcClocking
                0x000029c4       0x6a C:\Users\Gaston\Documents\facultad\TDII\Proyecto\lpc_chip_175x_6x\Debug\liblpc_chip_175x_6x.a(sysinit_17xx_40xx.o)
                0x000029c4                Chip_SetupIrcClocking
 .text.Chip_SetupXtalClocking
                0x00002a2e       0x90 C:\Users\Gaston\Documents\facultad\TDII\Proyecto\lpc_chip_175x_6x\Debug\liblpc_chip_175x_6x.a(sysinit_17xx_40xx.o)
                0x00002a2e                Chip_SetupXtalClocking
 .text.Chip_SystemInit
                0x00002abe        0xc C:\Users\Gaston\Documents\facultad\TDII\Proyecto\lpc_chip_175x_6x\Debug\liblpc_chip_175x_6x.a(sysinit_17xx_40xx.o)
                0x00002abe                Chip_SystemInit
 *fill*         0x00002aca        0x2 ff
 .text.Chip_Timer_GetClockIndex
                0x00002acc       0x50 C:\Users\Gaston\Documents\facultad\TDII\Proyecto\lpc_chip_175x_6x\Debug\liblpc_chip_175x_6x.a(timer_17xx_40xx.o)
 .text.Chip_TIMER_Init
                0x00002b1c       0x1e C:\Users\Gaston\Documents\facultad\TDII\Proyecto\lpc_chip_175x_6x\Debug\liblpc_chip_175x_6x.a(timer_17xx_40xx.o)
                0x00002b1c                Chip_TIMER_Init
 .text.Chip_TIMER_Reset
                0x00002b3a       0x3a C:\Users\Gaston\Documents\facultad\TDII\Proyecto\lpc_chip_175x_6x\Debug\liblpc_chip_175x_6x.a(timer_17xx_40xx.o)
                0x00002b3a                Chip_TIMER_Reset
 .text.Chip_WWDT_Init
                0x00002b74       0x1e C:\Users\Gaston\Documents\facultad\TDII\Proyecto\lpc_chip_175x_6x\Debug\liblpc_chip_175x_6x.a(wwdt_17xx_40xx.o)
                0x00002b74                Chip_WWDT_Init
 .text.Chip_WWDT_ClearStatusFlag
                0x00002b92       0x40 C:\Users\Gaston\Documents\facultad\TDII\Proyecto\lpc_chip_175x_6x\Debug\liblpc_chip_175x_6x.a(wwdt_17xx_40xx.o)
                0x00002b92                Chip_WWDT_ClearStatusFlag
 .text.__main   0x00002bd2        0xe c:/nxp/mcuxpressoide_10.3.1_2233/ide/plugins/com.nxp.mcuxpresso.tools.win32_10.3.0.201811011841/tools/bin/../lib/gcc/arm-none-eabi/7.3.1/../../../../arm-none-eabi/lib/thumb/v7-m\libcr_nohost.a(_cr__main.o)
                0x00002bd2                __main
 .text.memset   0x00002be0        0x4 c:/nxp/mcuxpressoide_10.3.1_2233/ide/plugins/com.nxp.mcuxpresso.tools.win32_10.3.0.201811011841/tools/bin/../lib/gcc/arm-none-eabi/7.3.1/../../../../arm-none-eabi/lib/thumb/v7-m\libcr_c.a(memset.o)
                0x00002be0                memset
 .text._initio  0x00002be4       0x78 c:/nxp/mcuxpressoide_10.3.1_2233/ide/plugins/com.nxp.mcuxpresso.tools.win32_10.3.0.201811011841/tools/bin/../lib/gcc/arm-none-eabi/7.3.1/../../../../arm-none-eabi/lib/thumb/v7-m\libcr_c.a(initio.o)
                0x00002be4                _initio
 .text.setvbuf  0x00002c5c       0x40 c:/nxp/mcuxpressoide_10.3.1_2233/ide/plugins/com.nxp.mcuxpresso.tools.win32_10.3.0.201811011841/tools/bin/../lib/gcc/arm-none-eabi/7.3.1/../../../../arm-none-eabi/lib/thumb/v7-m\libcr_c.a(setvbuf.o)
                0x00002c5c                setvbuf
 .text.strlen   0x00002c9c       0x4a c:/nxp/mcuxpressoide_10.3.1_2233/ide/plugins/com.nxp.mcuxpresso.tools.win32_10.3.0.201811011841/tools/bin/../lib/gcc/arm-none-eabi/7.3.1/../../../../arm-none-eabi/lib/thumb/v7-m\libcr_c.a(strlen.o)
                0x00002c9c                strlen
 .text._fdopen  0x00002ce6       0x68 c:/nxp/mcuxpressoide_10.3.1_2233/ide/plugins/com.nxp.mcuxpresso.tools.win32_10.3.0.201811011841/tools/bin/../lib/gcc/arm-none-eabi/7.3.1/../../../../arm-none-eabi/lib/thumb/v7-m\libcr_c.a(_fdopen.o)
                0x00002ce6                _fdopen
 .text.fclose   0x00002d4e       0x58 c:/nxp/mcuxpressoide_10.3.1_2233/ide/plugins/com.nxp.mcuxpresso.tools.win32_10.3.0.201811011841/tools/bin/../lib/gcc/arm-none-eabi/7.3.1/../../../../arm-none-eabi/lib/thumb/v7-m\libcr_c.a(fclose.o)
                0x00002d4e                fclose
 *fill*         0x00002da6        0x2 ff
 .text.fflush   0x00002da8       0x44 c:/nxp/mcuxpressoide_10.3.1_2233/ide/plugins/com.nxp.mcuxpresso.tools.win32_10.3.0.201811011841/tools/bin/../lib/gcc/arm-none-eabi/7.3.1/../../../../arm-none-eabi/lib/thumb/v7-m\libcr_c.a(fflush.o)
                0x00002da8                fflush
 .text.fseek    0x00002dec      0x100 c:/nxp/mcuxpressoide_10.3.1_2233/ide/plugins/com.nxp.mcuxpresso.tools.win32_10.3.0.201811011841/tools/bin/../lib/gcc/arm-none-eabi/7.3.1/../../../../arm-none-eabi/lib/thumb/v7-m\libcr_c.a(fseek.o)
                0x00002dec                fseek
 .text.ftell    0x00002eec       0x44 c:/nxp/mcuxpressoide_10.3.1_2233/ide/plugins/com.nxp.mcuxpresso.tools.win32_10.3.0.201811011841/tools/bin/../lib/gcc/arm-none-eabi/7.3.1/../../../../arm-none-eabi/lib/thumb/v7-m\libcr_c.a(ftell.o)
                0x00002eec                ftell
 .text.remove   0x00002f30       0x14 c:/nxp/mcuxpressoide_10.3.1_2233/ide/plugins/com.nxp.mcuxpresso.tools.win32_10.3.0.201811011841/tools/bin/../lib/gcc/arm-none-eabi/7.3.1/../../../../arm-none-eabi/lib/thumb/v7-m\libcr_c.a(remove.o)
                0x00002f30                remove
 .text._do_fflush
                0x00002f44       0x40 c:/nxp/mcuxpressoide_10.3.1_2233/ide/plugins/com.nxp.mcuxpresso.tools.win32_10.3.0.201811011841/tools/bin/../lib/gcc/arm-none-eabi/7.3.1/../../../../arm-none-eabi/lib/thumb/v7-m\libcr_c.a(_do_fflush.o)
                0x00002f44                _do_fflush
 .text._fflush  0x00002f84       0x52 c:/nxp/mcuxpressoide_10.3.1_2233/ide/plugins/com.nxp.mcuxpresso.tools.win32_10.3.0.201811011841/tools/bin/../lib/gcc/arm-none-eabi/7.3.1/../../../../arm-none-eabi/lib/thumb/v7-m\libcr_c.a(_fflush.o)
                0x00002f84                _fflush
 *fill*         0x00002fd6        0x2 ff
 .text._Cwritebuf
                0x00002fd8       0x6c c:/nxp/mcuxpressoide_10.3.1_2233/ide/plugins/com.nxp.mcuxpresso.tools.win32_10.3.0.201811011841/tools/bin/../lib/gcc/arm-none-eabi/7.3.1/../../../../arm-none-eabi/lib/thumb/v7-m\libcr_c.a(_writebuf.o)
                0x00002fd8                _Cwritebuf
 .text.free     0x00003044       0x30 c:/nxp/mcuxpressoide_10.3.1_2233/ide/plugins/com.nxp.mcuxpresso.tools.win32_10.3.0.201811011841/tools/bin/../lib/gcc/arm-none-eabi/7.3.1/../../../../arm-none-eabi/lib/thumb/v7-m\libcr_c.a(alloc.o)
                0x00003044                free
 .text._deferredlazyseek
                0x00003074       0x40 c:/nxp/mcuxpressoide_10.3.1_2233/ide/plugins/com.nxp.mcuxpresso.tools.win32_10.3.0.201811011841/tools/bin/../lib/gcc/arm-none-eabi/7.3.1/../../../../arm-none-eabi/lib/thumb/v7-m\libcr_c.a(_deferredlazyseek.o)
                0x00003074                _deferredlazyseek
 .text.__aeabi_memset_lowlevel
                0x000030b4       0x32 c:/nxp/mcuxpressoide_10.3.1_2233/ide/plugins/com.nxp.mcuxpresso.tools.win32_10.3.0.201811011841/tools/bin/../lib/gcc/arm-none-eabi/7.3.1/thumb/v7-m\libcr_eabihelpers.a(memcpy.o)
                0x000030b4                __aeabi_lowlevel_memset
 .text.__sys_close
                0x000030e6        0x6 c:/nxp/mcuxpressoide_10.3.1_2233/ide/plugins/com.nxp.mcuxpresso.tools.win32_10.3.0.201811011841/tools/bin/../lib/gcc/arm-none-eabi/7.3.1/../../../../arm-none-eabi/lib/thumb/v7-m\libcr_nohost.a(__sys_close.o)
                0x000030e6                __sys_close
 .text.__sys_flen
                0x000030ec        0x6 c:/nxp/mcuxpressoide_10.3.1_2233/ide/plugins/com.nxp.mcuxpresso.tools.win32_10.3.0.201811011841/tools/bin/../lib/gcc/arm-none-eabi/7.3.1/../../../../arm-none-eabi/lib/thumb/v7-m\libcr_nohost.a(__sys_flen.o)
                0x000030ec                __sys_flen
 .text.__sys_istty
                0x000030f2        0x6 c:/nxp/mcuxpressoide_10.3.1_2233/ide/plugins/com.nxp.mcuxpresso.tools.win32_10.3.0.201811011841/tools/bin/../lib/gcc/arm-none-eabi/7.3.1/../../../../arm-none-eabi/lib/thumb/v7-m\libcr_nohost.a(__sys_istty.o)
                0x000030f2                __sys_istty
 .text.__sys_remove
                0x000030f8        0x6 c:/nxp/mcuxpressoide_10.3.1_2233/ide/plugins/com.nxp.mcuxpresso.tools.win32_10.3.0.201811011841/tools/bin/../lib/gcc/arm-none-eabi/7.3.1/../../../../arm-none-eabi/lib/thumb/v7-m\libcr_nohost.a(__sys_remove.o)
                0x000030f8                __sys_remove
 .text.__sys_seek
                0x000030fe        0x6 c:/nxp/mcuxpressoide_10.3.1_2233/ide/plugins/com.nxp.mcuxpresso.tools.win32_10.3.0.201811011841/tools/bin/../lib/gcc/arm-none-eabi/7.3.1/../../../../arm-none-eabi/lib/thumb/v7-m\libcr_nohost.a(__sys_seek.o)
                0x000030fe                __sys_seek
 .text.__sys_tmpnam
                0x00003104        0x6 c:/nxp/mcuxpressoide_10.3.1_2233/ide/plugins/com.nxp.mcuxpresso.tools.win32_10.3.0.201811011841/tools/bin/../lib/gcc/arm-none-eabi/7.3.1/../../../../arm-none-eabi/lib/thumb/v7-m\libcr_nohost.a(__sys_tmpnam.o)
                0x00003104                __sys_tmpnam
 .text.__sys_write
                0x0000310a        0x4 c:/nxp/mcuxpressoide_10.3.1_2233/ide/plugins/com.nxp.mcuxpresso.tools.win32_10.3.0.201811011841/tools/bin/../lib/gcc/arm-none-eabi/7.3.1/../../../../arm-none-eabi/lib/thumb/v7-m\libcr_nohost.a(__sys_write.o)
                0x0000310a                __sys_write
 *(.rodata .rodata.* .constdata .constdata.*)
 *fill*         0x0000310e        0x2 ff
 .rodata        0x00003110       0x4a ./example/src/tasks/task-pantalla.o
 *fill*         0x0000315a        0x2 ff
 .rodata.SmallFont
                0x0000315c      0x478 ./example/src/pantalla_TFT/DefaultFonts.o
                0x0000315c                SmallFont
 .rodata.OscRateIn
                0x000035d4        0x4 ./example/src/main/sysinit.o
                0x000035d4                OscRateIn
 .rodata.RTCOscRateIn
                0x000035d8        0x4 ./example/src/main/sysinit.o
                0x000035d8                RTCOscRateIn
 .rodata._initio.str1.1
                0x000035dc        0x4 c:/nxp/mcuxpressoide_10.3.1_2233/ide/plugins/com.nxp.mcuxpresso.tools.win32_10.3.0.201811011841/tools/bin/../lib/gcc/arm-none-eabi/7.3.1/../../../../arm-none-eabi/lib/thumb/v7-m\libcr_c.a(initio.o)
 .rodata.__num_Ciob_streams
                0x000035e0        0x4 c:/nxp/mcuxpressoide_10.3.1_2233/ide/plugins/com.nxp.mcuxpresso.tools.win32_10.3.0.201811011841/tools/bin/../lib/gcc/arm-none-eabi/7.3.1/../../../../arm-none-eabi/lib/thumb/v7-m\libcr_nohost.a(__ciob.o)
                0x000035e0                __num_Ciob_streams
                0x000035e4                . = ALIGN (0x4)

.glue_7         0x000035e4        0x0
 .glue_7        0x000035e4        0x0 linker stubs

.glue_7t        0x000035e4        0x0
 .glue_7t       0x000035e4        0x0 linker stubs

.vfp11_veneer   0x000035e4        0x0
 .vfp11_veneer  0x000035e4        0x0 linker stubs

.v4_bx          0x000035e4        0x0
 .v4_bx         0x000035e4        0x0 linker stubs

.iplt           0x000035e4        0x0
 .iplt          0x000035e4        0x0 ./example/src/tasks/task-heartbeat_lpc1769.o

.rel.dyn        0x000035e4        0x0
 .rel.iplt      0x000035e4        0x0 ./example/src/tasks/task-heartbeat_lpc1769.o

.ARM.extab
 *(.ARM.extab* .gnu.linkonce.armextab.*)
                0x000035e4                __exidx_start = .

.ARM.exidx
 *(.ARM.exidx* .gnu.linkonce.armexidx.*)
                0x000035e4                __exidx_end = .
                0x000035e4                _etext = .

.data_RAM2      0x2007c000        0x0 load address 0x000035e4
 FILL mask 0xff
                [!provide]                PROVIDE (__start_data_RAM2 = .)
 *(.ramfunc.$RAM2)
 *(.ramfunc.$RamAHB32)
 *(.data.$RAM2*)
 *(.data.$RamAHB32*)
                0x2007c000                . = ALIGN (0x4)
                [!provide]                PROVIDE (__end_data_RAM2 = .)

.uninit_RESERVED
                0x10000000        0x0
 *(.bss.$RESERVED*)
                0x10000000                . = ALIGN (0x4)
                0x10000000                _end_uninit_RESERVED = .

.data           0x10000000      0xc8c load address 0x000035e4
 FILL mask 0xff
                0x10000000                _data = .
 *(vtable)
 *(.ramfunc*)
 *(.data*)
 .data.sin4     0x10000000      0x640 ./example/src/tasks/task-pantalla.o
                0x10000000                sin4
 .data.sin      0x10000640      0x640 ./example/src/tasks/task-pantalla.o
                0x10000640                sin
 .data.disp_x_size
                0x10000c80        0x4 ./example/src/pantalla_TFT/UTFT.o
 .data.disp_y_size
                0x10000c84        0x4 ./example/src/pantalla_TFT/UTFT.o
 .data.display_transfer_mode
                0x10000c88        0x1 ./example/src/pantalla_TFT/UTFT.o
                0x10000c8c                . = ALIGN (0x4)
 *fill*         0x10000c89        0x3 ff
                0x10000c8c                _edata = .

.igot.plt       0x10000c8c        0x0 load address 0x00004270
 .igot.plt      0x10000c8c        0x0 ./example/src/tasks/task-heartbeat_lpc1769.o

.bss_RAM2       0x2007c000        0x0
                [!provide]                PROVIDE (__start_bss_RAM2 = .)
 *(.bss.$RAM2*)
 *(.bss.$RamAHB32*)
                0x2007c000                . = ALIGN ((. != 0x0)?0x4:0x1)
                [!provide]                PROVIDE (__end_bss_RAM2 = .)

.bss            0x10000c8c      0x540
                0x10000c8c                _bss = .
 *(.bss*)
 .bss.Heartbeat_state.7104
                0x10000c8c        0x4 ./example/src/tasks/task-heartbeat_lpc1769.o
 .bss.Fault_state.7105
                0x10000c90        0x4 ./example/src/tasks/task-heartbeat_lpc1769.o
 .bss.state.7472
                0x10000c94        0x1 ./example/src/tasks/task-pantalla.o
 .bss.fch       0x10000c95        0x1 ./example/src/pantalla_TFT/UTFT.o
 .bss.fcl       0x10000c96        0x1 ./example/src/pantalla_TFT/UTFT.o
 .bss.bch       0x10000c97        0x1 ./example/src/pantalla_TFT/UTFT.o
 .bss.bcl       0x10000c98        0x1 ./example/src/pantalla_TFT/UTFT.o
 .bss.orient    0x10000c99        0x1 ./example/src/pantalla_TFT/UTFT.o
 *fill*         0x10000c9a        0x2 
 .bss.cfont     0x10000c9c        0x8 ./example/src/pantalla_TFT/UTFT.o
 .bss.Task_ID_G
                0x10000ca4        0x4 ./example/src/c-tds/monittor_lpc1769.o
 .bss.Task_BCET_G
                0x10000ca8        0x4 ./example/src/c-tds/monittor_lpc1769.o
 .bss.Task_t_variation_G
                0x10000cac        0x4 ./example/src/c-tds/monittor_lpc1769.o
 .bss.Tick_count_G
                0x10000cb0        0x4 ./example/src/c-tds/scheduler_lpc1769.o
 .bss.ITask     0x10000cb4        0x4 ./example/src/c-tds/scheduler_lpc1769.o
 .bss.errno     0x10000cb8        0x4 c:/nxp/mcuxpressoide_10.3.1_2233/ide/plugins/com.nxp.mcuxpresso.tools.win32_10.3.0.201811011841/tools/bin/../lib/gcc/arm-none-eabi/7.3.1/../../../../arm-none-eabi/lib/thumb/v7-m\libcr_c.a(errno.o)
                0x10000cb8                errno
 .bss.__Ciob    0x10000cbc      0x1e0 c:/nxp/mcuxpressoide_10.3.1_2233/ide/plugins/com.nxp.mcuxpresso.tools.win32_10.3.0.201811011841/tools/bin/../lib/gcc/arm-none-eabi/7.3.1/../../../../arm-none-eabi/lib/thumb/v7-m\libcr_nohost.a(__ciob.o)
                0x10000cbc                __Ciob
 *(COMMON)
 COMMON         0x10000e9c        0x1 ./example/src/pantalla_TFT/UTFT.o
                0x10000e9c                _transparent
 *fill*         0x10000e9d        0x3 
 COMMON         0x10000ea0      0x324 ./example/src/c-tds/scheduler_lpc1769.o
                0x10000ea0                SCH_tasks_G
                0x100011c0                Fault_code_G
 COMMON         0x100011c4        0x1 ./example/src/c-tds/system_lpc1769.o
                0x100011c4                System_mode_G
 *fill*         0x100011c5        0x3 
 COMMON         0x100011c8        0x4 C:\Users\Gaston\Documents\facultad\TDII\Proyecto\lpc_chip_175x_6x\Debug\liblpc_chip_175x_6x.a(chip_17xx_40xx.o)
                0x100011c8                SystemCoreClock
                0x100011cc                . = ALIGN (0x4)
                0x100011cc                _ebss = .
                [!provide]                PROVIDE (end = .)

.noinit_RAM2    0x2007c000        0x0
 *(.noinit.$RAM2*)
 *(.noinit.$RamAHB32*)
                0x2007c000                . = ALIGN (0x4)

.noinit         0x100011cc        0x0
                0x100011cc                _noinit = .
 *(.noinit*)
                0x100011cc                . = ALIGN (0x4)
                0x100011cc                _end_noinit = .
                0x100011cc                PROVIDE (_pvHeapStart = DEFINED (__user_heap_base)?__user_heap_base:.)
                0x10008000                PROVIDE (_vStackTop = DEFINED (__user_stack_top)?__user_stack_top:(__top_RamLoc32 - 0x0))
                [!provide]                PROVIDE (__valid_user_code_checksum = (0x0 - ((((((_vStackTop + (ResetISR + 0x1)) + (NMI_Handler + 0x1)) + (HardFault_Handler + 0x1)) + (DEFINED (MemManage_Handler)?MemManage_Handler:0x0 + 0x1)) + (DEFINED (BusFault_Handler)?BusFault_Handler:0x0 + 0x1)) + (DEFINED (UsageFault_Handler)?UsageFault_Handler:0x0 + 0x1))))
                0x00000000                _image_start = LOADADDR (.text)
                0x00004270                _image_end = (LOADADDR (.data) + SIZEOF (.data))
                0x00004270                _image_size = (_image_end - _image_start)
OUTPUT(c-tds-project-4a.axf elf32-littlearm)

.debug_info     0x00000000     0x6192
 .debug_info    0x00000000      0x34d ./example/src/tasks/task-heartbeat_lpc1769.o
 .debug_info    0x0000034d      0x477 ./example/src/tasks/task-pantalla.o
 .debug_info    0x000007c4      0x4df ./example/src/tasks/task-watchdog_lpc1769.o
 .debug_info    0x00000ca3      0x32c ./example/src/pantalla_TFT/DefaultFonts.o
 .debug_info    0x00000fcf      0x3d3 ./example/src/pantalla_TFT/HW_lpc1769.o
 .debug_info    0x000013a2      0xbfa ./example/src/pantalla_TFT/UTFT.o
 .debug_info    0x00001f9c      0x251 ./example/src/main/cr_startup_lpc175x_6x.o
 .debug_info    0x000021ed      0x115 ./example/src/main/main.o
 .debug_info    0x00002302      0x1fd ./example/src/main/sysinit.o
 .debug_info    0x000024ff      0xa2e ./example/src/c-tds/monittor_lpc1769.o
 .debug_info    0x00002f2d      0xaf7 ./example/src/c-tds/scheduler_lpc1769.o
 .debug_info    0x00003a24      0x907 ./example/src/c-tds/system_lpc1769.o
 .debug_info    0x0000432b      0x558 C:\Users\Gaston\Documents\facultad\TDII\Proyecto\lpc_chip_175x_6x\Debug\liblpc_chip_175x_6x.a(chip_17xx_40xx.o)
 .debug_info    0x00004883      0xba2 C:\Users\Gaston\Documents\facultad\TDII\Proyecto\lpc_chip_175x_6x\Debug\liblpc_chip_175x_6x.a(clock_17xx_40xx.o)
 .debug_info    0x00005425      0x31e C:\Users\Gaston\Documents\facultad\TDII\Proyecto\lpc_chip_175x_6x\Debug\liblpc_chip_175x_6x.a(iocon_17xx_40xx.o)
 .debug_info    0x00005743      0x474 C:\Users\Gaston\Documents\facultad\TDII\Proyecto\lpc_chip_175x_6x\Debug\liblpc_chip_175x_6x.a(sysinit_17xx_40xx.o)
 .debug_info    0x00005bb7      0x42b C:\Users\Gaston\Documents\facultad\TDII\Proyecto\lpc_chip_175x_6x\Debug\liblpc_chip_175x_6x.a(timer_17xx_40xx.o)
 .debug_info    0x00005fe2      0x1b0 C:\Users\Gaston\Documents\facultad\TDII\Proyecto\lpc_chip_175x_6x\Debug\liblpc_chip_175x_6x.a(wwdt_17xx_40xx.o)

.debug_abbrev   0x00000000     0x1c2a
 .debug_abbrev  0x00000000      0x161 ./example/src/tasks/task-heartbeat_lpc1769.o
 .debug_abbrev  0x00000161      0x194 ./example/src/tasks/task-pantalla.o
 .debug_abbrev  0x000002f5      0x1c6 ./example/src/tasks/task-watchdog_lpc1769.o
 .debug_abbrev  0x000004bb       0xdf ./example/src/pantalla_TFT/DefaultFonts.o
 .debug_abbrev  0x0000059a      0x163 ./example/src/pantalla_TFT/HW_lpc1769.o
 .debug_abbrev  0x000006fd      0x251 ./example/src/pantalla_TFT/UTFT.o
 .debug_abbrev  0x0000094e      0x103 ./example/src/main/cr_startup_lpc175x_6x.o
 .debug_abbrev  0x00000a51       0xa2 ./example/src/main/main.o
 .debug_abbrev  0x00000af3       0xdd ./example/src/main/sysinit.o
 .debug_abbrev  0x00000bd0      0x21b ./example/src/c-tds/monittor_lpc1769.o
 .debug_abbrev  0x00000deb      0x2b3 ./example/src/c-tds/scheduler_lpc1769.o
 .debug_abbrev  0x0000109e      0x1f5 ./example/src/c-tds/system_lpc1769.o
 .debug_abbrev  0x00001293      0x151 C:\Users\Gaston\Documents\facultad\TDII\Proyecto\lpc_chip_175x_6x\Debug\liblpc_chip_175x_6x.a(chip_17xx_40xx.o)
 .debug_abbrev  0x000013e4      0x309 C:\Users\Gaston\Documents\facultad\TDII\Proyecto\lpc_chip_175x_6x\Debug\liblpc_chip_175x_6x.a(clock_17xx_40xx.o)
 .debug_abbrev  0x000016ed      0x14a C:\Users\Gaston\Documents\facultad\TDII\Proyecto\lpc_chip_175x_6x\Debug\liblpc_chip_175x_6x.a(iocon_17xx_40xx.o)
 .debug_abbrev  0x00001837      0x18e C:\Users\Gaston\Documents\facultad\TDII\Proyecto\lpc_chip_175x_6x\Debug\liblpc_chip_175x_6x.a(sysinit_17xx_40xx.o)
 .debug_abbrev  0x000019c5      0x171 C:\Users\Gaston\Documents\facultad\TDII\Proyecto\lpc_chip_175x_6x\Debug\liblpc_chip_175x_6x.a(timer_17xx_40xx.o)
 .debug_abbrev  0x00001b36       0xf4 C:\Users\Gaston\Documents\facultad\TDII\Proyecto\lpc_chip_175x_6x\Debug\liblpc_chip_175x_6x.a(wwdt_17xx_40xx.o)

.debug_aranges  0x00000000      0x6b8
 .debug_aranges
                0x00000000       0x40 ./example/src/tasks/task-heartbeat_lpc1769.o
 .debug_aranges
                0x00000040       0x38 ./example/src/tasks/task-pantalla.o
 .debug_aranges
                0x00000078       0x68 ./example/src/tasks/task-watchdog_lpc1769.o
 .debug_aranges
                0x000000e0       0x18 ./example/src/pantalla_TFT/DefaultFonts.o
 .debug_aranges
                0x000000f8       0x38 ./example/src/pantalla_TFT/HW_lpc1769.o
 .debug_aranges
                0x00000130       0xf0 ./example/src/pantalla_TFT/UTFT.o
 .debug_aranges
                0x00000220       0x80 ./example/src/main/cr_startup_lpc175x_6x.o
 .debug_aranges
                0x000002a0       0x20 ./example/src/main/main.o
 .debug_aranges
                0x000002c0       0x20 ./example/src/main/sysinit.o
 .debug_aranges
                0x000002e0       0xa8 ./example/src/c-tds/monittor_lpc1769.o
 .debug_aranges
                0x00000388       0x80 ./example/src/c-tds/scheduler_lpc1769.o
 .debug_aranges
                0x00000408       0x60 ./example/src/c-tds/system_lpc1769.o
 .debug_aranges
                0x00000468       0x38 C:\Users\Gaston\Documents\facultad\TDII\Proyecto\lpc_chip_175x_6x\Debug\liblpc_chip_175x_6x.a(chip_17xx_40xx.o)
 .debug_aranges
                0x000004a0      0x120 C:\Users\Gaston\Documents\facultad\TDII\Proyecto\lpc_chip_175x_6x\Debug\liblpc_chip_175x_6x.a(clock_17xx_40xx.o)
 .debug_aranges
                0x000005c0       0x30 C:\Users\Gaston\Documents\facultad\TDII\Proyecto\lpc_chip_175x_6x\Debug\liblpc_chip_175x_6x.a(iocon_17xx_40xx.o)
 .debug_aranges
                0x000005f0       0x60 C:\Users\Gaston\Documents\facultad\TDII\Proyecto\lpc_chip_175x_6x\Debug\liblpc_chip_175x_6x.a(sysinit_17xx_40xx.o)
 .debug_aranges
                0x00000650       0x40 C:\Users\Gaston\Documents\facultad\TDII\Proyecto\lpc_chip_175x_6x\Debug\liblpc_chip_175x_6x.a(timer_17xx_40xx.o)
 .debug_aranges
                0x00000690       0x28 C:\Users\Gaston\Documents\facultad\TDII\Proyecto\lpc_chip_175x_6x\Debug\liblpc_chip_175x_6x.a(wwdt_17xx_40xx.o)

.debug_ranges   0x00000000      0x590
 .debug_ranges  0x00000000       0x30 ./example/src/tasks/task-heartbeat_lpc1769.o
 .debug_ranges  0x00000030       0x28 ./example/src/tasks/task-pantalla.o
 .debug_ranges  0x00000058       0x58 ./example/src/tasks/task-watchdog_lpc1769.o
 .debug_ranges  0x000000b0       0x28 ./example/src/pantalla_TFT/HW_lpc1769.o
 .debug_ranges  0x000000d8       0xe0 ./example/src/pantalla_TFT/UTFT.o
 .debug_ranges  0x000001b8       0x70 ./example/src/main/cr_startup_lpc175x_6x.o
 .debug_ranges  0x00000228       0x10 ./example/src/main/main.o
 .debug_ranges  0x00000238       0x10 ./example/src/main/sysinit.o
 .debug_ranges  0x00000248       0x98 ./example/src/c-tds/monittor_lpc1769.o
 .debug_ranges  0x000002e0       0x70 ./example/src/c-tds/scheduler_lpc1769.o
 .debug_ranges  0x00000350       0x50 ./example/src/c-tds/system_lpc1769.o
 .debug_ranges  0x000003a0       0x28 C:\Users\Gaston\Documents\facultad\TDII\Proyecto\lpc_chip_175x_6x\Debug\liblpc_chip_175x_6x.a(chip_17xx_40xx.o)
 .debug_ranges  0x000003c8      0x110 C:\Users\Gaston\Documents\facultad\TDII\Proyecto\lpc_chip_175x_6x\Debug\liblpc_chip_175x_6x.a(clock_17xx_40xx.o)
 .debug_ranges  0x000004d8       0x20 C:\Users\Gaston\Documents\facultad\TDII\Proyecto\lpc_chip_175x_6x\Debug\liblpc_chip_175x_6x.a(iocon_17xx_40xx.o)
 .debug_ranges  0x000004f8       0x50 C:\Users\Gaston\Documents\facultad\TDII\Proyecto\lpc_chip_175x_6x\Debug\liblpc_chip_175x_6x.a(sysinit_17xx_40xx.o)
 .debug_ranges  0x00000548       0x30 C:\Users\Gaston\Documents\facultad\TDII\Proyecto\lpc_chip_175x_6x\Debug\liblpc_chip_175x_6x.a(timer_17xx_40xx.o)
 .debug_ranges  0x00000578       0x18 C:\Users\Gaston\Documents\facultad\TDII\Proyecto\lpc_chip_175x_6x\Debug\liblpc_chip_175x_6x.a(wwdt_17xx_40xx.o)

.debug_macro    0x00000000     0x3492
 .debug_macro   0x00000000      0x206 ./example/src/tasks/task-heartbeat_lpc1769.o
 .debug_macro   0x00000206      0x25d ./example/src/tasks/task-pantalla.o
 .debug_macro   0x00000463      0x27a ./example/src/tasks/task-pantalla.o
 .debug_macro   0x000006dd       0x4c ./example/src/tasks/task-pantalla.o
 .debug_macro   0x00000729      0x18a ./example/src/tasks/task-pantalla.o
 .debug_macro   0x000008b3       0x9a ./example/src/tasks/task-pantalla.o
 .debug_macro   0x0000094d       0x20 ./example/src/tasks/task-pantalla.o
 .debug_macro   0x0000096d       0x28 ./example/src/tasks/task-pantalla.o
 .debug_macro   0x00000995       0x10 ./example/src/tasks/task-pantalla.o
 .debug_macro   0x000009a5      0x205 ./example/src/tasks/task-watchdog_lpc1769.o
 .debug_macro   0x00000baa       0x28 ./example/src/tasks/task-watchdog_lpc1769.o
 .debug_macro   0x00000bd2      0x220 ./example/src/pantalla_TFT/DefaultFonts.o
 .debug_macro   0x00000df2      0x184 ./example/src/pantalla_TFT/DefaultFonts.o
 .debug_macro   0x00000f76      0x220 ./example/src/pantalla_TFT/HW_lpc1769.o
 .debug_macro   0x00001196       0xb8 ./example/src/pantalla_TFT/HW_lpc1769.o
 .debug_macro   0x0000124e      0x242 ./example/src/pantalla_TFT/UTFT.o
 .debug_macro   0x00001490       0x1d ./example/src/main/cr_startup_lpc175x_6x.o
 .debug_macro   0x000014ad      0x1fc ./example/src/main/main.o
 .debug_macro   0x000016a9      0x1cd ./example/src/main/sysinit.o
 .debug_macro   0x00001876      0x1fc ./example/src/c-tds/monittor_lpc1769.o
 .debug_macro   0x00001a72      0x22c ./example/src/c-tds/scheduler_lpc1769.o
 .debug_macro   0x00001c9e      0x2c0 ./example/src/c-tds/system_lpc1769.o
 .debug_macro   0x00001f5e      0x1cd C:\Users\Gaston\Documents\facultad\TDII\Proyecto\lpc_chip_175x_6x\Debug\liblpc_chip_175x_6x.a(chip_17xx_40xx.o)
 .debug_macro   0x0000212b      0xa66 C:\Users\Gaston\Documents\facultad\TDII\Proyecto\lpc_chip_175x_6x\Debug\liblpc_chip_175x_6x.a(chip_17xx_40xx.o)
 .debug_macro   0x00002b91      0x1cd C:\Users\Gaston\Documents\facultad\TDII\Proyecto\lpc_chip_175x_6x\Debug\liblpc_chip_175x_6x.a(clock_17xx_40xx.o)
 .debug_macro   0x00002d5e      0x1cd C:\Users\Gaston\Documents\facultad\TDII\Proyecto\lpc_chip_175x_6x\Debug\liblpc_chip_175x_6x.a(iocon_17xx_40xx.o)
 .debug_macro   0x00002f2b      0x1cd C:\Users\Gaston\Documents\facultad\TDII\Proyecto\lpc_chip_175x_6x\Debug\liblpc_chip_175x_6x.a(sysinit_17xx_40xx.o)
 .debug_macro   0x000030f8      0x1cd C:\Users\Gaston\Documents\facultad\TDII\Proyecto\lpc_chip_175x_6x\Debug\liblpc_chip_175x_6x.a(timer_17xx_40xx.o)
 .debug_macro   0x000032c5      0x1cd C:\Users\Gaston\Documents\facultad\TDII\Proyecto\lpc_chip_175x_6x\Debug\liblpc_chip_175x_6x.a(wwdt_17xx_40xx.o)

.debug_line     0x00000000     0x6875
 .debug_line    0x00000000      0x5bc ./example/src/tasks/task-heartbeat_lpc1769.o
 .debug_line    0x000005bc      0x6be ./example/src/tasks/task-pantalla.o
 .debug_line    0x00000c7a      0x626 ./example/src/tasks/task-watchdog_lpc1769.o
 .debug_line    0x000012a0      0x544 ./example/src/pantalla_TFT/DefaultFonts.o
 .debug_line    0x000017e4      0x62d ./example/src/pantalla_TFT/HW_lpc1769.o
 .debug_line    0x00001e11      0xb3a ./example/src/pantalla_TFT/UTFT.o
 .debug_line    0x0000294b       0xe0 ./example/src/main/cr_startup_lpc175x_6x.o
 .debug_line    0x00002a2b      0x4f6 ./example/src/main/main.o
 .debug_line    0x00002f21      0x481 ./example/src/main/sysinit.o
 .debug_line    0x000033a2      0x691 ./example/src/c-tds/monittor_lpc1769.o
 .debug_line    0x00003a33      0x6cf ./example/src/c-tds/scheduler_lpc1769.o
 .debug_line    0x00004102      0x826 ./example/src/c-tds/system_lpc1769.o
 .debug_line    0x00004928      0x4c4 C:\Users\Gaston\Documents\facultad\TDII\Proyecto\lpc_chip_175x_6x\Debug\liblpc_chip_175x_6x.a(chip_17xx_40xx.o)
 .debug_line    0x00004dec      0x740 C:\Users\Gaston\Documents\facultad\TDII\Proyecto\lpc_chip_175x_6x\Debug\liblpc_chip_175x_6x.a(clock_17xx_40xx.o)
 .debug_line    0x0000552c      0x4b0 C:\Users\Gaston\Documents\facultad\TDII\Proyecto\lpc_chip_175x_6x\Debug\liblpc_chip_175x_6x.a(iocon_17xx_40xx.o)
 .debug_line    0x000059dc      0x53a C:\Users\Gaston\Documents\facultad\TDII\Proyecto\lpc_chip_175x_6x\Debug\liblpc_chip_175x_6x.a(sysinit_17xx_40xx.o)
 .debug_line    0x00005f16      0x4d5 C:\Users\Gaston\Documents\facultad\TDII\Proyecto\lpc_chip_175x_6x\Debug\liblpc_chip_175x_6x.a(timer_17xx_40xx.o)
 .debug_line    0x000063eb      0x48a C:\Users\Gaston\Documents\facultad\TDII\Proyecto\lpc_chip_175x_6x\Debug\liblpc_chip_175x_6x.a(wwdt_17xx_40xx.o)

.debug_str      0x00000000    0x1487f
 .debug_str     0x00000000    0x1140b ./example/src/tasks/task-heartbeat_lpc1769.o
                              0x114e4 (size before relaxing)
 .debug_str     0x0001140b     0x10cd ./example/src/tasks/task-pantalla.o
                              0x12501 (size before relaxing)
 .debug_str     0x000124d8      0x251 ./example/src/tasks/task-watchdog_lpc1769.o
                              0x11679 (size before relaxing)
 .debug_str     0x00012729       0x43 ./example/src/pantalla_TFT/DefaultFonts.o
                              0x11648 (size before relaxing)
 .debug_str     0x0001276c      0x2de ./example/src/pantalla_TFT/HW_lpc1769.o
                              0x11884 (size before relaxing)
 .debug_str     0x00012a4a      0x26d ./example/src/pantalla_TFT/UTFT.o
                              0x122ee (size before relaxing)
 .debug_str     0x00012cb7      0x1e3 ./example/src/main/cr_startup_lpc175x_6x.o
                               0x2eb9 (size before relaxing)
 .debug_str     0x00012e9a       0x20 ./example/src/main/main.o
                              0x113d2 (size before relaxing)
 .debug_str     0x00012eba       0x28 ./example/src/main/sysinit.o
                              0x10edb (size before relaxing)
 .debug_str     0x00012ee2      0x7b3 ./example/src/c-tds/monittor_lpc1769.o
                              0x11d4f (size before relaxing)
 .debug_str     0x00013695      0x294 ./example/src/c-tds/scheduler_lpc1769.o
                              0x11b75 (size before relaxing)
 .debug_str     0x00013929      0x5f8 ./example/src/c-tds/system_lpc1769.o
                              0x12bb7 (size before relaxing)
 .debug_str     0x00013f21       0xbb C:\Users\Gaston\Documents\facultad\TDII\Proyecto\lpc_chip_175x_6x\Debug\liblpc_chip_175x_6x.a(chip_17xx_40xx.o)
                              0x11301 (size before relaxing)
 .debug_str     0x00013fdc      0x5ce C:\Users\Gaston\Documents\facultad\TDII\Proyecto\lpc_chip_175x_6x\Debug\liblpc_chip_175x_6x.a(clock_17xx_40xx.o)
                              0x1197f (size before relaxing)
 .debug_str     0x000145aa       0x98 C:\Users\Gaston\Documents\facultad\TDII\Proyecto\lpc_chip_175x_6x\Debug\liblpc_chip_175x_6x.a(iocon_17xx_40xx.o)
                              0x10dfc (size before relaxing)
 .debug_str     0x00014642       0xc4 C:\Users\Gaston\Documents\facultad\TDII\Proyecto\lpc_chip_175x_6x\Debug\liblpc_chip_175x_6x.a(sysinit_17xx_40xx.o)
                              0x10fe4 (size before relaxing)
 .debug_str     0x00014706      0x131 C:\Users\Gaston\Documents\facultad\TDII\Proyecto\lpc_chip_175x_6x\Debug\liblpc_chip_175x_6x.a(timer_17xx_40xx.o)
                              0x1112d (size before relaxing)
 .debug_str     0x00014837       0x48 C:\Users\Gaston\Documents\facultad\TDII\Proyecto\lpc_chip_175x_6x\Debug\liblpc_chip_175x_6x.a(wwdt_17xx_40xx.o)
                              0x10d6c (size before relaxing)

.comment        0x00000000       0x7f
 .comment       0x00000000       0x7f ./example/src/tasks/task-heartbeat_lpc1769.o
                                 0x80 (size before relaxing)
 .comment       0x0000007f       0x80 ./example/src/tasks/task-pantalla.o
 .comment       0x0000007f       0x80 ./example/src/tasks/task-watchdog_lpc1769.o
 .comment       0x0000007f       0x80 ./example/src/pantalla_TFT/DefaultFonts.o
 .comment       0x0000007f       0x80 ./example/src/pantalla_TFT/HW_lpc1769.o
 .comment       0x0000007f       0x80 ./example/src/pantalla_TFT/UTFT.o
 .comment       0x0000007f       0x80 ./example/src/main/cr_startup_lpc175x_6x.o
 .comment       0x0000007f       0x80 ./example/src/main/main.o
 .comment       0x0000007f       0x80 ./example/src/main/sysinit.o
 .comment       0x0000007f       0x80 ./example/src/c-tds/monittor_lpc1769.o
 .comment       0x0000007f       0x80 ./example/src/c-tds/scheduler_lpc1769.o
 .comment       0x0000007f       0x80 ./example/src/c-tds/system_lpc1769.o
 .comment       0x0000007f       0x80 C:\Users\Gaston\Documents\facultad\TDII\Proyecto\lpc_chip_175x_6x\Debug\liblpc_chip_175x_6x.a(chip_17xx_40xx.o)
 .comment       0x0000007f       0x80 C:\Users\Gaston\Documents\facultad\TDII\Proyecto\lpc_chip_175x_6x\Debug\liblpc_chip_175x_6x.a(clock_17xx_40xx.o)
 .comment       0x0000007f       0x80 C:\Users\Gaston\Documents\facultad\TDII\Proyecto\lpc_chip_175x_6x\Debug\liblpc_chip_175x_6x.a(iocon_17xx_40xx.o)
 .comment       0x0000007f       0x80 C:\Users\Gaston\Documents\facultad\TDII\Proyecto\lpc_chip_175x_6x\Debug\liblpc_chip_175x_6x.a(sysinit_17xx_40xx.o)
 .comment       0x0000007f       0x80 C:\Users\Gaston\Documents\facultad\TDII\Proyecto\lpc_chip_175x_6x\Debug\liblpc_chip_175x_6x.a(timer_17xx_40xx.o)
 .comment       0x0000007f       0x80 C:\Users\Gaston\Documents\facultad\TDII\Proyecto\lpc_chip_175x_6x\Debug\liblpc_chip_175x_6x.a(wwdt_17xx_40xx.o)
 .comment       0x0000007f       0x80 c:/nxp/mcuxpressoide_10.3.1_2233/ide/plugins/com.nxp.mcuxpresso.tools.win32_10.3.0.201811011841/tools/bin/../lib/gcc/arm-none-eabi/7.3.1/../../../../arm-none-eabi/lib/thumb/v7-m\libcr_nohost.a(_cr__main.o)
 .comment       0x0000007f       0x80 c:/nxp/mcuxpressoide_10.3.1_2233/ide/plugins/com.nxp.mcuxpresso.tools.win32_10.3.0.201811011841/tools/bin/../lib/gcc/arm-none-eabi/7.3.1/../../../../arm-none-eabi/lib/thumb/v7-m\libcr_c.a(memset.o)
 .comment       0x0000007f       0x80 c:/nxp/mcuxpressoide_10.3.1_2233/ide/plugins/com.nxp.mcuxpresso.tools.win32_10.3.0.201811011841/tools/bin/../lib/gcc/arm-none-eabi/7.3.1/../../../../arm-none-eabi/lib/thumb/v7-m\libcr_c.a(initio.o)
 .comment       0x0000007f       0x80 c:/nxp/mcuxpressoide_10.3.1_2233/ide/plugins/com.nxp.mcuxpresso.tools.win32_10.3.0.201811011841/tools/bin/../lib/gcc/arm-none-eabi/7.3.1/../../../../arm-none-eabi/lib/thumb/v7-m\libcr_c.a(setvbuf.o)
 .comment       0x0000007f       0x80 c:/nxp/mcuxpressoide_10.3.1_2233/ide/plugins/com.nxp.mcuxpresso.tools.win32_10.3.0.201811011841/tools/bin/../lib/gcc/arm-none-eabi/7.3.1/../../../../arm-none-eabi/lib/thumb/v7-m\libcr_c.a(strlen.o)
 .comment       0x0000007f       0x80 c:/nxp/mcuxpressoide_10.3.1_2233/ide/plugins/com.nxp.mcuxpresso.tools.win32_10.3.0.201811011841/tools/bin/../lib/gcc/arm-none-eabi/7.3.1/../../../../arm-none-eabi/lib/thumb/v7-m\libcr_c.a(_fdopen.o)
 .comment       0x0000007f       0x80 c:/nxp/mcuxpressoide_10.3.1_2233/ide/plugins/com.nxp.mcuxpresso.tools.win32_10.3.0.201811011841/tools/bin/../lib/gcc/arm-none-eabi/7.3.1/../../../../arm-none-eabi/lib/thumb/v7-m\libcr_c.a(fclose.o)
 .comment       0x0000007f       0x80 c:/nxp/mcuxpressoide_10.3.1_2233/ide/plugins/com.nxp.mcuxpresso.tools.win32_10.3.0.201811011841/tools/bin/../lib/gcc/arm-none-eabi/7.3.1/../../../../arm-none-eabi/lib/thumb/v7-m\libcr_c.a(fflush.o)
 .comment       0x0000007f       0x80 c:/nxp/mcuxpressoide_10.3.1_2233/ide/plugins/com.nxp.mcuxpresso.tools.win32_10.3.0.201811011841/tools/bin/../lib/gcc/arm-none-eabi/7.3.1/../../../../arm-none-eabi/lib/thumb/v7-m\libcr_c.a(fseek.o)
 .comment       0x0000007f       0x80 c:/nxp/mcuxpressoide_10.3.1_2233/ide/plugins/com.nxp.mcuxpresso.tools.win32_10.3.0.201811011841/tools/bin/../lib/gcc/arm-none-eabi/7.3.1/../../../../arm-none-eabi/lib/thumb/v7-m\libcr_c.a(ftell.o)
 .comment       0x0000007f       0x80 c:/nxp/mcuxpressoide_10.3.1_2233/ide/plugins/com.nxp.mcuxpresso.tools.win32_10.3.0.201811011841/tools/bin/../lib/gcc/arm-none-eabi/7.3.1/../../../../arm-none-eabi/lib/thumb/v7-m\libcr_c.a(remove.o)
 .comment       0x0000007f       0x80 c:/nxp/mcuxpressoide_10.3.1_2233/ide/plugins/com.nxp.mcuxpresso.tools.win32_10.3.0.201811011841/tools/bin/../lib/gcc/arm-none-eabi/7.3.1/../../../../arm-none-eabi/lib/thumb/v7-m\libcr_c.a(_do_fflush.o)
 .comment       0x0000007f       0x80 c:/nxp/mcuxpressoide_10.3.1_2233/ide/plugins/com.nxp.mcuxpresso.tools.win32_10.3.0.201811011841/tools/bin/../lib/gcc/arm-none-eabi/7.3.1/../../../../arm-none-eabi/lib/thumb/v7-m\libcr_c.a(_fflush.o)
 .comment       0x0000007f       0x80 c:/nxp/mcuxpressoide_10.3.1_2233/ide/plugins/com.nxp.mcuxpresso.tools.win32_10.3.0.201811011841/tools/bin/../lib/gcc/arm-none-eabi/7.3.1/../../../../arm-none-eabi/lib/thumb/v7-m\libcr_c.a(_writebuf.o)
 .comment       0x0000007f       0x80 c:/nxp/mcuxpressoide_10.3.1_2233/ide/plugins/com.nxp.mcuxpresso.tools.win32_10.3.0.201811011841/tools/bin/../lib/gcc/arm-none-eabi/7.3.1/../../../../arm-none-eabi/lib/thumb/v7-m\libcr_c.a(alloc.o)
 .comment       0x0000007f       0x80 c:/nxp/mcuxpressoide_10.3.1_2233/ide/plugins/com.nxp.mcuxpresso.tools.win32_10.3.0.201811011841/tools/bin/../lib/gcc/arm-none-eabi/7.3.1/../../../../arm-none-eabi/lib/thumb/v7-m\libcr_c.a(errno.o)
 .comment       0x0000007f       0x80 c:/nxp/mcuxpressoide_10.3.1_2233/ide/plugins/com.nxp.mcuxpresso.tools.win32_10.3.0.201811011841/tools/bin/../lib/gcc/arm-none-eabi/7.3.1/../../../../arm-none-eabi/lib/thumb/v7-m\libcr_c.a(_deferredlazyseek.o)
 .comment       0x0000007f       0x80 c:/nxp/mcuxpressoide_10.3.1_2233/ide/plugins/com.nxp.mcuxpresso.tools.win32_10.3.0.201811011841/tools/bin/../lib/gcc/arm-none-eabi/7.3.1/../../../../arm-none-eabi/lib/thumb/v7-m\libcr_nohost.a(__ciob.o)
 .comment       0x0000007f       0x80 c:/nxp/mcuxpressoide_10.3.1_2233/ide/plugins/com.nxp.mcuxpresso.tools.win32_10.3.0.201811011841/tools/bin/../lib/gcc/arm-none-eabi/7.3.1/../../../../arm-none-eabi/lib/thumb/v7-m\libcr_nohost.a(__sys_close.o)
 .comment       0x0000007f       0x80 c:/nxp/mcuxpressoide_10.3.1_2233/ide/plugins/com.nxp.mcuxpresso.tools.win32_10.3.0.201811011841/tools/bin/../lib/gcc/arm-none-eabi/7.3.1/../../../../arm-none-eabi/lib/thumb/v7-m\libcr_nohost.a(__sys_flen.o)
 .comment       0x0000007f       0x80 c:/nxp/mcuxpressoide_10.3.1_2233/ide/plugins/com.nxp.mcuxpresso.tools.win32_10.3.0.201811011841/tools/bin/../lib/gcc/arm-none-eabi/7.3.1/../../../../arm-none-eabi/lib/thumb/v7-m\libcr_nohost.a(__sys_istty.o)
 .comment       0x0000007f       0x80 c:/nxp/mcuxpressoide_10.3.1_2233/ide/plugins/com.nxp.mcuxpresso.tools.win32_10.3.0.201811011841/tools/bin/../lib/gcc/arm-none-eabi/7.3.1/../../../../arm-none-eabi/lib/thumb/v7-m\libcr_nohost.a(__sys_remove.o)
 .comment       0x0000007f       0x80 c:/nxp/mcuxpressoide_10.3.1_2233/ide/plugins/com.nxp.mcuxpresso.tools.win32_10.3.0.201811011841/tools/bin/../lib/gcc/arm-none-eabi/7.3.1/../../../../arm-none-eabi/lib/thumb/v7-m\libcr_nohost.a(__sys_seek.o)
 .comment       0x0000007f       0x80 c:/nxp/mcuxpressoide_10.3.1_2233/ide/plugins/com.nxp.mcuxpresso.tools.win32_10.3.0.201811011841/tools/bin/../lib/gcc/arm-none-eabi/7.3.1/../../../../arm-none-eabi/lib/thumb/v7-m\libcr_nohost.a(__sys_tmpnam.o)
 .comment       0x0000007f       0x80 c:/nxp/mcuxpressoide_10.3.1_2233/ide/plugins/com.nxp.mcuxpresso.tools.win32_10.3.0.201811011841/tools/bin/../lib/gcc/arm-none-eabi/7.3.1/../../../../arm-none-eabi/lib/thumb/v7-m\libcr_nohost.a(__sys_write.o)

.ARM.attributes
                0x00000000       0x31
 .ARM.attributes
                0x00000000       0x33 ./example/src/tasks/task-heartbeat_lpc1769.o
 .ARM.attributes
                0x00000033       0x33 ./example/src/tasks/task-pantalla.o
 .ARM.attributes
                0x00000066       0x33 ./example/src/tasks/task-watchdog_lpc1769.o
 .ARM.attributes
                0x00000099       0x33 ./example/src/pantalla_TFT/DefaultFonts.o
 .ARM.attributes
                0x000000cc       0x33 ./example/src/pantalla_TFT/HW_lpc1769.o
 .ARM.attributes
                0x000000ff       0x33 ./example/src/pantalla_TFT/UTFT.o
 .ARM.attributes
                0x00000132       0x33 ./example/src/main/cr_startup_lpc175x_6x.o
 .ARM.attributes
                0x00000165       0x33 ./example/src/main/main.o
 .ARM.attributes
                0x00000198       0x33 ./example/src/main/sysinit.o
 .ARM.attributes
                0x000001cb       0x33 ./example/src/c-tds/monittor_lpc1769.o
 .ARM.attributes
                0x000001fe       0x33 ./example/src/c-tds/scheduler_lpc1769.o
 .ARM.attributes
                0x00000231       0x33 ./example/src/c-tds/system_lpc1769.o
 .ARM.attributes
                0x00000264       0x33 C:\Users\Gaston\Documents\facultad\TDII\Proyecto\lpc_chip_175x_6x\Debug\liblpc_chip_175x_6x.a(chip_17xx_40xx.o)
 .ARM.attributes
                0x00000297       0x33 C:\Users\Gaston\Documents\facultad\TDII\Proyecto\lpc_chip_175x_6x\Debug\liblpc_chip_175x_6x.a(clock_17xx_40xx.o)
 .ARM.attributes
                0x000002ca       0x33 C:\Users\Gaston\Documents\facultad\TDII\Proyecto\lpc_chip_175x_6x\Debug\liblpc_chip_175x_6x.a(iocon_17xx_40xx.o)
 .ARM.attributes
                0x000002fd       0x33 C:\Users\Gaston\Documents\facultad\TDII\Proyecto\lpc_chip_175x_6x\Debug\liblpc_chip_175x_6x.a(sysinit_17xx_40xx.o)
 .ARM.attributes
                0x00000330       0x33 C:\Users\Gaston\Documents\facultad\TDII\Proyecto\lpc_chip_175x_6x\Debug\liblpc_chip_175x_6x.a(timer_17xx_40xx.o)
 .ARM.attributes
                0x00000363       0x33 C:\Users\Gaston\Documents\facultad\TDII\Proyecto\lpc_chip_175x_6x\Debug\liblpc_chip_175x_6x.a(wwdt_17xx_40xx.o)
 .ARM.attributes
                0x00000396       0x33 c:/nxp/mcuxpressoide_10.3.1_2233/ide/plugins/com.nxp.mcuxpresso.tools.win32_10.3.0.201811011841/tools/bin/../lib/gcc/arm-none-eabi/7.3.1/../../../../arm-none-eabi/lib/thumb/v7-m\libcr_nohost.a(_cr__main.o)
 .ARM.attributes
                0x000003c9       0x33 c:/nxp/mcuxpressoide_10.3.1_2233/ide/plugins/com.nxp.mcuxpresso.tools.win32_10.3.0.201811011841/tools/bin/../lib/gcc/arm-none-eabi/7.3.1/../../../../arm-none-eabi/lib/thumb/v7-m\libcr_c.a(memset.o)
 .ARM.attributes
                0x000003fc       0x33 c:/nxp/mcuxpressoide_10.3.1_2233/ide/plugins/com.nxp.mcuxpresso.tools.win32_10.3.0.201811011841/tools/bin/../lib/gcc/arm-none-eabi/7.3.1/../../../../arm-none-eabi/lib/thumb/v7-m\libcr_c.a(initio.o)
 .ARM.attributes
                0x0000042f       0x33 c:/nxp/mcuxpressoide_10.3.1_2233/ide/plugins/com.nxp.mcuxpresso.tools.win32_10.3.0.201811011841/tools/bin/../lib/gcc/arm-none-eabi/7.3.1/../../../../arm-none-eabi/lib/thumb/v7-m\libcr_c.a(setvbuf.o)
 .ARM.attributes
                0x00000462       0x33 c:/nxp/mcuxpressoide_10.3.1_2233/ide/plugins/com.nxp.mcuxpresso.tools.win32_10.3.0.201811011841/tools/bin/../lib/gcc/arm-none-eabi/7.3.1/../../../../arm-none-eabi/lib/thumb/v7-m\libcr_c.a(strlen.o)
 .ARM.attributes
                0x00000495       0x33 c:/nxp/mcuxpressoide_10.3.1_2233/ide/plugins/com.nxp.mcuxpresso.tools.win32_10.3.0.201811011841/tools/bin/../lib/gcc/arm-none-eabi/7.3.1/../../../../arm-none-eabi/lib/thumb/v7-m\libcr_c.a(_fdopen.o)
 .ARM.attributes
                0x000004c8       0x33 c:/nxp/mcuxpressoide_10.3.1_2233/ide/plugins/com.nxp.mcuxpresso.tools.win32_10.3.0.201811011841/tools/bin/../lib/gcc/arm-none-eabi/7.3.1/../../../../arm-none-eabi/lib/thumb/v7-m\libcr_c.a(fclose.o)
 .ARM.attributes
                0x000004fb       0x33 c:/nxp/mcuxpressoide_10.3.1_2233/ide/plugins/com.nxp.mcuxpresso.tools.win32_10.3.0.201811011841/tools/bin/../lib/gcc/arm-none-eabi/7.3.1/../../../../arm-none-eabi/lib/thumb/v7-m\libcr_c.a(fflush.o)
 .ARM.attributes
                0x0000052e       0x33 c:/nxp/mcuxpressoide_10.3.1_2233/ide/plugins/com.nxp.mcuxpresso.tools.win32_10.3.0.201811011841/tools/bin/../lib/gcc/arm-none-eabi/7.3.1/../../../../arm-none-eabi/lib/thumb/v7-m\libcr_c.a(fseek.o)
 .ARM.attributes
                0x00000561       0x33 c:/nxp/mcuxpressoide_10.3.1_2233/ide/plugins/com.nxp.mcuxpresso.tools.win32_10.3.0.201811011841/tools/bin/../lib/gcc/arm-none-eabi/7.3.1/../../../../arm-none-eabi/lib/thumb/v7-m\libcr_c.a(ftell.o)
 .ARM.attributes
                0x00000594       0x33 c:/nxp/mcuxpressoide_10.3.1_2233/ide/plugins/com.nxp.mcuxpresso.tools.win32_10.3.0.201811011841/tools/bin/../lib/gcc/arm-none-eabi/7.3.1/../../../../arm-none-eabi/lib/thumb/v7-m\libcr_c.a(remove.o)
 .ARM.attributes
                0x000005c7       0x33 c:/nxp/mcuxpressoide_10.3.1_2233/ide/plugins/com.nxp.mcuxpresso.tools.win32_10.3.0.201811011841/tools/bin/../lib/gcc/arm-none-eabi/7.3.1/../../../../arm-none-eabi/lib/thumb/v7-m\libcr_c.a(_do_fflush.o)
 .ARM.attributes
                0x000005fa       0x33 c:/nxp/mcuxpressoide_10.3.1_2233/ide/plugins/com.nxp.mcuxpresso.tools.win32_10.3.0.201811011841/tools/bin/../lib/gcc/arm-none-eabi/7.3.1/../../../../arm-none-eabi/lib/thumb/v7-m\libcr_c.a(_fflush.o)
 .ARM.attributes
                0x0000062d       0x33 c:/nxp/mcuxpressoide_10.3.1_2233/ide/plugins/com.nxp.mcuxpresso.tools.win32_10.3.0.201811011841/tools/bin/../lib/gcc/arm-none-eabi/7.3.1/../../../../arm-none-eabi/lib/thumb/v7-m\libcr_c.a(_writebuf.o)
 .ARM.attributes
                0x00000660       0x33 c:/nxp/mcuxpressoide_10.3.1_2233/ide/plugins/com.nxp.mcuxpresso.tools.win32_10.3.0.201811011841/tools/bin/../lib/gcc/arm-none-eabi/7.3.1/../../../../arm-none-eabi/lib/thumb/v7-m\libcr_c.a(alloc.o)
 .ARM.attributes
                0x00000693       0x33 c:/nxp/mcuxpressoide_10.3.1_2233/ide/plugins/com.nxp.mcuxpresso.tools.win32_10.3.0.201811011841/tools/bin/../lib/gcc/arm-none-eabi/7.3.1/../../../../arm-none-eabi/lib/thumb/v7-m\libcr_c.a(errno.o)
 .ARM.attributes
                0x000006c6       0x33 c:/nxp/mcuxpressoide_10.3.1_2233/ide/plugins/com.nxp.mcuxpresso.tools.win32_10.3.0.201811011841/tools/bin/../lib/gcc/arm-none-eabi/7.3.1/../../../../arm-none-eabi/lib/thumb/v7-m\libcr_c.a(_deferredlazyseek.o)
 .ARM.attributes
                0x000006f9       0x21 c:/nxp/mcuxpressoide_10.3.1_2233/ide/plugins/com.nxp.mcuxpresso.tools.win32_10.3.0.201811011841/tools/bin/../lib/gcc/arm-none-eabi/7.3.1/thumb/v7-m\libcr_eabihelpers.a(memcpy.o)
 .ARM.attributes
                0x0000071a       0x33 c:/nxp/mcuxpressoide_10.3.1_2233/ide/plugins/com.nxp.mcuxpresso.tools.win32_10.3.0.201811011841/tools/bin/../lib/gcc/arm-none-eabi/7.3.1/../../../../arm-none-eabi/lib/thumb/v7-m\libcr_nohost.a(__ciob.o)
 .ARM.attributes
                0x0000074d       0x33 c:/nxp/mcuxpressoide_10.3.1_2233/ide/plugins/com.nxp.mcuxpresso.tools.win32_10.3.0.201811011841/tools/bin/../lib/gcc/arm-none-eabi/7.3.1/../../../../arm-none-eabi/lib/thumb/v7-m\libcr_nohost.a(__sys_close.o)
 .ARM.attributes
                0x00000780       0x33 c:/nxp/mcuxpressoide_10.3.1_2233/ide/plugins/com.nxp.mcuxpresso.tools.win32_10.3.0.201811011841/tools/bin/../lib/gcc/arm-none-eabi/7.3.1/../../../../arm-none-eabi/lib/thumb/v7-m\libcr_nohost.a(__sys_flen.o)
 .ARM.attributes
                0x000007b3       0x33 c:/nxp/mcuxpressoide_10.3.1_2233/ide/plugins/com.nxp.mcuxpresso.tools.win32_10.3.0.201811011841/tools/bin/../lib/gcc/arm-none-eabi/7.3.1/../../../../arm-none-eabi/lib/thumb/v7-m\libcr_nohost.a(__sys_istty.o)
 .ARM.attributes
                0x000007e6       0x33 c:/nxp/mcuxpressoide_10.3.1_2233/ide/plugins/com.nxp.mcuxpresso.tools.win32_10.3.0.201811011841/tools/bin/../lib/gcc/arm-none-eabi/7.3.1/../../../../arm-none-eabi/lib/thumb/v7-m\libcr_nohost.a(__sys_remove.o)
 .ARM.attributes
                0x00000819       0x33 c:/nxp/mcuxpressoide_10.3.1_2233/ide/plugins/com.nxp.mcuxpresso.tools.win32_10.3.0.201811011841/tools/bin/../lib/gcc/arm-none-eabi/7.3.1/../../../../arm-none-eabi/lib/thumb/v7-m\libcr_nohost.a(__sys_seek.o)
 .ARM.attributes
                0x0000084c       0x33 c:/nxp/mcuxpressoide_10.3.1_2233/ide/plugins/com.nxp.mcuxpresso.tools.win32_10.3.0.201811011841/tools/bin/../lib/gcc/arm-none-eabi/7.3.1/../../../../arm-none-eabi/lib/thumb/v7-m\libcr_nohost.a(__sys_tmpnam.o)
 .ARM.attributes
                0x0000087f       0x33 c:/nxp/mcuxpressoide_10.3.1_2233/ide/plugins/com.nxp.mcuxpresso.tools.win32_10.3.0.201811011841/tools/bin/../lib/gcc/arm-none-eabi/7.3.1/../../../../arm-none-eabi/lib/thumb/v7-m\libcr_nohost.a(__sys_write.o)

.debug_frame    0x00000000     0x1728
 .debug_frame   0x00000000       0xc4 ./example/src/tasks/task-heartbeat_lpc1769.o
 .debug_frame   0x000000c4       0xa4 ./example/src/tasks/task-pantalla.o
 .debug_frame   0x00000168      0x188 ./example/src/tasks/task-watchdog_lpc1769.o
 .debug_frame   0x000002f0       0xa8 ./example/src/pantalla_TFT/HW_lpc1769.o
 .debug_frame   0x00000398      0x3f0 ./example/src/pantalla_TFT/UTFT.o
 .debug_frame   0x00000788      0x170 ./example/src/main/cr_startup_lpc175x_6x.o
 .debug_frame   0x000008f8       0x2c ./example/src/main/main.o
 .debug_frame   0x00000924       0x34 ./example/src/main/sysinit.o
 .debug_frame   0x00000958      0x2bc ./example/src/c-tds/monittor_lpc1769.o
 .debug_frame   0x00000c14      0x1d0 ./example/src/c-tds/scheduler_lpc1769.o
 .debug_frame   0x00000de4      0x150 ./example/src/c-tds/system_lpc1769.o
 .debug_frame   0x00000f34       0x88 C:\Users\Gaston\Documents\facultad\TDII\Proyecto\lpc_chip_175x_6x\Debug\liblpc_chip_175x_6x.a(chip_17xx_40xx.o)
 .debug_frame   0x00000fbc      0x490 C:\Users\Gaston\Documents\facultad\TDII\Proyecto\lpc_chip_175x_6x\Debug\liblpc_chip_175x_6x.a(clock_17xx_40xx.o)
 .debug_frame   0x0000144c       0x80 C:\Users\Gaston\Documents\facultad\TDII\Proyecto\lpc_chip_175x_6x\Debug\liblpc_chip_175x_6x.a(iocon_17xx_40xx.o)
 .debug_frame   0x000014cc      0x12c C:\Users\Gaston\Documents\facultad\TDII\Proyecto\lpc_chip_175x_6x\Debug\liblpc_chip_175x_6x.a(sysinit_17xx_40xx.o)
 .debug_frame   0x000015f8       0xd0 C:\Users\Gaston\Documents\facultad\TDII\Proyecto\lpc_chip_175x_6x\Debug\liblpc_chip_175x_6x.a(timer_17xx_40xx.o)
 .debug_frame   0x000016c8       0x60 C:\Users\Gaston\Documents\facultad\TDII\Proyecto\lpc_chip_175x_6x\Debug\liblpc_chip_175x_6x.a(wwdt_17xx_40xx.o)
