Archive member included to satisfy reference by file (symbol)

C:\Users\Gaston\Documents\facultad\TDII\Proyecto\lpc_chip_175x_6x\Debug\liblpc_chip_175x_6x.a(chip_17xx_40xx.o)
                              ./example/src/pantalla_TFT/UTFT.o (SystemCoreClock)
C:\Users\Gaston\Documents\facultad\TDII\Proyecto\lpc_chip_175x_6x\Debug\liblpc_chip_175x_6x.a(clock_17xx_40xx.o)
                              C:\Users\Gaston\Documents\facultad\TDII\Proyecto\lpc_chip_175x_6x\Debug\liblpc_chip_175x_6x.a(chip_17xx_40xx.o) (Chip_Clock_EnablePLL)
C:\Users\Gaston\Documents\facultad\TDII\Proyecto\lpc_chip_175x_6x\Debug\liblpc_chip_175x_6x.a(iocon_17xx_40xx.o)
                              ./example/src/tasks/task-Door1_switch_lpc1769.o (Chip_IOCON_PinMux)
C:\Users\Gaston\Documents\facultad\TDII\Proyecto\lpc_chip_175x_6x\Debug\liblpc_chip_175x_6x.a(sysinit_17xx_40xx.o)
                              ./example/src/c-tds/system_lpc1769.o (Chip_SetupXtalClocking)
C:\Users\Gaston\Documents\facultad\TDII\Proyecto\lpc_chip_175x_6x\Debug\liblpc_chip_175x_6x.a(timer_17xx_40xx.o)
                              ./example/src/c-tds/monittor_lpc1769.o (Chip_TIMER_Init)
C:\Users\Gaston\Documents\facultad\TDII\Proyecto\lpc_chip_175x_6x\Debug\liblpc_chip_175x_6x.a(wwdt_17xx_40xx.o)
                              ./example/src/c-tds/system_lpc1769.o (Chip_WWDT_Init)
c:/nxp/mcuxpressoide_10.3.1_2233/ide/plugins/com.nxp.mcuxpresso.tools.win32_10.3.0.201811011841/tools/bin/../lib/gcc/arm-none-eabi/7.3.1/../../../../arm-none-eabi/lib/thumb/v7-m\libcr_nohost.a(_cr__main.o)
                              ./example/src/main/cr_startup_lpc175x_6x.o (__main)
c:/nxp/mcuxpressoide_10.3.1_2233/ide/plugins/com.nxp.mcuxpresso.tools.win32_10.3.0.201811011841/tools/bin/../lib/gcc/arm-none-eabi/7.3.1/../../../../arm-none-eabi/lib/thumb/v7-m\libcr_c.a(memcpy.o)
                              ./example/src/tasks/task-pantalla.o (memcpy)
c:/nxp/mcuxpressoide_10.3.1_2233/ide/plugins/com.nxp.mcuxpresso.tools.win32_10.3.0.201811011841/tools/bin/../lib/gcc/arm-none-eabi/7.3.1/../../../../arm-none-eabi/lib/thumb/v7-m\libcr_c.a(memset.o)
                              ./example/src/tasks/task-pantalla.o (memset)
c:/nxp/mcuxpressoide_10.3.1_2233/ide/plugins/com.nxp.mcuxpresso.tools.win32_10.3.0.201811011841/tools/bin/../lib/gcc/arm-none-eabi/7.3.1/../../../../arm-none-eabi/lib/thumb/v7-m\libcr_c.a(initio.o)
                              c:/nxp/mcuxpressoide_10.3.1_2233/ide/plugins/com.nxp.mcuxpresso.tools.win32_10.3.0.201811011841/tools/bin/../lib/gcc/arm-none-eabi/7.3.1/../../../../arm-none-eabi/lib/thumb/v7-m\libcr_nohost.a(_cr__main.o) (_initio)
c:/nxp/mcuxpressoide_10.3.1_2233/ide/plugins/com.nxp.mcuxpresso.tools.win32_10.3.0.201811011841/tools/bin/../lib/gcc/arm-none-eabi/7.3.1/../../../../arm-none-eabi/lib/thumb/v7-m\libcr_c.a(setvbuf.o)
                              c:/nxp/mcuxpressoide_10.3.1_2233/ide/plugins/com.nxp.mcuxpresso.tools.win32_10.3.0.201811011841/tools/bin/../lib/gcc/arm-none-eabi/7.3.1/../../../../arm-none-eabi/lib/thumb/v7-m\libcr_c.a(initio.o) (setvbuf)
c:/nxp/mcuxpressoide_10.3.1_2233/ide/plugins/com.nxp.mcuxpresso.tools.win32_10.3.0.201811011841/tools/bin/../lib/gcc/arm-none-eabi/7.3.1/../../../../arm-none-eabi/lib/thumb/v7-m\libcr_c.a(strcat.o)
                              ./example/src/tasks/task-pruebaPantalla.o (strcat)
c:/nxp/mcuxpressoide_10.3.1_2233/ide/plugins/com.nxp.mcuxpresso.tools.win32_10.3.0.201811011841/tools/bin/../lib/gcc/arm-none-eabi/7.3.1/../../../../arm-none-eabi/lib/thumb/v7-m\libcr_c.a(strcpy.o)
                              ./example/src/tasks/task-procesamiento.o (strcpy)
c:/nxp/mcuxpressoide_10.3.1_2233/ide/plugins/com.nxp.mcuxpresso.tools.win32_10.3.0.201811011841/tools/bin/../lib/gcc/arm-none-eabi/7.3.1/../../../../arm-none-eabi/lib/thumb/v7-m\libcr_c.a(strlen.o)
                              ./example/src/pantalla_TFT/UTFT.o (strlen)
c:/nxp/mcuxpressoide_10.3.1_2233/ide/plugins/com.nxp.mcuxpresso.tools.win32_10.3.0.201811011841/tools/bin/../lib/gcc/arm-none-eabi/7.3.1/../../../../arm-none-eabi/lib/thumb/v7-m\libcr_c.a(_fdopen.o)
                              c:/nxp/mcuxpressoide_10.3.1_2233/ide/plugins/com.nxp.mcuxpresso.tools.win32_10.3.0.201811011841/tools/bin/../lib/gcc/arm-none-eabi/7.3.1/../../../../arm-none-eabi/lib/thumb/v7-m\libcr_c.a(initio.o) (_fdopen)
c:/nxp/mcuxpressoide_10.3.1_2233/ide/plugins/com.nxp.mcuxpresso.tools.win32_10.3.0.201811011841/tools/bin/../lib/gcc/arm-none-eabi/7.3.1/../../../../arm-none-eabi/lib/thumb/v7-m\libcr_c.a(fclose.o)
                              c:/nxp/mcuxpressoide_10.3.1_2233/ide/plugins/com.nxp.mcuxpresso.tools.win32_10.3.0.201811011841/tools/bin/../lib/gcc/arm-none-eabi/7.3.1/../../../../arm-none-eabi/lib/thumb/v7-m\libcr_c.a(initio.o) (fclose)
c:/nxp/mcuxpressoide_10.3.1_2233/ide/plugins/com.nxp.mcuxpresso.tools.win32_10.3.0.201811011841/tools/bin/../lib/gcc/arm-none-eabi/7.3.1/../../../../arm-none-eabi/lib/thumb/v7-m\libcr_c.a(fflush.o)
[...]
Memory Configuration

Name             Origin             Length             Attributes
MFlash512        0x00000000         0x00080000         xr
RamLoc32         0x10000000         0x00008000         xrw
RamAHB32         0x2007c000         0x00008000         xrw
*default*        0x00000000         0xffffffff

Linker script and memory map

LOAD ./example/src/tasks/task-Clean_Room_controller_lpc1769.o
LOAD ./example/src/tasks/task-Door1_switch_lpc1769.o
LOAD ./example/src/tasks/task-Door2_switch_lpc1769.o
LOAD ./example/src/tasks/task-Emergency_switch_lpc1769.o
LOAD ./example/src/tasks/task-LockDoor1_led_lpc1769.o
LOAD ./example/src/tasks/task-LockDoor2_led_lpc1769.o
LOAD ./example/src/tasks/task-heartbeat_lpc1769.o
LOAD ./example/src/tasks/task-pantalla.o
LOAD ./example/src/tasks/task-procesamiento.o
LOAD ./example/src/tasks/task-pruebaPantalla.o
LOAD ./example/src/tasks/task-s3_switch_lpc1769.o
LOAD ./example/src/tasks/task-watchdog_lpc1769.o
LOAD ./example/src/pantalla_TFT/DefaultFonts.o
LOAD ./example/src/pantalla_TFT/HW_lpc1769.o
LOAD ./example/src/pantalla_TFT/UTFT.o
LOAD ./example/src/main/cr_startup_lpc175x_6x.o
LOAD ./example/src/main/main.o
LOAD ./example/src/main/sysinit.o
LOAD ./example/src/c-tds/monittor_lpc1769.o
LOAD ./example/src/c-tds/scheduler_lpc1769.o
LOAD ./example/src/c-tds/system_lpc1769.o
LOAD C:\Users\Gaston\Documents\facultad\TDII\Proyecto\lpc_chip_175x_6x\Debug\liblpc_chip_175x_6x.a
START GROUP
LOAD c:/nxp/mcuxpressoide_10.3.1_2233/ide/plugins/com.nxp.mcuxpresso.tools.win32_10.3.0.201811011841/tools/bin/../lib/gcc/arm-none-eabi/7.3.1/../../../../arm-none-eabi/lib/thumb/v7-m\libcr_nohost.a
LOAD c:/nxp/mcuxpressoide_10.3.1_2233/ide/plugins/com.nxp.mcuxpresso.tools.win32_10.3.0.201811011841/tools/bin/../lib/gcc/arm-none-eabi/7.3.1/../../../../arm-none-eabi/lib/thumb/v7-m\libcr_c.a
LOAD c:/nxp/mcuxpressoide_10.3.1_2233/ide/plugins/com.nxp.mcuxpresso.tools.win32_10.3.0.201811011841/tools/bin/../lib/gcc/arm-none-eabi/7.3.1/thumb/v7-m\libcr_eabihelpers.a
LOAD c:/nxp/mcuxpressoide_10.3.1_2233/ide/plugins/com.nxp.mcuxpresso.tools.win32_10.3.0.201811011841/tools/bin/../lib/gcc/arm-none-eabi/7.3.1/thumb/v7-m\libgcc.a
END GROUP
                0x00000000                __base_MFlash512 = 0x0
                0x00000000                __base_Flash = 0x0
                0x00080000                __top_MFlash512 = 0x80000
                0x00080000                __top_Flash = 0x80000
                0x10000000                __base_RamLoc32 = 0x10000000
                0x10000000                __base_RAM = 0x10000000
                0x10008000                __top_RamLoc32 = 0x10008000
                0x10008000                __top_RAM = 0x10008000
                0x2007c000                __base_RamAHB32 = 0x2007c000
                0x2007c000                __base_RAM2 = 0x2007c000
                0x20084000                __top_RamAHB32 = 0x20084000
                0x20084000                __top_RAM2 = 0x20084000

.text           0x00000000     0x93d8
 FILL mask 0xff
                0x00000000                __vectors_start__ = ABSOLUTE (.)
 *(.isr_vector)
 .isr_vector    0x00000000       0xcc ./example/src/main/cr_startup_lpc175x_6x.o
                0x00000000                g_pfnVectors
                0x000000cc                . = ALIGN (0x4)
                0x000000cc                __section_table_start = .
                0x000000cc                __data_section_table = .
                0x000000cc        0x4 LONG 0x93d8 LOADADDR (.data)
                0x000000d0        0x4 LONG 0x10000000 ADDR (.data)
                0x000000d4        0x4 LONG 0xb04 SIZEOF (.data)
                0x000000d8        0x4 LONG 0x93d8 LOADADDR (.data_RAM2)
                0x000000dc        0x4 LONG 0x2007c000 ADDR (.data_RAM2)
                0x000000e0        0x4 LONG 0x0 SIZEOF (.data_RAM2)
                0x000000e4                __data_section_table_end = .
                0x000000e4                __bss_section_table = .
                0x000000e4        0x4 LONG 0x10000b04 ADDR (.bss)
                0x000000e8        0x4 LONG 0xa88 SIZEOF (.bss)
                0x000000ec        0x4 LONG 0x2007c000 ADDR (.bss_RAM2)
                0x000000f0        0x4 LONG 0x0 SIZEOF (.bss_RAM2)
                0x000000f4                __bss_section_table_end = .
                0x000000f4                __section_table_end = .
 *(.after_vectors*)
 .after_vectors
                0x000000f4      0x12c ./example/src/main/cr_startup_lpc175x_6x.o
                0x000000f4                data_init
                0x00000136                bss_init
                0x0000016c                ResetISR
                0x000001e4                NMI_Handler
                0x000001ea                HardFault_Handler
                0x000001f0                MemManage_Handler
                0x000001f6                BusFault_Handler
                0x000001fc                UsageFault_Handler
                0x00000202                SVC_Handler
                0x00000208                DebugMon_Handler
                0x0000020e                PendSV_Handler
                0x0000021a                UART1_IRQHandler
                0x0000021a                EINT3_IRQHandler
                0x0000021a                CANActivity_IRQHandler
                0x0000021a                TIMER3_IRQHandler
                0x0000021a                UART0_IRQHandler
                0x0000021a                USBActivity_IRQHandler
                0x0000021a                EINT2_IRQHandler
                0x0000021a                IntDefaultHandler
                0x0000021a                PLL0_IRQHandler
                0x0000021a                CAN_IRQHandler
                0x0000021a                I2C0_IRQHandler
                0x0000021a                I2C1_IRQHandler
                0x0000021a                I2S_IRQHandler
                0x0000021a                I2C2_IRQHandler
                0x0000021a                RTC_IRQHandler
                0x0000021a                SPI_IRQHandler
                0x0000021a                RIT_IRQHandler
                0x0000021a                EINT1_IRQHandler
                0x0000021a                TIMER1_IRQHandler
                0x0000021a                UART2_IRQHandler
                0x0000021a                ADC_IRQHandler
                0x0000021a                SSP1_IRQHandler
                0x0000021a                USB_IRQHandler
                0x0000021a                BOD_IRQHandler
                0x0000021a                PWM1_IRQHandler
                0x0000021a                WDT_IRQHandler
                0x0000021a                SSP0_IRQHandler
                0x0000021a                QEI_IRQHandler
                0x0000021a                EINT0_IRQHandler
                0x0000021a                ETH_IRQHandler
                0x0000021a                PLL1_IRQHandler
                0x0000021a                DMA_IRQHandler
                0x0000021a                TIMER2_IRQHandler
                0x0000021a                UART3_IRQHandler
                0x0000021a                MCPWM_IRQHandler
 *(.text*)
 .text.Chip_GPIO_SetPinState
                0x00000220       0x64 ./example/src/tasks/task-heartbeat_lpc1769.o
 .text.Chip_GPIO_WritePortBit
                0x00000284       0x2c ./example/src/tasks/task-heartbeat_lpc1769.o
 .text.Chip_GPIO_SetPinDIROutput
                0x000002b0       0x36 ./example/src/tasks/task-heartbeat_lpc1769.o
 *fill*         0x000002e6        0x2 ff
 .text.HEARTBEAT_Init
                0x000002e8       0x30 ./example/src/tasks/task-heartbeat_lpc1769.o
                0x000002e8                HEARTBEAT_Init
 .text.HEARTBEAT_Update
                0x00000318       0xc0 ./example/src/tasks/task-heartbeat_lpc1769.o
                0x00000318                HEARTBEAT_Update
 .text.Chip_GPIO_SetPinState
                0x000003d8       0x64 ./example/src/tasks/task-pantalla.o
 .text.Chip_GPIO_WritePortBit
                0x0000043c       0x2c ./example/src/tasks/task-pantalla.o
 .text.Chip_GPIO_SetPinDIROutput
                0x00000468       0x36 ./example/src/tasks/task-pantalla.o
 .text.Chip_GPIO_SetPinDIRInput
                0x0000049e       0x3a ./example/src/tasks/task-pantalla.o
 .text.Chip_GPIO_SetPinDIR
                0x000004d8       0x42 ./example/src/tasks/task-pantalla.o
 .text.Chip_GPIO_WriteDirBit
                0x0000051a       0x2e ./example/src/tasks/task-pantalla.o
 .text.Board_UTFT_Init
                0x00000548       0xfc ./example/src/tasks/task-pantalla.o
                0x00000548                Board_UTFT_Init
 .text.task_pantalla_Init
                0x00000644       0x9c ./example/src/tasks/task-pantalla.o
                0x00000644                task_pantalla_Init
 .text.calcular_cambios
                0x000006e0      0x244 ./example/src/tasks/task-pantalla.o
                0x000006e0                calcular_cambios
 .text.task_pantalla
                0x00000924      0x800 ./example/src/tasks/task-pantalla.o
                0x00000924                task_pantalla
 .text.task_procesamiento
                0x00001124       0xb0 ./example/src/tasks/task-procesamiento.o
                0x00001124                task_procesamiento
 .text.task_pruebaPantalla
                0x000011d4      0x264 ./example/src/tasks/task-pruebaPantalla.o
                0x000011d4                task_pruebaPantalla
 .text.Chip_GPIO_GetPinState
                0x00001438       0x38 ./example/src/tasks/task-watchdog_lpc1769.o
 .text.Chip_GPIO_ReadPortBit
                0x00001470       0x26 ./example/src/tasks/task-watchdog_lpc1769.o
 .text.Chip_GPIO_SetPinDIRInput
                0x00001496       0x3a ./example/src/tasks/task-watchdog_lpc1769.o
 .text.Chip_WWDT_SetTimeOut
                0x000014d0       0x1a ./example/src/tasks/task-watchdog_lpc1769.o
 .text.Chip_WWDT_Feed
                0x000014ea       0x1e ./example/src/tasks/task-watchdog_lpc1769.o
 .text.Chip_WWDT_SetOption
                0x00001508       0x20 ./example/src/tasks/task-watchdog_lpc1769.o
 .text.Chip_WWDT_Start
                0x00001528       0x1e ./example/src/tasks/task-watchdog_lpc1769.o
 *fill*         0x00001546        0x2 ff
 .text.Chip_WWDT_SelClockSource
                0x00001548       0x24 ./example/src/tasks/task-watchdog_lpc1769.o
 .text.WATCHDOG_Init
                0x0000156c       0x90 ./example/src/tasks/task-watchdog_lpc1769.o
                0x0000156c                WATCHDOG_Init
 .text.WATCHDOG_Update
                0x000015fc       0x14 ./example/src/tasks/task-watchdog_lpc1769.o
                0x000015fc                WATCHDOG_Update
 .text.LCD_Writ_Bus
                0x00001610      0x124 ./example/src/pantalla_TFT/HW_lpc1769.o
                0x00001610                LCD_Writ_Bus
 .text.Chip_GPIO_SetPinState
                0x00001734       0x64 ./example/src/pantalla_TFT/UTFT.o
 .text.Chip_GPIO_WritePortBit
                0x00001798       0x2c ./example/src/pantalla_TFT/UTFT.o
 .text.LCD_Write_COM
                0x000017c4       0x30 ./example/src/pantalla_TFT/UTFT.o
                0x000017c4                LCD_Write_COM
 .text.LCD_Write_DATA2
                0x000017f4       0x34 ./example/src/pantalla_TFT/UTFT.o
                0x000017f4                LCD_Write_DATA2
 .text.LCD_Write_DATA1
                0x00001828       0x30 ./example/src/pantalla_TFT/UTFT.o
                0x00001828                LCD_Write_DATA1
 .text.LCD_Write_COM_DATA
                0x00001858       0x2e ./example/src/pantalla_TFT/UTFT.o
                0x00001858                LCD_Write_COM_DATA
 *fill*         0x00001886        0x2 ff
 .text.InitLCD  0x00001888      0x694 ./example/src/pantalla_TFT/UTFT.o
                0x00001888                InitLCD
 .text.setXY    0x00001f1c       0xd8 ./example/src/pantalla_TFT/UTFT.o
                0x00001f1c                setXY
 .text.clrXY    0x00001ff4       0x48 ./example/src/pantalla_TFT/UTFT.o
                0x00001ff4                clrXY
 .text.setColor2
                0x0000203c       0x60 ./example/src/pantalla_TFT/UTFT.o
                0x0000203c                setColor2
 .text.setBackColor2
                0x0000209c       0x68 ./example/src/pantalla_TFT/UTFT.o
                0x0000209c                setBackColor2
 .text.setPixel
                0x00002104       0x26 ./example/src/pantalla_TFT/UTFT.o
                0x00002104                setPixel
 *fill*         0x0000212a        0x2 ff
 .text.drawPixel
                0x0000212c       0x5c ./example/src/pantalla_TFT/UTFT.o
                0x0000212c                drawPixel
 .text.printChar
                0x00002188      0x170 ./example/src/pantalla_TFT/UTFT.o
                0x00002188                printChar
 .text.setFont  0x000022f8       0x44 ./example/src/pantalla_TFT/UTFT.o
                0x000022f8                setFont
 .text.drawBitmap
                0x0000233c      0x308 ./example/src/pantalla_TFT/UTFT.o
                0x0000233c                drawBitmap
 .text.main     0x00002644       0x12 ./example/src/main/main.o
                0x00002644                main
 *fill*         0x00002656        0x2 ff
 .text.SystemInit
                0x00002658       0x24 ./example/src/main/sysinit.o
                0x00002658                SystemInit
 .text.NVIC_EnableIRQ
                0x0000267c       0x30 ./example/src/c-tds/monittor_lpc1769.o
 .text.NVIC_DisableIRQ
                0x000026ac       0x34 ./example/src/c-tds/monittor_lpc1769.o
 .text.NVIC_ClearPendingIRQ
                0x000026e0       0x34 ./example/src/c-tds/monittor_lpc1769.o
 .text.Chip_TIMER_MatchPending
                0x00002714       0x32 ./example/src/c-tds/monittor_lpc1769.o
 .text.Chip_TIMER_ClearMatch
                0x00002746       0x26 ./example/src/c-tds/monittor_lpc1769.o
 .text.Chip_TIMER_Enable
                0x0000276c       0x1e ./example/src/c-tds/monittor_lpc1769.o
 .text.Chip_TIMER_Disable
                0x0000278a       0x1e ./example/src/c-tds/monittor_lpc1769.o
 .text.Chip_TIMER_ReadCount
                0x000027a8       0x16 ./example/src/c-tds/monittor_lpc1769.o
 .text.Chip_TIMER_PrescaleSet
                0x000027be       0x1a ./example/src/c-tds/monittor_lpc1769.o
 .text.Chip_TIMER_SetMatch
                0x000027d8       0x26 ./example/src/c-tds/monittor_lpc1769.o
 .text.Chip_TIMER_MatchEnableInt
                0x000027fe       0x32 ./example/src/c-tds/monittor_lpc1769.o
 .text.Chip_TIMER_ResetOnMatchEnable
                0x00002830       0x34 ./example/src/c-tds/monittor_lpc1769.o
 .text.Chip_TIMER_StopOnMatchEnable
                0x00002864       0x34 ./example/src/c-tds/monittor_lpc1769.o
 .text.MONITTOR_I_Init
                0x00002898       0x4c ./example/src/c-tds/monittor_lpc1769.o
                0x00002898                MONITTOR_I_Init
 .text.MONITTOR_I_Start
                0x000028e4       0x6c ./example/src/c-tds/monittor_lpc1769.o
                0x000028e4                MONITTOR_I_Start
 .text.MONITTOR_I_Stop
                0x00002950       0x60 ./example/src/c-tds/monittor_lpc1769.o
                0x00002950                MONITTOR_I_Stop
 .text.MONITTOR_I_Disable
                0x000029b0       0x16 ./example/src/c-tds/monittor_lpc1769.o
                0x000029b0                MONITTOR_I_Disable
 .text.TIMER0_IRQHandler
                0x000029c6       0x50 ./example/src/c-tds/monittor_lpc1769.o
                0x000029c6                TIMER0_IRQHandler
 *fill*         0x00002a16        0x2 ff
 .text.NVIC_SetPriority
                0x00002a18       0x54 ./example/src/c-tds/scheduler_lpc1769.o
 .text.SysTick_Config
                0x00002a6c       0x44 ./example/src/c-tds/scheduler_lpc1769.o
 .text.DWT_Init
                0x00002ab0       0x24 ./example/src/c-tds/scheduler_lpc1769.o
 .text.DWT_GetTime
                0x00002ad4       0x1c ./example/src/c-tds/scheduler_lpc1769.o
 .text.DWT_Clear
                0x00002af0       0x18 ./example/src/c-tds/scheduler_lpc1769.o
 .text.SCH_Init
                0x00002b08       0xb8 ./example/src/c-tds/scheduler_lpc1769.o
                0x00002b08                SCH_Init
 .text.SCH_Start
                0x00002bc0       0x28 ./example/src/c-tds/scheduler_lpc1769.o
                0x00002bc0                SCH_Start
 .text.SysTick_Handler
                0x00002be8       0x1c ./example/src/c-tds/scheduler_lpc1769.o
                0x00002be8                SysTick_Handler
 .text.SCH_Dispatch_Tasks
                0x00002c04      0x298 ./example/src/c-tds/scheduler_lpc1769.o
                0x00002c04                SCH_Dispatch_Tasks
 .text.SCH_Add_Task
                0x00002e9c       0xdc ./example/src/c-tds/scheduler_lpc1769.o
                0x00002e9c                SCH_Add_Task
 .text.SCH_Go_To_Sleep
                0x00002f78        0xe ./example/src/c-tds/scheduler_lpc1769.o
 *fill*         0x00002f86        0x2 ff
 .text.SCH_Get_Current_Task_Pointer
                0x00002f88       0x24 ./example/src/c-tds/scheduler_lpc1769.o
                0x00002f88                SCH_Get_Current_Task_Pointer
 .text.Chip_SYSCTL_SetFLASHAccess
                0x00002fac       0x30 ./example/src/c-tds/system_lpc1769.o
 .text.Chip_IOCON_Init
                0x00002fdc       0x16 ./example/src/c-tds/system_lpc1769.o
 .text.Chip_GPIO_Init
                0x00002ff2       0x16 ./example/src/c-tds/system_lpc1769.o
 .text.SYSTEM_Init
                0x00003008       0x10 ./example/src/c-tds/system_lpc1769.o
                0x00003008                SYSTEM_Init
 .text.SYSTEM_Identify_Required_Mode
                0x00003018       0x4c ./example/src/c-tds/system_lpc1769.o
                0x00003018                SYSTEM_Identify_Required_Mode
 .text.SYSTEM_Configure_Required_Mode
                0x00003064       0xd4 ./example/src/c-tds/system_lpc1769.o
                0x00003064                SYSTEM_Configure_Required_Mode
 .text.SYSTEM_Perform_Safe_Shutdown
                0x00003138       0x34 ./example/src/c-tds/system_lpc1769.o
                0x00003138                SYSTEM_Perform_Safe_Shutdown
 .text.SYSTEM_Change_Mode_Fault
                0x0000316c       0x20 ./example/src/c-tds/system_lpc1769.o
                0x0000316c                SYSTEM_Change_Mode_Fault
 .text.SYSTEM_Get_Mode
                0x0000318c       0x14 ./example/src/c-tds/system_lpc1769.o
                0x0000318c                SYSTEM_Get_Mode
 .text.SystemCoreClockUpdate
                0x000031a0       0x18 C:\Users\Gaston\Documents\facultad\TDII\Proyecto\lpc_chip_175x_6x\Debug\liblpc_chip_175x_6x.a(chip_17xx_40xx.o)
                0x000031a0                SystemCoreClockUpdate
 .text.Chip_Clock_IsMainPLLEnabled
                0x000031b8       0x24 C:\Users\Gaston\Documents\facultad\TDII\Proyecto\lpc_chip_175x_6x\Debug\liblpc_chip_175x_6x.a(clock_17xx_40xx.o)
 .text.Chip_Clock_IsMainPLLConnected
                0x000031dc       0x24 C:\Users\Gaston\Documents\facultad\TDII\Proyecto\lpc_chip_175x_6x\Debug\liblpc_chip_175x_6x.a(clock_17xx_40xx.o)
 .text.Chip_Clock_FeedPLL
                0x00003200       0x34 C:\Users\Gaston\Documents\facultad\TDII\Proyecto\lpc_chip_175x_6x\Debug\liblpc_chip_175x_6x.a(clock_17xx_40xx.o)
 .text.Chip_Clock_GetMainPLLSource
                0x00003234       0x20 C:\Users\Gaston\Documents\facultad\TDII\Proyecto\lpc_chip_175x_6x\Debug\liblpc_chip_175x_6x.a(clock_17xx_40xx.o)
 .text.Chip_Clock_GetMainOscRate
                0x00003254       0x14 C:\Users\Gaston\Documents\facultad\TDII\Proyecto\lpc_chip_175x_6x\Debug\liblpc_chip_175x_6x.a(clock_17xx_40xx.o)
 .text.Chip_Clock_GetIntOscRate
                0x00003268       0x14 C:\Users\Gaston\Documents\facultad\TDII\Proyecto\lpc_chip_175x_6x\Debug\liblpc_chip_175x_6x.a(clock_17xx_40xx.o)
 .text.Chip_Clock_GetRTCOscRate
                0x0000327c       0x14 C:\Users\Gaston\Documents\facultad\TDII\Proyecto\lpc_chip_175x_6x\Debug\liblpc_chip_175x_6x.a(clock_17xx_40xx.o)
 .text.Chip_Clock_GetMainPLLInClockRate
                0x00003290        0xe C:\Users\Gaston\Documents\facultad\TDII\Proyecto\lpc_chip_175x_6x\Debug\liblpc_chip_175x_6x.a(clock_17xx_40xx.o)
 *fill*         0x0000329e        0x2 ff
 .text.Chip_Clock_EnablePLL
                0x000032a0       0x44 C:\Users\Gaston\Documents\facultad\TDII\Proyecto\lpc_chip_175x_6x\Debug\liblpc_chip_175x_6x.a(clock_17xx_40xx.o)
                0x000032a0                Chip_Clock_EnablePLL
 .text.Chip_Clock_DisablePLL
                0x000032e4       0x48 C:\Users\Gaston\Documents\facultad\TDII\Proyecto\lpc_chip_175x_6x\Debug\liblpc_chip_175x_6x.a(clock_17xx_40xx.o)
                0x000032e4                Chip_Clock_DisablePLL
 .text.Chip_Clock_SetupPLL
                0x0000332c       0x5c C:\Users\Gaston\Documents\facultad\TDII\Proyecto\lpc_chip_175x_6x\Debug\liblpc_chip_175x_6x.a(clock_17xx_40xx.o)
                0x0000332c                Chip_Clock_SetupPLL
 .text.Chip_Clock_EnablePeriphClock
                0x00003388       0x34 C:\Users\Gaston\Documents\facultad\TDII\Proyecto\lpc_chip_175x_6x\Debug\liblpc_chip_175x_6x.a(clock_17xx_40xx.o)
                0x00003388                Chip_Clock_EnablePeriphClock
 .text.Chip_Clock_GetCPUClockSource
                0x000033bc       0x24 C:\Users\Gaston\Documents\facultad\TDII\Proyecto\lpc_chip_175x_6x\Debug\liblpc_chip_175x_6x.a(clock_17xx_40xx.o)
                0x000033bc                Chip_Clock_GetCPUClockSource
 .text.Chip_Clock_SetCPUClockDiv
                0x000033e0       0x20 C:\Users\Gaston\Documents\facultad\TDII\Proyecto\lpc_chip_175x_6x\Debug\liblpc_chip_175x_6x.a(clock_17xx_40xx.o)
                0x000033e0                Chip_Clock_SetCPUClockDiv
 .text.Chip_Clock_GetCPUClockDiv
                0x00003400       0x1c C:\Users\Gaston\Documents\facultad\TDII\Proyecto\lpc_chip_175x_6x\Debug\liblpc_chip_175x_6x.a(clock_17xx_40xx.o)
                0x00003400                Chip_Clock_GetCPUClockDiv
 .text.Chip_Clock_SetPCLKDiv
                0x0000341c       0x64 C:\Users\Gaston\Documents\facultad\TDII\Proyecto\lpc_chip_175x_6x\Debug\liblpc_chip_175x_6x.a(clock_17xx_40xx.o)
                0x0000341c                Chip_Clock_SetPCLKDiv
 .text.Chip_Clock_GetSYSCLKRate
                0x00003480       0x34 C:\Users\Gaston\Documents\facultad\TDII\Proyecto\lpc_chip_175x_6x\Debug\liblpc_chip_175x_6x.a(clock_17xx_40xx.o)
                0x00003480                Chip_Clock_GetSYSCLKRate
 .text.Chip_Clock_GetMainPLLOutClockRate
                0x000034b4       0x54 C:\Users\Gaston\Documents\facultad\TDII\Proyecto\lpc_chip_175x_6x\Debug\liblpc_chip_175x_6x.a(clock_17xx_40xx.o)
                0x000034b4                Chip_Clock_GetMainPLLOutClockRate
 .text.Chip_Clock_GetMainClockRate
                0x00003508       0x28 C:\Users\Gaston\Documents\facultad\TDII\Proyecto\lpc_chip_175x_6x\Debug\liblpc_chip_175x_6x.a(clock_17xx_40xx.o)
                0x00003508                Chip_Clock_GetMainClockRate
 .text.Chip_Clock_GetSystemClockRate
                0x00003530       0x18 C:\Users\Gaston\Documents\facultad\TDII\Proyecto\lpc_chip_175x_6x\Debug\liblpc_chip_175x_6x.a(clock_17xx_40xx.o)
                0x00003530                Chip_Clock_GetSystemClockRate
 .text.Chip_IOCON_PinMux
                0x00003548       0x94 C:\Users\Gaston\Documents\facultad\TDII\Proyecto\lpc_chip_175x_6x\Debug\liblpc_chip_175x_6x.a(iocon_17xx_40xx.o)
                0x00003548                Chip_IOCON_PinMux
 .text.Chip_Clock_IsMainPLLEnabled
                0x000035dc       0x24 C:\Users\Gaston\Documents\facultad\TDII\Proyecto\lpc_chip_175x_6x\Debug\liblpc_chip_175x_6x.a(sysinit_17xx_40xx.o)
 .text.Chip_Clock_IsMainPLLLocked
                0x00003600       0x24 C:\Users\Gaston\Documents\facultad\TDII\Proyecto\lpc_chip_175x_6x\Debug\liblpc_chip_175x_6x.a(sysinit_17xx_40xx.o)
 .text.Chip_Clock_IsMainPLLConnected
                0x00003624       0x24 C:\Users\Gaston\Documents\facultad\TDII\Proyecto\lpc_chip_175x_6x\Debug\liblpc_chip_175x_6x.a(sysinit_17xx_40xx.o)
 .text.Chip_Clock_EnableCrystal
                0x00003648       0x20 C:\Users\Gaston\Documents\facultad\TDII\Proyecto\lpc_chip_175x_6x\Debug\liblpc_chip_175x_6x.a(sysinit_17xx_40xx.o)
 .text.Chip_Clock_IsCrystalEnabled
                0x00003668       0x24 C:\Users\Gaston\Documents\facultad\TDII\Proyecto\lpc_chip_175x_6x\Debug\liblpc_chip_175x_6x.a(sysinit_17xx_40xx.o)
 .text.Chip_Clock_SetMainPLLSource
                0x0000368c       0x20 C:\Users\Gaston\Documents\facultad\TDII\Proyecto\lpc_chip_175x_6x\Debug\liblpc_chip_175x_6x.a(sysinit_17xx_40xx.o)
 .text.Chip_SetupIrcClocking
                0x000036ac       0x6a C:\Users\Gaston\Documents\facultad\TDII\Proyecto\lpc_chip_175x_6x\Debug\liblpc_chip_175x_6x.a(sysinit_17xx_40xx.o)
                0x000036ac                Chip_SetupIrcClocking
 .text.Chip_SetupXtalClocking
                0x00003716       0x90 C:\Users\Gaston\Documents\facultad\TDII\Proyecto\lpc_chip_175x_6x\Debug\liblpc_chip_175x_6x.a(sysinit_17xx_40xx.o)
                0x00003716                Chip_SetupXtalClocking
 .text.Chip_SystemInit
                0x000037a6        0xc C:\Users\Gaston\Documents\facultad\TDII\Proyecto\lpc_chip_175x_6x\Debug\liblpc_chip_175x_6x.a(sysinit_17xx_40xx.o)
                0x000037a6                Chip_SystemInit
 *fill*         0x000037b2        0x2 ff
 .text.Chip_Timer_GetClockIndex
                0x000037b4       0x50 C:\Users\Gaston\Documents\facultad\TDII\Proyecto\lpc_chip_175x_6x\Debug\liblpc_chip_175x_6x.a(timer_17xx_40xx.o)
 .text.Chip_TIMER_Init
                0x00003804       0x1e C:\Users\Gaston\Documents\facultad\TDII\Proyecto\lpc_chip_175x_6x\Debug\liblpc_chip_175x_6x.a(timer_17xx_40xx.o)
                0x00003804                Chip_TIMER_Init
 .text.Chip_TIMER_Reset
                0x00003822       0x3a C:\Users\Gaston\Documents\facultad\TDII\Proyecto\lpc_chip_175x_6x\Debug\liblpc_chip_175x_6x.a(timer_17xx_40xx.o)
                0x00003822                Chip_TIMER_Reset
 .text.Chip_WWDT_Init
                0x0000385c       0x1e C:\Users\Gaston\Documents\facultad\TDII\Proyecto\lpc_chip_175x_6x\Debug\liblpc_chip_175x_6x.a(wwdt_17xx_40xx.o)
                0x0000385c                Chip_WWDT_Init
 .text.Chip_WWDT_ClearStatusFlag
                0x0000387a       0x40 C:\Users\Gaston\Documents\facultad\TDII\Proyecto\lpc_chip_175x_6x\Debug\liblpc_chip_175x_6x.a(wwdt_17xx_40xx.o)
                0x0000387a                Chip_WWDT_ClearStatusFlag
 .text.__main   0x000038ba        0xe c:/nxp/mcuxpressoide_10.3.1_2233/ide/plugins/com.nxp.mcuxpresso.tools.win32_10.3.0.201811011841/tools/bin/../lib/gcc/arm-none-eabi/7.3.1/../../../../arm-none-eabi/lib/thumb/v7-m\libcr_nohost.a(_cr__main.o)
                0x000038ba                __main
 .text.memcpy   0x000038c8        0x4 c:/nxp/mcuxpressoide_10.3.1_2233/ide/plugins/com.nxp.mcuxpresso.tools.win32_10.3.0.201811011841/tools/bin/../lib/gcc/arm-none-eabi/7.3.1/../../../../arm-none-eabi/lib/thumb/v7-m\libcr_c.a(memcpy.o)
                0x000038c8                memcpy
 .text.memset   0x000038cc        0x4 c:/nxp/mcuxpressoide_10.3.1_2233/ide/plugins/com.nxp.mcuxpresso.tools.win32_10.3.0.201811011841/tools/bin/../lib/gcc/arm-none-eabi/7.3.1/../../../../arm-none-eabi/lib/thumb/v7-m\libcr_c.a(memset.o)
                0x000038cc                memset
 .text._initio  0x000038d0       0x78 c:/nxp/mcuxpressoide_10.3.1_2233/ide/plugins/com.nxp.mcuxpresso.tools.win32_10.3.0.201811011841/tools/bin/../lib/gcc/arm-none-eabi/7.3.1/../../../../arm-none-eabi/lib/thumb/v7-m\libcr_c.a(initio.o)
                0x000038d0                _initio
 .text.setvbuf  0x00003948       0x40 c:/nxp/mcuxpressoide_10.3.1_2233/ide/plugins/com.nxp.mcuxpresso.tools.win32_10.3.0.201811011841/tools/bin/../lib/gcc/arm-none-eabi/7.3.1/../../../../arm-none-eabi/lib/thumb/v7-m\libcr_c.a(setvbuf.o)
                0x00003948                setvbuf
 .text.strcat   0x00003988       0x1e c:/nxp/mcuxpressoide_10.3.1_2233/ide/plugins/com.nxp.mcuxpresso.tools.win32_10.3.0.201811011841/tools/bin/../lib/gcc/arm-none-eabi/7.3.1/../../../../arm-none-eabi/lib/thumb/v7-m\libcr_c.a(strcat.o)
                0x00003988                strcat
 .text.strcpy   0x000039a6       0x42 c:/nxp/mcuxpressoide_10.3.1_2233/ide/plugins/com.nxp.mcuxpresso.tools.win32_10.3.0.201811011841/tools/bin/../lib/gcc/arm-none-eabi/7.3.1/../../../../arm-none-eabi/lib/thumb/v7-m\libcr_c.a(strcpy.o)
                0x000039a6                strcpy
 .text.strlen   0x000039e8       0x4a c:/nxp/mcuxpressoide_10.3.1_2233/ide/plugins/com.nxp.mcuxpresso.tools.win32_10.3.0.201811011841/tools/bin/../lib/gcc/arm-none-eabi/7.3.1/../../../../arm-none-eabi/lib/thumb/v7-m\libcr_c.a(strlen.o)
                0x000039e8                strlen
 .text._fdopen  0x00003a32       0x68 c:/nxp/mcuxpressoide_10.3.1_2233/ide/plugins/com.nxp.mcuxpresso.tools.win32_10.3.0.201811011841/tools/bin/../lib/gcc/arm-none-eabi/7.3.1/../../../../arm-none-eabi/lib/thumb/v7-m\libcr_c.a(_fdopen.o)
                0x00003a32                _fdopen
 .text.fclose   0x00003a9a       0x58 c:/nxp/mcuxpressoide_10.3.1_2233/ide/plugins/com.nxp.mcuxpresso.tools.win32_10.3.0.201811011841/tools/bin/../lib/gcc/arm-none-eabi/7.3.1/../../../../arm-none-eabi/lib/thumb/v7-m\libcr_c.a(fclose.o)
                0x00003a9a                fclose
 *fill*         0x00003af2        0x2 ff
 .text.fflush   0x00003af4       0x44 c:/nxp/mcuxpressoide_10.3.1_2233/ide/plugins/com.nxp.mcuxpresso.tools.win32_10.3.0.201811011841/tools/bin/../lib/gcc/arm-none-eabi/7.3.1/../../../../arm-none-eabi/lib/thumb/v7-m\libcr_c.a(fflush.o)
                0x00003af4                fflush
 .text.fseek    0x00003b38      0x100 c:/nxp/mcuxpressoide_10.3.1_2233/ide/plugins/com.nxp.mcuxpresso.tools.win32_10.3.0.201811011841/tools/bin/../lib/gcc/arm-none-eabi/7.3.1/../../../../arm-none-eabi/lib/thumb/v7-m\libcr_c.a(fseek.o)
                0x00003b38                fseek
 .text.ftell    0x00003c38       0x44 c:/nxp/mcuxpressoide_10.3.1_2233/ide/plugins/com.nxp.mcuxpresso.tools.win32_10.3.0.201811011841/tools/bin/../lib/gcc/arm-none-eabi/7.3.1/../../../../arm-none-eabi/lib/thumb/v7-m\libcr_c.a(ftell.o)
                0x00003c38                ftell
 .text.remove   0x00003c7c       0x14 c:/nxp/mcuxpressoide_10.3.1_2233/ide/plugins/com.nxp.mcuxpresso.tools.win32_10.3.0.201811011841/tools/bin/../lib/gcc/arm-none-eabi/7.3.1/../../../../arm-none-eabi/lib/thumb/v7-m\libcr_c.a(remove.o)
                0x00003c7c                remove
 .text._do_fflush
                0x00003c90       0x40 c:/nxp/mcuxpressoide_10.3.1_2233/ide/plugins/com.nxp.mcuxpresso.tools.win32_10.3.0.201811011841/tools/bin/../lib/gcc/arm-none-eabi/7.3.1/../../../../arm-none-eabi/lib/thumb/v7-m\libcr_c.a(_do_fflush.o)
                0x00003c90                _do_fflush
 .text._fflush  0x00003cd0       0x52 c:/nxp/mcuxpressoide_10.3.1_2233/ide/plugins/com.nxp.mcuxpresso.tools.win32_10.3.0.201811011841/tools/bin/../lib/gcc/arm-none-eabi/7.3.1/../../../../arm-none-eabi/lib/thumb/v7-m\libcr_c.a(_fflush.o)
                0x00003cd0                _fflush
 *fill*         0x00003d22        0x2 ff
 .text._Cwritebuf
                0x00003d24       0x6c c:/nxp/mcuxpressoide_10.3.1_2233/ide/plugins/com.nxp.mcuxpresso.tools.win32_10.3.0.201811011841/tools/bin/../lib/gcc/arm-none-eabi/7.3.1/../../../../arm-none-eabi/lib/thumb/v7-m\libcr_c.a(_writebuf.o)
                0x00003d24                _Cwritebuf
 .text.free     0x00003d90       0x30 c:/nxp/mcuxpressoide_10.3.1_2233/ide/plugins/com.nxp.mcuxpresso.tools.win32_10.3.0.201811011841/tools/bin/../lib/gcc/arm-none-eabi/7.3.1/../../../../arm-none-eabi/lib/thumb/v7-m\libcr_c.a(alloc.o)
                0x00003d90                free
 .text._deferredlazyseek
                0x00003dc0       0x40 c:/nxp/mcuxpressoide_10.3.1_2233/ide/plugins/com.nxp.mcuxpresso.tools.win32_10.3.0.201811011841/tools/bin/../lib/gcc/arm-none-eabi/7.3.1/../../../../arm-none-eabi/lib/thumb/v7-m\libcr_c.a(_deferredlazyseek.o)
                0x00003dc0                _deferredlazyseek
 .text.__aeabi_fdiv
                0x00003e00       0xb8 c:/nxp/mcuxpressoide_10.3.1_2233/ide/plugins/com.nxp.mcuxpresso.tools.win32_10.3.0.201811011841/tools/bin/../lib/gcc/arm-none-eabi/7.3.1/thumb/v7-m\libcr_eabihelpers.a(float.o)
                0x00003e00                __aeabi_fdiv
 .text.__aeabi_fsub
                0x00003eb8       0xe0 c:/nxp/mcuxpressoide_10.3.1_2233/ide/plugins/com.nxp.mcuxpresso.tools.win32_10.3.0.201811011841/tools/bin/../lib/gcc/arm-none-eabi/7.3.1/thumb/v7-m\libcr_eabihelpers.a(float.o)
                0x00003eb8                __aeabi_fsub
 .text.__aeabi_fadd
                0x00003f98       0xb0 c:/nxp/mcuxpressoide_10.3.1_2233/ide/plugins/com.nxp.mcuxpresso.tools.win32_10.3.0.201811011841/tools/bin/../lib/gcc/arm-none-eabi/7.3.1/thumb/v7-m\libcr_eabihelpers.a(float.o)
                0x00003f98                __aeabi_fadd
 .text.__bhs_ui2f
                0x00004048       0x26 c:/nxp/mcuxpressoide_10.3.1_2233/ide/plugins/com.nxp.mcuxpresso.tools.win32_10.3.0.201811011841/tools/bin/../lib/gcc/arm-none-eabi/7.3.1/thumb/v7-m\libcr_eabihelpers.a(float.o)
                0x00004048                __bhs_ui2f
 .text.__aeabi_ui2f
                0x0000406e        0x8 c:/nxp/mcuxpressoide_10.3.1_2233/ide/plugins/com.nxp.mcuxpresso.tools.win32_10.3.0.201811011841/tools/bin/../lib/gcc/arm-none-eabi/7.3.1/thumb/v7-m\libcr_eabihelpers.a(float.o)
                0x0000406e                __aeabi_ui2f
 .text.__aeabi_memcpy
                0x00004076       0x34 c:/nxp/mcuxpressoide_10.3.1_2233/ide/plugins/com.nxp.mcuxpresso.tools.win32_10.3.0.201811011841/tools/bin/../lib/gcc/arm-none-eabi/7.3.1/thumb/v7-m\libcr_eabihelpers.a(memcpy.o)
                0x00004076                __aeabi_memcpy
                0x00004080                __aeabi_memcpy8
                0x00004080                __aeabi_memcpy4
 .text.__aeabi_memset_lowlevel
                0x000040aa       0x32 c:/nxp/mcuxpressoide_10.3.1_2233/ide/plugins/com.nxp.mcuxpresso.tools.win32_10.3.0.201811011841/tools/bin/../lib/gcc/arm-none-eabi/7.3.1/thumb/v7-m\libcr_eabihelpers.a(memcpy.o)
                0x000040aa                __aeabi_lowlevel_memset
 .text.__sys_close
                0x000040dc        0x6 c:/nxp/mcuxpressoide_10.3.1_2233/ide/plugins/com.nxp.mcuxpresso.tools.win32_10.3.0.201811011841/tools/bin/../lib/gcc/arm-none-eabi/7.3.1/../../../../arm-none-eabi/lib/thumb/v7-m\libcr_nohost.a(__sys_close.o)
                0x000040dc                __sys_close
 .text.__sys_flen
                0x000040e2        0x6 c:/nxp/mcuxpressoide_10.3.1_2233/ide/plugins/com.nxp.mcuxpresso.tools.win32_10.3.0.201811011841/tools/bin/../lib/gcc/arm-none-eabi/7.3.1/../../../../arm-none-eabi/lib/thumb/v7-m\libcr_nohost.a(__sys_flen.o)
                0x000040e2                __sys_flen
 .text.__sys_istty
                0x000040e8        0x6 c:/nxp/mcuxpressoide_10.3.1_2233/ide/plugins/com.nxp.mcuxpresso.tools.win32_10.3.0.201811011841/tools/bin/../lib/gcc/arm-none-eabi/7.3.1/../../../../arm-none-eabi/lib/thumb/v7-m\libcr_nohost.a(__sys_istty.o)
                0x000040e8                __sys_istty
 .text.__sys_remove
                0x000040ee        0x6 c:/nxp/mcuxpressoide_10.3.1_2233/ide/plugins/com.nxp.mcuxpresso.tools.win32_10.3.0.201811011841/tools/bin/../lib/gcc/arm-none-eabi/7.3.1/../../../../arm-none-eabi/lib/thumb/v7-m\libcr_nohost.a(__sys_remove.o)
                0x000040ee                __sys_remove
 .text.__sys_seek
                0x000040f4        0x6 c:/nxp/mcuxpressoide_10.3.1_2233/ide/plugins/com.nxp.mcuxpresso.tools.win32_10.3.0.201811011841/tools/bin/../lib/gcc/arm-none-eabi/7.3.1/../../../../arm-none-eabi/lib/thumb/v7-m\libcr_nohost.a(__sys_seek.o)
                0x000040f4                __sys_seek
 .text.__sys_tmpnam
                0x000040fa        0x6 c:/nxp/mcuxpressoide_10.3.1_2233/ide/plugins/com.nxp.mcuxpresso.tools.win32_10.3.0.201811011841/tools/bin/../lib/gcc/arm-none-eabi/7.3.1/../../../../arm-none-eabi/lib/thumb/v7-m\libcr_nohost.a(__sys_tmpnam.o)
                0x000040fa                __sys_tmpnam
 .text.__sys_write
                0x00004100        0x4 c:/nxp/mcuxpressoide_10.3.1_2233/ide/plugins/com.nxp.mcuxpresso.tools.win32_10.3.0.201811011841/tools/bin/../lib/gcc/arm-none-eabi/7.3.1/../../../../arm-none-eabi/lib/thumb/v7-m\libcr_nohost.a(__sys_write.o)
                0x00004100                __sys_write
 *(.rodata .rodata.* .constdata .constdata.*)
 .rodata.utn    0x00004104     0x4e20 ./example/src/tasks/task-pantalla.o
                0x00004104                utn
 .rodata        0x00008f24        0x4 ./example/src/tasks/task-procesamiento.o
 .rodata        0x00008f28       0x28 ./example/src/tasks/task-pruebaPantalla.o
 .rodata.SmallFont
                0x00008f50      0x478 ./example/src/pantalla_TFT/DefaultFonts.o
                0x00008f50                SmallFont
 .rodata.OscRateIn
                0x000093c8        0x4 ./example/src/main/sysinit.o
                0x000093c8                OscRateIn
 .rodata.RTCOscRateIn
                0x000093cc        0x4 ./example/src/main/sysinit.o
                0x000093cc                RTCOscRateIn
 .rodata._initio.str1.1
                0x000093d0        0x4 c:/nxp/mcuxpressoide_10.3.1_2233/ide/plugins/com.nxp.mcuxpresso.tools.win32_10.3.0.201811011841/tools/bin/../lib/gcc/arm-none-eabi/7.3.1/../../../../arm-none-eabi/lib/thumb/v7-m\libcr_c.a(initio.o)
 .rodata.__num_Ciob_streams
                0x000093d4        0x4 c:/nxp/mcuxpressoide_10.3.1_2233/ide/plugins/com.nxp.mcuxpresso.tools.win32_10.3.0.201811011841/tools/bin/../lib/gcc/arm-none-eabi/7.3.1/../../../../arm-none-eabi/lib/thumb/v7-m\libcr_nohost.a(__ciob.o)
                0x000093d4                __num_Ciob_streams
                0x000093d8                . = ALIGN (0x4)

.glue_7         0x000093d8        0x0
 .glue_7        0x000093d8        0x0 linker stubs

.glue_7t        0x000093d8        0x0
 .glue_7t       0x000093d8        0x0 linker stubs

.vfp11_veneer   0x000093d8        0x0
 .vfp11_veneer  0x000093d8        0x0 linker stubs

.v4_bx          0x000093d8        0x0
 .v4_bx         0x000093d8        0x0 linker stubs

.iplt           0x000093d8        0x0
 .iplt          0x000093d8        0x0 ./example/src/tasks/task-heartbeat_lpc1769.o

.rel.dyn        0x000093d8        0x0
 .rel.iplt      0x000093d8        0x0 ./example/src/tasks/task-heartbeat_lpc1769.o

.ARM.extab
 *(.ARM.extab* .gnu.linkonce.armextab.*)
                0x000093d8                __exidx_start = .

.ARM.exidx
 *(.ARM.exidx* .gnu.linkonce.armexidx.*)
                0x000093d8                __exidx_end = .
                0x000093d8                _etext = .

.data_RAM2      0x2007c000        0x0 load address 0x000093d8
 FILL mask 0xff
                [!provide]                PROVIDE (__start_data_RAM2 = .)
 *(.ramfunc.$RAM2)
 *(.ramfunc.$RamAHB32)
 *(.data.$RAM2*)
 *(.data.$RamAHB32*)
                0x2007c000                . = ALIGN (0x4)
                [!provide]                PROVIDE (__end_data_RAM2 = .)

.uninit_RESERVED
                0x10000000        0x0
 *(.bss.$RESERVED*)
                0x10000000                . = ALIGN (0x4)
                0x10000000                _end_uninit_RESERVED = .

.data           0x10000000      0xb04 load address 0x000093d8
 FILL mask 0xff
                0x10000000                _data = .
 *(vtable)
 *(.ramfunc*)
 *(.data*)
 .data.sin4     0x10000000      0x640 ./example/src/tasks/task-pantalla.o
                0x10000000                sin4
 .data.estado_pantalla
                0x10000640        0x1 ./example/src/tasks/task-pantalla.o
                0x10000640                estado_pantalla
 .data.first_use.7522
                0x10000641        0x1 ./example/src/tasks/task-pantalla.o
 .data.first_use.7548
                0x10000642        0x1 ./example/src/tasks/task-pantalla.o
 *fill*         0x10000643        0x1 ff
 .data.adc      0x10000644      0x4b0 ./example/src/tasks/task-procesamiento.o
                0x10000644                adc
 .data.flag.7511
                0x10000af4        0x1 ./example/src/tasks/task-pruebaPantalla.o
 *fill*         0x10000af5        0x3 ff
 .data.disp_x_size
                0x10000af8        0x4 ./example/src/pantalla_TFT/UTFT.o
 .data.disp_y_size
                0x10000afc        0x4 ./example/src/pantalla_TFT/UTFT.o
 .data.display_transfer_mode
                0x10000b00        0x1 ./example/src/pantalla_TFT/UTFT.o
                0x10000b04                . = ALIGN (0x4)
 *fill*         0x10000b01        0x3 ff
                0x10000b04                _edata = .

.igot.plt       0x10000b04        0x0 load address 0x00009edc
 .igot.plt      0x10000b04        0x0 ./example/src/tasks/task-heartbeat_lpc1769.o

.bss_RAM2       0x2007c000        0x0
                [!provide]                PROVIDE (__start_bss_RAM2 = .)
 *(.bss.$RAM2*)
 *(.bss.$RamAHB32*)
                0x2007c000                . = ALIGN ((. != 0x0)?0x4:0x1)
                [!provide]                PROVIDE (__end_bss_RAM2 = .)

.bss            0x10000b04      0xa88
                0x10000b04                _bss = .
 *(.bss*)
 .bss.Heartbeat_state.7347
                0x10000b04        0x4 ./example/src/tasks/task-heartbeat_lpc1769.o
 .bss.Fault_state.7348
                0x10000b08        0x4 ./example/src/tasks/task-heartbeat_lpc1769.o
 .bss.pantalla_prev.7521
                0x10000b0c      0x165 ./example/src/tasks/task-pantalla.o
 .bss.state.7543
                0x10000c71        0x1 ./example/src/tasks/task-pantalla.o
 *fill*         0x10000c72        0x2 
 .bss.cambios_pantalla.7545
                0x10000c74        0x8 ./example/src/tasks/task-pantalla.o
 .bss.prev_signal.7547
                0x10000c7c      0x12c ./example/src/tasks/task-pantalla.o
 .bss.i.7544    0x10000da8        0x4 ./example/src/tasks/task-pantalla.o
 .bss.signal_i.7549
                0x10000dac        0x4 ./example/src/tasks/task-pantalla.o
 .bss.actualizado.7546
                0x10000db0        0x1 ./example/src/tasks/task-pantalla.o
 .bss.i.7509    0x10000db1        0x1 ./example/src/tasks/task-pruebaPantalla.o
 *fill*         0x10000db2        0x2 
 .bss.aux.7510  0x10000db4        0x2 ./example/src/tasks/task-pruebaPantalla.o
 .bss.flag2.7512
                0x10000db6        0x1 ./example/src/tasks/task-pruebaPantalla.o
 .bss.fch       0x10000db7        0x1 ./example/src/pantalla_TFT/UTFT.o
 .bss.fcl       0x10000db8        0x1 ./example/src/pantalla_TFT/UTFT.o
 .bss.bch       0x10000db9        0x1 ./example/src/pantalla_TFT/UTFT.o
 .bss.bcl       0x10000dba        0x1 ./example/src/pantalla_TFT/UTFT.o
 .bss.orient    0x10000dbb        0x1 ./example/src/pantalla_TFT/UTFT.o
 .bss.Task_ID_G
                0x10000dbc        0x4 ./example/src/c-tds/monittor_lpc1769.o
 .bss.Task_BCET_G
                0x10000dc0        0x4 ./example/src/c-tds/monittor_lpc1769.o
 .bss.Task_t_variation_G
                0x10000dc4        0x4 ./example/src/c-tds/monittor_lpc1769.o
 .bss.Tick_count_G
                0x10000dc8        0x4 ./example/src/c-tds/scheduler_lpc1769.o
 .bss.ITask     0x10000dcc        0x4 ./example/src/c-tds/scheduler_lpc1769.o
 .bss.errno     0x10000dd0        0x4 c:/nxp/mcuxpressoide_10.3.1_2233/ide/plugins/com.nxp.mcuxpresso.tools.win32_10.3.0.201811011841/tools/bin/../lib/gcc/arm-none-eabi/7.3.1/../../../../arm-none-eabi/lib/thumb/v7-m\libcr_c.a(errno.o)
                0x10000dd0                errno
 .bss.__Ciob    0x10000dd4      0x1e0 c:/nxp/mcuxpressoide_10.3.1_2233/ide/plugins/com.nxp.mcuxpresso.tools.win32_10.3.0.201811011841/tools/bin/../lib/gcc/arm-none-eabi/7.3.1/../../../../arm-none-eabi/lib/thumb/v7-m\libcr_nohost.a(__ciob.o)
                0x10000dd4                __Ciob
 *(COMMON)
 COMMON         0x10000fb4      0x169 ./example/src/tasks/task-pantalla.o
                0x10000fb4                texto
                0x10000fb8                pantalla
 *fill*         0x1000111d        0x3 
 COMMON         0x10001120      0x132 ./example/src/tasks/task-procesamiento.o
                0x10001120                signal
                0x1000124c                str_Vm
 *fill*         0x10001252        0x2 
 COMMON         0x10001254        0xc ./example/src/pantalla_TFT/UTFT.o
                0x10001254                _transparent
                0x10001258                cfont
 COMMON         0x10001260      0x324 ./example/src/c-tds/scheduler_lpc1769.o
                0x10001260                SCH_tasks_G
                0x10001580                Fault_code_G
 COMMON         0x10001584        0x1 ./example/src/c-tds/system_lpc1769.o
                0x10001584                System_mode_G
 *fill*         0x10001585        0x3 
 COMMON         0x10001588        0x4 C:\Users\Gaston\Documents\facultad\TDII\Proyecto\lpc_chip_175x_6x\Debug\liblpc_chip_175x_6x.a(chip_17xx_40xx.o)
                0x10001588                SystemCoreClock
                0x1000158c                . = ALIGN (0x4)
                0x1000158c                _ebss = .
                [!provide]                PROVIDE (end = .)

.noinit_RAM2    0x2007c000        0x0
 *(.noinit.$RAM2*)
 *(.noinit.$RamAHB32*)
                0x2007c000                . = ALIGN (0x4)

.noinit         0x1000158c        0x0
                0x1000158c                _noinit = .
 *(.noinit*)
                0x1000158c                . = ALIGN (0x4)
                0x1000158c                _end_noinit = .
                0x1000158c                PROVIDE (_pvHeapStart = DEFINED (__user_heap_base)?__user_heap_base:.)
                0x10008000                PROVIDE (_vStackTop = DEFINED (__user_stack_top)?__user_stack_top:(__top_RamLoc32 - 0x0))
                [!provide]                PROVIDE (__valid_user_code_checksum = (0x0 - ((((((_vStackTop + (ResetISR + 0x1)) + (NMI_Handler + 0x1)) + (HardFault_Handler + 0x1)) + (DEFINED (MemManage_Handler)?MemManage_Handler:0x0 + 0x1)) + (DEFINED (BusFault_Handler)?BusFault_Handler:0x0 + 0x1)) + (DEFINED (UsageFault_Handler)?UsageFault_Handler:0x0 + 0x1))))
                0x00000000                _image_start = LOADADDR (.text)
                0x00009edc                _image_end = (LOADADDR (.data) + SIZEOF (.data))
                0x00009edc                _image_size = (_image_end - _image_start)
OUTPUT(PRY_DSO.axf elf32-littlearm)

.debug_info     0x00000000     0x731d
 .debug_info    0x00000000      0x44c ./example/src/tasks/task-heartbeat_lpc1769.o
 .debug_info    0x0000044c      0x94c ./example/src/tasks/task-pantalla.o
 .debug_info    0x00000d98      0x362 ./example/src/tasks/task-procesamiento.o
 .debug_info    0x000010fa      0x399 ./example/src/tasks/task-pruebaPantalla.o
 .debug_info    0x00001493      0x5de ./example/src/tasks/task-watchdog_lpc1769.o
 .debug_info    0x00001a71      0x32c ./example/src/pantalla_TFT/DefaultFonts.o
 .debug_info    0x00001d9d      0x4af ./example/src/pantalla_TFT/HW_lpc1769.o
 .debug_info    0x0000224c      0xbde ./example/src/pantalla_TFT/UTFT.o
 .debug_info    0x00002e2a      0x251 ./example/src/main/cr_startup_lpc175x_6x.o
 .debug_info    0x0000307b      0x214 ./example/src/main/main.o
 .debug_info    0x0000328f      0x1fd ./example/src/main/sysinit.o
 .debug_info    0x0000348c      0xb2d ./example/src/c-tds/monittor_lpc1769.o
 .debug_info    0x00003fb9      0xbf6 ./example/src/c-tds/scheduler_lpc1769.o
 .debug_info    0x00004baf      0x907 ./example/src/c-tds/system_lpc1769.o
 .debug_info    0x000054b6      0x558 C:\Users\Gaston\Documents\facultad\TDII\Proyecto\lpc_chip_175x_6x\Debug\liblpc_chip_175x_6x.a(chip_17xx_40xx.o)
 .debug_info    0x00005a0e      0xba2 C:\Users\Gaston\Documents\facultad\TDII\Proyecto\lpc_chip_175x_6x\Debug\liblpc_chip_175x_6x.a(clock_17xx_40xx.o)
 .debug_info    0x000065b0      0x31e C:\Users\Gaston\Documents\facultad\TDII\Proyecto\lpc_chip_175x_6x\Debug\liblpc_chip_175x_6x.a(iocon_17xx_40xx.o)
 .debug_info    0x000068ce      0x474 C:\Users\Gaston\Documents\facultad\TDII\Proyecto\lpc_chip_175x_6x\Debug\liblpc_chip_175x_6x.a(sysinit_17xx_40xx.o)
 .debug_info    0x00006d42      0x42b C:\Users\Gaston\Documents\facultad\TDII\Proyecto\lpc_chip_175x_6x\Debug\liblpc_chip_175x_6x.a(timer_17xx_40xx.o)
 .debug_info    0x0000716d      0x1b0 C:\Users\Gaston\Documents\facultad\TDII\Proyecto\lpc_chip_175x_6x\Debug\liblpc_chip_175x_6x.a(wwdt_17xx_40xx.o)

.debug_abbrev   0x00000000     0x1fc3
 .debug_abbrev  0x00000000      0x170 ./example/src/tasks/task-heartbeat_lpc1769.o
 .debug_abbrev  0x00000170      0x239 ./example/src/tasks/task-pantalla.o
 .debug_abbrev  0x000003a9      0x133 ./example/src/tasks/task-procesamiento.o
 .debug_abbrev  0x000004dc      0x124 ./example/src/tasks/task-pruebaPantalla.o
 .debug_abbrev  0x00000600      0x1d5 ./example/src/tasks/task-watchdog_lpc1769.o
 .debug_abbrev  0x000007d5       0xdf ./example/src/pantalla_TFT/DefaultFonts.o
 .debug_abbrev  0x000008b4      0x1a8 ./example/src/pantalla_TFT/HW_lpc1769.o
 .debug_abbrev  0x00000a5c      0x246 ./example/src/pantalla_TFT/UTFT.o
 .debug_abbrev  0x00000ca2      0x103 ./example/src/main/cr_startup_lpc175x_6x.o
 .debug_abbrev  0x00000da5       0xc9 ./example/src/main/main.o
 .debug_abbrev  0x00000e6e       0xdd ./example/src/main/sysinit.o
 .debug_abbrev  0x00000f4b      0x22a ./example/src/c-tds/monittor_lpc1769.o
 .debug_abbrev  0x00001175      0x2c2 ./example/src/c-tds/scheduler_lpc1769.o
 .debug_abbrev  0x00001437      0x1f5 ./example/src/c-tds/system_lpc1769.o
 .debug_abbrev  0x0000162c      0x151 C:\Users\Gaston\Documents\facultad\TDII\Proyecto\lpc_chip_175x_6x\Debug\liblpc_chip_175x_6x.a(chip_17xx_40xx.o)
 .debug_abbrev  0x0000177d      0x309 C:\Users\Gaston\Documents\facultad\TDII\Proyecto\lpc_chip_175x_6x\Debug\liblpc_chip_175x_6x.a(clock_17xx_40xx.o)
 .debug_abbrev  0x00001a86      0x14a C:\Users\Gaston\Documents\facultad\TDII\Proyecto\lpc_chip_175x_6x\Debug\liblpc_chip_175x_6x.a(iocon_17xx_40xx.o)
 .debug_abbrev  0x00001bd0      0x18e C:\Users\Gaston\Documents\facultad\TDII\Proyecto\lpc_chip_175x_6x\Debug\liblpc_chip_175x_6x.a(sysinit_17xx_40xx.o)
 .debug_abbrev  0x00001d5e      0x171 C:\Users\Gaston\Documents\facultad\TDII\Proyecto\lpc_chip_175x_6x\Debug\liblpc_chip_175x_6x.a(timer_17xx_40xx.o)
 .debug_abbrev  0x00001ecf       0xf4 C:\Users\Gaston\Documents\facultad\TDII\Proyecto\lpc_chip_175x_6x\Debug\liblpc_chip_175x_6x.a(wwdt_17xx_40xx.o)

.debug_aranges  0x00000000      0x728
 .debug_aranges
                0x00000000       0x40 ./example/src/tasks/task-heartbeat_lpc1769.o
 .debug_aranges
                0x00000040       0x68 ./example/src/tasks/task-pantalla.o
 .debug_aranges
                0x000000a8       0x20 ./example/src/tasks/task-procesamiento.o
 .debug_aranges
                0x000000c8       0x20 ./example/src/tasks/task-pruebaPantalla.o
 .debug_aranges
                0x000000e8       0x68 ./example/src/tasks/task-watchdog_lpc1769.o
 .debug_aranges
                0x00000150       0x18 ./example/src/pantalla_TFT/DefaultFonts.o
 .debug_aranges
                0x00000168       0x38 ./example/src/pantalla_TFT/HW_lpc1769.o
 .debug_aranges
                0x000001a0       0xf0 ./example/src/pantalla_TFT/UTFT.o
 .debug_aranges
                0x00000290       0x80 ./example/src/main/cr_startup_lpc175x_6x.o
 .debug_aranges
                0x00000310       0x20 ./example/src/main/main.o
 .debug_aranges
                0x00000330       0x20 ./example/src/main/sysinit.o
 .debug_aranges
                0x00000350       0xa8 ./example/src/c-tds/monittor_lpc1769.o
 .debug_aranges
                0x000003f8       0x80 ./example/src/c-tds/scheduler_lpc1769.o
 .debug_aranges
                0x00000478       0x60 ./example/src/c-tds/system_lpc1769.o
 .debug_aranges
                0x000004d8       0x38 C:\Users\Gaston\Documents\facultad\TDII\Proyecto\lpc_chip_175x_6x\Debug\liblpc_chip_175x_6x.a(chip_17xx_40xx.o)
 .debug_aranges
                0x00000510      0x120 C:\Users\Gaston\Documents\facultad\TDII\Proyecto\lpc_chip_175x_6x\Debug\liblpc_chip_175x_6x.a(clock_17xx_40xx.o)
 .debug_aranges
                0x00000630       0x30 C:\Users\Gaston\Documents\facultad\TDII\Proyecto\lpc_chip_175x_6x\Debug\liblpc_chip_175x_6x.a(iocon_17xx_40xx.o)
 .debug_aranges
                0x00000660       0x60 C:\Users\Gaston\Documents\facultad\TDII\Proyecto\lpc_chip_175x_6x\Debug\liblpc_chip_175x_6x.a(sysinit_17xx_40xx.o)
 .debug_aranges
                0x000006c0       0x40 C:\Users\Gaston\Documents\facultad\TDII\Proyecto\lpc_chip_175x_6x\Debug\liblpc_chip_175x_6x.a(timer_17xx_40xx.o)
 .debug_aranges
                0x00000700       0x28 C:\Users\Gaston\Documents\facultad\TDII\Proyecto\lpc_chip_175x_6x\Debug\liblpc_chip_175x_6x.a(wwdt_17xx_40xx.o)

.debug_ranges   0x00000000      0x5e0
 .debug_ranges  0x00000000       0x30 ./example/src/tasks/task-heartbeat_lpc1769.o
 .debug_ranges  0x00000030       0x58 ./example/src/tasks/task-pantalla.o
 .debug_ranges  0x00000088       0x10 ./example/src/tasks/task-procesamiento.o
 .debug_ranges  0x00000098       0x10 ./example/src/tasks/task-pruebaPantalla.o
 .debug_ranges  0x000000a8       0x58 ./example/src/tasks/task-watchdog_lpc1769.o
 .debug_ranges  0x00000100       0x28 ./example/src/pantalla_TFT/HW_lpc1769.o
 .debug_ranges  0x00000128       0xe0 ./example/src/pantalla_TFT/UTFT.o
 .debug_ranges  0x00000208       0x70 ./example/src/main/cr_startup_lpc175x_6x.o
 .debug_ranges  0x00000278       0x10 ./example/src/main/main.o
 .debug_ranges  0x00000288       0x10 ./example/src/main/sysinit.o
 .debug_ranges  0x00000298       0x98 ./example/src/c-tds/monittor_lpc1769.o
 .debug_ranges  0x00000330       0x70 ./example/src/c-tds/scheduler_lpc1769.o
 .debug_ranges  0x000003a0       0x50 ./example/src/c-tds/system_lpc1769.o
 .debug_ranges  0x000003f0       0x28 C:\Users\Gaston\Documents\facultad\TDII\Proyecto\lpc_chip_175x_6x\Debug\liblpc_chip_175x_6x.a(chip_17xx_40xx.o)
 .debug_ranges  0x00000418      0x110 C:\Users\Gaston\Documents\facultad\TDII\Proyecto\lpc_chip_175x_6x\Debug\liblpc_chip_175x_6x.a(clock_17xx_40xx.o)
 .debug_ranges  0x00000528       0x20 C:\Users\Gaston\Documents\facultad\TDII\Proyecto\lpc_chip_175x_6x\Debug\liblpc_chip_175x_6x.a(iocon_17xx_40xx.o)
 .debug_ranges  0x00000548       0x50 C:\Users\Gaston\Documents\facultad\TDII\Proyecto\lpc_chip_175x_6x\Debug\liblpc_chip_175x_6x.a(sysinit_17xx_40xx.o)
 .debug_ranges  0x00000598       0x30 C:\Users\Gaston\Documents\facultad\TDII\Proyecto\lpc_chip_175x_6x\Debug\liblpc_chip_175x_6x.a(timer_17xx_40xx.o)
 .debug_ranges  0x000005c8       0x18 C:\Users\Gaston\Documents\facultad\TDII\Proyecto\lpc_chip_175x_6x\Debug\liblpc_chip_175x_6x.a(wwdt_17xx_40xx.o)

.debug_macro    0x00000000     0x38e1
 .debug_macro   0x00000000      0x24a ./example/src/tasks/task-heartbeat_lpc1769.o
 .debug_macro   0x0000024a      0x265 ./example/src/tasks/task-pantalla.o
 .debug_macro   0x000004af      0x27a ./example/src/tasks/task-pantalla.o
 .debug_macro   0x00000729       0x4c ./example/src/tasks/task-pantalla.o
 .debug_macro   0x00000775       0x10 ./example/src/tasks/task-pantalla.o
 .debug_macro   0x00000785       0x40 ./example/src/tasks/task-pantalla.o
 .debug_macro   0x000007c5      0x234 ./example/src/tasks/task-procesamiento.o
 .debug_macro   0x000009f9      0x184 ./example/src/tasks/task-procesamiento.o
 .debug_macro   0x00000b7d       0x22 ./example/src/tasks/task-procesamiento.o
 .debug_macro   0x00000b9f      0x25b ./example/src/tasks/task-pruebaPantalla.o
 .debug_macro   0x00000dfa       0x3a ./example/src/tasks/task-pruebaPantalla.o
 .debug_macro   0x00000e34      0x249 ./example/src/tasks/task-watchdog_lpc1769.o
 .debug_macro   0x0000107d       0x28 ./example/src/tasks/task-watchdog_lpc1769.o
 .debug_macro   0x000010a5      0x220 ./example/src/pantalla_TFT/DefaultFonts.o
 .debug_macro   0x000012c5      0x220 ./example/src/pantalla_TFT/HW_lpc1769.o
 .debug_macro   0x000014e5       0xd0 ./example/src/pantalla_TFT/HW_lpc1769.o
 .debug_macro   0x000015b5      0x242 ./example/src/pantalla_TFT/UTFT.o
 .debug_macro   0x000017f7       0x1d ./example/src/main/cr_startup_lpc175x_6x.o
 .debug_macro   0x00001814      0x244 ./example/src/main/main.o
 .debug_macro   0x00001a58      0x1cd ./example/src/main/sysinit.o
 .debug_macro   0x00001c25      0x240 ./example/src/c-tds/monittor_lpc1769.o
 .debug_macro   0x00001e65      0x270 ./example/src/c-tds/scheduler_lpc1769.o
 .debug_macro   0x000020d5      0x2d8 ./example/src/c-tds/system_lpc1769.o
 .debug_macro   0x000023ad      0x1cd C:\Users\Gaston\Documents\facultad\TDII\Proyecto\lpc_chip_175x_6x\Debug\liblpc_chip_175x_6x.a(chip_17xx_40xx.o)
 .debug_macro   0x0000257a      0xa66 C:\Users\Gaston\Documents\facultad\TDII\Proyecto\lpc_chip_175x_6x\Debug\liblpc_chip_175x_6x.a(chip_17xx_40xx.o)
 .debug_macro   0x00002fe0      0x1cd C:\Users\Gaston\Documents\facultad\TDII\Proyecto\lpc_chip_175x_6x\Debug\liblpc_chip_175x_6x.a(clock_17xx_40xx.o)
 .debug_macro   0x000031ad      0x1cd C:\Users\Gaston\Documents\facultad\TDII\Proyecto\lpc_chip_175x_6x\Debug\liblpc_chip_175x_6x.a(iocon_17xx_40xx.o)
 .debug_macro   0x0000337a      0x1cd C:\Users\Gaston\Documents\facultad\TDII\Proyecto\lpc_chip_175x_6x\Debug\liblpc_chip_175x_6x.a(sysinit_17xx_40xx.o)
 .debug_macro   0x00003547      0x1cd C:\Users\Gaston\Documents\facultad\TDII\Proyecto\lpc_chip_175x_6x\Debug\liblpc_chip_175x_6x.a(timer_17xx_40xx.o)
 .debug_macro   0x00003714      0x1cd C:\Users\Gaston\Documents\facultad\TDII\Proyecto\lpc_chip_175x_6x\Debug\liblpc_chip_175x_6x.a(wwdt_17xx_40xx.o)

.debug_line     0x00000000     0x78f5
 .debug_line    0x00000000      0x641 ./example/src/tasks/task-heartbeat_lpc1769.o
 .debug_line    0x00000641      0x8f2 ./example/src/tasks/task-pantalla.o
 .debug_line    0x00000f33      0x54b ./example/src/tasks/task-procesamiento.o
 .debug_line    0x0000147e      0x652 ./example/src/tasks/task-pruebaPantalla.o
 .debug_line    0x00001ad0      0x6ab ./example/src/tasks/task-watchdog_lpc1769.o
 .debug_line    0x0000217b      0x558 ./example/src/pantalla_TFT/DefaultFonts.o
 .debug_line    0x000026d3      0x641 ./example/src/pantalla_TFT/HW_lpc1769.o
 .debug_line    0x00002d14      0xae0 ./example/src/pantalla_TFT/UTFT.o
 .debug_line    0x000037f4       0xe0 ./example/src/main/cr_startup_lpc175x_6x.o
 .debug_line    0x000038d4      0x57b ./example/src/main/main.o
 .debug_line    0x00003e4f      0x481 ./example/src/main/sysinit.o
 .debug_line    0x000042d0      0x716 ./example/src/c-tds/monittor_lpc1769.o
 .debug_line    0x000049e6      0x754 ./example/src/c-tds/scheduler_lpc1769.o
 .debug_line    0x0000513a      0x86e ./example/src/c-tds/system_lpc1769.o
 .debug_line    0x000059a8      0x4c4 C:\Users\Gaston\Documents\facultad\TDII\Proyecto\lpc_chip_175x_6x\Debug\liblpc_chip_175x_6x.a(chip_17xx_40xx.o)
 .debug_line    0x00005e6c      0x740 C:\Users\Gaston\Documents\facultad\TDII\Proyecto\lpc_chip_175x_6x\Debug\liblpc_chip_175x_6x.a(clock_17xx_40xx.o)
 .debug_line    0x000065ac      0x4b0 C:\Users\Gaston\Documents\facultad\TDII\Proyecto\lpc_chip_175x_6x\Debug\liblpc_chip_175x_6x.a(iocon_17xx_40xx.o)
 .debug_line    0x00006a5c      0x53a C:\Users\Gaston\Documents\facultad\TDII\Proyecto\lpc_chip_175x_6x\Debug\liblpc_chip_175x_6x.a(sysinit_17xx_40xx.o)
 .debug_line    0x00006f96      0x4d5 C:\Users\Gaston\Documents\facultad\TDII\Proyecto\lpc_chip_175x_6x\Debug\liblpc_chip_175x_6x.a(timer_17xx_40xx.o)
 .debug_line    0x0000746b      0x48a C:\Users\Gaston\Documents\facultad\TDII\Proyecto\lpc_chip_175x_6x\Debug\liblpc_chip_175x_6x.a(wwdt_17xx_40xx.o)

.debug_str      0x00000000    0x14c5f
 .debug_str     0x00000000    0x11b39 ./example/src/tasks/task-heartbeat_lpc1769.o
                              0x11c24 (size before relaxing)
 .debug_str     0x00011b39      0xc12 ./example/src/tasks/task-pantalla.o
                              0x127c8 (size before relaxing)
 .debug_str     0x0001274b       0xf1 ./example/src/tasks/task-procesamiento.o
                              0x116db (size before relaxing)
 .debug_str     0x0001283c       0x7c ./example/src/tasks/task-pruebaPantalla.o
                              0x11d85 (size before relaxing)
 .debug_str     0x000128b8      0x238 ./example/src/tasks/task-watchdog_lpc1769.o
                              0x11db9 (size before relaxing)
 .debug_str     0x00012af0       0x43 ./example/src/pantalla_TFT/DefaultFonts.o
                              0x1165c (size before relaxing)
 .debug_str     0x00012b33      0x355 ./example/src/pantalla_TFT/HW_lpc1769.o
                              0x11ab1 (size before relaxing)
 .debug_str     0x00012e88      0x22b ./example/src/pantalla_TFT/UTFT.o
                              0x1236a (size before relaxing)
 .debug_str     0x000130b3      0x1e3 ./example/src/main/cr_startup_lpc175x_6x.o
                               0x2ecd (size before relaxing)
 .debug_str     0x00013296       0x20 ./example/src/main/main.o
                              0x11b12 (size before relaxing)
 .debug_str     0x000132b6       0x28 ./example/src/main/sysinit.o
                              0x10eef (size before relaxing)
 .debug_str     0x000132de      0x7b3 ./example/src/c-tds/monittor_lpc1769.o
                              0x1248f (size before relaxing)
 .debug_str     0x00013a91      0x294 ./example/src/c-tds/scheduler_lpc1769.o
                              0x122b5 (size before relaxing)
 .debug_str     0x00013d25      0x5dc ./example/src/c-tds/system_lpc1769.o
                              0x12c9f (size before relaxing)
 .debug_str     0x00014301       0xbb C:\Users\Gaston\Documents\facultad\TDII\Proyecto\lpc_chip_175x_6x\Debug\liblpc_chip_175x_6x.a(chip_17xx_40xx.o)
                              0x11301 (size before relaxing)
 .debug_str     0x000143bc      0x5ce C:\Users\Gaston\Documents\facultad\TDII\Proyecto\lpc_chip_175x_6x\Debug\liblpc_chip_175x_6x.a(clock_17xx_40xx.o)
                              0x1197f (size before relaxing)
 .debug_str     0x0001498a       0x98 C:\Users\Gaston\Documents\facultad\TDII\Proyecto\lpc_chip_175x_6x\Debug\liblpc_chip_175x_6x.a(iocon_17xx_40xx.o)
                              0x10dfc (size before relaxing)
 .debug_str     0x00014a22       0xc4 C:\Users\Gaston\Documents\facultad\TDII\Proyecto\lpc_chip_175x_6x\Debug\liblpc_chip_175x_6x.a(sysinit_17xx_40xx.o)
                              0x10fe4 (size before relaxing)
 .debug_str     0x00014ae6      0x131 C:\Users\Gaston\Documents\facultad\TDII\Proyecto\lpc_chip_175x_6x\Debug\liblpc_chip_175x_6x.a(timer_17xx_40xx.o)
                              0x1112d (size before relaxing)
 .debug_str     0x00014c17       0x48 C:\Users\Gaston\Documents\facultad\TDII\Proyecto\lpc_chip_175x_6x\Debug\liblpc_chip_175x_6x.a(wwdt_17xx_40xx.o)
                              0x10d6c (size before relaxing)

.comment        0x00000000       0x7f
 .comment       0x00000000       0x7f ./example/src/tasks/task-heartbeat_lpc1769.o
                                 0x80 (size before relaxing)
 .comment       0x0000007f       0x80 ./example/src/tasks/task-pantalla.o
 .comment       0x0000007f       0x80 ./example/src/tasks/task-procesamiento.o
 .comment       0x0000007f       0x80 ./example/src/tasks/task-pruebaPantalla.o
 .comment       0x0000007f       0x80 ./example/src/tasks/task-watchdog_lpc1769.o
 .comment       0x0000007f       0x80 ./example/src/pantalla_TFT/DefaultFonts.o
 .comment       0x0000007f       0x80 ./example/src/pantalla_TFT/HW_lpc1769.o
 .comment       0x0000007f       0x80 ./example/src/pantalla_TFT/UTFT.o
 .comment       0x0000007f       0x80 ./example/src/main/cr_startup_lpc175x_6x.o
 .comment       0x0000007f       0x80 ./example/src/main/main.o
 .comment       0x0000007f       0x80 ./example/src/main/sysinit.o
 .comment       0x0000007f       0x80 ./example/src/c-tds/monittor_lpc1769.o
 .comment       0x0000007f       0x80 ./example/src/c-tds/scheduler_lpc1769.o
 .comment       0x0000007f       0x80 ./example/src/c-tds/system_lpc1769.o
 .comment       0x0000007f       0x80 C:\Users\Gaston\Documents\facultad\TDII\Proyecto\lpc_chip_175x_6x\Debug\liblpc_chip_175x_6x.a(chip_17xx_40xx.o)
 .comment       0x0000007f       0x80 C:\Users\Gaston\Documents\facultad\TDII\Proyecto\lpc_chip_175x_6x\Debug\liblpc_chip_175x_6x.a(clock_17xx_40xx.o)
 .comment       0x0000007f       0x80 C:\Users\Gaston\Documents\facultad\TDII\Proyecto\lpc_chip_175x_6x\Debug\liblpc_chip_175x_6x.a(iocon_17xx_40xx.o)
 .comment       0x0000007f       0x80 C:\Users\Gaston\Documents\facultad\TDII\Proyecto\lpc_chip_175x_6x\Debug\liblpc_chip_175x_6x.a(sysinit_17xx_40xx.o)
 .comment       0x0000007f       0x80 C:\Users\Gaston\Documents\facultad\TDII\Proyecto\lpc_chip_175x_6x\Debug\liblpc_chip_175x_6x.a(timer_17xx_40xx.o)
 .comment       0x0000007f       0x80 C:\Users\Gaston\Documents\facultad\TDII\Proyecto\lpc_chip_175x_6x\Debug\liblpc_chip_175x_6x.a(wwdt_17xx_40xx.o)
 .comment       0x0000007f       0x80 c:/nxp/mcuxpressoide_10.3.1_2233/ide/plugins/com.nxp.mcuxpresso.tools.win32_10.3.0.201811011841/tools/bin/../lib/gcc/arm-none-eabi/7.3.1/../../../../arm-none-eabi/lib/thumb/v7-m\libcr_nohost.a(_cr__main.o)
 .comment       0x0000007f       0x80 c:/nxp/mcuxpressoide_10.3.1_2233/ide/plugins/com.nxp.mcuxpresso.tools.win32_10.3.0.201811011841/tools/bin/../lib/gcc/arm-none-eabi/7.3.1/../../../../arm-none-eabi/lib/thumb/v7-m\libcr_c.a(memcpy.o)
 .comment       0x0000007f       0x80 c:/nxp/mcuxpressoide_10.3.1_2233/ide/plugins/com.nxp.mcuxpresso.tools.win32_10.3.0.201811011841/tools/bin/../lib/gcc/arm-none-eabi/7.3.1/../../../../arm-none-eabi/lib/thumb/v7-m\libcr_c.a(memset.o)
 .comment       0x0000007f       0x80 c:/nxp/mcuxpressoide_10.3.1_2233/ide/plugins/com.nxp.mcuxpresso.tools.win32_10.3.0.201811011841/tools/bin/../lib/gcc/arm-none-eabi/7.3.1/../../../../arm-none-eabi/lib/thumb/v7-m\libcr_c.a(initio.o)
 .comment       0x0000007f       0x80 c:/nxp/mcuxpressoide_10.3.1_2233/ide/plugins/com.nxp.mcuxpresso.tools.win32_10.3.0.201811011841/tools/bin/../lib/gcc/arm-none-eabi/7.3.1/../../../../arm-none-eabi/lib/thumb/v7-m\libcr_c.a(setvbuf.o)
 .comment       0x0000007f       0x80 c:/nxp/mcuxpressoide_10.3.1_2233/ide/plugins/com.nxp.mcuxpresso.tools.win32_10.3.0.201811011841/tools/bin/../lib/gcc/arm-none-eabi/7.3.1/../../../../arm-none-eabi/lib/thumb/v7-m\libcr_c.a(strcat.o)
 .comment       0x0000007f       0x80 c:/nxp/mcuxpressoide_10.3.1_2233/ide/plugins/com.nxp.mcuxpresso.tools.win32_10.3.0.201811011841/tools/bin/../lib/gcc/arm-none-eabi/7.3.1/../../../../arm-none-eabi/lib/thumb/v7-m\libcr_c.a(strcpy.o)
 .comment       0x0000007f       0x80 c:/nxp/mcuxpressoide_10.3.1_2233/ide/plugins/com.nxp.mcuxpresso.tools.win32_10.3.0.201811011841/tools/bin/../lib/gcc/arm-none-eabi/7.3.1/../../../../arm-none-eabi/lib/thumb/v7-m\libcr_c.a(strlen.o)
 .comment       0x0000007f       0x80 c:/nxp/mcuxpressoide_10.3.1_2233/ide/plugins/com.nxp.mcuxpresso.tools.win32_10.3.0.201811011841/tools/bin/../lib/gcc/arm-none-eabi/7.3.1/../../../../arm-none-eabi/lib/thumb/v7-m\libcr_c.a(_fdopen.o)
 .comment       0x0000007f       0x80 c:/nxp/mcuxpressoide_10.3.1_2233/ide/plugins/com.nxp.mcuxpresso.tools.win32_10.3.0.201811011841/tools/bin/../lib/gcc/arm-none-eabi/7.3.1/../../../../arm-none-eabi/lib/thumb/v7-m\libcr_c.a(fclose.o)
 .comment       0x0000007f       0x80 c:/nxp/mcuxpressoide_10.3.1_2233/ide/plugins/com.nxp.mcuxpresso.tools.win32_10.3.0.201811011841/tools/bin/../lib/gcc/arm-none-eabi/7.3.1/../../../../arm-none-eabi/lib/thumb/v7-m\libcr_c.a(fflush.o)
 .comment       0x0000007f       0x80 c:/nxp/mcuxpressoide_10.3.1_2233/ide/plugins/com.nxp.mcuxpresso.tools.win32_10.3.0.201811011841/tools/bin/../lib/gcc/arm-none-eabi/7.3.1/../../../../arm-none-eabi/lib/thumb/v7-m\libcr_c.a(fseek.o)
 .comment       0x0000007f       0x80 c:/nxp/mcuxpressoide_10.3.1_2233/ide/plugins/com.nxp.mcuxpresso.tools.win32_10.3.0.201811011841/tools/bin/../lib/gcc/arm-none-eabi/7.3.1/../../../../arm-none-eabi/lib/thumb/v7-m\libcr_c.a(ftell.o)
 .comment       0x0000007f       0x80 c:/nxp/mcuxpressoide_10.3.1_2233/ide/plugins/com.nxp.mcuxpresso.tools.win32_10.3.0.201811011841/tools/bin/../lib/gcc/arm-none-eabi/7.3.1/../../../../arm-none-eabi/lib/thumb/v7-m\libcr_c.a(remove.o)
 .comment       0x0000007f       0x80 c:/nxp/mcuxpressoide_10.3.1_2233/ide/plugins/com.nxp.mcuxpresso.tools.win32_10.3.0.201811011841/tools/bin/../lib/gcc/arm-none-eabi/7.3.1/../../../../arm-none-eabi/lib/thumb/v7-m\libcr_c.a(_do_fflush.o)
 .comment       0x0000007f       0x80 c:/nxp/mcuxpressoide_10.3.1_2233/ide/plugins/com.nxp.mcuxpresso.tools.win32_10.3.0.201811011841/tools/bin/../lib/gcc/arm-none-eabi/7.3.1/../../../../arm-none-eabi/lib/thumb/v7-m\libcr_c.a(_fflush.o)
 .comment       0x0000007f       0x80 c:/nxp/mcuxpressoide_10.3.1_2233/ide/plugins/com.nxp.mcuxpresso.tools.win32_10.3.0.201811011841/tools/bin/../lib/gcc/arm-none-eabi/7.3.1/../../../../arm-none-eabi/lib/thumb/v7-m\libcr_c.a(_writebuf.o)
 .comment       0x0000007f       0x80 c:/nxp/mcuxpressoide_10.3.1_2233/ide/plugins/com.nxp.mcuxpresso.tools.win32_10.3.0.201811011841/tools/bin/../lib/gcc/arm-none-eabi/7.3.1/../../../../arm-none-eabi/lib/thumb/v7-m\libcr_c.a(alloc.o)
 .comment       0x0000007f       0x80 c:/nxp/mcuxpressoide_10.3.1_2233/ide/plugins/com.nxp.mcuxpresso.tools.win32_10.3.0.201811011841/tools/bin/../lib/gcc/arm-none-eabi/7.3.1/../../../../arm-none-eabi/lib/thumb/v7-m\libcr_c.a(errno.o)
 .comment       0x0000007f       0x80 c:/nxp/mcuxpressoide_10.3.1_2233/ide/plugins/com.nxp.mcuxpresso.tools.win32_10.3.0.201811011841/tools/bin/../lib/gcc/arm-none-eabi/7.3.1/../../../../arm-none-eabi/lib/thumb/v7-m\libcr_c.a(_deferredlazyseek.o)
 .comment       0x0000007f       0x80 c:/nxp/mcuxpressoide_10.3.1_2233/ide/plugins/com.nxp.mcuxpresso.tools.win32_10.3.0.201811011841/tools/bin/../lib/gcc/arm-none-eabi/7.3.1/thumb/v7-m\libcr_eabihelpers.a(float.o)
 .comment       0x0000007f       0x80 c:/nxp/mcuxpressoide_10.3.1_2233/ide/plugins/com.nxp.mcuxpresso.tools.win32_10.3.0.201811011841/tools/bin/../lib/gcc/arm-none-eabi/7.3.1/../../../../arm-none-eabi/lib/thumb/v7-m\libcr_nohost.a(__ciob.o)
 .comment       0x0000007f       0x80 c:/nxp/mcuxpressoide_10.3.1_2233/ide/plugins/com.nxp.mcuxpresso.tools.win32_10.3.0.201811011841/tools/bin/../lib/gcc/arm-none-eabi/7.3.1/../../../../arm-none-eabi/lib/thumb/v7-m\libcr_nohost.a(__sys_close.o)
 .comment       0x0000007f       0x80 c:/nxp/mcuxpressoide_10.3.1_2233/ide/plugins/com.nxp.mcuxpresso.tools.win32_10.3.0.201811011841/tools/bin/../lib/gcc/arm-none-eabi/7.3.1/../../../../arm-none-eabi/lib/thumb/v7-m\libcr_nohost.a(__sys_flen.o)
 .comment       0x0000007f       0x80 c:/nxp/mcuxpressoide_10.3.1_2233/ide/plugins/com.nxp.mcuxpresso.tools.win32_10.3.0.201811011841/tools/bin/../lib/gcc/arm-none-eabi/7.3.1/../../../../arm-none-eabi/lib/thumb/v7-m\libcr_nohost.a(__sys_istty.o)
 .comment       0x0000007f       0x80 c:/nxp/mcuxpressoide_10.3.1_2233/ide/plugins/com.nxp.mcuxpresso.tools.win32_10.3.0.201811011841/tools/bin/../lib/gcc/arm-none-eabi/7.3.1/../../../../arm-none-eabi/lib/thumb/v7-m\libcr_nohost.a(__sys_remove.o)
 .comment       0x0000007f       0x80 c:/nxp/mcuxpressoide_10.3.1_2233/ide/plugins/com.nxp.mcuxpresso.tools.win32_10.3.0.201811011841/tools/bin/../lib/gcc/arm-none-eabi/7.3.1/../../../../arm-none-eabi/lib/thumb/v7-m\libcr_nohost.a(__sys_seek.o)
 .comment       0x0000007f       0x80 c:/nxp/mcuxpressoide_10.3.1_2233/ide/plugins/com.nxp.mcuxpresso.tools.win32_10.3.0.201811011841/tools/bin/../lib/gcc/arm-none-eabi/7.3.1/../../../../arm-none-eabi/lib/thumb/v7-m\libcr_nohost.a(__sys_tmpnam.o)
 .comment       0x0000007f       0x80 c:/nxp/mcuxpressoide_10.3.1_2233/ide/plugins/com.nxp.mcuxpresso.tools.win32_10.3.0.201811011841/tools/bin/../lib/gcc/arm-none-eabi/7.3.1/../../../../arm-none-eabi/lib/thumb/v7-m\libcr_nohost.a(__sys_write.o)

.ARM.attributes
                0x00000000       0x31
 .ARM.attributes
                0x00000000       0x33 ./example/src/tasks/task-heartbeat_lpc1769.o
 .ARM.attributes
                0x00000033       0x33 ./example/src/tasks/task-pantalla.o
 .ARM.attributes
                0x00000066       0x33 ./example/src/tasks/task-procesamiento.o
 .ARM.attributes
                0x00000099       0x33 ./example/src/tasks/task-pruebaPantalla.o
 .ARM.attributes
                0x000000cc       0x33 ./example/src/tasks/task-watchdog_lpc1769.o
 .ARM.attributes
                0x000000ff       0x33 ./example/src/pantalla_TFT/DefaultFonts.o
 .ARM.attributes
                0x00000132       0x33 ./example/src/pantalla_TFT/HW_lpc1769.o
 .ARM.attributes
                0x00000165       0x33 ./example/src/pantalla_TFT/UTFT.o
 .ARM.attributes
                0x00000198       0x33 ./example/src/main/cr_startup_lpc175x_6x.o
 .ARM.attributes
                0x000001cb       0x33 ./example/src/main/main.o
 .ARM.attributes
                0x000001fe       0x33 ./example/src/main/sysinit.o
 .ARM.attributes
                0x00000231       0x33 ./example/src/c-tds/monittor_lpc1769.o
 .ARM.attributes
                0x00000264       0x33 ./example/src/c-tds/scheduler_lpc1769.o
 .ARM.attributes
                0x00000297       0x33 ./example/src/c-tds/system_lpc1769.o
 .ARM.attributes
                0x000002ca       0x33 C:\Users\Gaston\Documents\facultad\TDII\Proyecto\lpc_chip_175x_6x\Debug\liblpc_chip_175x_6x.a(chip_17xx_40xx.o)
 .ARM.attributes
                0x000002fd       0x33 C:\Users\Gaston\Documents\facultad\TDII\Proyecto\lpc_chip_175x_6x\Debug\liblpc_chip_175x_6x.a(clock_17xx_40xx.o)
 .ARM.attributes
                0x00000330       0x33 C:\Users\Gaston\Documents\facultad\TDII\Proyecto\lpc_chip_175x_6x\Debug\liblpc_chip_175x_6x.a(iocon_17xx_40xx.o)
 .ARM.attributes
                0x00000363       0x33 C:\Users\Gaston\Documents\facultad\TDII\Proyecto\lpc_chip_175x_6x\Debug\liblpc_chip_175x_6x.a(sysinit_17xx_40xx.o)
 .ARM.attributes
                0x00000396       0x33 C:\Users\Gaston\Documents\facultad\TDII\Proyecto\lpc_chip_175x_6x\Debug\liblpc_chip_175x_6x.a(timer_17xx_40xx.o)
 .ARM.attributes
                0x000003c9       0x33 C:\Users\Gaston\Documents\facultad\TDII\Proyecto\lpc_chip_175x_6x\Debug\liblpc_chip_175x_6x.a(wwdt_17xx_40xx.o)
 .ARM.attributes
                0x000003fc       0x33 c:/nxp/mcuxpressoide_10.3.1_2233/ide/plugins/com.nxp.mcuxpresso.tools.win32_10.3.0.201811011841/tools/bin/../lib/gcc/arm-none-eabi/7.3.1/../../../../arm-none-eabi/lib/thumb/v7-m\libcr_nohost.a(_cr__main.o)
 .ARM.attributes
                0x0000042f       0x33 c:/nxp/mcuxpressoide_10.3.1_2233/ide/plugins/com.nxp.mcuxpresso.tools.win32_10.3.0.201811011841/tools/bin/../lib/gcc/arm-none-eabi/7.3.1/../../../../arm-none-eabi/lib/thumb/v7-m\libcr_c.a(memcpy.o)
 .ARM.attributes
                0x00000462       0x33 c:/nxp/mcuxpressoide_10.3.1_2233/ide/plugins/com.nxp.mcuxpresso.tools.win32_10.3.0.201811011841/tools/bin/../lib/gcc/arm-none-eabi/7.3.1/../../../../arm-none-eabi/lib/thumb/v7-m\libcr_c.a(memset.o)
 .ARM.attributes
                0x00000495       0x33 c:/nxp/mcuxpressoide_10.3.1_2233/ide/plugins/com.nxp.mcuxpresso.tools.win32_10.3.0.201811011841/tools/bin/../lib/gcc/arm-none-eabi/7.3.1/../../../../arm-none-eabi/lib/thumb/v7-m\libcr_c.a(initio.o)
 .ARM.attributes
                0x000004c8       0x33 c:/nxp/mcuxpressoide_10.3.1_2233/ide/plugins/com.nxp.mcuxpresso.tools.win32_10.3.0.201811011841/tools/bin/../lib/gcc/arm-none-eabi/7.3.1/../../../../arm-none-eabi/lib/thumb/v7-m\libcr_c.a(setvbuf.o)
 .ARM.attributes
                0x000004fb       0x33 c:/nxp/mcuxpressoide_10.3.1_2233/ide/plugins/com.nxp.mcuxpresso.tools.win32_10.3.0.201811011841/tools/bin/../lib/gcc/arm-none-eabi/7.3.1/../../../../arm-none-eabi/lib/thumb/v7-m\libcr_c.a(strcat.o)
 .ARM.attributes
                0x0000052e       0x33 c:/nxp/mcuxpressoide_10.3.1_2233/ide/plugins/com.nxp.mcuxpresso.tools.win32_10.3.0.201811011841/tools/bin/../lib/gcc/arm-none-eabi/7.3.1/../../../../arm-none-eabi/lib/thumb/v7-m\libcr_c.a(strcpy.o)
 .ARM.attributes
                0x00000561       0x33 c:/nxp/mcuxpressoide_10.3.1_2233/ide/plugins/com.nxp.mcuxpresso.tools.win32_10.3.0.201811011841/tools/bin/../lib/gcc/arm-none-eabi/7.3.1/../../../../arm-none-eabi/lib/thumb/v7-m\libcr_c.a(strlen.o)
 .ARM.attributes
                0x00000594       0x33 c:/nxp/mcuxpressoide_10.3.1_2233/ide/plugins/com.nxp.mcuxpresso.tools.win32_10.3.0.201811011841/tools/bin/../lib/gcc/arm-none-eabi/7.3.1/../../../../arm-none-eabi/lib/thumb/v7-m\libcr_c.a(_fdopen.o)
 .ARM.attributes
                0x000005c7       0x33 c:/nxp/mcuxpressoide_10.3.1_2233/ide/plugins/com.nxp.mcuxpresso.tools.win32_10.3.0.201811011841/tools/bin/../lib/gcc/arm-none-eabi/7.3.1/../../../../arm-none-eabi/lib/thumb/v7-m\libcr_c.a(fclose.o)
 .ARM.attributes
                0x000005fa       0x33 c:/nxp/mcuxpressoide_10.3.1_2233/ide/plugins/com.nxp.mcuxpresso.tools.win32_10.3.0.201811011841/tools/bin/../lib/gcc/arm-none-eabi/7.3.1/../../../../arm-none-eabi/lib/thumb/v7-m\libcr_c.a(fflush.o)
 .ARM.attributes
                0x0000062d       0x33 c:/nxp/mcuxpressoide_10.3.1_2233/ide/plugins/com.nxp.mcuxpresso.tools.win32_10.3.0.201811011841/tools/bin/../lib/gcc/arm-none-eabi/7.3.1/../../../../arm-none-eabi/lib/thumb/v7-m\libcr_c.a(fseek.o)
 .ARM.attributes
                0x00000660       0x33 c:/nxp/mcuxpressoide_10.3.1_2233/ide/plugins/com.nxp.mcuxpresso.tools.win32_10.3.0.201811011841/tools/bin/../lib/gcc/arm-none-eabi/7.3.1/../../../../arm-none-eabi/lib/thumb/v7-m\libcr_c.a(ftell.o)
 .ARM.attributes
                0x00000693       0x33 c:/nxp/mcuxpressoide_10.3.1_2233/ide/plugins/com.nxp.mcuxpresso.tools.win32_10.3.0.201811011841/tools/bin/../lib/gcc/arm-none-eabi/7.3.1/../../../../arm-none-eabi/lib/thumb/v7-m\libcr_c.a(remove.o)
 .ARM.attributes
                0x000006c6       0x33 c:/nxp/mcuxpressoide_10.3.1_2233/ide/plugins/com.nxp.mcuxpresso.tools.win32_10.3.0.201811011841/tools/bin/../lib/gcc/arm-none-eabi/7.3.1/../../../../arm-none-eabi/lib/thumb/v7-m\libcr_c.a(_do_fflush.o)
 .ARM.attributes
                0x000006f9       0x33 c:/nxp/mcuxpressoide_10.3.1_2233/ide/plugins/com.nxp.mcuxpresso.tools.win32_10.3.0.201811011841/tools/bin/../lib/gcc/arm-none-eabi/7.3.1/../../../../arm-none-eabi/lib/thumb/v7-m\libcr_c.a(_fflush.o)
 .ARM.attributes
                0x0000072c       0x33 c:/nxp/mcuxpressoide_10.3.1_2233/ide/plugins/com.nxp.mcuxpresso.tools.win32_10.3.0.201811011841/tools/bin/../lib/gcc/arm-none-eabi/7.3.1/../../../../arm-none-eabi/lib/thumb/v7-m\libcr_c.a(_writebuf.o)
 .ARM.attributes
                0x0000075f       0x33 c:/nxp/mcuxpressoide_10.3.1_2233/ide/plugins/com.nxp.mcuxpresso.tools.win32_10.3.0.201811011841/tools/bin/../lib/gcc/arm-none-eabi/7.3.1/../../../../arm-none-eabi/lib/thumb/v7-m\libcr_c.a(alloc.o)
 .ARM.attributes
                0x00000792       0x33 c:/nxp/mcuxpressoide_10.3.1_2233/ide/plugins/com.nxp.mcuxpresso.tools.win32_10.3.0.201811011841/tools/bin/../lib/gcc/arm-none-eabi/7.3.1/../../../../arm-none-eabi/lib/thumb/v7-m\libcr_c.a(errno.o)
 .ARM.attributes
                0x000007c5       0x33 c:/nxp/mcuxpressoide_10.3.1_2233/ide/plugins/com.nxp.mcuxpresso.tools.win32_10.3.0.201811011841/tools/bin/../lib/gcc/arm-none-eabi/7.3.1/../../../../arm-none-eabi/lib/thumb/v7-m\libcr_c.a(_deferredlazyseek.o)
 .ARM.attributes
                0x000007f8       0x33 c:/nxp/mcuxpressoide_10.3.1_2233/ide/plugins/com.nxp.mcuxpresso.tools.win32_10.3.0.201811011841/tools/bin/../lib/gcc/arm-none-eabi/7.3.1/thumb/v7-m\libcr_eabihelpers.a(float.o)
 .ARM.attributes
                0x0000082b       0x21 c:/nxp/mcuxpressoide_10.3.1_2233/ide/plugins/com.nxp.mcuxpresso.tools.win32_10.3.0.201811011841/tools/bin/../lib/gcc/arm-none-eabi/7.3.1/thumb/v7-m\libcr_eabihelpers.a(memcpy.o)
 .ARM.attributes
                0x0000084c       0x33 c:/nxp/mcuxpressoide_10.3.1_2233/ide/plugins/com.nxp.mcuxpresso.tools.win32_10.3.0.201811011841/tools/bin/../lib/gcc/arm-none-eabi/7.3.1/../../../../arm-none-eabi/lib/thumb/v7-m\libcr_nohost.a(__ciob.o)
 .ARM.attributes
                0x0000087f       0x33 c:/nxp/mcuxpressoide_10.3.1_2233/ide/plugins/com.nxp.mcuxpresso.tools.win32_10.3.0.201811011841/tools/bin/../lib/gcc/arm-none-eabi/7.3.1/../../../../arm-none-eabi/lib/thumb/v7-m\libcr_nohost.a(__sys_close.o)
 .ARM.attributes
                0x000008b2       0x33 c:/nxp/mcuxpressoide_10.3.1_2233/ide/plugins/com.nxp.mcuxpresso.tools.win32_10.3.0.201811011841/tools/bin/../lib/gcc/arm-none-eabi/7.3.1/../../../../arm-none-eabi/lib/thumb/v7-m\libcr_nohost.a(__sys_flen.o)
 .ARM.attributes
                0x000008e5       0x33 c:/nxp/mcuxpressoide_10.3.1_2233/ide/plugins/com.nxp.mcuxpresso.tools.win32_10.3.0.201811011841/tools/bin/../lib/gcc/arm-none-eabi/7.3.1/../../../../arm-none-eabi/lib/thumb/v7-m\libcr_nohost.a(__sys_istty.o)
 .ARM.attributes
                0x00000918       0x33 c:/nxp/mcuxpressoide_10.3.1_2233/ide/plugins/com.nxp.mcuxpresso.tools.win32_10.3.0.201811011841/tools/bin/../lib/gcc/arm-none-eabi/7.3.1/../../../../arm-none-eabi/lib/thumb/v7-m\libcr_nohost.a(__sys_remove.o)
 .ARM.attributes
                0x0000094b       0x33 c:/nxp/mcuxpressoide_10.3.1_2233/ide/plugins/com.nxp.mcuxpresso.tools.win32_10.3.0.201811011841/tools/bin/../lib/gcc/arm-none-eabi/7.3.1/../../../../arm-none-eabi/lib/thumb/v7-m\libcr_nohost.a(__sys_seek.o)
 .ARM.attributes
                0x0000097e       0x33 c:/nxp/mcuxpressoide_10.3.1_2233/ide/plugins/com.nxp.mcuxpresso.tools.win32_10.3.0.201811011841/tools/bin/../lib/gcc/arm-none-eabi/7.3.1/../../../../arm-none-eabi/lib/thumb/v7-m\libcr_nohost.a(__sys_tmpnam.o)
 .ARM.attributes
                0x000009b1       0x33 c:/nxp/mcuxpressoide_10.3.1_2233/ide/plugins/com.nxp.mcuxpresso.tools.win32_10.3.0.201811011841/tools/bin/../lib/gcc/arm-none-eabi/7.3.1/../../../../arm-none-eabi/lib/thumb/v7-m\libcr_nohost.a(__sys_write.o)

.debug_frame    0x00000000     0x187c
 .debug_frame   0x00000000       0xc4 ./example/src/tasks/task-heartbeat_lpc1769.o
 .debug_frame   0x000000c4      0x188 ./example/src/tasks/task-pantalla.o
 .debug_frame   0x0000024c       0x34 ./example/src/tasks/task-procesamiento.o
 .debug_frame   0x00000280       0x38 ./example/src/tasks/task-pruebaPantalla.o
 .debug_frame   0x000002b8      0x188 ./example/src/tasks/task-watchdog_lpc1769.o
 .debug_frame   0x00000440       0xac ./example/src/pantalla_TFT/HW_lpc1769.o
 .debug_frame   0x000004ec      0x3f0 ./example/src/pantalla_TFT/UTFT.o
 .debug_frame   0x000008dc      0x170 ./example/src/main/cr_startup_lpc175x_6x.o
 .debug_frame   0x00000a4c       0x2c ./example/src/main/main.o
 .debug_frame   0x00000a78       0x34 ./example/src/main/sysinit.o
 .debug_frame   0x00000aac      0x2bc ./example/src/c-tds/monittor_lpc1769.o
 .debug_frame   0x00000d68      0x1d0 ./example/src/c-tds/scheduler_lpc1769.o
 .debug_frame   0x00000f38      0x150 ./example/src/c-tds/system_lpc1769.o
 .debug_frame   0x00001088       0x88 C:\Users\Gaston\Documents\facultad\TDII\Proyecto\lpc_chip_175x_6x\Debug\liblpc_chip_175x_6x.a(chip_17xx_40xx.o)
 .debug_frame   0x00001110      0x490 C:\Users\Gaston\Documents\facultad\TDII\Proyecto\lpc_chip_175x_6x\Debug\liblpc_chip_175x_6x.a(clock_17xx_40xx.o)
 .debug_frame   0x000015a0       0x80 C:\Users\Gaston\Documents\facultad\TDII\Proyecto\lpc_chip_175x_6x\Debug\liblpc_chip_175x_6x.a(iocon_17xx_40xx.o)
 .debug_frame   0x00001620      0x12c C:\Users\Gaston\Documents\facultad\TDII\Proyecto\lpc_chip_175x_6x\Debug\liblpc_chip_175x_6x.a(sysinit_17xx_40xx.o)
 .debug_frame   0x0000174c       0xd0 C:\Users\Gaston\Documents\facultad\TDII\Proyecto\lpc_chip_175x_6x\Debug\liblpc_chip_175x_6x.a(timer_17xx_40xx.o)
 .debug_frame   0x0000181c       0x60 C:\Users\Gaston\Documents\facultad\TDII\Proyecto\lpc_chip_175x_6x\Debug\liblpc_chip_175x_6x.a(wwdt_17xx_40xx.o)
