Archive member included to satisfy reference by file (symbol)

C:\Users\Gaston\Documents\facultad\TDII\Proyecto\lpc_chip_175x_6x\Debug\liblpc_chip_175x_6x.a(chip_17xx_40xx.o)
                              ./example/src/pantalla_TFT/UTFT.o (SystemCoreClock)
C:\Users\Gaston\Documents\facultad\TDII\Proyecto\lpc_chip_175x_6x\Debug\liblpc_chip_175x_6x.a(clock_17xx_40xx.o)
                              C:\Users\Gaston\Documents\facultad\TDII\Proyecto\lpc_chip_175x_6x\Debug\liblpc_chip_175x_6x.a(chip_17xx_40xx.o) (Chip_Clock_EnablePLL)
C:\Users\Gaston\Documents\facultad\TDII\Proyecto\lpc_chip_175x_6x\Debug\liblpc_chip_175x_6x.a(iocon_17xx_40xx.o)
                              ./example/src/tasks/task-Door1_switch_lpc1769.o (Chip_IOCON_PinMux)
C:\Users\Gaston\Documents\facultad\TDII\Proyecto\lpc_chip_175x_6x\Debug\liblpc_chip_175x_6x.a(sysinit_17xx_40xx.o)
                              ./example/src/c-tds/system_lpc1769.o (Chip_SetupXtalClocking)
C:\Users\Gaston\Documents\facultad\TDII\Proyecto\lpc_chip_175x_6x\Debug\liblpc_chip_175x_6x.a(timer_17xx_40xx.o)
                              ./example/src/c-tds/monittor_lpc1769.o (Chip_TIMER_Init)
C:\Users\Gaston\Documents\facultad\TDII\Proyecto\lpc_chip_175x_6x\Debug\liblpc_chip_175x_6x.a(wwdt_17xx_40xx.o)
                              ./example/src/c-tds/system_lpc1769.o (Chip_WWDT_Init)
c:/nxp/mcuxpressoide_10.3.1_2233/ide/plugins/com.nxp.mcuxpresso.tools.win32_10.3.0.201811011841/tools/bin/../lib/gcc/arm-none-eabi/7.3.1/../../../../arm-none-eabi/lib/thumb/v7-m\libcr_nohost.a(_cr__main.o)
                              ./example/src/main/cr_startup_lpc175x_6x.o (__main)
c:/nxp/mcuxpressoide_10.3.1_2233/ide/plugins/com.nxp.mcuxpresso.tools.win32_10.3.0.201811011841/tools/bin/../lib/gcc/arm-none-eabi/7.3.1/../../../../arm-none-eabi/lib/thumb/v7-m\libcr_c.a(memcpy.o)
                              ./example/src/tasks/task-pantalla.o (memcpy)
c:/nxp/mcuxpressoide_10.3.1_2233/ide/plugins/com.nxp.mcuxpresso.tools.win32_10.3.0.201811011841/tools/bin/../lib/gcc/arm-none-eabi/7.3.1/../../../../arm-none-eabi/lib/thumb/v7-m\libcr_c.a(memset.o)
                              ./example/src/tasks/task-pantalla.o (memset)
c:/nxp/mcuxpressoide_10.3.1_2233/ide/plugins/com.nxp.mcuxpresso.tools.win32_10.3.0.201811011841/tools/bin/../lib/gcc/arm-none-eabi/7.3.1/../../../../arm-none-eabi/lib/thumb/v7-m\libcr_c.a(initio.o)
                              c:/nxp/mcuxpressoide_10.3.1_2233/ide/plugins/com.nxp.mcuxpresso.tools.win32_10.3.0.201811011841/tools/bin/../lib/gcc/arm-none-eabi/7.3.1/../../../../arm-none-eabi/lib/thumb/v7-m\libcr_nohost.a(_cr__main.o) (_initio)
c:/nxp/mcuxpressoide_10.3.1_2233/ide/plugins/com.nxp.mcuxpresso.tools.win32_10.3.0.201811011841/tools/bin/../lib/gcc/arm-none-eabi/7.3.1/../../../../arm-none-eabi/lib/thumb/v7-m\libcr_c.a(setvbuf.o)
                              c:/nxp/mcuxpressoide_10.3.1_2233/ide/plugins/com.nxp.mcuxpresso.tools.win32_10.3.0.201811011841/tools/bin/../lib/gcc/arm-none-eabi/7.3.1/../../../../arm-none-eabi/lib/thumb/v7-m\libcr_c.a(initio.o) (setvbuf)
c:/nxp/mcuxpressoide_10.3.1_2233/ide/plugins/com.nxp.mcuxpresso.tools.win32_10.3.0.201811011841/tools/bin/../lib/gcc/arm-none-eabi/7.3.1/../../../../arm-none-eabi/lib/thumb/v7-m\libcr_c.a(strcpy.o)
                              ./example/src/tasks/task-procesamiento.o (strcpy)
c:/nxp/mcuxpressoide_10.3.1_2233/ide/plugins/com.nxp.mcuxpresso.tools.win32_10.3.0.201811011841/tools/bin/../lib/gcc/arm-none-eabi/7.3.1/../../../../arm-none-eabi/lib/thumb/v7-m\libcr_c.a(strlen.o)
                              ./example/src/pantalla_TFT/UTFT.o (strlen)
c:/nxp/mcuxpressoide_10.3.1_2233/ide/plugins/com.nxp.mcuxpresso.tools.win32_10.3.0.201811011841/tools/bin/../lib/gcc/arm-none-eabi/7.3.1/../../../../arm-none-eabi/lib/thumb/v7-m\libcr_c.a(_fdopen.o)
                              c:/nxp/mcuxpressoide_10.3.1_2233/ide/plugins/com.nxp.mcuxpresso.tools.win32_10.3.0.201811011841/tools/bin/../lib/gcc/arm-none-eabi/7.3.1/../../../../arm-none-eabi/lib/thumb/v7-m\libcr_c.a(initio.o) (_fdopen)
c:/nxp/mcuxpressoide_10.3.1_2233/ide/plugins/com.nxp.mcuxpresso.tools.win32_10.3.0.201811011841/tools/bin/../lib/gcc/arm-none-eabi/7.3.1/../../../../arm-none-eabi/lib/thumb/v7-m\libcr_c.a(fclose.o)
                              c:/nxp/mcuxpressoide_10.3.1_2233/ide/plugins/com.nxp.mcuxpresso.tools.win32_10.3.0.201811011841/tools/bin/../lib/gcc/arm-none-eabi/7.3.1/../../../../arm-none-eabi/lib/thumb/v7-m\libcr_c.a(initio.o) (fclose)
c:/nxp/mcuxpressoide_10.3.1_2233/ide/plugins/com.nxp.mcuxpresso.tools.win32_10.3.0.201811011841/tools/bin/../lib/gcc/arm-none-eabi/7.3.1/../../../../arm-none-eabi/lib/thumb/v7-m\libcr_c.a(fflush.o)
                              c:/nxp/mcuxpressoide_10.3.1_2233/ide/plugins/com.nxp.mcuxpresso.tools.win32_10.3.0.201811011841/tools/bin/../lib/gcc/arm-none-eabi/7.3.1/../../../../arm-none-eabi/lib/thumb/v7-m\libcr_c.a(fclose.o) (fflush)
[...]
Memory Configuration

Name             Origin             Length             Attributes
MFlash512        0x00000000         0x00080000         xr
RamLoc32         0x10000000         0x00008000         xrw
RamAHB32         0x2007c000         0x00008000         xrw
*default*        0x00000000         0xffffffff

Linker script and memory map

LOAD ./example/src/tasks/task-Clean_Room_controller_lpc1769.o
LOAD ./example/src/tasks/task-Door1_switch_lpc1769.o
LOAD ./example/src/tasks/task-Door2_switch_lpc1769.o
LOAD ./example/src/tasks/task-Emergency_switch_lpc1769.o
LOAD ./example/src/tasks/task-LockDoor1_led_lpc1769.o
LOAD ./example/src/tasks/task-LockDoor2_led_lpc1769.o
LOAD ./example/src/tasks/task-heartbeat_lpc1769.o
LOAD ./example/src/tasks/task-main.o
LOAD ./example/src/tasks/task-pantalla.o
LOAD ./example/src/tasks/task-procesamiento.o
LOAD ./example/src/tasks/task-pruebaPantalla.o
LOAD ./example/src/tasks/task-s3_switch_lpc1769.o
LOAD ./example/src/tasks/task-watchdog_lpc1769.o
LOAD ./example/src/pantalla_TFT/DefaultFonts.o
LOAD ./example/src/pantalla_TFT/HW_lpc1769.o
LOAD ./example/src/pantalla_TFT/UTFT.o
LOAD ./example/src/main/cr_startup_lpc175x_6x.o
LOAD ./example/src/main/main.o
LOAD ./example/src/main/sysinit.o
LOAD ./example/src/c-tds/monittor_lpc1769.o
LOAD ./example/src/c-tds/scheduler_lpc1769.o
LOAD ./example/src/c-tds/system_lpc1769.o
LOAD C:\Users\Gaston\Documents\facultad\TDII\Proyecto\lpc_chip_175x_6x\Debug\liblpc_chip_175x_6x.a
START GROUP
LOAD c:/nxp/mcuxpressoide_10.3.1_2233/ide/plugins/com.nxp.mcuxpresso.tools.win32_10.3.0.201811011841/tools/bin/../lib/gcc/arm-none-eabi/7.3.1/../../../../arm-none-eabi/lib/thumb/v7-m\libcr_nohost.a
LOAD c:/nxp/mcuxpressoide_10.3.1_2233/ide/plugins/com.nxp.mcuxpresso.tools.win32_10.3.0.201811011841/tools/bin/../lib/gcc/arm-none-eabi/7.3.1/../../../../arm-none-eabi/lib/thumb/v7-m\libcr_c.a
LOAD c:/nxp/mcuxpressoide_10.3.1_2233/ide/plugins/com.nxp.mcuxpresso.tools.win32_10.3.0.201811011841/tools/bin/../lib/gcc/arm-none-eabi/7.3.1/thumb/v7-m\libcr_eabihelpers.a
LOAD c:/nxp/mcuxpressoide_10.3.1_2233/ide/plugins/com.nxp.mcuxpresso.tools.win32_10.3.0.201811011841/tools/bin/../lib/gcc/arm-none-eabi/7.3.1/thumb/v7-m\libgcc.a
END GROUP
                0x00000000                __base_MFlash512 = 0x0
                0x00000000                __base_Flash = 0x0
                0x00080000                __top_MFlash512 = 0x80000
                0x00080000                __top_Flash = 0x80000
                0x10000000                __base_RamLoc32 = 0x10000000
                0x10000000                __base_RAM = 0x10000000
                0x10008000                __top_RamLoc32 = 0x10008000
                0x10008000                __top_RAM = 0x10008000
                0x2007c000                __base_RamAHB32 = 0x2007c000
                0x2007c000                __base_RAM2 = 0x2007c000
                0x20084000                __top_RamAHB32 = 0x20084000
                0x20084000                __top_RAM2 = 0x20084000

.text           0x00000000     0x9134
 FILL mask 0xff
                0x00000000                __vectors_start__ = ABSOLUTE (.)
 *(.isr_vector)
 .isr_vector    0x00000000       0xcc ./example/src/main/cr_startup_lpc175x_6x.o
                0x00000000                g_pfnVectors
                0x000000cc                . = ALIGN (0x4)
                0x000000cc                __section_table_start = .
                0x000000cc                __data_section_table = .
                0x000000cc        0x4 LONG 0x9134 LOADADDR (.data)
                0x000000d0        0x4 LONG 0x10000000 ADDR (.data)
                0x000000d4        0x4 LONG 0xb04 SIZEOF (.data)
                0x000000d8        0x4 LONG 0x9134 LOADADDR (.data_RAM2)
                0x000000dc        0x4 LONG 0x2007c000 ADDR (.data_RAM2)
                0x000000e0        0x4 LONG 0x0 SIZEOF (.data_RAM2)
                0x000000e4                __data_section_table_end = .
                0x000000e4                __bss_section_table = .
                0x000000e4        0x4 LONG 0x10000b04 ADDR (.bss)
                0x000000e8        0x4 LONG 0xaf8 SIZEOF (.bss)
                0x000000ec        0x4 LONG 0x2007c000 ADDR (.bss_RAM2)
                0x000000f0        0x4 LONG 0x0 SIZEOF (.bss_RAM2)
                0x000000f4                __bss_section_table_end = .
                0x000000f4                __section_table_end = .
 *(.after_vectors*)
 .after_vectors
                0x000000f4      0x12c ./example/src/main/cr_startup_lpc175x_6x.o
                0x000000f4                data_init
                0x00000136                bss_init
                0x0000016c                ResetISR
                0x000001e4                NMI_Handler
                0x000001ea                HardFault_Handler
                0x000001f0                MemManage_Handler
                0x000001f6                BusFault_Handler
                0x000001fc                UsageFault_Handler
                0x00000202                SVC_Handler
                0x00000208                DebugMon_Handler
                0x0000020e                PendSV_Handler
                0x0000021a                UART1_IRQHandler
                0x0000021a                EINT3_IRQHandler
                0x0000021a                CANActivity_IRQHandler
                0x0000021a                TIMER3_IRQHandler
                0x0000021a                UART0_IRQHandler
                0x0000021a                USBActivity_IRQHandler
                0x0000021a                EINT2_IRQHandler
                0x0000021a                IntDefaultHandler
                0x0000021a                PLL0_IRQHandler
                0x0000021a                CAN_IRQHandler
                0x0000021a                I2C0_IRQHandler
                0x0000021a                I2C1_IRQHandler
                0x0000021a                I2S_IRQHandler
                0x0000021a                I2C2_IRQHandler
                0x0000021a                RTC_IRQHandler
                0x0000021a                SPI_IRQHandler
                0x0000021a                RIT_IRQHandler
                0x0000021a                EINT1_IRQHandler
                0x0000021a                TIMER1_IRQHandler
                0x0000021a                UART2_IRQHandler
                0x0000021a                ADC_IRQHandler
                0x0000021a                SSP1_IRQHandler
                0x0000021a                USB_IRQHandler
                0x0000021a                BOD_IRQHandler
                0x0000021a                PWM1_IRQHandler
                0x0000021a                WDT_IRQHandler
                0x0000021a                SSP0_IRQHandler
                0x0000021a                QEI_IRQHandler
                0x0000021a                EINT0_IRQHandler
                0x0000021a                ETH_IRQHandler
                0x0000021a                PLL1_IRQHandler
                0x0000021a                DMA_IRQHandler
                0x0000021a                TIMER2_IRQHandler
                0x0000021a                UART3_IRQHandler
                0x0000021a                MCPWM_IRQHandler
 *(.text*)
 .text.Chip_GPIO_SetPinState
                0x00000220       0x64 ./example/src/tasks/task-heartbeat_lpc1769.o
 .text.Chip_GPIO_WritePortBit
                0x00000284       0x2c ./example/src/tasks/task-heartbeat_lpc1769.o
 .text.Chip_GPIO_SetPinDIROutput
                0x000002b0       0x36 ./example/src/tasks/task-heartbeat_lpc1769.o
 *fill*         0x000002e6        0x2 ff
 .text.HEARTBEAT_Init
                0x000002e8       0x30 ./example/src/tasks/task-heartbeat_lpc1769.o
                0x000002e8                HEARTBEAT_Init
 .text.HEARTBEAT_Update
                0x00000318       0xc0 ./example/src/tasks/task-heartbeat_lpc1769.o
                0x00000318                HEARTBEAT_Update
 .text.task_pantalla_Init
                0x000003d8       0xc8 ./example/src/tasks/task-pantalla.o
                0x000003d8                task_pantalla_Init
 .text.calcular_cambios
                0x000004a0      0x254 ./example/src/tasks/task-pantalla.o
                0x000004a0                calcular_cambios
 .text.write_fdv
                0x000006f4       0x88 ./example/src/tasks/task-pantalla.o
                0x000006f4                write_fdv
 .text.write_fdt
                0x0000077c       0x9c ./example/src/tasks/task-pantalla.o
                0x0000077c                write_fdt
 .text.write_trigger_level
                0x00000818       0x9c ./example/src/tasks/task-pantalla.o
                0x00000818                write_trigger_level
 .text.write_trigger_pol
                0x000008b4       0x9c ./example/src/tasks/task-pantalla.o
                0x000008b4                write_trigger_pol
 .text.write_acople
                0x00000950       0x88 ./example/src/tasks/task-pantalla.o
                0x00000950                write_acople
 .text.write_signal
                0x000009d8      0x1e4 ./example/src/tasks/task-pantalla.o
                0x000009d8                write_signal
 .text.organizar
                0x00000bbc      0x140 ./example/src/tasks/task-pantalla.o
                0x00000bbc                organizar
 .text.task_pantalla
                0x00000cfc       0x7c ./example/src/tasks/task-pantalla.o
                0x00000cfc                task_pantalla
 .text.task_procesamiento
                0x00000d78       0xb0 ./example/src/tasks/task-procesamiento.o
                0x00000d78                task_procesamiento
 .text.task_pruebaPantalla
                0x00000e28      0x23c ./example/src/tasks/task-pruebaPantalla.o
                0x00000e28                task_pruebaPantalla
 .text.Chip_GPIO_GetPinState
                0x00001064       0x38 ./example/src/tasks/task-watchdog_lpc1769.o
 .text.Chip_GPIO_ReadPortBit
                0x0000109c       0x26 ./example/src/tasks/task-watchdog_lpc1769.o
 .text.Chip_GPIO_SetPinDIRInput
                0x000010c2       0x3a ./example/src/tasks/task-watchdog_lpc1769.o
 .text.Chip_WWDT_SetTimeOut
                0x000010fc       0x1a ./example/src/tasks/task-watchdog_lpc1769.o
 .text.Chip_WWDT_Feed
                0x00001116       0x1e ./example/src/tasks/task-watchdog_lpc1769.o
 .text.Chip_WWDT_SetOption
                0x00001134       0x20 ./example/src/tasks/task-watchdog_lpc1769.o
 .text.Chip_WWDT_Start
                0x00001154       0x1e ./example/src/tasks/task-watchdog_lpc1769.o
 *fill*         0x00001172        0x2 ff
 .text.Chip_WWDT_SelClockSource
                0x00001174       0x24 ./example/src/tasks/task-watchdog_lpc1769.o
 .text.WATCHDOG_Init
                0x00001198       0x90 ./example/src/tasks/task-watchdog_lpc1769.o
                0x00001198                WATCHDOG_Init
 .text.WATCHDOG_Update
                0x00001228       0x14 ./example/src/tasks/task-watchdog_lpc1769.o
                0x00001228                WATCHDOG_Update
 .text.LCD_Writ_Bus
                0x0000123c      0x124 ./example/src/pantalla_TFT/HW_lpc1769.o
                0x0000123c                LCD_Writ_Bus
 .text.Chip_GPIO_SetPinState
                0x00001360       0x64 ./example/src/pantalla_TFT/UTFT.o
 .text.Chip_GPIO_WritePortBit
                0x000013c4       0x2c ./example/src/pantalla_TFT/UTFT.o
 .text.LCD_Write_COM
                0x000013f0       0x30 ./example/src/pantalla_TFT/UTFT.o
                0x000013f0                LCD_Write_COM
 .text.LCD_Write_DATA2
                0x00001420       0x34 ./example/src/pantalla_TFT/UTFT.o
                0x00001420                LCD_Write_DATA2
 .text.LCD_Write_DATA1
                0x00001454       0x30 ./example/src/pantalla_TFT/UTFT.o
                0x00001454                LCD_Write_DATA1
 .text.LCD_Write_COM_DATA
                0x00001484       0x2e ./example/src/pantalla_TFT/UTFT.o
                0x00001484                LCD_Write_COM_DATA
 *fill*         0x000014b2        0x2 ff
 .text.InitLCD  0x000014b4      0x694 ./example/src/pantalla_TFT/UTFT.o
                0x000014b4                InitLCD
 .text.setXY    0x00001b48       0xd8 ./example/src/pantalla_TFT/UTFT.o
                0x00001b48                setXY
 .text.clrXY    0x00001c20       0x48 ./example/src/pantalla_TFT/UTFT.o
                0x00001c20                clrXY
 .text.setColor2
                0x00001c68       0x60 ./example/src/pantalla_TFT/UTFT.o
                0x00001c68                setColor2
 .text.setBackColor2
                0x00001cc8       0x68 ./example/src/pantalla_TFT/UTFT.o
                0x00001cc8                setBackColor2
 .text.setPixel
                0x00001d30       0x26 ./example/src/pantalla_TFT/UTFT.o
                0x00001d30                setPixel
 *fill*         0x00001d56        0x2 ff
 .text.drawPixel
                0x00001d58       0x5c ./example/src/pantalla_TFT/UTFT.o
                0x00001d58                drawPixel
 .text.printChar
                0x00001db4      0x170 ./example/src/pantalla_TFT/UTFT.o
                0x00001db4                printChar
 .text.print    0x00001f24      0x14c ./example/src/pantalla_TFT/UTFT.o
                0x00001f24                print
 .text.setFont  0x00002070       0x44 ./example/src/pantalla_TFT/UTFT.o
                0x00002070                setFont
 .text.drawBitmap
                0x000020b4      0x308 ./example/src/pantalla_TFT/UTFT.o
                0x000020b4                drawBitmap
 .text.main     0x000023bc       0x12 ./example/src/main/main.o
                0x000023bc                main
 *fill*         0x000023ce        0x2 ff
 .text.SystemInit
                0x000023d0       0x24 ./example/src/main/sysinit.o
                0x000023d0                SystemInit
 .text.NVIC_EnableIRQ
                0x000023f4       0x30 ./example/src/c-tds/monittor_lpc1769.o
 .text.NVIC_DisableIRQ
                0x00002424       0x34 ./example/src/c-tds/monittor_lpc1769.o
 .text.NVIC_ClearPendingIRQ
                0x00002458       0x34 ./example/src/c-tds/monittor_lpc1769.o
 .text.Chip_TIMER_MatchPending
                0x0000248c       0x32 ./example/src/c-tds/monittor_lpc1769.o
 .text.Chip_TIMER_ClearMatch
                0x000024be       0x26 ./example/src/c-tds/monittor_lpc1769.o
 .text.Chip_TIMER_Enable
                0x000024e4       0x1e ./example/src/c-tds/monittor_lpc1769.o
 .text.Chip_TIMER_Disable
                0x00002502       0x1e ./example/src/c-tds/monittor_lpc1769.o
 .text.Chip_TIMER_ReadCount
                0x00002520       0x16 ./example/src/c-tds/monittor_lpc1769.o
 .text.Chip_TIMER_PrescaleSet
                0x00002536       0x1a ./example/src/c-tds/monittor_lpc1769.o
 .text.Chip_TIMER_SetMatch
                0x00002550       0x26 ./example/src/c-tds/monittor_lpc1769.o
 .text.Chip_TIMER_MatchEnableInt
                0x00002576       0x32 ./example/src/c-tds/monittor_lpc1769.o
 .text.Chip_TIMER_ResetOnMatchEnable
                0x000025a8       0x34 ./example/src/c-tds/monittor_lpc1769.o
 .text.Chip_TIMER_StopOnMatchEnable
                0x000025dc       0x34 ./example/src/c-tds/monittor_lpc1769.o
 .text.MONITTOR_I_Init
                0x00002610       0x4c ./example/src/c-tds/monittor_lpc1769.o
                0x00002610                MONITTOR_I_Init
 .text.MONITTOR_I_Start
                0x0000265c       0x6c ./example/src/c-tds/monittor_lpc1769.o
                0x0000265c                MONITTOR_I_Start
 .text.MONITTOR_I_Stop
                0x000026c8       0x60 ./example/src/c-tds/monittor_lpc1769.o
                0x000026c8                MONITTOR_I_Stop
 .text.MONITTOR_I_Disable
                0x00002728       0x16 ./example/src/c-tds/monittor_lpc1769.o
                0x00002728                MONITTOR_I_Disable
 .text.TIMER0_IRQHandler
                0x0000273e       0x50 ./example/src/c-tds/monittor_lpc1769.o
                0x0000273e                TIMER0_IRQHandler
 *fill*         0x0000278e        0x2 ff
 .text.NVIC_SetPriority
                0x00002790       0x54 ./example/src/c-tds/scheduler_lpc1769.o
 .text.SysTick_Config
                0x000027e4       0x44 ./example/src/c-tds/scheduler_lpc1769.o
 .text.DWT_Init
                0x00002828       0x24 ./example/src/c-tds/scheduler_lpc1769.o
 .text.DWT_GetTime
                0x0000284c       0x1c ./example/src/c-tds/scheduler_lpc1769.o
 .text.DWT_Clear
                0x00002868       0x18 ./example/src/c-tds/scheduler_lpc1769.o
 .text.SCH_Init
                0x00002880       0xb8 ./example/src/c-tds/scheduler_lpc1769.o
                0x00002880                SCH_Init
 .text.SCH_Start
                0x00002938       0x28 ./example/src/c-tds/scheduler_lpc1769.o
                0x00002938                SCH_Start
 .text.SysTick_Handler
                0x00002960       0x1c ./example/src/c-tds/scheduler_lpc1769.o
                0x00002960                SysTick_Handler
 .text.SCH_Dispatch_Tasks
                0x0000297c      0x298 ./example/src/c-tds/scheduler_lpc1769.o
                0x0000297c                SCH_Dispatch_Tasks
 .text.SCH_Add_Task
                0x00002c14       0xdc ./example/src/c-tds/scheduler_lpc1769.o
                0x00002c14                SCH_Add_Task
 .text.SCH_Go_To_Sleep
                0x00002cf0        0xe ./example/src/c-tds/scheduler_lpc1769.o
 *fill*         0x00002cfe        0x2 ff
 .text.SCH_Get_Current_Task_Pointer
                0x00002d00       0x24 ./example/src/c-tds/scheduler_lpc1769.o
                0x00002d00                SCH_Get_Current_Task_Pointer
 .text.Chip_SYSCTL_SetFLASHAccess
                0x00002d24       0x30 ./example/src/c-tds/system_lpc1769.o
 .text.Chip_IOCON_Init
                0x00002d54       0x16 ./example/src/c-tds/system_lpc1769.o
 .text.Chip_GPIO_Init
                0x00002d6a       0x16 ./example/src/c-tds/system_lpc1769.o
 .text.SYSTEM_Init
                0x00002d80       0x10 ./example/src/c-tds/system_lpc1769.o
                0x00002d80                SYSTEM_Init
 .text.SYSTEM_Identify_Required_Mode
                0x00002d90       0x4c ./example/src/c-tds/system_lpc1769.o
                0x00002d90                SYSTEM_Identify_Required_Mode
 .text.SYSTEM_Configure_Required_Mode
                0x00002ddc       0xd4 ./example/src/c-tds/system_lpc1769.o
                0x00002ddc                SYSTEM_Configure_Required_Mode
 .text.SYSTEM_Perform_Safe_Shutdown
                0x00002eb0       0x34 ./example/src/c-tds/system_lpc1769.o
                0x00002eb0                SYSTEM_Perform_Safe_Shutdown
 .text.SYSTEM_Change_Mode_Fault
                0x00002ee4       0x20 ./example/src/c-tds/system_lpc1769.o
                0x00002ee4                SYSTEM_Change_Mode_Fault
 .text.SYSTEM_Get_Mode
                0x00002f04       0x14 ./example/src/c-tds/system_lpc1769.o
                0x00002f04                SYSTEM_Get_Mode
 .text.SystemCoreClockUpdate
                0x00002f18       0x18 C:\Users\Gaston\Documents\facultad\TDII\Proyecto\lpc_chip_175x_6x\Debug\liblpc_chip_175x_6x.a(chip_17xx_40xx.o)
                0x00002f18                SystemCoreClockUpdate
 .text.Chip_Clock_IsMainPLLEnabled
                0x00002f30       0x24 C:\Users\Gaston\Documents\facultad\TDII\Proyecto\lpc_chip_175x_6x\Debug\liblpc_chip_175x_6x.a(clock_17xx_40xx.o)
 .text.Chip_Clock_IsMainPLLConnected
                0x00002f54       0x24 C:\Users\Gaston\Documents\facultad\TDII\Proyecto\lpc_chip_175x_6x\Debug\liblpc_chip_175x_6x.a(clock_17xx_40xx.o)
 .text.Chip_Clock_FeedPLL
                0x00002f78       0x34 C:\Users\Gaston\Documents\facultad\TDII\Proyecto\lpc_chip_175x_6x\Debug\liblpc_chip_175x_6x.a(clock_17xx_40xx.o)
 .text.Chip_Clock_GetMainPLLSource
                0x00002fac       0x20 C:\Users\Gaston\Documents\facultad\TDII\Proyecto\lpc_chip_175x_6x\Debug\liblpc_chip_175x_6x.a(clock_17xx_40xx.o)
 .text.Chip_Clock_GetMainOscRate
                0x00002fcc       0x14 C:\Users\Gaston\Documents\facultad\TDII\Proyecto\lpc_chip_175x_6x\Debug\liblpc_chip_175x_6x.a(clock_17xx_40xx.o)
 .text.Chip_Clock_GetIntOscRate
                0x00002fe0       0x14 C:\Users\Gaston\Documents\facultad\TDII\Proyecto\lpc_chip_175x_6x\Debug\liblpc_chip_175x_6x.a(clock_17xx_40xx.o)
 .text.Chip_Clock_GetRTCOscRate
                0x00002ff4       0x14 C:\Users\Gaston\Documents\facultad\TDII\Proyecto\lpc_chip_175x_6x\Debug\liblpc_chip_175x_6x.a(clock_17xx_40xx.o)
 .text.Chip_Clock_GetMainPLLInClockRate
                0x00003008        0xe C:\Users\Gaston\Documents\facultad\TDII\Proyecto\lpc_chip_175x_6x\Debug\liblpc_chip_175x_6x.a(clock_17xx_40xx.o)
 *fill*         0x00003016        0x2 ff
 .text.Chip_Clock_EnablePLL
                0x00003018       0x44 C:\Users\Gaston\Documents\facultad\TDII\Proyecto\lpc_chip_175x_6x\Debug\liblpc_chip_175x_6x.a(clock_17xx_40xx.o)
                0x00003018                Chip_Clock_EnablePLL
 .text.Chip_Clock_DisablePLL
                0x0000305c       0x48 C:\Users\Gaston\Documents\facultad\TDII\Proyecto\lpc_chip_175x_6x\Debug\liblpc_chip_175x_6x.a(clock_17xx_40xx.o)
                0x0000305c                Chip_Clock_DisablePLL
 .text.Chip_Clock_SetupPLL
                0x000030a4       0x5c C:\Users\Gaston\Documents\facultad\TDII\Proyecto\lpc_chip_175x_6x\Debug\liblpc_chip_175x_6x.a(clock_17xx_40xx.o)
                0x000030a4                Chip_Clock_SetupPLL
 .text.Chip_Clock_EnablePeriphClock
                0x00003100       0x34 C:\Users\Gaston\Documents\facultad\TDII\Proyecto\lpc_chip_175x_6x\Debug\liblpc_chip_175x_6x.a(clock_17xx_40xx.o)
                0x00003100                Chip_Clock_EnablePeriphClock
 .text.Chip_Clock_GetCPUClockSource
                0x00003134       0x24 C:\Users\Gaston\Documents\facultad\TDII\Proyecto\lpc_chip_175x_6x\Debug\liblpc_chip_175x_6x.a(clock_17xx_40xx.o)
                0x00003134                Chip_Clock_GetCPUClockSource
 .text.Chip_Clock_SetCPUClockDiv
                0x00003158       0x20 C:\Users\Gaston\Documents\facultad\TDII\Proyecto\lpc_chip_175x_6x\Debug\liblpc_chip_175x_6x.a(clock_17xx_40xx.o)
                0x00003158                Chip_Clock_SetCPUClockDiv
 .text.Chip_Clock_GetCPUClockDiv
                0x00003178       0x1c C:\Users\Gaston\Documents\facultad\TDII\Proyecto\lpc_chip_175x_6x\Debug\liblpc_chip_175x_6x.a(clock_17xx_40xx.o)
                0x00003178                Chip_Clock_GetCPUClockDiv
 .text.Chip_Clock_SetPCLKDiv
                0x00003194       0x64 C:\Users\Gaston\Documents\facultad\TDII\Proyecto\lpc_chip_175x_6x\Debug\liblpc_chip_175x_6x.a(clock_17xx_40xx.o)
                0x00003194                Chip_Clock_SetPCLKDiv
 .text.Chip_Clock_GetSYSCLKRate
                0x000031f8       0x34 C:\Users\Gaston\Documents\facultad\TDII\Proyecto\lpc_chip_175x_6x\Debug\liblpc_chip_175x_6x.a(clock_17xx_40xx.o)
                0x000031f8                Chip_Clock_GetSYSCLKRate
 .text.Chip_Clock_GetMainPLLOutClockRate
                0x0000322c       0x54 C:\Users\Gaston\Documents\facultad\TDII\Proyecto\lpc_chip_175x_6x\Debug\liblpc_chip_175x_6x.a(clock_17xx_40xx.o)
                0x0000322c                Chip_Clock_GetMainPLLOutClockRate
 .text.Chip_Clock_GetMainClockRate
                0x00003280       0x28 C:\Users\Gaston\Documents\facultad\TDII\Proyecto\lpc_chip_175x_6x\Debug\liblpc_chip_175x_6x.a(clock_17xx_40xx.o)
                0x00003280                Chip_Clock_GetMainClockRate
 .text.Chip_Clock_GetSystemClockRate
                0x000032a8       0x18 C:\Users\Gaston\Documents\facultad\TDII\Proyecto\lpc_chip_175x_6x\Debug\liblpc_chip_175x_6x.a(clock_17xx_40xx.o)
                0x000032a8                Chip_Clock_GetSystemClockRate
 .text.Chip_IOCON_PinMux
                0x000032c0       0x94 C:\Users\Gaston\Documents\facultad\TDII\Proyecto\lpc_chip_175x_6x\Debug\liblpc_chip_175x_6x.a(iocon_17xx_40xx.o)
                0x000032c0                Chip_IOCON_PinMux
 .text.Chip_Clock_IsMainPLLEnabled
                0x00003354       0x24 C:\Users\Gaston\Documents\facultad\TDII\Proyecto\lpc_chip_175x_6x\Debug\liblpc_chip_175x_6x.a(sysinit_17xx_40xx.o)
 .text.Chip_Clock_IsMainPLLLocked
                0x00003378       0x24 C:\Users\Gaston\Documents\facultad\TDII\Proyecto\lpc_chip_175x_6x\Debug\liblpc_chip_175x_6x.a(sysinit_17xx_40xx.o)
 .text.Chip_Clock_IsMainPLLConnected
                0x0000339c       0x24 C:\Users\Gaston\Documents\facultad\TDII\Proyecto\lpc_chip_175x_6x\Debug\liblpc_chip_175x_6x.a(sysinit_17xx_40xx.o)
 .text.Chip_Clock_EnableCrystal
                0x000033c0       0x20 C:\Users\Gaston\Documents\facultad\TDII\Proyecto\lpc_chip_175x_6x\Debug\liblpc_chip_175x_6x.a(sysinit_17xx_40xx.o)
 .text.Chip_Clock_IsCrystalEnabled
                0x000033e0       0x24 C:\Users\Gaston\Documents\facultad\TDII\Proyecto\lpc_chip_175x_6x\Debug\liblpc_chip_175x_6x.a(sysinit_17xx_40xx.o)
 .text.Chip_Clock_SetMainPLLSource
                0x00003404       0x20 C:\Users\Gaston\Documents\facultad\TDII\Proyecto\lpc_chip_175x_6x\Debug\liblpc_chip_175x_6x.a(sysinit_17xx_40xx.o)
 .text.Chip_SetupIrcClocking
                0x00003424       0x6a C:\Users\Gaston\Documents\facultad\TDII\Proyecto\lpc_chip_175x_6x\Debug\liblpc_chip_175x_6x.a(sysinit_17xx_40xx.o)
                0x00003424                Chip_SetupIrcClocking
 .text.Chip_SetupXtalClocking
                0x0000348e       0x90 C:\Users\Gaston\Documents\facultad\TDII\Proyecto\lpc_chip_175x_6x\Debug\liblpc_chip_175x_6x.a(sysinit_17xx_40xx.o)
                0x0000348e                Chip_SetupXtalClocking
 .text.Chip_SystemInit
                0x0000351e        0xc C:\Users\Gaston\Documents\facultad\TDII\Proyecto\lpc_chip_175x_6x\Debug\liblpc_chip_175x_6x.a(sysinit_17xx_40xx.o)
                0x0000351e                Chip_SystemInit
 *fill*         0x0000352a        0x2 ff
 .text.Chip_Timer_GetClockIndex
                0x0000352c       0x50 C:\Users\Gaston\Documents\facultad\TDII\Proyecto\lpc_chip_175x_6x\Debug\liblpc_chip_175x_6x.a(timer_17xx_40xx.o)
 .text.Chip_TIMER_Init
                0x0000357c       0x1e C:\Users\Gaston\Documents\facultad\TDII\Proyecto\lpc_chip_175x_6x\Debug\liblpc_chip_175x_6x.a(timer_17xx_40xx.o)
                0x0000357c                Chip_TIMER_Init
 .text.Chip_TIMER_Reset
                0x0000359a       0x3a C:\Users\Gaston\Documents\facultad\TDII\Proyecto\lpc_chip_175x_6x\Debug\liblpc_chip_175x_6x.a(timer_17xx_40xx.o)
                0x0000359a                Chip_TIMER_Reset
 .text.Chip_WWDT_Init
                0x000035d4       0x1e C:\Users\Gaston\Documents\facultad\TDII\Proyecto\lpc_chip_175x_6x\Debug\liblpc_chip_175x_6x.a(wwdt_17xx_40xx.o)
                0x000035d4                Chip_WWDT_Init
 .text.Chip_WWDT_ClearStatusFlag
                0x000035f2       0x40 C:\Users\Gaston\Documents\facultad\TDII\Proyecto\lpc_chip_175x_6x\Debug\liblpc_chip_175x_6x.a(wwdt_17xx_40xx.o)
                0x000035f2                Chip_WWDT_ClearStatusFlag
 .text.__main   0x00003632        0xe c:/nxp/mcuxpressoide_10.3.1_2233/ide/plugins/com.nxp.mcuxpresso.tools.win32_10.3.0.201811011841/tools/bin/../lib/gcc/arm-none-eabi/7.3.1/../../../../arm-none-eabi/lib/thumb/v7-m\libcr_nohost.a(_cr__main.o)
                0x00003632                __main
 .text.memcpy   0x00003640        0x4 c:/nxp/mcuxpressoide_10.3.1_2233/ide/plugins/com.nxp.mcuxpresso.tools.win32_10.3.0.201811011841/tools/bin/../lib/gcc/arm-none-eabi/7.3.1/../../../../arm-none-eabi/lib/thumb/v7-m\libcr_c.a(memcpy.o)
                0x00003640                memcpy
 .text.memset   0x00003644        0x4 c:/nxp/mcuxpressoide_10.3.1_2233/ide/plugins/com.nxp.mcuxpresso.tools.win32_10.3.0.201811011841/tools/bin/../lib/gcc/arm-none-eabi/7.3.1/../../../../arm-none-eabi/lib/thumb/v7-m\libcr_c.a(memset.o)
                0x00003644                memset
 .text._initio  0x00003648       0x78 c:/nxp/mcuxpressoide_10.3.1_2233/ide/plugins/com.nxp.mcuxpresso.tools.win32_10.3.0.201811011841/tools/bin/../lib/gcc/arm-none-eabi/7.3.1/../../../../arm-none-eabi/lib/thumb/v7-m\libcr_c.a(initio.o)
                0x00003648                _initio
 .text.setvbuf  0x000036c0       0x40 c:/nxp/mcuxpressoide_10.3.1_2233/ide/plugins/com.nxp.mcuxpresso.tools.win32_10.3.0.201811011841/tools/bin/../lib/gcc/arm-none-eabi/7.3.1/../../../../arm-none-eabi/lib/thumb/v7-m\libcr_c.a(setvbuf.o)
                0x000036c0                setvbuf
 .text.strcpy   0x00003700       0x42 c:/nxp/mcuxpressoide_10.3.1_2233/ide/plugins/com.nxp.mcuxpresso.tools.win32_10.3.0.201811011841/tools/bin/../lib/gcc/arm-none-eabi/7.3.1/../../../../arm-none-eabi/lib/thumb/v7-m\libcr_c.a(strcpy.o)
                0x00003700                strcpy
 .text.strlen   0x00003742       0x4a c:/nxp/mcuxpressoide_10.3.1_2233/ide/plugins/com.nxp.mcuxpresso.tools.win32_10.3.0.201811011841/tools/bin/../lib/gcc/arm-none-eabi/7.3.1/../../../../arm-none-eabi/lib/thumb/v7-m\libcr_c.a(strlen.o)
                0x00003742                strlen
 .text._fdopen  0x0000378c       0x68 c:/nxp/mcuxpressoide_10.3.1_2233/ide/plugins/com.nxp.mcuxpresso.tools.win32_10.3.0.201811011841/tools/bin/../lib/gcc/arm-none-eabi/7.3.1/../../../../arm-none-eabi/lib/thumb/v7-m\libcr_c.a(_fdopen.o)
                0x0000378c                _fdopen
 .text.fclose   0x000037f4       0x58 c:/nxp/mcuxpressoide_10.3.1_2233/ide/plugins/com.nxp.mcuxpresso.tools.win32_10.3.0.201811011841/tools/bin/../lib/gcc/arm-none-eabi/7.3.1/../../../../arm-none-eabi/lib/thumb/v7-m\libcr_c.a(fclose.o)
                0x000037f4                fclose
 .text.fflush   0x0000384c       0x44 c:/nxp/mcuxpressoide_10.3.1_2233/ide/plugins/com.nxp.mcuxpresso.tools.win32_10.3.0.201811011841/tools/bin/../lib/gcc/arm-none-eabi/7.3.1/../../../../arm-none-eabi/lib/thumb/v7-m\libcr_c.a(fflush.o)
                0x0000384c                fflush
 .text.fseek    0x00003890      0x100 c:/nxp/mcuxpressoide_10.3.1_2233/ide/plugins/com.nxp.mcuxpresso.tools.win32_10.3.0.201811011841/tools/bin/../lib/gcc/arm-none-eabi/7.3.1/../../../../arm-none-eabi/lib/thumb/v7-m\libcr_c.a(fseek.o)
                0x00003890                fseek
 .text.ftell    0x00003990       0x44 c:/nxp/mcuxpressoide_10.3.1_2233/ide/plugins/com.nxp.mcuxpresso.tools.win32_10.3.0.201811011841/tools/bin/../lib/gcc/arm-none-eabi/7.3.1/../../../../arm-none-eabi/lib/thumb/v7-m\libcr_c.a(ftell.o)
                0x00003990                ftell
 .text.remove   0x000039d4       0x14 c:/nxp/mcuxpressoide_10.3.1_2233/ide/plugins/com.nxp.mcuxpresso.tools.win32_10.3.0.201811011841/tools/bin/../lib/gcc/arm-none-eabi/7.3.1/../../../../arm-none-eabi/lib/thumb/v7-m\libcr_c.a(remove.o)
                0x000039d4                remove
 .text._do_fflush
                0x000039e8       0x40 c:/nxp/mcuxpressoide_10.3.1_2233/ide/plugins/com.nxp.mcuxpresso.tools.win32_10.3.0.201811011841/tools/bin/../lib/gcc/arm-none-eabi/7.3.1/../../../../arm-none-eabi/lib/thumb/v7-m\libcr_c.a(_do_fflush.o)
                0x000039e8                _do_fflush
 .text._fflush  0x00003a28       0x52 c:/nxp/mcuxpressoide_10.3.1_2233/ide/plugins/com.nxp.mcuxpresso.tools.win32_10.3.0.201811011841/tools/bin/../lib/gcc/arm-none-eabi/7.3.1/../../../../arm-none-eabi/lib/thumb/v7-m\libcr_c.a(_fflush.o)
                0x00003a28                _fflush
 *fill*         0x00003a7a        0x2 ff
 .text._Cwritebuf
                0x00003a7c       0x6c c:/nxp/mcuxpressoide_10.3.1_2233/ide/plugins/com.nxp.mcuxpresso.tools.win32_10.3.0.201811011841/tools/bin/../lib/gcc/arm-none-eabi/7.3.1/../../../../arm-none-eabi/lib/thumb/v7-m\libcr_c.a(_writebuf.o)
                0x00003a7c                _Cwritebuf
 .text.free     0x00003ae8       0x30 c:/nxp/mcuxpressoide_10.3.1_2233/ide/plugins/com.nxp.mcuxpresso.tools.win32_10.3.0.201811011841/tools/bin/../lib/gcc/arm-none-eabi/7.3.1/../../../../arm-none-eabi/lib/thumb/v7-m\libcr_c.a(alloc.o)
                0x00003ae8                free
 .text._deferredlazyseek
                0x00003b18       0x40 c:/nxp/mcuxpressoide_10.3.1_2233/ide/plugins/com.nxp.mcuxpresso.tools.win32_10.3.0.201811011841/tools/bin/../lib/gcc/arm-none-eabi/7.3.1/../../../../arm-none-eabi/lib/thumb/v7-m\libcr_c.a(_deferredlazyseek.o)
                0x00003b18                _deferredlazyseek
 .text.__aeabi_fdiv
                0x00003b58       0xb8 c:/nxp/mcuxpressoide_10.3.1_2233/ide/plugins/com.nxp.mcuxpresso.tools.win32_10.3.0.201811011841/tools/bin/../lib/gcc/arm-none-eabi/7.3.1/thumb/v7-m\libcr_eabihelpers.a(float.o)
                0x00003b58                __aeabi_fdiv
 .text.__aeabi_fsub
                0x00003c10       0xe0 c:/nxp/mcuxpressoide_10.3.1_2233/ide/plugins/com.nxp.mcuxpresso.tools.win32_10.3.0.201811011841/tools/bin/../lib/gcc/arm-none-eabi/7.3.1/thumb/v7-m\libcr_eabihelpers.a(float.o)
                0x00003c10                __aeabi_fsub
 .text.__aeabi_fadd
                0x00003cf0       0xb0 c:/nxp/mcuxpressoide_10.3.1_2233/ide/plugins/com.nxp.mcuxpresso.tools.win32_10.3.0.201811011841/tools/bin/../lib/gcc/arm-none-eabi/7.3.1/thumb/v7-m\libcr_eabihelpers.a(float.o)
                0x00003cf0                __aeabi_fadd
 .text.__bhs_ui2f
                0x00003da0       0x26 c:/nxp/mcuxpressoide_10.3.1_2233/ide/plugins/com.nxp.mcuxpresso.tools.win32_10.3.0.201811011841/tools/bin/../lib/gcc/arm-none-eabi/7.3.1/thumb/v7-m\libcr_eabihelpers.a(float.o)
                0x00003da0                __bhs_ui2f
 .text.__aeabi_ui2f
                0x00003dc6        0x8 c:/nxp/mcuxpressoide_10.3.1_2233/ide/plugins/com.nxp.mcuxpresso.tools.win32_10.3.0.201811011841/tools/bin/../lib/gcc/arm-none-eabi/7.3.1/thumb/v7-m\libcr_eabihelpers.a(float.o)
                0x00003dc6                __aeabi_ui2f
 .text.__aeabi_memcpy
                0x00003dce       0x34 c:/nxp/mcuxpressoide_10.3.1_2233/ide/plugins/com.nxp.mcuxpresso.tools.win32_10.3.0.201811011841/tools/bin/../lib/gcc/arm-none-eabi/7.3.1/thumb/v7-m\libcr_eabihelpers.a(memcpy.o)
                0x00003dce                __aeabi_memcpy
                0x00003dd8                __aeabi_memcpy8
                0x00003dd8                __aeabi_memcpy4
 .text.__aeabi_memset_lowlevel
                0x00003e02       0x32 c:/nxp/mcuxpressoide_10.3.1_2233/ide/plugins/com.nxp.mcuxpresso.tools.win32_10.3.0.201811011841/tools/bin/../lib/gcc/arm-none-eabi/7.3.1/thumb/v7-m\libcr_eabihelpers.a(memcpy.o)
                0x00003e02                __aeabi_lowlevel_memset
 .text.__sys_close
                0x00003e34        0x6 c:/nxp/mcuxpressoide_10.3.1_2233/ide/plugins/com.nxp.mcuxpresso.tools.win32_10.3.0.201811011841/tools/bin/../lib/gcc/arm-none-eabi/7.3.1/../../../../arm-none-eabi/lib/thumb/v7-m\libcr_nohost.a(__sys_close.o)
                0x00003e34                __sys_close
 .text.__sys_flen
                0x00003e3a        0x6 c:/nxp/mcuxpressoide_10.3.1_2233/ide/plugins/com.nxp.mcuxpresso.tools.win32_10.3.0.201811011841/tools/bin/../lib/gcc/arm-none-eabi/7.3.1/../../../../arm-none-eabi/lib/thumb/v7-m\libcr_nohost.a(__sys_flen.o)
                0x00003e3a                __sys_flen
 .text.__sys_istty
                0x00003e40        0x6 c:/nxp/mcuxpressoide_10.3.1_2233/ide/plugins/com.nxp.mcuxpresso.tools.win32_10.3.0.201811011841/tools/bin/../lib/gcc/arm-none-eabi/7.3.1/../../../../arm-none-eabi/lib/thumb/v7-m\libcr_nohost.a(__sys_istty.o)
                0x00003e40                __sys_istty
 .text.__sys_remove
                0x00003e46        0x6 c:/nxp/mcuxpressoide_10.3.1_2233/ide/plugins/com.nxp.mcuxpresso.tools.win32_10.3.0.201811011841/tools/bin/../lib/gcc/arm-none-eabi/7.3.1/../../../../arm-none-eabi/lib/thumb/v7-m\libcr_nohost.a(__sys_remove.o)
                0x00003e46                __sys_remove
 .text.__sys_seek
                0x00003e4c        0x6 c:/nxp/mcuxpressoide_10.3.1_2233/ide/plugins/com.nxp.mcuxpresso.tools.win32_10.3.0.201811011841/tools/bin/../lib/gcc/arm-none-eabi/7.3.1/../../../../arm-none-eabi/lib/thumb/v7-m\libcr_nohost.a(__sys_seek.o)
                0x00003e4c                __sys_seek
 .text.__sys_tmpnam
                0x00003e52        0x6 c:/nxp/mcuxpressoide_10.3.1_2233/ide/plugins/com.nxp.mcuxpresso.tools.win32_10.3.0.201811011841/tools/bin/../lib/gcc/arm-none-eabi/7.3.1/../../../../arm-none-eabi/lib/thumb/v7-m\libcr_nohost.a(__sys_tmpnam.o)
                0x00003e52                __sys_tmpnam
 .text.__sys_write
                0x00003e58        0x4 c:/nxp/mcuxpressoide_10.3.1_2233/ide/plugins/com.nxp.mcuxpresso.tools.win32_10.3.0.201811011841/tools/bin/../lib/gcc/arm-none-eabi/7.3.1/../../../../arm-none-eabi/lib/thumb/v7-m\libcr_nohost.a(__sys_write.o)
                0x00003e58                __sys_write
 *(.rodata .rodata.* .constdata .constdata.*)
 .rodata.utn    0x00003e5c     0x4e20 ./example/src/tasks/task-pantalla.o
                0x00003e5c                utn
 .rodata        0x00008c7c       0x1b ./example/src/tasks/task-pantalla.o
 *fill*         0x00008c97        0x1 ff
 .rodata        0x00008c98        0x4 ./example/src/tasks/task-procesamiento.o
 .rodata        0x00008c9c       0x10 ./example/src/tasks/task-pruebaPantalla.o
 .rodata.SmallFont
                0x00008cac      0x478 ./example/src/pantalla_TFT/DefaultFonts.o
                0x00008cac                SmallFont
 .rodata.OscRateIn
                0x00009124        0x4 ./example/src/main/sysinit.o
                0x00009124                OscRateIn
 .rodata.RTCOscRateIn
                0x00009128        0x4 ./example/src/main/sysinit.o
                0x00009128                RTCOscRateIn
 .rodata._initio.str1.1
                0x0000912c        0x4 c:/nxp/mcuxpressoide_10.3.1_2233/ide/plugins/com.nxp.mcuxpresso.tools.win32_10.3.0.201811011841/tools/bin/../lib/gcc/arm-none-eabi/7.3.1/../../../../arm-none-eabi/lib/thumb/v7-m\libcr_c.a(initio.o)
 .rodata.__num_Ciob_streams
                0x00009130        0x4 c:/nxp/mcuxpressoide_10.3.1_2233/ide/plugins/com.nxp.mcuxpresso.tools.win32_10.3.0.201811011841/tools/bin/../lib/gcc/arm-none-eabi/7.3.1/../../../../arm-none-eabi/lib/thumb/v7-m\libcr_nohost.a(__ciob.o)
                0x00009130                __num_Ciob_streams
                0x00009134                . = ALIGN (0x4)

.glue_7         0x00009134        0x0
 .glue_7        0x00009134        0x0 linker stubs

.glue_7t        0x00009134        0x0
 .glue_7t       0x00009134        0x0 linker stubs

.vfp11_veneer   0x00009134        0x0
 .vfp11_veneer  0x00009134        0x0 linker stubs

.v4_bx          0x00009134        0x0
 .v4_bx         0x00009134        0x0 linker stubs

.iplt           0x00009134        0x0
 .iplt          0x00009134        0x0 ./example/src/tasks/task-heartbeat_lpc1769.o

.rel.dyn        0x00009134        0x0
 .rel.iplt      0x00009134        0x0 ./example/src/tasks/task-heartbeat_lpc1769.o

.ARM.extab
 *(.ARM.extab* .gnu.linkonce.armextab.*)
                0x00009134                __exidx_start = .

.ARM.exidx
 *(.ARM.exidx* .gnu.linkonce.armexidx.*)
                0x00009134                __exidx_end = .
                0x00009134                _etext = .

.data_RAM2      0x2007c000        0x0 load address 0x00009134
 FILL mask 0xff
                [!provide]                PROVIDE (__start_data_RAM2 = .)
 *(.ramfunc.$RAM2)
 *(.ramfunc.$RamAHB32)
 *(.data.$RAM2*)
 *(.data.$RamAHB32*)
                0x2007c000                . = ALIGN (0x4)
                [!provide]                PROVIDE (__end_data_RAM2 = .)

.uninit_RESERVED
                0x10000000        0x0
 *(.bss.$RESERVED*)
                0x10000000                . = ALIGN (0x4)
                0x10000000                _end_uninit_RESERVED = .

.data           0x10000000      0xb04 load address 0x00009134
 FILL mask 0xff
                0x10000000                _data = .
 *(vtable)
 *(.ramfunc*)
 *(.data*)
 .data.sin4     0x10000000      0x640 ./example/src/tasks/task-pantalla.o
                0x10000000                sin4
 .data.estado_pantalla
                0x10000640        0x1 ./example/src/tasks/task-pantalla.o
                0x10000640                estado_pantalla
 .data.first_use.7536
                0x10000641        0x1 ./example/src/tasks/task-pantalla.o
 *fill*         0x10000642        0x2 ff
 .data.adc      0x10000644      0x4b0 ./example/src/tasks/task-procesamiento.o
                0x10000644                adc
 .data.flag.7538
                0x10000af4        0x1 ./example/src/tasks/task-pruebaPantalla.o
 *fill*         0x10000af5        0x3 ff
 .data.disp_x_size
                0x10000af8        0x4 ./example/src/pantalla_TFT/UTFT.o
 .data.disp_y_size
                0x10000afc        0x4 ./example/src/pantalla_TFT/UTFT.o
 .data.display_transfer_mode
                0x10000b00        0x1 ./example/src/pantalla_TFT/UTFT.o
                0x10000b04                . = ALIGN (0x4)
 *fill*         0x10000b01        0x3 ff
                0x10000b04                _edata = .

.igot.plt       0x10000b04        0x0 load address 0x00009c38
 .igot.plt      0x10000b04        0x0 ./example/src/tasks/task-heartbeat_lpc1769.o

.bss_RAM2       0x2007c000        0x0
                [!provide]                PROVIDE (__start_bss_RAM2 = .)
 *(.bss.$RAM2*)
 *(.bss.$RamAHB32*)
                0x2007c000                . = ALIGN ((. != 0x0)?0x4:0x1)
                [!provide]                PROVIDE (__end_bss_RAM2 = .)

.bss            0x10000b04      0xaf8
                0x10000b04                _bss = .
 *(.bss*)
 .bss.Heartbeat_state.7347
                0x10000b04        0x4 ./example/src/tasks/task-heartbeat_lpc1769.o
 .bss.Fault_state.7348
                0x10000b08        0x4 ./example/src/tasks/task-heartbeat_lpc1769.o
 .bss.pantalla_prev.7535
                0x10000b0c      0x189 ./example/src/tasks/task-pantalla.o
 .bss.i.7557    0x10000c95        0x1 ./example/src/tasks/task-pantalla.o
 .bss.i.7561    0x10000c96        0x1 ./example/src/tasks/task-pantalla.o
 .bss.i.7565    0x10000c97        0x1 ./example/src/tasks/task-pantalla.o
 .bss.i.7569    0x10000c98        0x1 ./example/src/tasks/task-pantalla.o
 .bss.i.7573    0x10000c99        0x1 ./example/src/tasks/task-pantalla.o
 .bss.signal_state.7585
                0x10000c9a        0x1 ./example/src/tasks/task-pantalla.o
 *fill*         0x10000c9b        0x1 
 .bss.i.7578    0x10000c9c        0x4 ./example/src/tasks/task-pantalla.o
 .bss.prev_signal.7577
                0x10000ca0      0x12c ./example/src/tasks/task-pantalla.o
 .bss.cambios_pantalla.7609
                0x10000dcc        0xd ./example/src/tasks/task-pantalla.o
 .bss.state.7615
                0x10000dd9        0x1 ./example/src/tasks/task-pantalla.o
 *fill*         0x10000dda        0x2 
 .bss.funciones_pantalla.7618
                0x10000ddc       0x20 ./example/src/tasks/task-pantalla.o
 .bss.i.7616    0x10000dfc        0x1 ./example/src/tasks/task-pantalla.o
 .bss.i.7536    0x10000dfd        0x1 ./example/src/tasks/task-pruebaPantalla.o
 *fill*         0x10000dfe        0x2 
 .bss.aux.7537  0x10000e00        0x2 ./example/src/tasks/task-pruebaPantalla.o
 .bss.flag2.7539
                0x10000e02        0x1 ./example/src/tasks/task-pruebaPantalla.o
 .bss.fch       0x10000e03        0x1 ./example/src/pantalla_TFT/UTFT.o
 .bss.fcl       0x10000e04        0x1 ./example/src/pantalla_TFT/UTFT.o
 .bss.bch       0x10000e05        0x1 ./example/src/pantalla_TFT/UTFT.o
 .bss.bcl       0x10000e06        0x1 ./example/src/pantalla_TFT/UTFT.o
 .bss.orient    0x10000e07        0x1 ./example/src/pantalla_TFT/UTFT.o
 .bss.Task_ID_G
                0x10000e08        0x4 ./example/src/c-tds/monittor_lpc1769.o
 .bss.Task_BCET_G
                0x10000e0c        0x4 ./example/src/c-tds/monittor_lpc1769.o
 .bss.Task_t_variation_G
                0x10000e10        0x4 ./example/src/c-tds/monittor_lpc1769.o
 .bss.Tick_count_G
                0x10000e14        0x4 ./example/src/c-tds/scheduler_lpc1769.o
 .bss.ITask     0x10000e18        0x4 ./example/src/c-tds/scheduler_lpc1769.o
 .bss.errno     0x10000e1c        0x4 c:/nxp/mcuxpressoide_10.3.1_2233/ide/plugins/com.nxp.mcuxpresso.tools.win32_10.3.0.201811011841/tools/bin/../lib/gcc/arm-none-eabi/7.3.1/../../../../arm-none-eabi/lib/thumb/v7-m\libcr_c.a(errno.o)
                0x10000e1c                errno
 .bss.__Ciob    0x10000e20      0x1e0 c:/nxp/mcuxpressoide_10.3.1_2233/ide/plugins/com.nxp.mcuxpresso.tools.win32_10.3.0.201811011841/tools/bin/../lib/gcc/arm-none-eabi/7.3.1/../../../../arm-none-eabi/lib/thumb/v7-m\libcr_nohost.a(__ciob.o)
                0x10000e20                __Ciob
 *(COMMON)
 COMMON         0x10001000      0x18d ./example/src/tasks/task-pantalla.o
                0x10001000                texto
                0x10001004                pantalla
 *fill*         0x1000118d        0x3 
 COMMON         0x10001190      0x132 ./example/src/tasks/task-procesamiento.o
                0x10001190                signal
                0x100012bc                str_Vm
 *fill*         0x100012c2        0x2 
 COMMON         0x100012c4        0xc ./example/src/pantalla_TFT/UTFT.o
                0x100012c4                _transparent
                0x100012c8                cfont
 COMMON         0x100012d0      0x324 ./example/src/c-tds/scheduler_lpc1769.o
                0x100012d0                SCH_tasks_G
                0x100015f0                Fault_code_G
 COMMON         0x100015f4        0x1 ./example/src/c-tds/system_lpc1769.o
                0x100015f4                System_mode_G
 *fill*         0x100015f5        0x3 
 COMMON         0x100015f8        0x4 C:\Users\Gaston\Documents\facultad\TDII\Proyecto\lpc_chip_175x_6x\Debug\liblpc_chip_175x_6x.a(chip_17xx_40xx.o)
                0x100015f8                SystemCoreClock
                0x100015fc                . = ALIGN (0x4)
                0x100015fc                _ebss = .
                [!provide]                PROVIDE (end = .)

.noinit_RAM2    0x2007c000        0x0
 *(.noinit.$RAM2*)
 *(.noinit.$RamAHB32*)
                0x2007c000                . = ALIGN (0x4)

.noinit         0x100015fc        0x0
                0x100015fc                _noinit = .
 *(.noinit*)
                0x100015fc                . = ALIGN (0x4)
                0x100015fc                _end_noinit = .
                0x100015fc                PROVIDE (_pvHeapStart = DEFINED (__user_heap_base)?__user_heap_base:.)
                0x10008000                PROVIDE (_vStackTop = DEFINED (__user_stack_top)?__user_stack_top:(__top_RamLoc32 - 0x0))
                [!provide]                PROVIDE (__valid_user_code_checksum = (0x0 - ((((((_vStackTop + (ResetISR + 0x1)) + (NMI_Handler + 0x1)) + (HardFault_Handler + 0x1)) + (DEFINED (MemManage_Handler)?MemManage_Handler:0x0 + 0x1)) + (DEFINED (BusFault_Handler)?BusFault_Handler:0x0 + 0x1)) + (DEFINED (UsageFault_Handler)?UsageFault_Handler:0x0 + 0x1))))
                0x00000000                _image_start = LOADADDR (.text)
                0x00009c38                _image_end = (LOADADDR (.data) + SIZEOF (.data))
                0x00009c38                _image_size = (_image_end - _image_start)
OUTPUT(PRY_DSO.axf elf32-littlearm)

.debug_info     0x00000000     0x74bb
 .debug_info    0x00000000      0x44c ./example/src/tasks/task-heartbeat_lpc1769.o
 .debug_info    0x0000044c      0xaae ./example/src/tasks/task-pantalla.o
 .debug_info    0x00000efa      0x362 ./example/src/tasks/task-procesamiento.o
 .debug_info    0x0000125c      0x3d5 ./example/src/tasks/task-pruebaPantalla.o
 .debug_info    0x00001631      0x5de ./example/src/tasks/task-watchdog_lpc1769.o
 .debug_info    0x00001c0f      0x32c ./example/src/pantalla_TFT/DefaultFonts.o
 .debug_info    0x00001f3b      0x4af ./example/src/pantalla_TFT/HW_lpc1769.o
 .debug_info    0x000023ea      0xbde ./example/src/pantalla_TFT/UTFT.o
 .debug_info    0x00002fc8      0x251 ./example/src/main/cr_startup_lpc175x_6x.o
 .debug_info    0x00003219      0x214 ./example/src/main/main.o
 .debug_info    0x0000342d      0x1fd ./example/src/main/sysinit.o
 .debug_info    0x0000362a      0xb2d ./example/src/c-tds/monittor_lpc1769.o
 .debug_info    0x00004157      0xbf6 ./example/src/c-tds/scheduler_lpc1769.o
 .debug_info    0x00004d4d      0x907 ./example/src/c-tds/system_lpc1769.o
 .debug_info    0x00005654      0x558 C:\Users\Gaston\Documents\facultad\TDII\Proyecto\lpc_chip_175x_6x\Debug\liblpc_chip_175x_6x.a(chip_17xx_40xx.o)
 .debug_info    0x00005bac      0xba2 C:\Users\Gaston\Documents\facultad\TDII\Proyecto\lpc_chip_175x_6x\Debug\liblpc_chip_175x_6x.a(clock_17xx_40xx.o)
 .debug_info    0x0000674e      0x31e C:\Users\Gaston\Documents\facultad\TDII\Proyecto\lpc_chip_175x_6x\Debug\liblpc_chip_175x_6x.a(iocon_17xx_40xx.o)
 .debug_info    0x00006a6c      0x474 C:\Users\Gaston\Documents\facultad\TDII\Proyecto\lpc_chip_175x_6x\Debug\liblpc_chip_175x_6x.a(sysinit_17xx_40xx.o)
 .debug_info    0x00006ee0      0x42b C:\Users\Gaston\Documents\facultad\TDII\Proyecto\lpc_chip_175x_6x\Debug\liblpc_chip_175x_6x.a(timer_17xx_40xx.o)
 .debug_info    0x0000730b      0x1b0 C:\Users\Gaston\Documents\facultad\TDII\Proyecto\lpc_chip_175x_6x\Debug\liblpc_chip_175x_6x.a(wwdt_17xx_40xx.o)

.debug_abbrev   0x00000000     0x1fd9
 .debug_abbrev  0x00000000      0x170 ./example/src/tasks/task-heartbeat_lpc1769.o
 .debug_abbrev  0x00000170      0x24f ./example/src/tasks/task-pantalla.o
 .debug_abbrev  0x000003bf      0x133 ./example/src/tasks/task-procesamiento.o
 .debug_abbrev  0x000004f2      0x124 ./example/src/tasks/task-pruebaPantalla.o
 .debug_abbrev  0x00000616      0x1d5 ./example/src/tasks/task-watchdog_lpc1769.o
 .debug_abbrev  0x000007eb       0xdf ./example/src/pantalla_TFT/DefaultFonts.o
 .debug_abbrev  0x000008ca      0x1a8 ./example/src/pantalla_TFT/HW_lpc1769.o
 .debug_abbrev  0x00000a72      0x246 ./example/src/pantalla_TFT/UTFT.o
 .debug_abbrev  0x00000cb8      0x103 ./example/src/main/cr_startup_lpc175x_6x.o
 .debug_abbrev  0x00000dbb       0xc9 ./example/src/main/main.o
 .debug_abbrev  0x00000e84       0xdd ./example/src/main/sysinit.o
 .debug_abbrev  0x00000f61      0x22a ./example/src/c-tds/monittor_lpc1769.o
 .debug_abbrev  0x0000118b      0x2c2 ./example/src/c-tds/scheduler_lpc1769.o
 .debug_abbrev  0x0000144d      0x1f5 ./example/src/c-tds/system_lpc1769.o
 .debug_abbrev  0x00001642      0x151 C:\Users\Gaston\Documents\facultad\TDII\Proyecto\lpc_chip_175x_6x\Debug\liblpc_chip_175x_6x.a(chip_17xx_40xx.o)
 .debug_abbrev  0x00001793      0x309 C:\Users\Gaston\Documents\facultad\TDII\Proyecto\lpc_chip_175x_6x\Debug\liblpc_chip_175x_6x.a(clock_17xx_40xx.o)
 .debug_abbrev  0x00001a9c      0x14a C:\Users\Gaston\Documents\facultad\TDII\Proyecto\lpc_chip_175x_6x\Debug\liblpc_chip_175x_6x.a(iocon_17xx_40xx.o)
 .debug_abbrev  0x00001be6      0x18e C:\Users\Gaston\Documents\facultad\TDII\Proyecto\lpc_chip_175x_6x\Debug\liblpc_chip_175x_6x.a(sysinit_17xx_40xx.o)
 .debug_abbrev  0x00001d74      0x171 C:\Users\Gaston\Documents\facultad\TDII\Proyecto\lpc_chip_175x_6x\Debug\liblpc_chip_175x_6x.a(timer_17xx_40xx.o)
 .debug_abbrev  0x00001ee5       0xf4 C:\Users\Gaston\Documents\facultad\TDII\Proyecto\lpc_chip_175x_6x\Debug\liblpc_chip_175x_6x.a(wwdt_17xx_40xx.o)

.debug_aranges  0x00000000      0x758
 .debug_aranges
                0x00000000       0x40 ./example/src/tasks/task-heartbeat_lpc1769.o
 .debug_aranges
                0x00000040       0x98 ./example/src/tasks/task-pantalla.o
 .debug_aranges
                0x000000d8       0x20 ./example/src/tasks/task-procesamiento.o
 .debug_aranges
                0x000000f8       0x20 ./example/src/tasks/task-pruebaPantalla.o
 .debug_aranges
                0x00000118       0x68 ./example/src/tasks/task-watchdog_lpc1769.o
 .debug_aranges
                0x00000180       0x18 ./example/src/pantalla_TFT/DefaultFonts.o
 .debug_aranges
                0x00000198       0x38 ./example/src/pantalla_TFT/HW_lpc1769.o
 .debug_aranges
                0x000001d0       0xf0 ./example/src/pantalla_TFT/UTFT.o
 .debug_aranges
                0x000002c0       0x80 ./example/src/main/cr_startup_lpc175x_6x.o
 .debug_aranges
                0x00000340       0x20 ./example/src/main/main.o
 .debug_aranges
                0x00000360       0x20 ./example/src/main/sysinit.o
 .debug_aranges
                0x00000380       0xa8 ./example/src/c-tds/monittor_lpc1769.o
 .debug_aranges
                0x00000428       0x80 ./example/src/c-tds/scheduler_lpc1769.o
 .debug_aranges
                0x000004a8       0x60 ./example/src/c-tds/system_lpc1769.o
 .debug_aranges
                0x00000508       0x38 C:\Users\Gaston\Documents\facultad\TDII\Proyecto\lpc_chip_175x_6x\Debug\liblpc_chip_175x_6x.a(chip_17xx_40xx.o)
 .debug_aranges
                0x00000540      0x120 C:\Users\Gaston\Documents\facultad\TDII\Proyecto\lpc_chip_175x_6x\Debug\liblpc_chip_175x_6x.a(clock_17xx_40xx.o)
 .debug_aranges
                0x00000660       0x30 C:\Users\Gaston\Documents\facultad\TDII\Proyecto\lpc_chip_175x_6x\Debug\liblpc_chip_175x_6x.a(iocon_17xx_40xx.o)
 .debug_aranges
                0x00000690       0x60 C:\Users\Gaston\Documents\facultad\TDII\Proyecto\lpc_chip_175x_6x\Debug\liblpc_chip_175x_6x.a(sysinit_17xx_40xx.o)
 .debug_aranges
                0x000006f0       0x40 C:\Users\Gaston\Documents\facultad\TDII\Proyecto\lpc_chip_175x_6x\Debug\liblpc_chip_175x_6x.a(timer_17xx_40xx.o)
 .debug_aranges
                0x00000730       0x28 C:\Users\Gaston\Documents\facultad\TDII\Proyecto\lpc_chip_175x_6x\Debug\liblpc_chip_175x_6x.a(wwdt_17xx_40xx.o)

.debug_ranges   0x00000000      0x610
 .debug_ranges  0x00000000       0x30 ./example/src/tasks/task-heartbeat_lpc1769.o
 .debug_ranges  0x00000030       0x88 ./example/src/tasks/task-pantalla.o
 .debug_ranges  0x000000b8       0x10 ./example/src/tasks/task-procesamiento.o
 .debug_ranges  0x000000c8       0x10 ./example/src/tasks/task-pruebaPantalla.o
 .debug_ranges  0x000000d8       0x58 ./example/src/tasks/task-watchdog_lpc1769.o
 .debug_ranges  0x00000130       0x28 ./example/src/pantalla_TFT/HW_lpc1769.o
 .debug_ranges  0x00000158       0xe0 ./example/src/pantalla_TFT/UTFT.o
 .debug_ranges  0x00000238       0x70 ./example/src/main/cr_startup_lpc175x_6x.o
 .debug_ranges  0x000002a8       0x10 ./example/src/main/main.o
 .debug_ranges  0x000002b8       0x10 ./example/src/main/sysinit.o
 .debug_ranges  0x000002c8       0x98 ./example/src/c-tds/monittor_lpc1769.o
 .debug_ranges  0x00000360       0x70 ./example/src/c-tds/scheduler_lpc1769.o
 .debug_ranges  0x000003d0       0x50 ./example/src/c-tds/system_lpc1769.o
 .debug_ranges  0x00000420       0x28 C:\Users\Gaston\Documents\facultad\TDII\Proyecto\lpc_chip_175x_6x\Debug\liblpc_chip_175x_6x.a(chip_17xx_40xx.o)
 .debug_ranges  0x00000448      0x110 C:\Users\Gaston\Documents\facultad\TDII\Proyecto\lpc_chip_175x_6x\Debug\liblpc_chip_175x_6x.a(clock_17xx_40xx.o)
 .debug_ranges  0x00000558       0x20 C:\Users\Gaston\Documents\facultad\TDII\Proyecto\lpc_chip_175x_6x\Debug\liblpc_chip_175x_6x.a(iocon_17xx_40xx.o)
 .debug_ranges  0x00000578       0x50 C:\Users\Gaston\Documents\facultad\TDII\Proyecto\lpc_chip_175x_6x\Debug\liblpc_chip_175x_6x.a(sysinit_17xx_40xx.o)
 .debug_ranges  0x000005c8       0x30 C:\Users\Gaston\Documents\facultad\TDII\Proyecto\lpc_chip_175x_6x\Debug\liblpc_chip_175x_6x.a(timer_17xx_40xx.o)
 .debug_ranges  0x000005f8       0x18 C:\Users\Gaston\Documents\facultad\TDII\Proyecto\lpc_chip_175x_6x\Debug\liblpc_chip_175x_6x.a(wwdt_17xx_40xx.o)

.debug_macro    0x00000000     0x34a7
 .debug_macro   0x00000000      0x24a ./example/src/tasks/task-heartbeat_lpc1769.o
 .debug_macro   0x0000024a      0x265 ./example/src/tasks/task-pantalla.o
 .debug_macro   0x000004af       0x9a ./example/src/tasks/task-pantalla.o
 .debug_macro   0x00000549      0x234 ./example/src/tasks/task-procesamiento.o
 .debug_macro   0x0000077d       0x22 ./example/src/tasks/task-procesamiento.o
 .debug_macro   0x0000079f      0x25b ./example/src/tasks/task-pruebaPantalla.o
 .debug_macro   0x000009fa      0x249 ./example/src/tasks/task-watchdog_lpc1769.o
 .debug_macro   0x00000c43       0x28 ./example/src/tasks/task-watchdog_lpc1769.o
 .debug_macro   0x00000c6b      0x220 ./example/src/pantalla_TFT/DefaultFonts.o
 .debug_macro   0x00000e8b      0x220 ./example/src/pantalla_TFT/HW_lpc1769.o
 .debug_macro   0x000010ab       0xd0 ./example/src/pantalla_TFT/HW_lpc1769.o
 .debug_macro   0x0000117b      0x242 ./example/src/pantalla_TFT/UTFT.o
 .debug_macro   0x000013bd       0x1d ./example/src/main/cr_startup_lpc175x_6x.o
 .debug_macro   0x000013da      0x244 ./example/src/main/main.o
 .debug_macro   0x0000161e      0x1cd ./example/src/main/sysinit.o
 .debug_macro   0x000017eb      0x240 ./example/src/c-tds/monittor_lpc1769.o
 .debug_macro   0x00001a2b      0x270 ./example/src/c-tds/scheduler_lpc1769.o
 .debug_macro   0x00001c9b      0x2d8 ./example/src/c-tds/system_lpc1769.o
 .debug_macro   0x00001f73      0x1cd C:\Users\Gaston\Documents\facultad\TDII\Proyecto\lpc_chip_175x_6x\Debug\liblpc_chip_175x_6x.a(chip_17xx_40xx.o)
 .debug_macro   0x00002140      0xa66 C:\Users\Gaston\Documents\facultad\TDII\Proyecto\lpc_chip_175x_6x\Debug\liblpc_chip_175x_6x.a(chip_17xx_40xx.o)
 .debug_macro   0x00002ba6      0x1cd C:\Users\Gaston\Documents\facultad\TDII\Proyecto\lpc_chip_175x_6x\Debug\liblpc_chip_175x_6x.a(clock_17xx_40xx.o)
 .debug_macro   0x00002d73      0x1cd C:\Users\Gaston\Documents\facultad\TDII\Proyecto\lpc_chip_175x_6x\Debug\liblpc_chip_175x_6x.a(iocon_17xx_40xx.o)
 .debug_macro   0x00002f40      0x1cd C:\Users\Gaston\Documents\facultad\TDII\Proyecto\lpc_chip_175x_6x\Debug\liblpc_chip_175x_6x.a(sysinit_17xx_40xx.o)
 .debug_macro   0x0000310d      0x1cd C:\Users\Gaston\Documents\facultad\TDII\Proyecto\lpc_chip_175x_6x\Debug\liblpc_chip_175x_6x.a(timer_17xx_40xx.o)
 .debug_macro   0x000032da      0x1cd C:\Users\Gaston\Documents\facultad\TDII\Proyecto\lpc_chip_175x_6x\Debug\liblpc_chip_175x_6x.a(wwdt_17xx_40xx.o)

.debug_line     0x00000000     0x78c4
 .debug_line    0x00000000      0x641 ./example/src/tasks/task-heartbeat_lpc1769.o
 .debug_line    0x00000641      0x8c2 ./example/src/tasks/task-pantalla.o
 .debug_line    0x00000f03      0x54b ./example/src/tasks/task-procesamiento.o
 .debug_line    0x0000144e      0x651 ./example/src/tasks/task-pruebaPantalla.o
 .debug_line    0x00001a9f      0x6ab ./example/src/tasks/task-watchdog_lpc1769.o
 .debug_line    0x0000214a      0x558 ./example/src/pantalla_TFT/DefaultFonts.o
 .debug_line    0x000026a2      0x641 ./example/src/pantalla_TFT/HW_lpc1769.o
 .debug_line    0x00002ce3      0xae0 ./example/src/pantalla_TFT/UTFT.o
 .debug_line    0x000037c3       0xe0 ./example/src/main/cr_startup_lpc175x_6x.o
 .debug_line    0x000038a3      0x57b ./example/src/main/main.o
 .debug_line    0x00003e1e      0x481 ./example/src/main/sysinit.o
 .debug_line    0x0000429f      0x716 ./example/src/c-tds/monittor_lpc1769.o
 .debug_line    0x000049b5      0x754 ./example/src/c-tds/scheduler_lpc1769.o
 .debug_line    0x00005109      0x86e ./example/src/c-tds/system_lpc1769.o
 .debug_line    0x00005977      0x4c4 C:\Users\Gaston\Documents\facultad\TDII\Proyecto\lpc_chip_175x_6x\Debug\liblpc_chip_175x_6x.a(chip_17xx_40xx.o)
 .debug_line    0x00005e3b      0x740 C:\Users\Gaston\Documents\facultad\TDII\Proyecto\lpc_chip_175x_6x\Debug\liblpc_chip_175x_6x.a(clock_17xx_40xx.o)
 .debug_line    0x0000657b      0x4b0 C:\Users\Gaston\Documents\facultad\TDII\Proyecto\lpc_chip_175x_6x\Debug\liblpc_chip_175x_6x.a(iocon_17xx_40xx.o)
 .debug_line    0x00006a2b      0x53a C:\Users\Gaston\Documents\facultad\TDII\Proyecto\lpc_chip_175x_6x\Debug\liblpc_chip_175x_6x.a(sysinit_17xx_40xx.o)
 .debug_line    0x00006f65      0x4d5 C:\Users\Gaston\Documents\facultad\TDII\Proyecto\lpc_chip_175x_6x\Debug\liblpc_chip_175x_6x.a(timer_17xx_40xx.o)
 .debug_line    0x0000743a      0x48a C:\Users\Gaston\Documents\facultad\TDII\Proyecto\lpc_chip_175x_6x\Debug\liblpc_chip_175x_6x.a(wwdt_17xx_40xx.o)

.debug_str      0x00000000    0x14d4d
 .debug_str     0x00000000    0x11b39 ./example/src/tasks/task-heartbeat_lpc1769.o
                              0x11c24 (size before relaxing)
 .debug_str     0x00011b39      0xd00 ./example/src/tasks/task-pantalla.o
                              0x128cb (size before relaxing)
 .debug_str     0x00012839       0xf1 ./example/src/tasks/task-procesamiento.o
                              0x116db (size before relaxing)
 .debug_str     0x0001292a       0x7c ./example/src/tasks/task-pruebaPantalla.o
                              0x11e8b (size before relaxing)
 .debug_str     0x000129a6      0x238 ./example/src/tasks/task-watchdog_lpc1769.o
                              0x11db9 (size before relaxing)
 .debug_str     0x00012bde       0x43 ./example/src/pantalla_TFT/DefaultFonts.o
                              0x1165c (size before relaxing)
 .debug_str     0x00012c21      0x355 ./example/src/pantalla_TFT/HW_lpc1769.o
                              0x11ab1 (size before relaxing)
 .debug_str     0x00012f76      0x22b ./example/src/pantalla_TFT/UTFT.o
                              0x1236a (size before relaxing)
 .debug_str     0x000131a1      0x1e3 ./example/src/main/cr_startup_lpc175x_6x.o
                               0x2ecd (size before relaxing)
 .debug_str     0x00013384       0x20 ./example/src/main/main.o
                              0x11b12 (size before relaxing)
 .debug_str     0x000133a4       0x28 ./example/src/main/sysinit.o
                              0x10eef (size before relaxing)
 .debug_str     0x000133cc      0x7b3 ./example/src/c-tds/monittor_lpc1769.o
                              0x1248f (size before relaxing)
 .debug_str     0x00013b7f      0x294 ./example/src/c-tds/scheduler_lpc1769.o
                              0x122b5 (size before relaxing)
 .debug_str     0x00013e13      0x5dc ./example/src/c-tds/system_lpc1769.o
                              0x12d81 (size before relaxing)
 .debug_str     0x000143ef       0xbb C:\Users\Gaston\Documents\facultad\TDII\Proyecto\lpc_chip_175x_6x\Debug\liblpc_chip_175x_6x.a(chip_17xx_40xx.o)
                              0x11301 (size before relaxing)
 .debug_str     0x000144aa      0x5ce C:\Users\Gaston\Documents\facultad\TDII\Proyecto\lpc_chip_175x_6x\Debug\liblpc_chip_175x_6x.a(clock_17xx_40xx.o)
                              0x1197f (size before relaxing)
 .debug_str     0x00014a78       0x98 C:\Users\Gaston\Documents\facultad\TDII\Proyecto\lpc_chip_175x_6x\Debug\liblpc_chip_175x_6x.a(iocon_17xx_40xx.o)
                              0x10dfc (size before relaxing)
 .debug_str     0x00014b10       0xc4 C:\Users\Gaston\Documents\facultad\TDII\Proyecto\lpc_chip_175x_6x\Debug\liblpc_chip_175x_6x.a(sysinit_17xx_40xx.o)
                              0x10fe4 (size before relaxing)
 .debug_str     0x00014bd4      0x131 C:\Users\Gaston\Documents\facultad\TDII\Proyecto\lpc_chip_175x_6x\Debug\liblpc_chip_175x_6x.a(timer_17xx_40xx.o)
                              0x1112d (size before relaxing)
 .debug_str     0x00014d05       0x48 C:\Users\Gaston\Documents\facultad\TDII\Proyecto\lpc_chip_175x_6x\Debug\liblpc_chip_175x_6x.a(wwdt_17xx_40xx.o)
                              0x10d6c (size before relaxing)

.comment        0x00000000       0x7f
 .comment       0x00000000       0x7f ./example/src/tasks/task-heartbeat_lpc1769.o
                                 0x80 (size before relaxing)
 .comment       0x0000007f       0x80 ./example/src/tasks/task-pantalla.o
 .comment       0x0000007f       0x80 ./example/src/tasks/task-procesamiento.o
 .comment       0x0000007f       0x80 ./example/src/tasks/task-pruebaPantalla.o
 .comment       0x0000007f       0x80 ./example/src/tasks/task-watchdog_lpc1769.o
 .comment       0x0000007f       0x80 ./example/src/pantalla_TFT/DefaultFonts.o
 .comment       0x0000007f       0x80 ./example/src/pantalla_TFT/HW_lpc1769.o
 .comment       0x0000007f       0x80 ./example/src/pantalla_TFT/UTFT.o
 .comment       0x0000007f       0x80 ./example/src/main/cr_startup_lpc175x_6x.o
 .comment       0x0000007f       0x80 ./example/src/main/main.o
 .comment       0x0000007f       0x80 ./example/src/main/sysinit.o
 .comment       0x0000007f       0x80 ./example/src/c-tds/monittor_lpc1769.o
 .comment       0x0000007f       0x80 ./example/src/c-tds/scheduler_lpc1769.o
 .comment       0x0000007f       0x80 ./example/src/c-tds/system_lpc1769.o
 .comment       0x0000007f       0x80 C:\Users\Gaston\Documents\facultad\TDII\Proyecto\lpc_chip_175x_6x\Debug\liblpc_chip_175x_6x.a(chip_17xx_40xx.o)
 .comment       0x0000007f       0x80 C:\Users\Gaston\Documents\facultad\TDII\Proyecto\lpc_chip_175x_6x\Debug\liblpc_chip_175x_6x.a(clock_17xx_40xx.o)
 .comment       0x0000007f       0x80 C:\Users\Gaston\Documents\facultad\TDII\Proyecto\lpc_chip_175x_6x\Debug\liblpc_chip_175x_6x.a(iocon_17xx_40xx.o)
 .comment       0x0000007f       0x80 C:\Users\Gaston\Documents\facultad\TDII\Proyecto\lpc_chip_175x_6x\Debug\liblpc_chip_175x_6x.a(sysinit_17xx_40xx.o)
 .comment       0x0000007f       0x80 C:\Users\Gaston\Documents\facultad\TDII\Proyecto\lpc_chip_175x_6x\Debug\liblpc_chip_175x_6x.a(timer_17xx_40xx.o)
 .comment       0x0000007f       0x80 C:\Users\Gaston\Documents\facultad\TDII\Proyecto\lpc_chip_175x_6x\Debug\liblpc_chip_175x_6x.a(wwdt_17xx_40xx.o)
 .comment       0x0000007f       0x80 c:/nxp/mcuxpressoide_10.3.1_2233/ide/plugins/com.nxp.mcuxpresso.tools.win32_10.3.0.201811011841/tools/bin/../lib/gcc/arm-none-eabi/7.3.1/../../../../arm-none-eabi/lib/thumb/v7-m\libcr_nohost.a(_cr__main.o)
 .comment       0x0000007f       0x80 c:/nxp/mcuxpressoide_10.3.1_2233/ide/plugins/com.nxp.mcuxpresso.tools.win32_10.3.0.201811011841/tools/bin/../lib/gcc/arm-none-eabi/7.3.1/../../../../arm-none-eabi/lib/thumb/v7-m\libcr_c.a(memcpy.o)
 .comment       0x0000007f       0x80 c:/nxp/mcuxpressoide_10.3.1_2233/ide/plugins/com.nxp.mcuxpresso.tools.win32_10.3.0.201811011841/tools/bin/../lib/gcc/arm-none-eabi/7.3.1/../../../../arm-none-eabi/lib/thumb/v7-m\libcr_c.a(memset.o)
 .comment       0x0000007f       0x80 c:/nxp/mcuxpressoide_10.3.1_2233/ide/plugins/com.nxp.mcuxpresso.tools.win32_10.3.0.201811011841/tools/bin/../lib/gcc/arm-none-eabi/7.3.1/../../../../arm-none-eabi/lib/thumb/v7-m\libcr_c.a(initio.o)
 .comment       0x0000007f       0x80 c:/nxp/mcuxpressoide_10.3.1_2233/ide/plugins/com.nxp.mcuxpresso.tools.win32_10.3.0.201811011841/tools/bin/../lib/gcc/arm-none-eabi/7.3.1/../../../../arm-none-eabi/lib/thumb/v7-m\libcr_c.a(setvbuf.o)
 .comment       0x0000007f       0x80 c:/nxp/mcuxpressoide_10.3.1_2233/ide/plugins/com.nxp.mcuxpresso.tools.win32_10.3.0.201811011841/tools/bin/../lib/gcc/arm-none-eabi/7.3.1/../../../../arm-none-eabi/lib/thumb/v7-m\libcr_c.a(strcpy.o)
 .comment       0x0000007f       0x80 c:/nxp/mcuxpressoide_10.3.1_2233/ide/plugins/com.nxp.mcuxpresso.tools.win32_10.3.0.201811011841/tools/bin/../lib/gcc/arm-none-eabi/7.3.1/../../../../arm-none-eabi/lib/thumb/v7-m\libcr_c.a(strlen.o)
 .comment       0x0000007f       0x80 c:/nxp/mcuxpressoide_10.3.1_2233/ide/plugins/com.nxp.mcuxpresso.tools.win32_10.3.0.201811011841/tools/bin/../lib/gcc/arm-none-eabi/7.3.1/../../../../arm-none-eabi/lib/thumb/v7-m\libcr_c.a(_fdopen.o)
 .comment       0x0000007f       0x80 c:/nxp/mcuxpressoide_10.3.1_2233/ide/plugins/com.nxp.mcuxpresso.tools.win32_10.3.0.201811011841/tools/bin/../lib/gcc/arm-none-eabi/7.3.1/../../../../arm-none-eabi/lib/thumb/v7-m\libcr_c.a(fclose.o)
 .comment       0x0000007f       0x80 c:/nxp/mcuxpressoide_10.3.1_2233/ide/plugins/com.nxp.mcuxpresso.tools.win32_10.3.0.201811011841/tools/bin/../lib/gcc/arm-none-eabi/7.3.1/../../../../arm-none-eabi/lib/thumb/v7-m\libcr_c.a(fflush.o)
 .comment       0x0000007f       0x80 c:/nxp/mcuxpressoide_10.3.1_2233/ide/plugins/com.nxp.mcuxpresso.tools.win32_10.3.0.201811011841/tools/bin/../lib/gcc/arm-none-eabi/7.3.1/../../../../arm-none-eabi/lib/thumb/v7-m\libcr_c.a(fseek.o)
 .comment       0x0000007f       0x80 c:/nxp/mcuxpressoide_10.3.1_2233/ide/plugins/com.nxp.mcuxpresso.tools.win32_10.3.0.201811011841/tools/bin/../lib/gcc/arm-none-eabi/7.3.1/../../../../arm-none-eabi/lib/thumb/v7-m\libcr_c.a(ftell.o)
 .comment       0x0000007f       0x80 c:/nxp/mcuxpressoide_10.3.1_2233/ide/plugins/com.nxp.mcuxpresso.tools.win32_10.3.0.201811011841/tools/bin/../lib/gcc/arm-none-eabi/7.3.1/../../../../arm-none-eabi/lib/thumb/v7-m\libcr_c.a(remove.o)
 .comment       0x0000007f       0x80 c:/nxp/mcuxpressoide_10.3.1_2233/ide/plugins/com.nxp.mcuxpresso.tools.win32_10.3.0.201811011841/tools/bin/../lib/gcc/arm-none-eabi/7.3.1/../../../../arm-none-eabi/lib/thumb/v7-m\libcr_c.a(_do_fflush.o)
 .comment       0x0000007f       0x80 c:/nxp/mcuxpressoide_10.3.1_2233/ide/plugins/com.nxp.mcuxpresso.tools.win32_10.3.0.201811011841/tools/bin/../lib/gcc/arm-none-eabi/7.3.1/../../../../arm-none-eabi/lib/thumb/v7-m\libcr_c.a(_fflush.o)
 .comment       0x0000007f       0x80 c:/nxp/mcuxpressoide_10.3.1_2233/ide/plugins/com.nxp.mcuxpresso.tools.win32_10.3.0.201811011841/tools/bin/../lib/gcc/arm-none-eabi/7.3.1/../../../../arm-none-eabi/lib/thumb/v7-m\libcr_c.a(_writebuf.o)
 .comment       0x0000007f       0x80 c:/nxp/mcuxpressoide_10.3.1_2233/ide/plugins/com.nxp.mcuxpresso.tools.win32_10.3.0.201811011841/tools/bin/../lib/gcc/arm-none-eabi/7.3.1/../../../../arm-none-eabi/lib/thumb/v7-m\libcr_c.a(alloc.o)
 .comment       0x0000007f       0x80 c:/nxp/mcuxpressoide_10.3.1_2233/ide/plugins/com.nxp.mcuxpresso.tools.win32_10.3.0.201811011841/tools/bin/../lib/gcc/arm-none-eabi/7.3.1/../../../../arm-none-eabi/lib/thumb/v7-m\libcr_c.a(errno.o)
 .comment       0x0000007f       0x80 c:/nxp/mcuxpressoide_10.3.1_2233/ide/plugins/com.nxp.mcuxpresso.tools.win32_10.3.0.201811011841/tools/bin/../lib/gcc/arm-none-eabi/7.3.1/../../../../arm-none-eabi/lib/thumb/v7-m\libcr_c.a(_deferredlazyseek.o)
 .comment       0x0000007f       0x80 c:/nxp/mcuxpressoide_10.3.1_2233/ide/plugins/com.nxp.mcuxpresso.tools.win32_10.3.0.201811011841/tools/bin/../lib/gcc/arm-none-eabi/7.3.1/thumb/v7-m\libcr_eabihelpers.a(float.o)
 .comment       0x0000007f       0x80 c:/nxp/mcuxpressoide_10.3.1_2233/ide/plugins/com.nxp.mcuxpresso.tools.win32_10.3.0.201811011841/tools/bin/../lib/gcc/arm-none-eabi/7.3.1/../../../../arm-none-eabi/lib/thumb/v7-m\libcr_nohost.a(__ciob.o)
 .comment       0x0000007f       0x80 c:/nxp/mcuxpressoide_10.3.1_2233/ide/plugins/com.nxp.mcuxpresso.tools.win32_10.3.0.201811011841/tools/bin/../lib/gcc/arm-none-eabi/7.3.1/../../../../arm-none-eabi/lib/thumb/v7-m\libcr_nohost.a(__sys_close.o)
 .comment       0x0000007f       0x80 c:/nxp/mcuxpressoide_10.3.1_2233/ide/plugins/com.nxp.mcuxpresso.tools.win32_10.3.0.201811011841/tools/bin/../lib/gcc/arm-none-eabi/7.3.1/../../../../arm-none-eabi/lib/thumb/v7-m\libcr_nohost.a(__sys_flen.o)
 .comment       0x0000007f       0x80 c:/nxp/mcuxpressoide_10.3.1_2233/ide/plugins/com.nxp.mcuxpresso.tools.win32_10.3.0.201811011841/tools/bin/../lib/gcc/arm-none-eabi/7.3.1/../../../../arm-none-eabi/lib/thumb/v7-m\libcr_nohost.a(__sys_istty.o)
 .comment       0x0000007f       0x80 c:/nxp/mcuxpressoide_10.3.1_2233/ide/plugins/com.nxp.mcuxpresso.tools.win32_10.3.0.201811011841/tools/bin/../lib/gcc/arm-none-eabi/7.3.1/../../../../arm-none-eabi/lib/thumb/v7-m\libcr_nohost.a(__sys_remove.o)
 .comment       0x0000007f       0x80 c:/nxp/mcuxpressoide_10.3.1_2233/ide/plugins/com.nxp.mcuxpresso.tools.win32_10.3.0.201811011841/tools/bin/../lib/gcc/arm-none-eabi/7.3.1/../../../../arm-none-eabi/lib/thumb/v7-m\libcr_nohost.a(__sys_seek.o)
 .comment       0x0000007f       0x80 c:/nxp/mcuxpressoide_10.3.1_2233/ide/plugins/com.nxp.mcuxpresso.tools.win32_10.3.0.201811011841/tools/bin/../lib/gcc/arm-none-eabi/7.3.1/../../../../arm-none-eabi/lib/thumb/v7-m\libcr_nohost.a(__sys_tmpnam.o)
 .comment       0x0000007f       0x80 c:/nxp/mcuxpressoide_10.3.1_2233/ide/plugins/com.nxp.mcuxpresso.tools.win32_10.3.0.201811011841/tools/bin/../lib/gcc/arm-none-eabi/7.3.1/../../../../arm-none-eabi/lib/thumb/v7-m\libcr_nohost.a(__sys_write.o)

.ARM.attributes
                0x00000000       0x31
 .ARM.attributes
                0x00000000       0x33 ./example/src/tasks/task-heartbeat_lpc1769.o
 .ARM.attributes
                0x00000033       0x33 ./example/src/tasks/task-pantalla.o
 .ARM.attributes
                0x00000066       0x33 ./example/src/tasks/task-procesamiento.o
 .ARM.attributes
                0x00000099       0x33 ./example/src/tasks/task-pruebaPantalla.o
 .ARM.attributes
                0x000000cc       0x33 ./example/src/tasks/task-watchdog_lpc1769.o
 .ARM.attributes
                0x000000ff       0x33 ./example/src/pantalla_TFT/DefaultFonts.o
 .ARM.attributes
                0x00000132       0x33 ./example/src/pantalla_TFT/HW_lpc1769.o
 .ARM.attributes
                0x00000165       0x33 ./example/src/pantalla_TFT/UTFT.o
 .ARM.attributes
                0x00000198       0x33 ./example/src/main/cr_startup_lpc175x_6x.o
 .ARM.attributes
                0x000001cb       0x33 ./example/src/main/main.o
 .ARM.attributes
                0x000001fe       0x33 ./example/src/main/sysinit.o
 .ARM.attributes
                0x00000231       0x33 ./example/src/c-tds/monittor_lpc1769.o
 .ARM.attributes
                0x00000264       0x33 ./example/src/c-tds/scheduler_lpc1769.o
 .ARM.attributes
                0x00000297       0x33 ./example/src/c-tds/system_lpc1769.o
 .ARM.attributes
                0x000002ca       0x33 C:\Users\Gaston\Documents\facultad\TDII\Proyecto\lpc_chip_175x_6x\Debug\liblpc_chip_175x_6x.a(chip_17xx_40xx.o)
 .ARM.attributes
                0x000002fd       0x33 C:\Users\Gaston\Documents\facultad\TDII\Proyecto\lpc_chip_175x_6x\Debug\liblpc_chip_175x_6x.a(clock_17xx_40xx.o)
 .ARM.attributes
                0x00000330       0x33 C:\Users\Gaston\Documents\facultad\TDII\Proyecto\lpc_chip_175x_6x\Debug\liblpc_chip_175x_6x.a(iocon_17xx_40xx.o)
 .ARM.attributes
                0x00000363       0x33 C:\Users\Gaston\Documents\facultad\TDII\Proyecto\lpc_chip_175x_6x\Debug\liblpc_chip_175x_6x.a(sysinit_17xx_40xx.o)
 .ARM.attributes
                0x00000396       0x33 C:\Users\Gaston\Documents\facultad\TDII\Proyecto\lpc_chip_175x_6x\Debug\liblpc_chip_175x_6x.a(timer_17xx_40xx.o)
 .ARM.attributes
                0x000003c9       0x33 C:\Users\Gaston\Documents\facultad\TDII\Proyecto\lpc_chip_175x_6x\Debug\liblpc_chip_175x_6x.a(wwdt_17xx_40xx.o)
 .ARM.attributes
                0x000003fc       0x33 c:/nxp/mcuxpressoide_10.3.1_2233/ide/plugins/com.nxp.mcuxpresso.tools.win32_10.3.0.201811011841/tools/bin/../lib/gcc/arm-none-eabi/7.3.1/../../../../arm-none-eabi/lib/thumb/v7-m\libcr_nohost.a(_cr__main.o)
 .ARM.attributes
                0x0000042f       0x33 c:/nxp/mcuxpressoide_10.3.1_2233/ide/plugins/com.nxp.mcuxpresso.tools.win32_10.3.0.201811011841/tools/bin/../lib/gcc/arm-none-eabi/7.3.1/../../../../arm-none-eabi/lib/thumb/v7-m\libcr_c.a(memcpy.o)
 .ARM.attributes
                0x00000462       0x33 c:/nxp/mcuxpressoide_10.3.1_2233/ide/plugins/com.nxp.mcuxpresso.tools.win32_10.3.0.201811011841/tools/bin/../lib/gcc/arm-none-eabi/7.3.1/../../../../arm-none-eabi/lib/thumb/v7-m\libcr_c.a(memset.o)
 .ARM.attributes
                0x00000495       0x33 c:/nxp/mcuxpressoide_10.3.1_2233/ide/plugins/com.nxp.mcuxpresso.tools.win32_10.3.0.201811011841/tools/bin/../lib/gcc/arm-none-eabi/7.3.1/../../../../arm-none-eabi/lib/thumb/v7-m\libcr_c.a(initio.o)
 .ARM.attributes
                0x000004c8       0x33 c:/nxp/mcuxpressoide_10.3.1_2233/ide/plugins/com.nxp.mcuxpresso.tools.win32_10.3.0.201811011841/tools/bin/../lib/gcc/arm-none-eabi/7.3.1/../../../../arm-none-eabi/lib/thumb/v7-m\libcr_c.a(setvbuf.o)
 .ARM.attributes
                0x000004fb       0x33 c:/nxp/mcuxpressoide_10.3.1_2233/ide/plugins/com.nxp.mcuxpresso.tools.win32_10.3.0.201811011841/tools/bin/../lib/gcc/arm-none-eabi/7.3.1/../../../../arm-none-eabi/lib/thumb/v7-m\libcr_c.a(strcpy.o)
 .ARM.attributes
                0x0000052e       0x33 c:/nxp/mcuxpressoide_10.3.1_2233/ide/plugins/com.nxp.mcuxpresso.tools.win32_10.3.0.201811011841/tools/bin/../lib/gcc/arm-none-eabi/7.3.1/../../../../arm-none-eabi/lib/thumb/v7-m\libcr_c.a(strlen.o)
 .ARM.attributes
                0x00000561       0x33 c:/nxp/mcuxpressoide_10.3.1_2233/ide/plugins/com.nxp.mcuxpresso.tools.win32_10.3.0.201811011841/tools/bin/../lib/gcc/arm-none-eabi/7.3.1/../../../../arm-none-eabi/lib/thumb/v7-m\libcr_c.a(_fdopen.o)
 .ARM.attributes
                0x00000594       0x33 c:/nxp/mcuxpressoide_10.3.1_2233/ide/plugins/com.nxp.mcuxpresso.tools.win32_10.3.0.201811011841/tools/bin/../lib/gcc/arm-none-eabi/7.3.1/../../../../arm-none-eabi/lib/thumb/v7-m\libcr_c.a(fclose.o)
 .ARM.attributes
                0x000005c7       0x33 c:/nxp/mcuxpressoide_10.3.1_2233/ide/plugins/com.nxp.mcuxpresso.tools.win32_10.3.0.201811011841/tools/bin/../lib/gcc/arm-none-eabi/7.3.1/../../../../arm-none-eabi/lib/thumb/v7-m\libcr_c.a(fflush.o)
 .ARM.attributes
                0x000005fa       0x33 c:/nxp/mcuxpressoide_10.3.1_2233/ide/plugins/com.nxp.mcuxpresso.tools.win32_10.3.0.201811011841/tools/bin/../lib/gcc/arm-none-eabi/7.3.1/../../../../arm-none-eabi/lib/thumb/v7-m\libcr_c.a(fseek.o)
 .ARM.attributes
                0x0000062d       0x33 c:/nxp/mcuxpressoide_10.3.1_2233/ide/plugins/com.nxp.mcuxpresso.tools.win32_10.3.0.201811011841/tools/bin/../lib/gcc/arm-none-eabi/7.3.1/../../../../arm-none-eabi/lib/thumb/v7-m\libcr_c.a(ftell.o)
 .ARM.attributes
                0x00000660       0x33 c:/nxp/mcuxpressoide_10.3.1_2233/ide/plugins/com.nxp.mcuxpresso.tools.win32_10.3.0.201811011841/tools/bin/../lib/gcc/arm-none-eabi/7.3.1/../../../../arm-none-eabi/lib/thumb/v7-m\libcr_c.a(remove.o)
 .ARM.attributes
                0x00000693       0x33 c:/nxp/mcuxpressoide_10.3.1_2233/ide/plugins/com.nxp.mcuxpresso.tools.win32_10.3.0.201811011841/tools/bin/../lib/gcc/arm-none-eabi/7.3.1/../../../../arm-none-eabi/lib/thumb/v7-m\libcr_c.a(_do_fflush.o)
 .ARM.attributes
                0x000006c6       0x33 c:/nxp/mcuxpressoide_10.3.1_2233/ide/plugins/com.nxp.mcuxpresso.tools.win32_10.3.0.201811011841/tools/bin/../lib/gcc/arm-none-eabi/7.3.1/../../../../arm-none-eabi/lib/thumb/v7-m\libcr_c.a(_fflush.o)
 .ARM.attributes
                0x000006f9       0x33 c:/nxp/mcuxpressoide_10.3.1_2233/ide/plugins/com.nxp.mcuxpresso.tools.win32_10.3.0.201811011841/tools/bin/../lib/gcc/arm-none-eabi/7.3.1/../../../../arm-none-eabi/lib/thumb/v7-m\libcr_c.a(_writebuf.o)
 .ARM.attributes
                0x0000072c       0x33 c:/nxp/mcuxpressoide_10.3.1_2233/ide/plugins/com.nxp.mcuxpresso.tools.win32_10.3.0.201811011841/tools/bin/../lib/gcc/arm-none-eabi/7.3.1/../../../../arm-none-eabi/lib/thumb/v7-m\libcr_c.a(alloc.o)
 .ARM.attributes
                0x0000075f       0x33 c:/nxp/mcuxpressoide_10.3.1_2233/ide/plugins/com.nxp.mcuxpresso.tools.win32_10.3.0.201811011841/tools/bin/../lib/gcc/arm-none-eabi/7.3.1/../../../../arm-none-eabi/lib/thumb/v7-m\libcr_c.a(errno.o)
 .ARM.attributes
                0x00000792       0x33 c:/nxp/mcuxpressoide_10.3.1_2233/ide/plugins/com.nxp.mcuxpresso.tools.win32_10.3.0.201811011841/tools/bin/../lib/gcc/arm-none-eabi/7.3.1/../../../../arm-none-eabi/lib/thumb/v7-m\libcr_c.a(_deferredlazyseek.o)
 .ARM.attributes
                0x000007c5       0x33 c:/nxp/mcuxpressoide_10.3.1_2233/ide/plugins/com.nxp.mcuxpresso.tools.win32_10.3.0.201811011841/tools/bin/../lib/gcc/arm-none-eabi/7.3.1/thumb/v7-m\libcr_eabihelpers.a(float.o)
 .ARM.attributes
                0x000007f8       0x21 c:/nxp/mcuxpressoide_10.3.1_2233/ide/plugins/com.nxp.mcuxpresso.tools.win32_10.3.0.201811011841/tools/bin/../lib/gcc/arm-none-eabi/7.3.1/thumb/v7-m\libcr_eabihelpers.a(memcpy.o)
 .ARM.attributes
                0x00000819       0x33 c:/nxp/mcuxpressoide_10.3.1_2233/ide/plugins/com.nxp.mcuxpresso.tools.win32_10.3.0.201811011841/tools/bin/../lib/gcc/arm-none-eabi/7.3.1/../../../../arm-none-eabi/lib/thumb/v7-m\libcr_nohost.a(__ciob.o)
 .ARM.attributes
                0x0000084c       0x33 c:/nxp/mcuxpressoide_10.3.1_2233/ide/plugins/com.nxp.mcuxpresso.tools.win32_10.3.0.201811011841/tools/bin/../lib/gcc/arm-none-eabi/7.3.1/../../../../arm-none-eabi/lib/thumb/v7-m\libcr_nohost.a(__sys_close.o)
 .ARM.attributes
                0x0000087f       0x33 c:/nxp/mcuxpressoide_10.3.1_2233/ide/plugins/com.nxp.mcuxpresso.tools.win32_10.3.0.201811011841/tools/bin/../lib/gcc/arm-none-eabi/7.3.1/../../../../arm-none-eabi/lib/thumb/v7-m\libcr_nohost.a(__sys_flen.o)
 .ARM.attributes
                0x000008b2       0x33 c:/nxp/mcuxpressoide_10.3.1_2233/ide/plugins/com.nxp.mcuxpresso.tools.win32_10.3.0.201811011841/tools/bin/../lib/gcc/arm-none-eabi/7.3.1/../../../../arm-none-eabi/lib/thumb/v7-m\libcr_nohost.a(__sys_istty.o)
 .ARM.attributes
                0x000008e5       0x33 c:/nxp/mcuxpressoide_10.3.1_2233/ide/plugins/com.nxp.mcuxpresso.tools.win32_10.3.0.201811011841/tools/bin/../lib/gcc/arm-none-eabi/7.3.1/../../../../arm-none-eabi/lib/thumb/v7-m\libcr_nohost.a(__sys_remove.o)
 .ARM.attributes
                0x00000918       0x33 c:/nxp/mcuxpressoide_10.3.1_2233/ide/plugins/com.nxp.mcuxpresso.tools.win32_10.3.0.201811011841/tools/bin/../lib/gcc/arm-none-eabi/7.3.1/../../../../arm-none-eabi/lib/thumb/v7-m\libcr_nohost.a(__sys_seek.o)
 .ARM.attributes
                0x0000094b       0x33 c:/nxp/mcuxpressoide_10.3.1_2233/ide/plugins/com.nxp.mcuxpresso.tools.win32_10.3.0.201811011841/tools/bin/../lib/gcc/arm-none-eabi/7.3.1/../../../../arm-none-eabi/lib/thumb/v7-m\libcr_nohost.a(__sys_tmpnam.o)
 .ARM.attributes
                0x0000097e       0x33 c:/nxp/mcuxpressoide_10.3.1_2233/ide/plugins/com.nxp.mcuxpresso.tools.win32_10.3.0.201811011841/tools/bin/../lib/gcc/arm-none-eabi/7.3.1/../../../../arm-none-eabi/lib/thumb/v7-m\libcr_nohost.a(__sys_write.o)

.debug_frame    0x00000000     0x1948
 .debug_frame   0x00000000       0xc4 ./example/src/tasks/task-heartbeat_lpc1769.o
 .debug_frame   0x000000c4      0x258 ./example/src/tasks/task-pantalla.o
 .debug_frame   0x0000031c       0x34 ./example/src/tasks/task-procesamiento.o
 .debug_frame   0x00000350       0x34 ./example/src/tasks/task-pruebaPantalla.o
 .debug_frame   0x00000384      0x188 ./example/src/tasks/task-watchdog_lpc1769.o
 .debug_frame   0x0000050c       0xac ./example/src/pantalla_TFT/HW_lpc1769.o
 .debug_frame   0x000005b8      0x3f0 ./example/src/pantalla_TFT/UTFT.o
 .debug_frame   0x000009a8      0x170 ./example/src/main/cr_startup_lpc175x_6x.o
 .debug_frame   0x00000b18       0x2c ./example/src/main/main.o
 .debug_frame   0x00000b44       0x34 ./example/src/main/sysinit.o
 .debug_frame   0x00000b78      0x2bc ./example/src/c-tds/monittor_lpc1769.o
 .debug_frame   0x00000e34      0x1d0 ./example/src/c-tds/scheduler_lpc1769.o
 .debug_frame   0x00001004      0x150 ./example/src/c-tds/system_lpc1769.o
 .debug_frame   0x00001154       0x88 C:\Users\Gaston\Documents\facultad\TDII\Proyecto\lpc_chip_175x_6x\Debug\liblpc_chip_175x_6x.a(chip_17xx_40xx.o)
 .debug_frame   0x000011dc      0x490 C:\Users\Gaston\Documents\facultad\TDII\Proyecto\lpc_chip_175x_6x\Debug\liblpc_chip_175x_6x.a(clock_17xx_40xx.o)
 .debug_frame   0x0000166c       0x80 C:\Users\Gaston\Documents\facultad\TDII\Proyecto\lpc_chip_175x_6x\Debug\liblpc_chip_175x_6x.a(iocon_17xx_40xx.o)
 .debug_frame   0x000016ec      0x12c C:\Users\Gaston\Documents\facultad\TDII\Proyecto\lpc_chip_175x_6x\Debug\liblpc_chip_175x_6x.a(sysinit_17xx_40xx.o)
 .debug_frame   0x00001818       0xd0 C:\Users\Gaston\Documents\facultad\TDII\Proyecto\lpc_chip_175x_6x\Debug\liblpc_chip_175x_6x.a(timer_17xx_40xx.o)
 .debug_frame   0x000018e8       0x60 C:\Users\Gaston\Documents\facultad\TDII\Proyecto\lpc_chip_175x_6x\Debug\liblpc_chip_175x_6x.a(wwdt_17xx_40xx.o)
