Archive member included to satisfy reference by file (symbol)

C:\Users\Gaston\Documents\facultad\TDII\Proyecto\lpc_board_nxp_lpcxpresso_1769\Debug\liblpc_board_nxp_lpcxpresso_1769.a(board.o)
                              ./src/TFT.o (Board_Init)
C:\Users\Gaston\Documents\facultad\TDII\Proyecto\lpc_board_nxp_lpcxpresso_1769\Debug\liblpc_board_nxp_lpcxpresso_1769.a(board_sysinit.o)
                              ./src/sysinit.o (Board_SystemInit)
C:\Users\Gaston\Documents\facultad\TDII\Proyecto\lpc_chip_175x_6x\Debug\liblpc_chip_175x_6x.a(chip_17xx_40xx.o)
                              ./src/UTFT.o (SystemCoreClock)
C:\Users\Gaston\Documents\facultad\TDII\Proyecto\lpc_chip_175x_6x\Debug\liblpc_chip_175x_6x.a(clock_17xx_40xx.o)
                              C:\Users\Gaston\Documents\facultad\TDII\Proyecto\lpc_chip_175x_6x\Debug\liblpc_chip_175x_6x.a(chip_17xx_40xx.o) (Chip_Clock_EnablePLL)
C:\Users\Gaston\Documents\facultad\TDII\Proyecto\lpc_chip_175x_6x\Debug\liblpc_chip_175x_6x.a(i2s_17xx_40xx.o)
                              C:\Users\Gaston\Documents\facultad\TDII\Proyecto\lpc_board_nxp_lpcxpresso_1769\Debug\liblpc_board_nxp_lpcxpresso_1769.a(board.o) (Chip_I2S_Init)
C:\Users\Gaston\Documents\facultad\TDII\Proyecto\lpc_chip_175x_6x\Debug\liblpc_chip_175x_6x.a(iocon_17xx_40xx.o)
                              C:\Users\Gaston\Documents\facultad\TDII\Proyecto\lpc_board_nxp_lpcxpresso_1769\Debug\liblpc_board_nxp_lpcxpresso_1769.a(board.o) (Chip_IOCON_PinMux)
C:\Users\Gaston\Documents\facultad\TDII\Proyecto\lpc_chip_175x_6x\Debug\liblpc_chip_175x_6x.a(sysinit_17xx_40xx.o)
                              C:\Users\Gaston\Documents\facultad\TDII\Proyecto\lpc_board_nxp_lpcxpresso_1769\Debug\liblpc_board_nxp_lpcxpresso_1769.a(board_sysinit.o) (Chip_SetupXtalClocking)
C:\Users\Gaston\Documents\facultad\TDII\Proyecto\lpc_chip_175x_6x\Debug\liblpc_chip_175x_6x.a(uart_17xx_40xx.o)
                              C:\Users\Gaston\Documents\facultad\TDII\Proyecto\lpc_board_nxp_lpcxpresso_1769\Debug\liblpc_board_nxp_lpcxpresso_1769.a(board.o) (Chip_UART_Init)
C:\Users\Gaston\Documents\facultad\TDII\Proyecto\lpc_chip_175x_6x\Debug\liblpc_chip_175x_6x.a(ring_buffer.o)
                              C:\Users\Gaston\Documents\facultad\TDII\Proyecto\lpc_chip_175x_6x\Debug\liblpc_chip_175x_6x.a(uart_17xx_40xx.o) (RingBuffer_Insert)
c:/nxp/mcuxpressoide_10.3.1_2233/ide/plugins/com.nxp.mcuxpresso.tools.win32_10.3.0.201811011841/tools/bin/../lib/gcc/arm-none-eabi/7.3.1/../../../../arm-none-eabi/lib/thumb/v7-m\libcr_c.a(memcpy.o)
                              C:\Users\Gaston\Documents\facultad\TDII\Proyecto\lpc_board_nxp_lpcxpresso_1769\Debug\liblpc_board_nxp_lpcxpresso_1769.a(board.o) (memcpy)
c:/nxp/mcuxpressoide_10.3.1_2233/ide/plugins/com.nxp.mcuxpresso.tools.win32_10.3.0.201811011841/tools/bin/../lib/gcc/arm-none-eabi/7.3.1/../../../../arm-none-eabi/lib/thumb/v7-m\libcr_c.a(__weak__main.o)
                              ./src/cr_startup_lpc175x_6x.o (__main)
c:/nxp/mcuxpressoide_10.3.1_2233/ide/plugins/com.nxp.mcuxpresso.tools.win32_10.3.0.201811011841/tools/bin/../lib/gcc/arm-none-eabi/7.3.1/../../../../arm-none-eabi/lib/thumb/v7-m\libcr_c.a(strlen.o)
                              ./src/UTFT.o (strlen)
c:/nxp/mcuxpressoide_10.3.1_2233/ide/plugins/com.nxp.mcuxpresso.tools.win32_10.3.0.201811011841/tools/bin/../lib/gcc/arm-none-eabi/7.3.1/thumb/v7-m\libcr_eabihelpers.a(division_64.o)
                              C:\Users\Gaston\Documents\facultad\TDII\Proyecto\lpc_chip_175x_6x\Debug\liblpc_chip_175x_6x.a(i2s_17xx_40xx.o) (__aeabi_uldivmod)
c:/nxp/mcuxpressoide_10.3.1_2233/ide/plugins/com.nxp.mcuxpresso.tools.win32_10.3.0.201811011841/tools/bin/../lib/gcc/arm-none-eabi/7.3.1/thumb/v7-m\libcr_eabihelpers.a(division_idiv0.o)
                              c:/nxp/mcuxpressoide_10.3.1_2233/ide/plugins/com.nxp.mcuxpresso.tools.win32_10.3.0.201811011841/tools/bin/../lib/gcc/arm-none-eabi/7.3.1/thumb/v7-m\libcr_eabihelpers.a(division_64.o) (__aeabi_idiv0)
c:/nxp/mcuxpressoide_10.3.1_2233/ide/plugins/com.nxp.mcuxpresso.tools.win32_10.3.0.201811011841/tools/bin/../lib/gcc/arm-none-eabi/7.3.1/thumb/v7-m\libcr_eabihelpers.a(memcpy.o)
                              c:/nxp/mcuxpressoide_10.3.1_2233/ide/plugins/com.nxp.mcuxpresso.tools.win32_10.3.0.201811011841/tools/bin/../lib/gcc/arm-none-eabi/7.3.1/../../../../arm-none-eabi/lib/thumb/v7-m\libcr_c.a(memcpy.o) (__aeabi_memcpy)

Allocating common symbols
Common symbol       size              file

SystemCoreClock     0x4               C:\Users\Gaston\Documents\facultad\TDII\Proyecto\lpc_chip_175x_6x\Debug\liblpc_chip_175x_6x.a(chip_17xx_40xx.o)

Discarded input sections

 .group         0x00000000        0xc ./src/DefaultFonts.o
 .group         0x00000000        0xc ./src/DefaultFonts.o
 .group         0x00000000        0xc ./src/DefaultFonts.o
 .group         0x00000000        0xc ./src/DefaultFonts.o
 .group         0x00000000        0xc ./src/DefaultFonts.o
[...]
Memory Configuration

Name             Origin             Length             Attributes
MFlash512        0x00000000         0x00080000         xr
RamLoc32         0x10000000         0x00008000         xrw
RamAHB32         0x2007c000         0x00008000         xrw
*default*        0x00000000         0xffffffff

Linker script and memory map

LOAD ./src/DefaultFonts.o
LOAD ./src/HW_lpc1769.o
LOAD ./src/TFT.o
LOAD ./src/UTFT.o
LOAD ./src/cr_startup_lpc175x_6x.o
LOAD ./src/crp.o
LOAD ./src/sysinit.o
LOAD C:\Users\Gaston\Documents\facultad\TDII\Proyecto\lpc_board_nxp_lpcxpresso_1769\Debug\liblpc_board_nxp_lpcxpresso_1769.a
LOAD C:\Users\Gaston\Documents\facultad\TDII\Proyecto\lpc_chip_175x_6x\Debug\liblpc_chip_175x_6x.a
START GROUP
LOAD c:/nxp/mcuxpressoide_10.3.1_2233/ide/plugins/com.nxp.mcuxpresso.tools.win32_10.3.0.201811011841/tools/bin/../lib/gcc/arm-none-eabi/7.3.1/../../../../arm-none-eabi/lib/thumb/v7-m\libcr_c.a
LOAD c:/nxp/mcuxpressoide_10.3.1_2233/ide/plugins/com.nxp.mcuxpresso.tools.win32_10.3.0.201811011841/tools/bin/../lib/gcc/arm-none-eabi/7.3.1/thumb/v7-m\libcr_eabihelpers.a
LOAD c:/nxp/mcuxpressoide_10.3.1_2233/ide/plugins/com.nxp.mcuxpresso.tools.win32_10.3.0.201811011841/tools/bin/../lib/gcc/arm-none-eabi/7.3.1/thumb/v7-m\libgcc.a
END GROUP
                0x00000000                __base_MFlash512 = 0x0
                0x00000000                __base_Flash = 0x0
                0x00080000                __top_MFlash512 = 0x80000
                0x00080000                __top_Flash = 0x80000
                0x10000000                __base_RamLoc32 = 0x10000000
                0x10000000                __base_RAM = 0x10000000
                0x10008000                __top_RamLoc32 = 0x10008000
                0x10008000                __top_RAM = 0x10008000
                0x2007c000                __base_RamAHB32 = 0x2007c000
                0x2007c000                __base_RAM2 = 0x2007c000
                0x20084000                __top_RamAHB32 = 0x20084000
                0x20084000                __top_RAM2 = 0x20084000

.text           0x00000000     0x791c
 FILL mask 0xff
                0x00000000                __vectors_start__ = ABSOLUTE (.)
 *(.isr_vector)
 .isr_vector    0x00000000       0xcc ./src/cr_startup_lpc175x_6x.o
                0x00000000                g_pfnVectors
                0x000000cc                . = ALIGN (0x4)
                0x000000cc                __section_table_start = .
                0x000000cc                __data_section_table = .
                0x000000cc        0x4 LONG 0x791c LOADADDR (.data)
                0x000000d0        0x4 LONG 0x10000000 ADDR (.data)
                0x000000d4        0x4 LONG 0xc8c SIZEOF (.data)
                0x000000d8        0x4 LONG 0x791c LOADADDR (.data_RAM2)
                0x000000dc        0x4 LONG 0x2007c000 ADDR (.data_RAM2)
                0x000000e0        0x4 LONG 0x0 SIZEOF (.data_RAM2)
                0x000000e4                __data_section_table_end = .
                0x000000e4                __bss_section_table = .
                0x000000e4        0x4 LONG 0x10000c8c ADDR (.bss)
                0x000000e8        0x4 LONG 0x1c SIZEOF (.bss)
                0x000000ec        0x4 LONG 0x2007c000 ADDR (.bss_RAM2)
                0x000000f0        0x4 LONG 0x0 SIZEOF (.bss_RAM2)
                0x000000f4                __bss_section_table_end = .
                0x000000f4                __section_table_end = .
 *(.after_vectors*)
 .after_vectors
                0x000000f4      0x12c ./src/cr_startup_lpc175x_6x.o
                0x000000f4                data_init
                0x00000136                bss_init
                0x0000016c                ResetISR
                0x000001e4                NMI_Handler
                0x000001ea                HardFault_Handler
                0x000001f0                MemManage_Handler
                0x000001f6                BusFault_Handler
                0x000001fc                UsageFault_Handler
                0x00000202                SVC_Handler
                0x00000208                DebugMon_Handler
                0x0000020e                PendSV_Handler
                0x00000214                SysTick_Handler
                0x0000021a                EINT3_IRQHandler
                0x0000021a                CANActivity_IRQHandler
                0x0000021a                TIMER3_IRQHandler
                0x0000021a                UART0_IRQHandler
                0x0000021a                UART1_IRQHandler
                0x0000021a                EINT2_IRQHandler
                0x0000021a                USBActivity_IRQHandler
                0x0000021a                IntDefaultHandler
                0x0000021a                PLL0_IRQHandler
                0x0000021a                CAN_IRQHandler
                0x0000021a                I2C1_IRQHandler
                0x0000021a                SSP0_IRQHandler
                0x0000021a                I2S_IRQHandler
                0x0000021a                I2C2_IRQHandler
                0x0000021a                RTC_IRQHandler
                0x0000021a                TIMER0_IRQHandler
                0x0000021a                SPI_IRQHandler
                0x0000021a                RIT_IRQHandler
                0x0000021a                EINT1_IRQHandler
                0x0000021a                TIMER1_IRQHandler
                0x0000021a                UART2_IRQHandler
                0x0000021a                ADC_IRQHandler
                0x0000021a                SSP1_IRQHandler
                0x0000021a                USB_IRQHandler
                0x0000021a                BOD_IRQHandler
                0x0000021a                I2C0_IRQHandler
                0x0000021a                WDT_IRQHandler
                0x0000021a                PWM1_IRQHandler
                0x0000021a                QEI_IRQHandler
                0x0000021a                EINT0_IRQHandler
                0x0000021a                ETH_IRQHandler
                0x0000021a                PLL1_IRQHandler
                0x0000021a                DMA_IRQHandler
                0x0000021a                TIMER2_IRQHandler
                0x0000021a                UART3_IRQHandler
                0x0000021a                MCPWM_IRQHandler
 *(.text*)
 .text.Chip_GPIO_SetPinState
                0x00000220       0x64 ./src/HW_lpc1769.o
 .text.Chip_GPIO_WritePortBit
                0x00000284       0x2c ./src/HW_lpc1769.o
 .text.LCD_Writ_Bus
                0x000002b0      0x128 ./src/HW_lpc1769.o
                0x000002b0                LCD_Writ_Bus
 .text.Chip_GPIO_SetPinState
                0x000003d8       0x64 ./src/TFT.o
 .text.Chip_GPIO_WritePortBit
                0x0000043c       0x2c ./src/TFT.o
 .text.Chip_GPIO_GetPinState
                0x00000468       0x38 ./src/TFT.o
 .text.main     0x000004a0      0x2a4 ./src/TFT.o
                0x000004a0                main
 .text.Chip_GPIO_SetPinState
                0x00000744       0x64 ./src/UTFT.o
 .text.Chip_GPIO_WritePortBit
                0x000007a8       0x2c ./src/UTFT.o
 .text.LCD_Write_COM
                0x000007d4       0x34 ./src/UTFT.o
                0x000007d4                LCD_Write_COM
 .text.LCD_Write_DATA2
                0x00000808       0x3c ./src/UTFT.o
                0x00000808                LCD_Write_DATA2
 .text.LCD_Write_DATA1
                0x00000844       0x34 ./src/UTFT.o
                0x00000844                LCD_Write_DATA1
 .text.LCD_Write_COM_DATA
                0x00000878       0x2e ./src/UTFT.o
                0x00000878                LCD_Write_COM_DATA
 *fill*         0x000008a6        0x2 ff
 .text.InitLCD  0x000008a8      0x698 ./src/UTFT.o
                0x000008a8                InitLCD
 .text.setXY    0x00000f40       0xd8 ./src/UTFT.o
                0x00000f40                setXY
 .text.clrXY    0x00001018       0x48 ./src/UTFT.o
                0x00001018                clrXY
 .text.setColor2
                0x00001060       0x60 ./src/UTFT.o
                0x00001060                setColor2
 .text.setBackColor2
                0x000010c0       0x68 ./src/UTFT.o
                0x000010c0                setBackColor2
 .text.setPixel
                0x00001128       0x26 ./src/UTFT.o
                0x00001128                setPixel
 *fill*         0x0000114e        0x2 ff
 .text.drawPixel
                0x00001150       0x5c ./src/UTFT.o
                0x00001150                drawPixel
 .text.printChar
                0x000011ac      0x390 ./src/UTFT.o
                0x000011ac                printChar
 .text.print    0x0000153c      0x14c ./src/UTFT.o
                0x0000153c                print
 .text.setFont  0x00001688       0x44 ./src/UTFT.o
                0x00001688                setFont
 .text.drawBitmap
                0x000016cc      0x334 ./src/UTFT.o
                0x000016cc                drawBitmap
 .text.SystemInit
                0x00001a00       0x24 ./src/sysinit.o
                0x00001a00                SystemInit
 .text.Chip_IOCON_Init
                0x00001a24       0x16 C:\Users\Gaston\Documents\facultad\TDII\Proyecto\lpc_board_nxp_lpcxpresso_1769\Debug\liblpc_board_nxp_lpcxpresso_1769.a(board.o)
 .text.Chip_GPIO_Init
                0x00001a3a       0x16 C:\Users\Gaston\Documents\facultad\TDII\Proyecto\lpc_board_nxp_lpcxpresso_1769\Debug\liblpc_board_nxp_lpcxpresso_1769.a(board.o)
 .text.Chip_GPIO_SetPinDIROutput
                0x00001a50       0x36 C:\Users\Gaston\Documents\facultad\TDII\Proyecto\lpc_board_nxp_lpcxpresso_1769\Debug\liblpc_board_nxp_lpcxpresso_1769.a(board.o)
 .text.Chip_GPIO_SetPinDIRInput
                0x00001a86       0x3a C:\Users\Gaston\Documents\facultad\TDII\Proyecto\lpc_board_nxp_lpcxpresso_1769\Debug\liblpc_board_nxp_lpcxpresso_1769.a(board.o)
 .text.Chip_GPIO_SetPinDIR
                0x00001ac0       0x42 C:\Users\Gaston\Documents\facultad\TDII\Proyecto\lpc_board_nxp_lpcxpresso_1769\Debug\liblpc_board_nxp_lpcxpresso_1769.a(board.o)
 .text.Chip_GPIO_WriteDirBit
                0x00001b02       0x2e C:\Users\Gaston\Documents\facultad\TDII\Proyecto\lpc_board_nxp_lpcxpresso_1769\Debug\liblpc_board_nxp_lpcxpresso_1769.a(board.o)
 .text.Chip_UART_ConfigData
                0x00001b30       0x1a C:\Users\Gaston\Documents\facultad\TDII\Proyecto\lpc_board_nxp_lpcxpresso_1769\Debug\liblpc_board_nxp_lpcxpresso_1769.a(board.o)
 *fill*         0x00001b4a        0x2 ff
 .text.Board_LED_Init
                0x00001b4c       0x18 C:\Users\Gaston\Documents\facultad\TDII\Proyecto\lpc_board_nxp_lpcxpresso_1769\Debug\liblpc_board_nxp_lpcxpresso_1769.a(board.o)
 .text.Board_UART_Init
                0x00001b64       0x12 C:\Users\Gaston\Documents\facultad\TDII\Proyecto\lpc_board_nxp_lpcxpresso_1769\Debug\liblpc_board_nxp_lpcxpresso_1769.a(board.o)
                0x00001b64                Board_UART_Init
 *fill*         0x00001b76        0x2 ff
 .text.Board_Debug_Init
                0x00001b78       0x30 C:\Users\Gaston\Documents\facultad\TDII\Proyecto\lpc_board_nxp_lpcxpresso_1769\Debug\liblpc_board_nxp_lpcxpresso_1769.a(board.o)
                0x00001b78                Board_Debug_Init
 .text.Board_Init
                0x00001ba8       0x34 C:\Users\Gaston\Documents\facultad\TDII\Proyecto\lpc_board_nxp_lpcxpresso_1769\Debug\liblpc_board_nxp_lpcxpresso_1769.a(board.o)
                0x00001ba8                Board_Init
 .text.Chip_SYSCTL_SetFLASHAccess
                0x00001bdc       0x30 C:\Users\Gaston\Documents\facultad\TDII\Proyecto\lpc_board_nxp_lpcxpresso_1769\Debug\liblpc_board_nxp_lpcxpresso_1769.a(board_sysinit.o)
 .text.Board_SetupMuxing
                0x00001c0c       0x1c C:\Users\Gaston\Documents\facultad\TDII\Proyecto\lpc_board_nxp_lpcxpresso_1769\Debug\liblpc_board_nxp_lpcxpresso_1769.a(board_sysinit.o)
                0x00001c0c                Board_SetupMuxing
 .text.Board_SetupClocking
                0x00001c28       0x12 C:\Users\Gaston\Documents\facultad\TDII\Proyecto\lpc_board_nxp_lpcxpresso_1769\Debug\liblpc_board_nxp_lpcxpresso_1769.a(board_sysinit.o)
                0x00001c28                Board_SetupClocking
 .text.Board_SystemInit
                0x00001c3a       0x1e C:\Users\Gaston\Documents\facultad\TDII\Proyecto\lpc_board_nxp_lpcxpresso_1769\Debug\liblpc_board_nxp_lpcxpresso_1769.a(board_sysinit.o)
                0x00001c3a                Board_SystemInit
 .text.SystemCoreClockUpdate
                0x00001c58       0x18 C:\Users\Gaston\Documents\facultad\TDII\Proyecto\lpc_chip_175x_6x\Debug\liblpc_chip_175x_6x.a(chip_17xx_40xx.o)
                0x00001c58                SystemCoreClockUpdate
 .text.Chip_Clock_IsMainPLLEnabled
                0x00001c70       0x24 C:\Users\Gaston\Documents\facultad\TDII\Proyecto\lpc_chip_175x_6x\Debug\liblpc_chip_175x_6x.a(clock_17xx_40xx.o)
 .text.Chip_Clock_IsMainPLLConnected
                0x00001c94       0x24 C:\Users\Gaston\Documents\facultad\TDII\Proyecto\lpc_chip_175x_6x\Debug\liblpc_chip_175x_6x.a(clock_17xx_40xx.o)
 .text.Chip_Clock_FeedPLL
                0x00001cb8       0x34 C:\Users\Gaston\Documents\facultad\TDII\Proyecto\lpc_chip_175x_6x\Debug\liblpc_chip_175x_6x.a(clock_17xx_40xx.o)
 .text.Chip_Clock_GetMainPLLSource
                0x00001cec       0x20 C:\Users\Gaston\Documents\facultad\TDII\Proyecto\lpc_chip_175x_6x\Debug\liblpc_chip_175x_6x.a(clock_17xx_40xx.o)
 .text.Chip_Clock_GetMainOscRate
                0x00001d0c       0x14 C:\Users\Gaston\Documents\facultad\TDII\Proyecto\lpc_chip_175x_6x\Debug\liblpc_chip_175x_6x.a(clock_17xx_40xx.o)
 .text.Chip_Clock_GetIntOscRate
                0x00001d20       0x14 C:\Users\Gaston\Documents\facultad\TDII\Proyecto\lpc_chip_175x_6x\Debug\liblpc_chip_175x_6x.a(clock_17xx_40xx.o)
 .text.Chip_Clock_GetRTCOscRate
                0x00001d34       0x14 C:\Users\Gaston\Documents\facultad\TDII\Proyecto\lpc_chip_175x_6x\Debug\liblpc_chip_175x_6x.a(clock_17xx_40xx.o)
 .text.Chip_Clock_GetMainPLLInClockRate
                0x00001d48        0xe C:\Users\Gaston\Documents\facultad\TDII\Proyecto\lpc_chip_175x_6x\Debug\liblpc_chip_175x_6x.a(clock_17xx_40xx.o)
 *fill*         0x00001d56        0x2 ff
 .text.Chip_Clock_EnablePLL
                0x00001d58       0x44 C:\Users\Gaston\Documents\facultad\TDII\Proyecto\lpc_chip_175x_6x\Debug\liblpc_chip_175x_6x.a(clock_17xx_40xx.o)
                0x00001d58                Chip_Clock_EnablePLL
 .text.Chip_Clock_DisablePLL
                0x00001d9c       0x48 C:\Users\Gaston\Documents\facultad\TDII\Proyecto\lpc_chip_175x_6x\Debug\liblpc_chip_175x_6x.a(clock_17xx_40xx.o)
                0x00001d9c                Chip_Clock_DisablePLL
 .text.Chip_Clock_SetupPLL
                0x00001de4       0x5c C:\Users\Gaston\Documents\facultad\TDII\Proyecto\lpc_chip_175x_6x\Debug\liblpc_chip_175x_6x.a(clock_17xx_40xx.o)
                0x00001de4                Chip_Clock_SetupPLL
 .text.Chip_Clock_EnablePeriphClock
                0x00001e40       0x34 C:\Users\Gaston\Documents\facultad\TDII\Proyecto\lpc_chip_175x_6x\Debug\liblpc_chip_175x_6x.a(clock_17xx_40xx.o)
                0x00001e40                Chip_Clock_EnablePeriphClock
 .text.Chip_Clock_GetCPUClockSource
                0x00001e74       0x24 C:\Users\Gaston\Documents\facultad\TDII\Proyecto\lpc_chip_175x_6x\Debug\liblpc_chip_175x_6x.a(clock_17xx_40xx.o)
                0x00001e74                Chip_Clock_GetCPUClockSource
 .text.Chip_Clock_SetCPUClockDiv
                0x00001e98       0x20 C:\Users\Gaston\Documents\facultad\TDII\Proyecto\lpc_chip_175x_6x\Debug\liblpc_chip_175x_6x.a(clock_17xx_40xx.o)
                0x00001e98                Chip_Clock_SetCPUClockDiv
 .text.Chip_Clock_GetCPUClockDiv
                0x00001eb8       0x1c C:\Users\Gaston\Documents\facultad\TDII\Proyecto\lpc_chip_175x_6x\Debug\liblpc_chip_175x_6x.a(clock_17xx_40xx.o)
                0x00001eb8                Chip_Clock_GetCPUClockDiv
 .text.Chip_Clock_GetPCLKDiv
                0x00001ed4       0x8c C:\Users\Gaston\Documents\facultad\TDII\Proyecto\lpc_chip_175x_6x\Debug\liblpc_chip_175x_6x.a(clock_17xx_40xx.o)
                0x00001ed4                Chip_Clock_GetPCLKDiv
 .text.Chip_Clock_GetSYSCLKRate
                0x00001f60       0x34 C:\Users\Gaston\Documents\facultad\TDII\Proyecto\lpc_chip_175x_6x\Debug\liblpc_chip_175x_6x.a(clock_17xx_40xx.o)
                0x00001f60                Chip_Clock_GetSYSCLKRate
 .text.Chip_Clock_GetMainPLLOutClockRate
                0x00001f94       0x54 C:\Users\Gaston\Documents\facultad\TDII\Proyecto\lpc_chip_175x_6x\Debug\liblpc_chip_175x_6x.a(clock_17xx_40xx.o)
                0x00001f94                Chip_Clock_GetMainPLLOutClockRate
 .text.Chip_Clock_GetMainClockRate
                0x00001fe8       0x28 C:\Users\Gaston\Documents\facultad\TDII\Proyecto\lpc_chip_175x_6x\Debug\liblpc_chip_175x_6x.a(clock_17xx_40xx.o)
                0x00001fe8                Chip_Clock_GetMainClockRate
 .text.Chip_Clock_GetSystemClockRate
                0x00002010       0x18 C:\Users\Gaston\Documents\facultad\TDII\Proyecto\lpc_chip_175x_6x\Debug\liblpc_chip_175x_6x.a(clock_17xx_40xx.o)
                0x00002010                Chip_Clock_GetSystemClockRate
 .text.Chip_Clock_GetPeripheralClockRate
                0x00002028       0x26 C:\Users\Gaston\Documents\facultad\TDII\Proyecto\lpc_chip_175x_6x\Debug\liblpc_chip_175x_6x.a(clock_17xx_40xx.o)
                0x00002028                Chip_Clock_GetPeripheralClockRate
 .text.Chip_IOCON_PinMuxSet
                0x0000204e       0x36 C:\Users\Gaston\Documents\facultad\TDII\Proyecto\lpc_chip_175x_6x\Debug\liblpc_chip_175x_6x.a(iocon_17xx_40xx.o)
                0x0000204e                Chip_IOCON_PinMuxSet
 .text.Chip_IOCON_PinMux
                0x00002084       0x94 C:\Users\Gaston\Documents\facultad\TDII\Proyecto\lpc_chip_175x_6x\Debug\liblpc_chip_175x_6x.a(iocon_17xx_40xx.o)
                0x00002084                Chip_IOCON_PinMux
 .text.Chip_IOCON_SetPinMuxing
                0x00002118       0x62 C:\Users\Gaston\Documents\facultad\TDII\Proyecto\lpc_chip_175x_6x\Debug\liblpc_chip_175x_6x.a(iocon_17xx_40xx.o)
                0x00002118                Chip_IOCON_SetPinMuxing
 *fill*         0x0000217a        0x2 ff
 .text.Chip_Clock_IsMainPLLEnabled
                0x0000217c       0x24 C:\Users\Gaston\Documents\facultad\TDII\Proyecto\lpc_chip_175x_6x\Debug\liblpc_chip_175x_6x.a(sysinit_17xx_40xx.o)
 .text.Chip_Clock_IsMainPLLLocked
                0x000021a0       0x24 C:\Users\Gaston\Documents\facultad\TDII\Proyecto\lpc_chip_175x_6x\Debug\liblpc_chip_175x_6x.a(sysinit_17xx_40xx.o)
 .text.Chip_Clock_IsMainPLLConnected
                0x000021c4       0x24 C:\Users\Gaston\Documents\facultad\TDII\Proyecto\lpc_chip_175x_6x\Debug\liblpc_chip_175x_6x.a(sysinit_17xx_40xx.o)
 .text.Chip_Clock_EnableCrystal
                0x000021e8       0x20 C:\Users\Gaston\Documents\facultad\TDII\Proyecto\lpc_chip_175x_6x\Debug\liblpc_chip_175x_6x.a(sysinit_17xx_40xx.o)
 .text.Chip_Clock_IsCrystalEnabled
                0x00002208       0x24 C:\Users\Gaston\Documents\facultad\TDII\Proyecto\lpc_chip_175x_6x\Debug\liblpc_chip_175x_6x.a(sysinit_17xx_40xx.o)
 .text.Chip_Clock_SetMainPLLSource
                0x0000222c       0x20 C:\Users\Gaston\Documents\facultad\TDII\Proyecto\lpc_chip_175x_6x\Debug\liblpc_chip_175x_6x.a(sysinit_17xx_40xx.o)
 .text.Chip_SetupXtalClocking
                0x0000224c       0x90 C:\Users\Gaston\Documents\facultad\TDII\Proyecto\lpc_chip_175x_6x\Debug\liblpc_chip_175x_6x.a(sysinit_17xx_40xx.o)
                0x0000224c                Chip_SetupXtalClocking
 .text.Chip_UART_SetupFIFOS
                0x000022dc       0x1a C:\Users\Gaston\Documents\facultad\TDII\Proyecto\lpc_chip_175x_6x\Debug\liblpc_chip_175x_6x.a(uart_17xx_40xx.o)
 .text.Chip_UART_ConfigData
                0x000022f6       0x1a C:\Users\Gaston\Documents\facultad\TDII\Proyecto\lpc_chip_175x_6x\Debug\liblpc_chip_175x_6x.a(uart_17xx_40xx.o)
 .text.Chip_UART_EnableDivisorAccess
                0x00002310       0x1e C:\Users\Gaston\Documents\facultad\TDII\Proyecto\lpc_chip_175x_6x\Debug\liblpc_chip_175x_6x.a(uart_17xx_40xx.o)
 .text.Chip_UART_DisableDivisorAccess
                0x0000232e       0x1e C:\Users\Gaston\Documents\facultad\TDII\Proyecto\lpc_chip_175x_6x\Debug\liblpc_chip_175x_6x.a(uart_17xx_40xx.o)
 .text.Chip_UART_SetDivisorLatches
                0x0000234c       0x26 C:\Users\Gaston\Documents\facultad\TDII\Proyecto\lpc_chip_175x_6x\Debug\liblpc_chip_175x_6x.a(uart_17xx_40xx.o)
 *fill*         0x00002372        0x2 ff
 .text.Chip_UART_GetClockIndex
                0x00002374       0x50 C:\Users\Gaston\Documents\facultad\TDII\Proyecto\lpc_chip_175x_6x\Debug\liblpc_chip_175x_6x.a(uart_17xx_40xx.o)
 .text.Chip_UART_GetClkIndex
                0x000023c4       0x50 C:\Users\Gaston\Documents\facultad\TDII\Proyecto\lpc_chip_175x_6x\Debug\liblpc_chip_175x_6x.a(uart_17xx_40xx.o)
 .text.Chip_UART_Init
                0x00002414       0x78 C:\Users\Gaston\Documents\facultad\TDII\Proyecto\lpc_chip_175x_6x\Debug\liblpc_chip_175x_6x.a(uart_17xx_40xx.o)
                0x00002414                Chip_UART_Init
 .text.Chip_UART_TXEnable
                0x0000248c       0x18 C:\Users\Gaston\Documents\facultad\TDII\Proyecto\lpc_chip_175x_6x\Debug\liblpc_chip_175x_6x.a(uart_17xx_40xx.o)
                0x0000248c                Chip_UART_TXEnable
 .text.Chip_UART_TXDisable
                0x000024a4       0x18 C:\Users\Gaston\Documents\facultad\TDII\Proyecto\lpc_chip_175x_6x\Debug\liblpc_chip_175x_6x.a(uart_17xx_40xx.o)
                0x000024a4                Chip_UART_TXDisable
 .text.Chip_UART_SetBaud
                0x000024bc       0x62 C:\Users\Gaston\Documents\facultad\TDII\Proyecto\lpc_chip_175x_6x\Debug\liblpc_chip_175x_6x.a(uart_17xx_40xx.o)
                0x000024bc                Chip_UART_SetBaud
 .text.__weak_main
                0x0000251e        0x4 c:/nxp/mcuxpressoide_10.3.1_2233/ide/plugins/com.nxp.mcuxpresso.tools.win32_10.3.0.201811011841/tools/bin/../lib/gcc/arm-none-eabi/7.3.1/../../../../arm-none-eabi/lib/thumb/v7-m\libcr_c.a(__weak__main.o)
                0x0000251e                __weak_main
                0x0000251e                __main
 .text.strlen   0x00002522       0x4a c:/nxp/mcuxpressoide_10.3.1_2233/ide/plugins/com.nxp.mcuxpresso.tools.win32_10.3.0.201811011841/tools/bin/../lib/gcc/arm-none-eabi/7.3.1/../../../../arm-none-eabi/lib/thumb/v7-m\libcr_c.a(strlen.o)
                0x00002522                strlen
 *(.rodata .rodata.* .constdata .constdata.*)
 .rodata.SmallFont
                0x0000256c      0x478 ./src/DefaultFonts.o
                0x0000256c                SmallFont
 .rodata.utn    0x000029e4     0x4e20 ./src/TFT.o
                0x000029e4                utn
 .rodata        0x00007804       0x5e ./src/TFT.o
 *fill*         0x00007862        0x2 ff
 .rodata.OscRateIn
                0x00007864        0x4 C:\Users\Gaston\Documents\facultad\TDII\Proyecto\lpc_board_nxp_lpcxpresso_1769\Debug\liblpc_board_nxp_lpcxpresso_1769.a(board.o)
                0x00007864                OscRateIn
 .rodata.RTCOscRateIn
                0x00007868        0x4 C:\Users\Gaston\Documents\facultad\TDII\Proyecto\lpc_board_nxp_lpcxpresso_1769\Debug\liblpc_board_nxp_lpcxpresso_1769.a(board.o)
                0x00007868                RTCOscRateIn
 .rodata.pinmuxing
                0x0000786c       0xb0 C:\Users\Gaston\Documents\facultad\TDII\Proyecto\lpc_board_nxp_lpcxpresso_1769\Debug\liblpc_board_nxp_lpcxpresso_1769.a(board_sysinit.o)
                0x0000791c                . = ALIGN (0x4)

.glue_7         0x0000791c        0x0
 .glue_7        0x0000791c        0x0 linker stubs

.glue_7t        0x0000791c        0x0
 .glue_7t       0x0000791c        0x0 linker stubs

.vfp11_veneer   0x0000791c        0x0
 .vfp11_veneer  0x0000791c        0x0 linker stubs

.v4_bx          0x0000791c        0x0
 .v4_bx         0x0000791c        0x0 linker stubs

.iplt           0x0000791c        0x0
 .iplt          0x0000791c        0x0 ./src/DefaultFonts.o

.rel.dyn        0x0000791c        0x0
 .rel.iplt      0x0000791c        0x0 ./src/DefaultFonts.o

.ARM.extab
 *(.ARM.extab* .gnu.linkonce.armextab.*)
                0x0000791c                __exidx_start = .

.ARM.exidx
 *(.ARM.exidx* .gnu.linkonce.armexidx.*)
                0x0000791c                __exidx_end = .
                0x0000791c                _etext = .

.data_RAM2      0x2007c000        0x0 load address 0x0000791c
 FILL mask 0xff
                [!provide]                PROVIDE (__start_data_RAM2 = .)
 *(.ramfunc.$RAM2)
 *(.ramfunc.$RamAHB32)
 *(.data.$RAM2*)
 *(.data.$RamAHB32*)
                0x2007c000                . = ALIGN (0x4)
                [!provide]                PROVIDE (__end_data_RAM2 = .)

.uninit_RESERVED
                0x10000000        0x0
 *(.bss.$RESERVED*)
                0x10000000                . = ALIGN (0x4)
                0x10000000                _end_uninit_RESERVED = .

.data           0x10000000      0xc8c load address 0x0000791c
 FILL mask 0xff
                0x10000000                _data = .
 *(vtable)
 *(.ramfunc*)
 *(.data*)
 .data.sin      0x10000000      0x640 ./src/TFT.o
                0x10000000                sin
 .data.sin4     0x10000640      0x640 ./src/TFT.o
                0x10000640                sin4
 .data.disp_x_size
                0x10000c80        0x4 ./src/UTFT.o
 .data.disp_y_size
                0x10000c84        0x4 ./src/UTFT.o
 .data.display_transfer_mode
                0x10000c88        0x1 ./src/UTFT.o
                0x10000c8c                . = ALIGN (0x4)
 *fill*         0x10000c89        0x3 ff
                0x10000c8c                _edata = .

.igot.plt       0x10000c8c        0x0 load address 0x000085a8
 .igot.plt      0x10000c8c        0x0 ./src/DefaultFonts.o

.bss_RAM2       0x2007c000        0x0
                [!provide]                PROVIDE (__start_bss_RAM2 = .)
 *(.bss.$RAM2*)
 *(.bss.$RamAHB32*)
                0x2007c000                . = ALIGN ((. != 0x0)?0x4:0x1)
                [!provide]                PROVIDE (__end_bss_RAM2 = .)

.bss            0x10000c8c       0x1c
                0x10000c8c                _bss = .
 *(.bss*)
 .bss.i.7398    0x10000c8c        0x4 ./src/TFT.o
 .bss.fch       0x10000c90        0x1 ./src/UTFT.o
 .bss.fcl       0x10000c91        0x1 ./src/UTFT.o
 .bss.bch       0x10000c92        0x1 ./src/UTFT.o
 .bss.bcl       0x10000c93        0x1 ./src/UTFT.o
 .bss.orient    0x10000c94        0x1 ./src/UTFT.o
 *fill*         0x10000c95        0x3 
 .bss.cfont     0x10000c98        0x8 ./src/UTFT.o
 .bss._transparent
                0x10000ca0        0x1 ./src/UTFT.o
                0x10000ca0                _transparent
 *(COMMON)
 *fill*         0x10000ca1        0x3 
 COMMON         0x10000ca4        0x4 C:\Users\Gaston\Documents\facultad\TDII\Proyecto\lpc_chip_175x_6x\Debug\liblpc_chip_175x_6x.a(chip_17xx_40xx.o)
                0x10000ca4                SystemCoreClock
                0x10000ca8                . = ALIGN (0x4)
                0x10000ca8                _ebss = .
                [!provide]                PROVIDE (end = .)

.noinit_RAM2    0x2007c000        0x0
 *(.noinit.$RAM2*)
 *(.noinit.$RamAHB32*)
                0x2007c000                . = ALIGN (0x4)

.noinit         0x10000ca8        0x0
                0x10000ca8                _noinit = .
 *(.noinit*)
                0x10000ca8                . = ALIGN (0x4)
                0x10000ca8                _end_noinit = .
                [!provide]                PROVIDE (_pvHeapStart = DEFINED (__user_heap_base)?__user_heap_base:.)
                0x10008000                PROVIDE (_vStackTop = DEFINED (__user_stack_top)?__user_stack_top:(__top_RamLoc32 - 0x0))
                0xefff74de                PROVIDE (__valid_user_code_checksum = (0x0 - ((((((_vStackTop + (ResetISR + 0x1)) + (NMI_Handler + 0x1)) + (HardFault_Handler + 0x1)) + (DEFINED (MemManage_Handler)?MemManage_Handler:0x0 + 0x1)) + (DEFINED (BusFault_Handler)?BusFault_Handler:0x0 + 0x1)) + (DEFINED (UsageFault_Handler)?UsageFault_Handler:0x0 + 0x1))))
                0x00000000                _image_start = LOADADDR (.text)
                0x000085a8                _image_end = (LOADADDR (.data) + SIZEOF (.data))
                0x000085a8                _image_size = (_image_end - _image_start)
OUTPUT(TFT.axf elf32-littlearm)

.debug_info     0x00000000     0x6026
 .debug_info    0x00000000      0x32c ./src/DefaultFonts.o
 .debug_info    0x0000032c      0x3d3 ./src/HW_lpc1769.o
 .debug_info    0x000006ff      0x533 ./src/TFT.o
 .debug_info    0x00000c32      0xbfa ./src/UTFT.o
 .debug_info    0x0000182c      0x255 ./src/cr_startup_lpc175x_6x.o
 .debug_info    0x00001a81      0x232 ./src/sysinit.o
 .debug_info    0x00001cb3     0x150f C:\Users\Gaston\Documents\facultad\TDII\Proyecto\lpc_board_nxp_lpcxpresso_1769\Debug\liblpc_board_nxp_lpcxpresso_1769.a(board.o)
 .debug_info    0x000031c2      0x6c3 C:\Users\Gaston\Documents\facultad\TDII\Proyecto\lpc_board_nxp_lpcxpresso_1769\Debug\liblpc_board_nxp_lpcxpresso_1769.a(board_sysinit.o)
 .debug_info    0x00003885      0x558 C:\Users\Gaston\Documents\facultad\TDII\Proyecto\lpc_chip_175x_6x\Debug\liblpc_chip_175x_6x.a(chip_17xx_40xx.o)
 .debug_info    0x00003ddd      0xba2 C:\Users\Gaston\Documents\facultad\TDII\Proyecto\lpc_chip_175x_6x\Debug\liblpc_chip_175x_6x.a(clock_17xx_40xx.o)
 .debug_info    0x0000497f      0x31e C:\Users\Gaston\Documents\facultad\TDII\Proyecto\lpc_chip_175x_6x\Debug\liblpc_chip_175x_6x.a(iocon_17xx_40xx.o)
 .debug_info    0x00004c9d      0x474 C:\Users\Gaston\Documents\facultad\TDII\Proyecto\lpc_chip_175x_6x\Debug\liblpc_chip_175x_6x.a(sysinit_17xx_40xx.o)
 .debug_info    0x00005111      0xf15 C:\Users\Gaston\Documents\facultad\TDII\Proyecto\lpc_chip_175x_6x\Debug\liblpc_chip_175x_6x.a(uart_17xx_40xx.o)

.debug_abbrev   0x00000000     0x17cf
 .debug_abbrev  0x00000000       0xdf ./src/DefaultFonts.o
 .debug_abbrev  0x000000df      0x163 ./src/HW_lpc1769.o
 .debug_abbrev  0x00000242      0x1bf ./src/TFT.o
 .debug_abbrev  0x00000401      0x251 ./src/UTFT.o
 .debug_abbrev  0x00000652      0x114 ./src/cr_startup_lpc175x_6x.o
 .debug_abbrev  0x00000766       0xdd ./src/sysinit.o
 .debug_abbrev  0x00000843      0x3c8 C:\Users\Gaston\Documents\facultad\TDII\Proyecto\lpc_board_nxp_lpcxpresso_1769\Debug\liblpc_board_nxp_lpcxpresso_1769.a(board.o)
 .debug_abbrev  0x00000c0b      0x180 C:\Users\Gaston\Documents\facultad\TDII\Proyecto\lpc_board_nxp_lpcxpresso_1769\Debug\liblpc_board_nxp_lpcxpresso_1769.a(board_sysinit.o)
 .debug_abbrev  0x00000d8b      0x151 C:\Users\Gaston\Documents\facultad\TDII\Proyecto\lpc_chip_175x_6x\Debug\liblpc_chip_175x_6x.a(chip_17xx_40xx.o)
 .debug_abbrev  0x00000edc      0x309 C:\Users\Gaston\Documents\facultad\TDII\Proyecto\lpc_chip_175x_6x\Debug\liblpc_chip_175x_6x.a(clock_17xx_40xx.o)
 .debug_abbrev  0x000011e5      0x14a C:\Users\Gaston\Documents\facultad\TDII\Proyecto\lpc_chip_175x_6x\Debug\liblpc_chip_175x_6x.a(iocon_17xx_40xx.o)
 .debug_abbrev  0x0000132f      0x18e C:\Users\Gaston\Documents\facultad\TDII\Proyecto\lpc_chip_175x_6x\Debug\liblpc_chip_175x_6x.a(sysinit_17xx_40xx.o)
 .debug_abbrev  0x000014bd      0x312 C:\Users\Gaston\Documents\facultad\TDII\Proyecto\lpc_chip_175x_6x\Debug\liblpc_chip_175x_6x.a(uart_17xx_40xx.o)

.debug_aranges  0x00000000      0x6c0
 .debug_aranges
                0x00000000       0x18 ./src/DefaultFonts.o
 .debug_aranges
                0x00000018       0x38 ./src/HW_lpc1769.o
 .debug_aranges
                0x00000050       0x38 ./src/TFT.o
 .debug_aranges
                0x00000088       0xf0 ./src/UTFT.o
 .debug_aranges
                0x00000178       0x80 ./src/cr_startup_lpc175x_6x.o
 .debug_aranges
                0x000001f8       0x20 ./src/sysinit.o
 .debug_aranges
                0x00000218      0x160 C:\Users\Gaston\Documents\facultad\TDII\Proyecto\lpc_board_nxp_lpcxpresso_1769\Debug\liblpc_board_nxp_lpcxpresso_1769.a(board.o)
 .debug_aranges
                0x00000378       0x38 C:\Users\Gaston\Documents\facultad\TDII\Proyecto\lpc_board_nxp_lpcxpresso_1769\Debug\liblpc_board_nxp_lpcxpresso_1769.a(board_sysinit.o)
 .debug_aranges
                0x000003b0       0x38 C:\Users\Gaston\Documents\facultad\TDII\Proyecto\lpc_chip_175x_6x\Debug\liblpc_chip_175x_6x.a(chip_17xx_40xx.o)
 .debug_aranges
                0x000003e8      0x120 C:\Users\Gaston\Documents\facultad\TDII\Proyecto\lpc_chip_175x_6x\Debug\liblpc_chip_175x_6x.a(clock_17xx_40xx.o)
 .debug_aranges
                0x00000508       0x30 C:\Users\Gaston\Documents\facultad\TDII\Proyecto\lpc_chip_175x_6x\Debug\liblpc_chip_175x_6x.a(iocon_17xx_40xx.o)
 .debug_aranges
                0x00000538       0x60 C:\Users\Gaston\Documents\facultad\TDII\Proyecto\lpc_chip_175x_6x\Debug\liblpc_chip_175x_6x.a(sysinit_17xx_40xx.o)
 .debug_aranges
                0x00000598      0x128 C:\Users\Gaston\Documents\facultad\TDII\Proyecto\lpc_chip_175x_6x\Debug\liblpc_chip_175x_6x.a(uart_17xx_40xx.o)

.debug_macro    0x00000000     0x61f8
 .debug_macro   0x00000000      0x220 ./src/DefaultFonts.o
 .debug_macro   0x00000220      0xa6c ./src/DefaultFonts.o
 .debug_macro   0x00000c8c       0x10 ./src/DefaultFonts.o
 .debug_macro   0x00000c9c      0x12d ./src/DefaultFonts.o
 .debug_macro   0x00000dc9      0x5b2 ./src/DefaultFonts.o
 .debug_macro   0x0000137b       0x22 ./src/DefaultFonts.o
 .debug_macro   0x0000139d       0x7b ./src/DefaultFonts.o
 .debug_macro   0x00001418       0x10 ./src/DefaultFonts.o
 .debug_macro   0x00001428       0x2d ./src/DefaultFonts.o
 .debug_macro   0x00001455       0x3a ./src/DefaultFonts.o
 .debug_macro   0x0000148f       0x2d ./src/DefaultFonts.o
 .debug_macro   0x000014bc      0xbb1 ./src/DefaultFonts.o
 .debug_macro   0x0000206d      0x22c ./src/DefaultFonts.o
 .debug_macro   0x00002299       0x42 ./src/DefaultFonts.o
 .debug_macro   0x000022db       0x52 ./src/DefaultFonts.o
 .debug_macro   0x0000232d       0x78 ./src/DefaultFonts.o
 .debug_macro   0x000023a5       0x82 ./src/DefaultFonts.o
 .debug_macro   0x00002427      0x48c ./src/DefaultFonts.o
 .debug_macro   0x000028b3       0x34 ./src/DefaultFonts.o
 .debug_macro   0x000028e7      0x4c5 ./src/DefaultFonts.o
 .debug_macro   0x00002dac      0x1b7 ./src/DefaultFonts.o
 .debug_macro   0x00002f63       0x10 ./src/DefaultFonts.o
 .debug_macro   0x00002f73      0x21b ./src/DefaultFonts.o
 .debug_macro   0x0000318e      0x1b9 ./src/DefaultFonts.o
 .debug_macro   0x00003347       0x40 ./src/DefaultFonts.o
 .debug_macro   0x00003387       0x22 ./src/DefaultFonts.o
 .debug_macro   0x000033a9      0x162 ./src/DefaultFonts.o
 .debug_macro   0x0000350b       0x94 ./src/DefaultFonts.o
 .debug_macro   0x0000359f       0xb8 ./src/DefaultFonts.o
 .debug_macro   0x00003657       0x4c ./src/DefaultFonts.o
 .debug_macro   0x000036a3       0x16 ./src/DefaultFonts.o
 .debug_macro   0x000036b9      0x328 ./src/DefaultFonts.o
 .debug_macro   0x000039e1       0x49 ./src/DefaultFonts.o
 .debug_macro   0x00003a2a       0x16 ./src/DefaultFonts.o
 .debug_macro   0x00003a40       0xca ./src/DefaultFonts.o
 .debug_macro   0x00003b0a       0x18 ./src/DefaultFonts.o
 .debug_macro   0x00003b22      0x184 ./src/DefaultFonts.o
 .debug_macro   0x00003ca6       0x9a ./src/DefaultFonts.o
 .debug_macro   0x00003d40       0x20 ./src/DefaultFonts.o
 .debug_macro   0x00003d60       0x28 ./src/DefaultFonts.o
 .debug_macro   0x00003d88       0x10 ./src/DefaultFonts.o
 .debug_macro   0x00003d98      0x220 ./src/HW_lpc1769.o
 .debug_macro   0x00003fb8       0xb8 ./src/HW_lpc1769.o
 .debug_macro   0x00004070      0x233 ./src/TFT.o
 .debug_macro   0x000042a3      0x27a ./src/TFT.o
 .debug_macro   0x0000451d       0x4c ./src/TFT.o
 .debug_macro   0x00004569      0x242 ./src/UTFT.o
 .debug_macro   0x000047ab       0x1d ./src/cr_startup_lpc175x_6x.o
 .debug_macro   0x000047c8      0x217 ./src/sysinit.o
 .debug_macro   0x000049df      0x289 C:\Users\Gaston\Documents\facultad\TDII\Proyecto\lpc_board_nxp_lpcxpresso_1769\Debug\liblpc_board_nxp_lpcxpresso_1769.a(board.o)
 .debug_macro   0x00004c68      0xa66 C:\Users\Gaston\Documents\facultad\TDII\Proyecto\lpc_board_nxp_lpcxpresso_1769\Debug\liblpc_board_nxp_lpcxpresso_1769.a(board.o)
 .debug_macro   0x000056ce       0x12 C:\Users\Gaston\Documents\facultad\TDII\Proyecto\lpc_board_nxp_lpcxpresso_1769\Debug\liblpc_board_nxp_lpcxpresso_1769.a(board.o)
 .debug_macro   0x000056e0      0x217 C:\Users\Gaston\Documents\facultad\TDII\Proyecto\lpc_board_nxp_lpcxpresso_1769\Debug\liblpc_board_nxp_lpcxpresso_1769.a(board_sysinit.o)
 .debug_macro   0x000058f7      0x1cd C:\Users\Gaston\Documents\facultad\TDII\Proyecto\lpc_chip_175x_6x\Debug\liblpc_chip_175x_6x.a(chip_17xx_40xx.o)
 .debug_macro   0x00005ac4      0x1cd C:\Users\Gaston\Documents\facultad\TDII\Proyecto\lpc_chip_175x_6x\Debug\liblpc_chip_175x_6x.a(clock_17xx_40xx.o)
 .debug_macro   0x00005c91      0x1cd C:\Users\Gaston\Documents\facultad\TDII\Proyecto\lpc_chip_175x_6x\Debug\liblpc_chip_175x_6x.a(iocon_17xx_40xx.o)
 .debug_macro   0x00005e5e      0x1cd C:\Users\Gaston\Documents\facultad\TDII\Proyecto\lpc_chip_175x_6x\Debug\liblpc_chip_175x_6x.a(sysinit_17xx_40xx.o)
 .debug_macro   0x0000602b      0x1cd C:\Users\Gaston\Documents\facultad\TDII\Proyecto\lpc_chip_175x_6x\Debug\liblpc_chip_175x_6x.a(uart_17xx_40xx.o)

.debug_line     0x00000000     0x4e35
 .debug_line    0x00000000      0x532 ./src/DefaultFonts.o
 .debug_line    0x00000532      0x61b ./src/HW_lpc1769.o
 .debug_line    0x00000b4d      0x627 ./src/TFT.o
 .debug_line    0x00001174      0xb28 ./src/UTFT.o
 .debug_line    0x00001c9c       0xd3 ./src/cr_startup_lpc175x_6x.o
 .debug_line    0x00001d6f      0x4f9 ./src/sysinit.o
 .debug_line    0x00002268      0x8b6 C:\Users\Gaston\Documents\facultad\TDII\Proyecto\lpc_board_nxp_lpcxpresso_1769\Debug\liblpc_board_nxp_lpcxpresso_1769.a(board.o)
 .debug_line    0x00002b1e      0x53c C:\Users\Gaston\Documents\facultad\TDII\Proyecto\lpc_board_nxp_lpcxpresso_1769\Debug\liblpc_board_nxp_lpcxpresso_1769.a(board_sysinit.o)
 .debug_line    0x0000305a      0x4c4 C:\Users\Gaston\Documents\facultad\TDII\Proyecto\lpc_chip_175x_6x\Debug\liblpc_chip_175x_6x.a(chip_17xx_40xx.o)
 .debug_line    0x0000351e      0x740 C:\Users\Gaston\Documents\facultad\TDII\Proyecto\lpc_chip_175x_6x\Debug\liblpc_chip_175x_6x.a(clock_17xx_40xx.o)
 .debug_line    0x00003c5e      0x4b0 C:\Users\Gaston\Documents\facultad\TDII\Proyecto\lpc_chip_175x_6x\Debug\liblpc_chip_175x_6x.a(iocon_17xx_40xx.o)
 .debug_line    0x0000410e      0x53a C:\Users\Gaston\Documents\facultad\TDII\Proyecto\lpc_chip_175x_6x\Debug\liblpc_chip_175x_6x.a(sysinit_17xx_40xx.o)
 .debug_line    0x00004648      0x7ed C:\Users\Gaston\Documents\facultad\TDII\Proyecto\lpc_chip_175x_6x\Debug\liblpc_chip_175x_6x.a(uart_17xx_40xx.o)

.debug_str      0x00000000    0x14246
 .debug_str     0x00000000    0x11568 ./src/DefaultFonts.o
                              0x1164e (size before relaxing)
 .debug_str     0x00011568      0x438 ./src/HW_lpc1769.o
                              0x1188a (size before relaxing)
 .debug_str     0x000119a0      0x6c1 ./src/TFT.o
                              0x11e5d (size before relaxing)
 .debug_str     0x00012061      0x25e ./src/UTFT.o
                              0x122f4 (size before relaxing)
 .debug_str     0x000122bf      0x1d6 ./src/cr_startup_lpc175x_6x.o
                               0x2ec7 (size before relaxing)
 .debug_str     0x00012495       0x1b ./src/sysinit.o
                              0x11473 (size before relaxing)
 .debug_str     0x000124b0      0xd64 C:\Users\Gaston\Documents\facultad\TDII\Proyecto\lpc_board_nxp_lpcxpresso_1769\Debug\liblpc_board_nxp_lpcxpresso_1769.a(board.o)
                              0x12341 (size before relaxing)
 .debug_str     0x00013214      0x22d C:\Users\Gaston\Documents\facultad\TDII\Proyecto\lpc_board_nxp_lpcxpresso_1769\Debug\liblpc_board_nxp_lpcxpresso_1769.a(board_sysinit.o)
                              0x1187b (size before relaxing)
 .debug_str     0x00013441       0xbb C:\Users\Gaston\Documents\facultad\TDII\Proyecto\lpc_chip_175x_6x\Debug\liblpc_chip_175x_6x.a(chip_17xx_40xx.o)
                              0x11301 (size before relaxing)
 .debug_str     0x000134fc      0x852 C:\Users\Gaston\Documents\facultad\TDII\Proyecto\lpc_chip_175x_6x\Debug\liblpc_chip_175x_6x.a(clock_17xx_40xx.o)
                              0x1197f (size before relaxing)
 .debug_str     0x00013d4e       0x74 C:\Users\Gaston\Documents\facultad\TDII\Proyecto\lpc_chip_175x_6x\Debug\liblpc_chip_175x_6x.a(iocon_17xx_40xx.o)
                              0x10dfc (size before relaxing)
 .debug_str     0x00013dc2       0xc4 C:\Users\Gaston\Documents\facultad\TDII\Proyecto\lpc_chip_175x_6x\Debug\liblpc_chip_175x_6x.a(sysinit_17xx_40xx.o)
                              0x10fe4 (size before relaxing)
 .debug_str     0x00013e86      0x3c0 C:\Users\Gaston\Documents\facultad\TDII\Proyecto\lpc_chip_175x_6x\Debug\liblpc_chip_175x_6x.a(uart_17xx_40xx.o)
                              0x11854 (size before relaxing)

.comment        0x00000000       0x7f
 .comment       0x00000000       0x7f ./src/DefaultFonts.o
                                 0x80 (size before relaxing)
 .comment       0x0000007f       0x80 ./src/HW_lpc1769.o
 .comment       0x0000007f       0x80 ./src/TFT.o
 .comment       0x0000007f       0x80 ./src/UTFT.o
 .comment       0x0000007f       0x80 ./src/cr_startup_lpc175x_6x.o
 .comment       0x0000007f       0x80 ./src/sysinit.o
 .comment       0x0000007f       0x80 C:\Users\Gaston\Documents\facultad\TDII\Proyecto\lpc_board_nxp_lpcxpresso_1769\Debug\liblpc_board_nxp_lpcxpresso_1769.a(board.o)
 .comment       0x0000007f       0x80 C:\Users\Gaston\Documents\facultad\TDII\Proyecto\lpc_board_nxp_lpcxpresso_1769\Debug\liblpc_board_nxp_lpcxpresso_1769.a(board_sysinit.o)
 .comment       0x0000007f       0x80 C:\Users\Gaston\Documents\facultad\TDII\Proyecto\lpc_chip_175x_6x\Debug\liblpc_chip_175x_6x.a(chip_17xx_40xx.o)
 .comment       0x0000007f       0x80 C:\Users\Gaston\Documents\facultad\TDII\Proyecto\lpc_chip_175x_6x\Debug\liblpc_chip_175x_6x.a(clock_17xx_40xx.o)
 .comment       0x0000007f       0x80 C:\Users\Gaston\Documents\facultad\TDII\Proyecto\lpc_chip_175x_6x\Debug\liblpc_chip_175x_6x.a(iocon_17xx_40xx.o)
 .comment       0x0000007f       0x80 C:\Users\Gaston\Documents\facultad\TDII\Proyecto\lpc_chip_175x_6x\Debug\liblpc_chip_175x_6x.a(sysinit_17xx_40xx.o)
 .comment       0x0000007f       0x80 C:\Users\Gaston\Documents\facultad\TDII\Proyecto\lpc_chip_175x_6x\Debug\liblpc_chip_175x_6x.a(uart_17xx_40xx.o)
 .comment       0x0000007f       0x80 c:/nxp/mcuxpressoide_10.3.1_2233/ide/plugins/com.nxp.mcuxpresso.tools.win32_10.3.0.201811011841/tools/bin/../lib/gcc/arm-none-eabi/7.3.1/../../../../arm-none-eabi/lib/thumb/v7-m\libcr_c.a(__weak__main.o)
 .comment       0x0000007f       0x80 c:/nxp/mcuxpressoide_10.3.1_2233/ide/plugins/com.nxp.mcuxpresso.tools.win32_10.3.0.201811011841/tools/bin/../lib/gcc/arm-none-eabi/7.3.1/../../../../arm-none-eabi/lib/thumb/v7-m\libcr_c.a(strlen.o)

.ARM.attributes
                0x00000000       0x31
 .ARM.attributes
                0x00000000       0x33 ./src/DefaultFonts.o
 .ARM.attributes
                0x00000033       0x33 ./src/HW_lpc1769.o
 .ARM.attributes
                0x00000066       0x33 ./src/TFT.o
 .ARM.attributes
                0x00000099       0x33 ./src/UTFT.o
 .ARM.attributes
                0x000000cc       0x33 ./src/cr_startup_lpc175x_6x.o
 .ARM.attributes
                0x000000ff       0x33 ./src/sysinit.o
 .ARM.attributes
                0x00000132       0x33 C:\Users\Gaston\Documents\facultad\TDII\Proyecto\lpc_board_nxp_lpcxpresso_1769\Debug\liblpc_board_nxp_lpcxpresso_1769.a(board.o)
 .ARM.attributes
                0x00000165       0x33 C:\Users\Gaston\Documents\facultad\TDII\Proyecto\lpc_board_nxp_lpcxpresso_1769\Debug\liblpc_board_nxp_lpcxpresso_1769.a(board_sysinit.o)
 .ARM.attributes
                0x00000198       0x33 C:\Users\Gaston\Documents\facultad\TDII\Proyecto\lpc_chip_175x_6x\Debug\liblpc_chip_175x_6x.a(chip_17xx_40xx.o)
 .ARM.attributes
                0x000001cb       0x33 C:\Users\Gaston\Documents\facultad\TDII\Proyecto\lpc_chip_175x_6x\Debug\liblpc_chip_175x_6x.a(clock_17xx_40xx.o)
 .ARM.attributes
                0x000001fe       0x33 C:\Users\Gaston\Documents\facultad\TDII\Proyecto\lpc_chip_175x_6x\Debug\liblpc_chip_175x_6x.a(iocon_17xx_40xx.o)
 .ARM.attributes
                0x00000231       0x33 C:\Users\Gaston\Documents\facultad\TDII\Proyecto\lpc_chip_175x_6x\Debug\liblpc_chip_175x_6x.a(sysinit_17xx_40xx.o)
 .ARM.attributes
                0x00000264       0x33 C:\Users\Gaston\Documents\facultad\TDII\Proyecto\lpc_chip_175x_6x\Debug\liblpc_chip_175x_6x.a(uart_17xx_40xx.o)
 .ARM.attributes
                0x00000297       0x33 c:/nxp/mcuxpressoide_10.3.1_2233/ide/plugins/com.nxp.mcuxpresso.tools.win32_10.3.0.201811011841/tools/bin/../lib/gcc/arm-none-eabi/7.3.1/../../../../arm-none-eabi/lib/thumb/v7-m\libcr_c.a(__weak__main.o)
 .ARM.attributes
                0x000002ca       0x33 c:/nxp/mcuxpressoide_10.3.1_2233/ide/plugins/com.nxp.mcuxpresso.tools.win32_10.3.0.201811011841/tools/bin/../lib/gcc/arm-none-eabi/7.3.1/../../../../arm-none-eabi/lib/thumb/v7-m\libcr_c.a(strlen.o)

.debug_ranges   0x00000000      0x5e8
 .debug_ranges  0x00000000       0x28 ./src/HW_lpc1769.o
 .debug_ranges  0x00000028       0x28 ./src/TFT.o
 .debug_ranges  0x00000050       0xe0 ./src/UTFT.o
 .debug_ranges  0x00000130       0x70 ./src/cr_startup_lpc175x_6x.o
 .debug_ranges  0x000001a0       0x10 ./src/sysinit.o
 .debug_ranges  0x000001b0      0x150 C:\Users\Gaston\Documents\facultad\TDII\Proyecto\lpc_board_nxp_lpcxpresso_1769\Debug\liblpc_board_nxp_lpcxpresso_1769.a(board.o)
 .debug_ranges  0x00000300       0x28 C:\Users\Gaston\Documents\facultad\TDII\Proyecto\lpc_board_nxp_lpcxpresso_1769\Debug\liblpc_board_nxp_lpcxpresso_1769.a(board_sysinit.o)
 .debug_ranges  0x00000328       0x28 C:\Users\Gaston\Documents\facultad\TDII\Proyecto\lpc_chip_175x_6x\Debug\liblpc_chip_175x_6x.a(chip_17xx_40xx.o)
 .debug_ranges  0x00000350      0x110 C:\Users\Gaston\Documents\facultad\TDII\Proyecto\lpc_chip_175x_6x\Debug\liblpc_chip_175x_6x.a(clock_17xx_40xx.o)
 .debug_ranges  0x00000460       0x20 C:\Users\Gaston\Documents\facultad\TDII\Proyecto\lpc_chip_175x_6x\Debug\liblpc_chip_175x_6x.a(iocon_17xx_40xx.o)
 .debug_ranges  0x00000480       0x50 C:\Users\Gaston\Documents\facultad\TDII\Proyecto\lpc_chip_175x_6x\Debug\liblpc_chip_175x_6x.a(sysinit_17xx_40xx.o)
 .debug_ranges  0x000004d0      0x118 C:\Users\Gaston\Documents\facultad\TDII\Proyecto\lpc_chip_175x_6x\Debug\liblpc_chip_175x_6x.a(uart_17xx_40xx.o)

.debug_frame    0x00000000     0x1934
 .debug_frame   0x00000000       0xa8 ./src/HW_lpc1769.o
 .debug_frame   0x000000a8       0xa4 ./src/TFT.o
 .debug_frame   0x0000014c      0x3f0 ./src/UTFT.o
 .debug_frame   0x0000053c      0x170 ./src/cr_startup_lpc175x_6x.o
 .debug_frame   0x000006ac       0x34 ./src/sysinit.o
 .debug_frame   0x000006e0      0x5d4 C:\Users\Gaston\Documents\facultad\TDII\Proyecto\lpc_board_nxp_lpcxpresso_1769\Debug\liblpc_board_nxp_lpcxpresso_1769.a(board.o)
 .debug_frame   0x00000cb4       0x8c C:\Users\Gaston\Documents\facultad\TDII\Proyecto\lpc_board_nxp_lpcxpresso_1769\Debug\liblpc_board_nxp_lpcxpresso_1769.a(board_sysinit.o)
 .debug_frame   0x00000d40       0x88 C:\Users\Gaston\Documents\facultad\TDII\Proyecto\lpc_chip_175x_6x\Debug\liblpc_chip_175x_6x.a(chip_17xx_40xx.o)
 .debug_frame   0x00000dc8      0x490 C:\Users\Gaston\Documents\facultad\TDII\Proyecto\lpc_chip_175x_6x\Debug\liblpc_chip_175x_6x.a(clock_17xx_40xx.o)
 .debug_frame   0x00001258       0x80 C:\Users\Gaston\Documents\facultad\TDII\Proyecto\lpc_chip_175x_6x\Debug\liblpc_chip_175x_6x.a(iocon_17xx_40xx.o)
 .debug_frame   0x000012d8      0x12c C:\Users\Gaston\Documents\facultad\TDII\Proyecto\lpc_chip_175x_6x\Debug\liblpc_chip_175x_6x.a(sysinit_17xx_40xx.o)
 .debug_frame   0x00001404      0x530 C:\Users\Gaston\Documents\facultad\TDII\Proyecto\lpc_chip_175x_6x\Debug\liblpc_chip_175x_6x.a(uart_17xx_40xx.o)
