Archive member included to satisfy reference by file (symbol)

C:\Users\Gaston\Documents\facultad\TDII\Proyecto\lpc_board_nxp_lpcxpresso_1769\Debug\liblpc_board_nxp_lpcxpresso_1769.a(board.o)
                              ./src/TFT.o (Board_Init)
C:\Users\Gaston\Documents\facultad\TDII\Proyecto\lpc_board_nxp_lpcxpresso_1769\Debug\liblpc_board_nxp_lpcxpresso_1769.a(board_sysinit.o)
                              ./src/sysinit.o (Board_SystemInit)
C:\Users\Gaston\Documents\facultad\TDII\Proyecto\lpc_chip_175x_6x\Debug\liblpc_chip_175x_6x.a(chip_17xx_40xx.o)
                              ./src/UTFT.o (SystemCoreClock)
C:\Users\Gaston\Documents\facultad\TDII\Proyecto\lpc_chip_175x_6x\Debug\liblpc_chip_175x_6x.a(clock_17xx_40xx.o)
                              C:\Users\Gaston\Documents\facultad\TDII\Proyecto\lpc_chip_175x_6x\Debug\liblpc_chip_175x_6x.a(chip_17xx_40xx.o) (Chip_Clock_EnablePLL)
C:\Users\Gaston\Documents\facultad\TDII\Proyecto\lpc_chip_175x_6x\Debug\liblpc_chip_175x_6x.a(i2s_17xx_40xx.o)
                              C:\Users\Gaston\Documents\facultad\TDII\Proyecto\lpc_board_nxp_lpcxpresso_1769\Debug\liblpc_board_nxp_lpcxpresso_1769.a(board.o) (Chip_I2S_Init)
C:\Users\Gaston\Documents\facultad\TDII\Proyecto\lpc_chip_175x_6x\Debug\liblpc_chip_175x_6x.a(iocon_17xx_40xx.o)
                              C:\Users\Gaston\Documents\facultad\TDII\Proyecto\lpc_board_nxp_lpcxpresso_1769\Debug\liblpc_board_nxp_lpcxpresso_1769.a(board.o) (Chip_IOCON_PinMux)
C:\Users\Gaston\Documents\facultad\TDII\Proyecto\lpc_chip_175x_6x\Debug\liblpc_chip_175x_6x.a(sysinit_17xx_40xx.o)
                              C:\Users\Gaston\Documents\facultad\TDII\Proyecto\lpc_board_nxp_lpcxpresso_1769\Debug\liblpc_board_nxp_lpcxpresso_1769.a(board_sysinit.o) (Chip_SetupXtalClocking)
C:\Users\Gaston\Documents\facultad\TDII\Proyecto\lpc_chip_175x_6x\Debug\liblpc_chip_175x_6x.a(uart_17xx_40xx.o)
                              C:\Users\Gaston\Documents\facultad\TDII\Proyecto\lpc_board_nxp_lpcxpresso_1769\Debug\liblpc_board_nxp_lpcxpresso_1769.a(board.o) (Chip_UART_Init)
C:\Users\Gaston\Documents\facultad\TDII\Proyecto\lpc_chip_175x_6x\Debug\liblpc_chip_175x_6x.a(ring_buffer.o)
                              C:\Users\Gaston\Documents\facultad\TDII\Proyecto\lpc_chip_175x_6x\Debug\liblpc_chip_175x_6x.a(uart_17xx_40xx.o) (RingBuffer_Insert)
c:/nxp/mcuxpressoide_10.3.1_2233/ide/plugins/com.nxp.mcuxpresso.tools.win32_10.3.0.201811011841/tools/bin/../lib/gcc/arm-none-eabi/7.3.1/../../../../arm-none-eabi/lib/thumb/v7-m\libcr_c.a(memcpy.o)
                              C:\Users\Gaston\Documents\facultad\TDII\Proyecto\lpc_board_nxp_lpcxpresso_1769\Debug\liblpc_board_nxp_lpcxpresso_1769.a(board.o) (memcpy)
c:/nxp/mcuxpressoide_10.3.1_2233/ide/plugins/com.nxp.mcuxpresso.tools.win32_10.3.0.201811011841/tools/bin/../lib/gcc/arm-none-eabi/7.3.1/../../../../arm-none-eabi/lib/thumb/v7-m\libcr_c.a(__weak__main.o)
                              ./src/cr_startup_lpc175x_6x.o (__main)
c:/nxp/mcuxpressoide_10.3.1_2233/ide/plugins/com.nxp.mcuxpresso.tools.win32_10.3.0.201811011841/tools/bin/../lib/gcc/arm-none-eabi/7.3.1/../../../../arm-none-eabi/lib/thumb/v7-m\libcr_c.a(strlen.o)
                              ./src/UTFT.o (strlen)
c:/nxp/mcuxpressoide_10.3.1_2233/ide/plugins/com.nxp.mcuxpresso.tools.win32_10.3.0.201811011841/tools/bin/../lib/gcc/arm-none-eabi/7.3.1/thumb/v7-m\libcr_eabihelpers.a(division_64.o)
                              C:\Users\Gaston\Documents\facultad\TDII\Proyecto\lpc_chip_175x_6x\Debug\liblpc_chip_175x_6x.a(i2s_17xx_40xx.o) (__aeabi_uldivmod)
c:/nxp/mcuxpressoide_10.3.1_2233/ide/plugins/com.nxp.mcuxpresso.tools.win32_10.3.0.201811011841/tools/bin/../lib/gcc/arm-none-eabi/7.3.1/thumb/v7-m\libcr_eabihelpers.a(division_idiv0.o)
                              c:/nxp/mcuxpressoide_10.3.1_2233/ide/plugins/com.nxp.mcuxpresso.tools.win32_10.3.0.201811011841/tools/bin/../lib/gcc/arm-none-eabi/7.3.1/thumb/v7-m\libcr_eabihelpers.a(division_64.o) (__aeabi_idiv0)
c:/nxp/mcuxpressoide_10.3.1_2233/ide/plugins/com.nxp.mcuxpresso.tools.win32_10.3.0.201811011841/tools/bin/../lib/gcc/arm-none-eabi/7.3.1/thumb/v7-m\libcr_eabihelpers.a(memcpy.o)
                              c:/nxp/mcuxpressoide_10.3.1_2233/ide/plugins/com.nxp.mcuxpresso.tools.win32_10.3.0.201811011841/tools/bin/../lib/gcc/arm-none-eabi/7.3.1/../../../../arm-none-eabi/lib/thumb/v7-m\libcr_c.a(memcpy.o) (__aeabi_memcpy)

Allocating common symbols
Common symbol       size              file

SystemCoreClock     0x4               C:\Users\Gaston\Documents\facultad\TDII\Proyecto\lpc_chip_175x_6x\Debug\liblpc_chip_175x_6x.a(chip_17xx_40xx.o)

Discarded input sections

 .group         0x00000000        0xc ./src/DefaultFonts.o
 .group         0x00000000        0xc ./src/DefaultFonts.o
 .group         0x00000000        0xc ./src/DefaultFonts.o
 .group         0x00000000        0xc ./src/DefaultFonts.o
 .group         0x00000000        0xc ./src/DefaultFonts.o
[...]
Memory Configuration

Name             Origin             Length             Attributes
MFlash512        0x00000000         0x00080000         xr
RamLoc32         0x10000000         0x00008000         xrw
RamAHB32         0x2007c000         0x00008000         xrw
*default*        0x00000000         0xffffffff

Linker script and memory map

LOAD ./src/DefaultFonts.o
LOAD ./src/HW_lpc1769.o
LOAD ./src/TFT.o
LOAD ./src/UTFT.o
LOAD ./src/cr_startup_lpc175x_6x.o
LOAD ./src/crp.o
LOAD ./src/sysinit.o
LOAD C:\Users\Gaston\Documents\facultad\TDII\Proyecto\lpc_board_nxp_lpcxpresso_1769\Debug\liblpc_board_nxp_lpcxpresso_1769.a
LOAD C:\Users\Gaston\Documents\facultad\TDII\Proyecto\lpc_chip_175x_6x\Debug\liblpc_chip_175x_6x.a
START GROUP
LOAD c:/nxp/mcuxpressoide_10.3.1_2233/ide/plugins/com.nxp.mcuxpresso.tools.win32_10.3.0.201811011841/tools/bin/../lib/gcc/arm-none-eabi/7.3.1/../../../../arm-none-eabi/lib/thumb/v7-m\libcr_c.a
LOAD c:/nxp/mcuxpressoide_10.3.1_2233/ide/plugins/com.nxp.mcuxpresso.tools.win32_10.3.0.201811011841/tools/bin/../lib/gcc/arm-none-eabi/7.3.1/thumb/v7-m\libcr_eabihelpers.a
LOAD c:/nxp/mcuxpressoide_10.3.1_2233/ide/plugins/com.nxp.mcuxpresso.tools.win32_10.3.0.201811011841/tools/bin/../lib/gcc/arm-none-eabi/7.3.1/thumb/v7-m\libgcc.a
END GROUP
                0x00000000                __base_MFlash512 = 0x0
                0x00000000                __base_Flash = 0x0
                0x00080000                __top_MFlash512 = 0x80000
                0x00080000                __top_Flash = 0x80000
                0x10000000                __base_RamLoc32 = 0x10000000
                0x10000000                __base_RAM = 0x10000000
                0x10008000                __top_RamLoc32 = 0x10008000
                0x10008000                __top_RAM = 0x10008000
                0x2007c000                __base_RamAHB32 = 0x2007c000
                0x2007c000                __base_RAM2 = 0x2007c000
                0x20084000                __top_RamAHB32 = 0x20084000
                0x20084000                __top_RAM2 = 0x20084000

.text           0x00000000     0x3a28
 FILL mask 0xff
                0x00000000                __vectors_start__ = ABSOLUTE (.)
 *(.isr_vector)
 .isr_vector    0x00000000       0xcc ./src/cr_startup_lpc175x_6x.o
                0x00000000                g_pfnVectors
                0x000000cc                . = ALIGN (0x4)
                0x000000cc                __section_table_start = .
                0x000000cc                __data_section_table = .
                0x000000cc        0x4 LONG 0x3a28 LOADADDR (.data)
                0x000000d0        0x4 LONG 0x10000000 ADDR (.data)
                0x000000d4        0x4 LONG 0x190c SIZEOF (.data)
                0x000000d8        0x4 LONG 0x3a28 LOADADDR (.data_RAM2)
                0x000000dc        0x4 LONG 0x2007c000 ADDR (.data_RAM2)
                0x000000e0        0x4 LONG 0x0 SIZEOF (.data_RAM2)
                0x000000e4                __data_section_table_end = .
                0x000000e4                __bss_section_table = .
                0x000000e4        0x4 LONG 0x1000190c ADDR (.bss)
                0x000000e8        0x4 LONG 0x1c SIZEOF (.bss)
                0x000000ec        0x4 LONG 0x2007c000 ADDR (.bss_RAM2)
                0x000000f0        0x4 LONG 0x0 SIZEOF (.bss_RAM2)
                0x000000f4                __bss_section_table_end = .
                0x000000f4                __section_table_end = .
 *(.after_vectors*)
 .after_vectors
                0x000000f4      0x12c ./src/cr_startup_lpc175x_6x.o
                0x000000f4                data_init
                0x00000136                bss_init
                0x0000016c                ResetISR
                0x000001e4                NMI_Handler
                0x000001ea                HardFault_Handler
                0x000001f0                MemManage_Handler
                0x000001f6                BusFault_Handler
                0x000001fc                UsageFault_Handler
                0x00000202                SVC_Handler
                0x00000208                DebugMon_Handler
                0x0000020e                PendSV_Handler
                0x00000214                SysTick_Handler
                0x0000021a                EINT3_IRQHandler
                0x0000021a                CANActivity_IRQHandler
                0x0000021a                TIMER3_IRQHandler
                0x0000021a                UART0_IRQHandler
                0x0000021a                UART1_IRQHandler
                0x0000021a                EINT2_IRQHandler
                0x0000021a                USBActivity_IRQHandler
                0x0000021a                IntDefaultHandler
                0x0000021a                PLL0_IRQHandler
                0x0000021a                CAN_IRQHandler
                0x0000021a                I2C1_IRQHandler
                0x0000021a                SSP0_IRQHandler
                0x0000021a                I2S_IRQHandler
                0x0000021a                I2C2_IRQHandler
                0x0000021a                RTC_IRQHandler
                0x0000021a                TIMER0_IRQHandler
                0x0000021a                SPI_IRQHandler
                0x0000021a                RIT_IRQHandler
                0x0000021a                EINT1_IRQHandler
                0x0000021a                TIMER1_IRQHandler
                0x0000021a                UART2_IRQHandler
                0x0000021a                ADC_IRQHandler
                0x0000021a                SSP1_IRQHandler
                0x0000021a                USB_IRQHandler
                0x0000021a                BOD_IRQHandler
                0x0000021a                I2C0_IRQHandler
                0x0000021a                WDT_IRQHandler
                0x0000021a                PWM1_IRQHandler
                0x0000021a                QEI_IRQHandler
                0x0000021a                EINT0_IRQHandler
                0x0000021a                ETH_IRQHandler
                0x0000021a                PLL1_IRQHandler
                0x0000021a                DMA_IRQHandler
                0x0000021a                TIMER2_IRQHandler
                0x0000021a                UART3_IRQHandler
                0x0000021a                MCPWM_IRQHandler
 *(.text*)
 .text.Chip_GPIO_SetPinState
                0x00000220       0x64 ./src/HW_lpc1769.o
 .text.Chip_GPIO_WritePortBit
                0x00000284       0x2c ./src/HW_lpc1769.o
 .text.LCD_Writ_Bus
                0x000002b0      0x134 ./src/HW_lpc1769.o
                0x000002b0                LCD_Writ_Bus
 .text._fast_fill_16
                0x000003e4      0x3c4 ./src/HW_lpc1769.o
                0x000003e4                _fast_fill_16
 .text.Chip_GPIO_SetPinState
                0x000007a8       0x64 ./src/TFT.o
 .text.Chip_GPIO_WritePortBit
                0x0000080c       0x2c ./src/TFT.o
 .text.Chip_GPIO_GetPinState
                0x00000838       0x38 ./src/TFT.o
 .text.main     0x00000870      0x49c ./src/TFT.o
                0x00000870                main
 .text.Chip_GPIO_SetPinState
                0x00000d0c       0x64 ./src/UTFT.o
 .text.Chip_GPIO_WritePortBit
                0x00000d70       0x2c ./src/UTFT.o
 .text.LCD_Write_COM
                0x00000d9c       0x34 ./src/UTFT.o
                0x00000d9c                LCD_Write_COM
 .text.LCD_Write_DATA2
                0x00000dd0       0x3c ./src/UTFT.o
                0x00000dd0                LCD_Write_DATA2
 .text.LCD_Write_DATA1
                0x00000e0c       0x34 ./src/UTFT.o
                0x00000e0c                LCD_Write_DATA1
 .text.LCD_Write_COM_DATA
                0x00000e40       0x2e ./src/UTFT.o
                0x00000e40                LCD_Write_COM_DATA
 *fill*         0x00000e6e        0x2 ff
 .text.InitLCD  0x00000e70      0x698 ./src/UTFT.o
                0x00000e70                InitLCD
 .text.setXY    0x00001508       0xd8 ./src/UTFT.o
                0x00001508                setXY
 .text.clrXY    0x000015e0       0x48 ./src/UTFT.o
                0x000015e0                clrXY
 .text.clrScr   0x00001628       0x58 ./src/UTFT.o
                0x00001628                clrScr
 .text.setColor2
                0x00001680       0x60 ./src/UTFT.o
                0x00001680                setColor2
 .text.setBackColor2
                0x000016e0       0x68 ./src/UTFT.o
                0x000016e0                setBackColor2
 .text.setPixel
                0x00001748       0x26 ./src/UTFT.o
                0x00001748                setPixel
 *fill*         0x0000176e        0x2 ff
 .text.drawPixel
                0x00001770       0x68 ./src/UTFT.o
                0x00001770                drawPixel
 .text.printChar
                0x000017d8      0x390 ./src/UTFT.o
                0x000017d8                printChar
 .text.print    0x00001b68      0x14c ./src/UTFT.o
                0x00001b68                print
 .text.setFont  0x00001cb4       0x44 ./src/UTFT.o
                0x00001cb4                setFont
 .text.drawBitmap
                0x00001cf8      0x334 ./src/UTFT.o
                0x00001cf8                drawBitmap
 .text.SystemInit
                0x0000202c       0x24 ./src/sysinit.o
                0x0000202c                SystemInit
 .text.Chip_IOCON_Init
                0x00002050       0x16 C:\Users\Gaston\Documents\facultad\TDII\Proyecto\lpc_board_nxp_lpcxpresso_1769\Debug\liblpc_board_nxp_lpcxpresso_1769.a(board.o)
 .text.Chip_GPIO_Init
                0x00002066       0x16 C:\Users\Gaston\Documents\facultad\TDII\Proyecto\lpc_board_nxp_lpcxpresso_1769\Debug\liblpc_board_nxp_lpcxpresso_1769.a(board.o)
 .text.Chip_GPIO_SetPinDIROutput
                0x0000207c       0x36 C:\Users\Gaston\Documents\facultad\TDII\Proyecto\lpc_board_nxp_lpcxpresso_1769\Debug\liblpc_board_nxp_lpcxpresso_1769.a(board.o)
 .text.Chip_GPIO_SetPinDIRInput
                0x000020b2       0x3a C:\Users\Gaston\Documents\facultad\TDII\Proyecto\lpc_board_nxp_lpcxpresso_1769\Debug\liblpc_board_nxp_lpcxpresso_1769.a(board.o)
 .text.Chip_GPIO_SetPinDIR
                0x000020ec       0x42 C:\Users\Gaston\Documents\facultad\TDII\Proyecto\lpc_board_nxp_lpcxpresso_1769\Debug\liblpc_board_nxp_lpcxpresso_1769.a(board.o)
 .text.Chip_GPIO_WriteDirBit
                0x0000212e       0x2e C:\Users\Gaston\Documents\facultad\TDII\Proyecto\lpc_board_nxp_lpcxpresso_1769\Debug\liblpc_board_nxp_lpcxpresso_1769.a(board.o)
 .text.Chip_UART_ConfigData
                0x0000215c       0x1a C:\Users\Gaston\Documents\facultad\TDII\Proyecto\lpc_board_nxp_lpcxpresso_1769\Debug\liblpc_board_nxp_lpcxpresso_1769.a(board.o)
 *fill*         0x00002176        0x2 ff
 .text.Board_LED_Init
                0x00002178       0x18 C:\Users\Gaston\Documents\facultad\TDII\Proyecto\lpc_board_nxp_lpcxpresso_1769\Debug\liblpc_board_nxp_lpcxpresso_1769.a(board.o)
 .text.Board_UART_Init
                0x00002190       0x12 C:\Users\Gaston\Documents\facultad\TDII\Proyecto\lpc_board_nxp_lpcxpresso_1769\Debug\liblpc_board_nxp_lpcxpresso_1769.a(board.o)
                0x00002190                Board_UART_Init
 *fill*         0x000021a2        0x2 ff
 .text.Board_Debug_Init
                0x000021a4       0x30 C:\Users\Gaston\Documents\facultad\TDII\Proyecto\lpc_board_nxp_lpcxpresso_1769\Debug\liblpc_board_nxp_lpcxpresso_1769.a(board.o)
                0x000021a4                Board_Debug_Init
 .text.Board_Init
                0x000021d4       0x38 C:\Users\Gaston\Documents\facultad\TDII\Proyecto\lpc_board_nxp_lpcxpresso_1769\Debug\liblpc_board_nxp_lpcxpresso_1769.a(board.o)
                0x000021d4                Board_Init
 .text.Board_UTFT_Init
                0x0000220c       0xfc C:\Users\Gaston\Documents\facultad\TDII\Proyecto\lpc_board_nxp_lpcxpresso_1769\Debug\liblpc_board_nxp_lpcxpresso_1769.a(board.o)
                0x0000220c                Board_UTFT_Init
 .text.Chip_SYSCTL_SetFLASHAccess
                0x00002308       0x30 C:\Users\Gaston\Documents\facultad\TDII\Proyecto\lpc_board_nxp_lpcxpresso_1769\Debug\liblpc_board_nxp_lpcxpresso_1769.a(board_sysinit.o)
 .text.Board_SetupMuxing
                0x00002338       0x1c C:\Users\Gaston\Documents\facultad\TDII\Proyecto\lpc_board_nxp_lpcxpresso_1769\Debug\liblpc_board_nxp_lpcxpresso_1769.a(board_sysinit.o)
                0x00002338                Board_SetupMuxing
 .text.Board_SetupClocking
                0x00002354       0x12 C:\Users\Gaston\Documents\facultad\TDII\Proyecto\lpc_board_nxp_lpcxpresso_1769\Debug\liblpc_board_nxp_lpcxpresso_1769.a(board_sysinit.o)
                0x00002354                Board_SetupClocking
 .text.Board_SystemInit
                0x00002366       0x1e C:\Users\Gaston\Documents\facultad\TDII\Proyecto\lpc_board_nxp_lpcxpresso_1769\Debug\liblpc_board_nxp_lpcxpresso_1769.a(board_sysinit.o)
                0x00002366                Board_SystemInit
 .text.SystemCoreClockUpdate
                0x00002384       0x18 C:\Users\Gaston\Documents\facultad\TDII\Proyecto\lpc_chip_175x_6x\Debug\liblpc_chip_175x_6x.a(chip_17xx_40xx.o)
                0x00002384                SystemCoreClockUpdate
 .text.Chip_Clock_IsMainPLLEnabled
                0x0000239c       0x24 C:\Users\Gaston\Documents\facultad\TDII\Proyecto\lpc_chip_175x_6x\Debug\liblpc_chip_175x_6x.a(clock_17xx_40xx.o)
 .text.Chip_Clock_IsMainPLLConnected
                0x000023c0       0x24 C:\Users\Gaston\Documents\facultad\TDII\Proyecto\lpc_chip_175x_6x\Debug\liblpc_chip_175x_6x.a(clock_17xx_40xx.o)
 .text.Chip_Clock_FeedPLL
                0x000023e4       0x34 C:\Users\Gaston\Documents\facultad\TDII\Proyecto\lpc_chip_175x_6x\Debug\liblpc_chip_175x_6x.a(clock_17xx_40xx.o)
 .text.Chip_Clock_GetMainPLLSource
                0x00002418       0x20 C:\Users\Gaston\Documents\facultad\TDII\Proyecto\lpc_chip_175x_6x\Debug\liblpc_chip_175x_6x.a(clock_17xx_40xx.o)
 .text.Chip_Clock_GetMainOscRate
                0x00002438       0x14 C:\Users\Gaston\Documents\facultad\TDII\Proyecto\lpc_chip_175x_6x\Debug\liblpc_chip_175x_6x.a(clock_17xx_40xx.o)
 .text.Chip_Clock_GetIntOscRate
                0x0000244c       0x14 C:\Users\Gaston\Documents\facultad\TDII\Proyecto\lpc_chip_175x_6x\Debug\liblpc_chip_175x_6x.a(clock_17xx_40xx.o)
 .text.Chip_Clock_GetRTCOscRate
                0x00002460       0x14 C:\Users\Gaston\Documents\facultad\TDII\Proyecto\lpc_chip_175x_6x\Debug\liblpc_chip_175x_6x.a(clock_17xx_40xx.o)
 .text.Chip_Clock_GetMainPLLInClockRate
                0x00002474        0xe C:\Users\Gaston\Documents\facultad\TDII\Proyecto\lpc_chip_175x_6x\Debug\liblpc_chip_175x_6x.a(clock_17xx_40xx.o)
 *fill*         0x00002482        0x2 ff
 .text.Chip_Clock_EnablePLL
                0x00002484       0x44 C:\Users\Gaston\Documents\facultad\TDII\Proyecto\lpc_chip_175x_6x\Debug\liblpc_chip_175x_6x.a(clock_17xx_40xx.o)
                0x00002484                Chip_Clock_EnablePLL
 .text.Chip_Clock_DisablePLL
                0x000024c8       0x48 C:\Users\Gaston\Documents\facultad\TDII\Proyecto\lpc_chip_175x_6x\Debug\liblpc_chip_175x_6x.a(clock_17xx_40xx.o)
                0x000024c8                Chip_Clock_DisablePLL
 .text.Chip_Clock_SetupPLL
                0x00002510       0x5c C:\Users\Gaston\Documents\facultad\TDII\Proyecto\lpc_chip_175x_6x\Debug\liblpc_chip_175x_6x.a(clock_17xx_40xx.o)
                0x00002510                Chip_Clock_SetupPLL
 .text.Chip_Clock_EnablePeriphClock
                0x0000256c       0x34 C:\Users\Gaston\Documents\facultad\TDII\Proyecto\lpc_chip_175x_6x\Debug\liblpc_chip_175x_6x.a(clock_17xx_40xx.o)
                0x0000256c                Chip_Clock_EnablePeriphClock
 .text.Chip_Clock_GetCPUClockSource
                0x000025a0       0x24 C:\Users\Gaston\Documents\facultad\TDII\Proyecto\lpc_chip_175x_6x\Debug\liblpc_chip_175x_6x.a(clock_17xx_40xx.o)
                0x000025a0                Chip_Clock_GetCPUClockSource
 .text.Chip_Clock_SetCPUClockDiv
                0x000025c4       0x20 C:\Users\Gaston\Documents\facultad\TDII\Proyecto\lpc_chip_175x_6x\Debug\liblpc_chip_175x_6x.a(clock_17xx_40xx.o)
                0x000025c4                Chip_Clock_SetCPUClockDiv
 .text.Chip_Clock_GetCPUClockDiv
                0x000025e4       0x1c C:\Users\Gaston\Documents\facultad\TDII\Proyecto\lpc_chip_175x_6x\Debug\liblpc_chip_175x_6x.a(clock_17xx_40xx.o)
                0x000025e4                Chip_Clock_GetCPUClockDiv
 .text.Chip_Clock_GetPCLKDiv
                0x00002600       0x8c C:\Users\Gaston\Documents\facultad\TDII\Proyecto\lpc_chip_175x_6x\Debug\liblpc_chip_175x_6x.a(clock_17xx_40xx.o)
                0x00002600                Chip_Clock_GetPCLKDiv
 .text.Chip_Clock_GetSYSCLKRate
                0x0000268c       0x34 C:\Users\Gaston\Documents\facultad\TDII\Proyecto\lpc_chip_175x_6x\Debug\liblpc_chip_175x_6x.a(clock_17xx_40xx.o)
                0x0000268c                Chip_Clock_GetSYSCLKRate
 .text.Chip_Clock_GetMainPLLOutClockRate
                0x000026c0       0x54 C:\Users\Gaston\Documents\facultad\TDII\Proyecto\lpc_chip_175x_6x\Debug\liblpc_chip_175x_6x.a(clock_17xx_40xx.o)
                0x000026c0                Chip_Clock_GetMainPLLOutClockRate
 .text.Chip_Clock_GetMainClockRate
                0x00002714       0x28 C:\Users\Gaston\Documents\facultad\TDII\Proyecto\lpc_chip_175x_6x\Debug\liblpc_chip_175x_6x.a(clock_17xx_40xx.o)
                0x00002714                Chip_Clock_GetMainClockRate
 .text.Chip_Clock_GetSystemClockRate
                0x0000273c       0x18 C:\Users\Gaston\Documents\facultad\TDII\Proyecto\lpc_chip_175x_6x\Debug\liblpc_chip_175x_6x.a(clock_17xx_40xx.o)
                0x0000273c                Chip_Clock_GetSystemClockRate
 .text.Chip_Clock_GetPeripheralClockRate
                0x00002754       0x26 C:\Users\Gaston\Documents\facultad\TDII\Proyecto\lpc_chip_175x_6x\Debug\liblpc_chip_175x_6x.a(clock_17xx_40xx.o)
                0x00002754                Chip_Clock_GetPeripheralClockRate
 .text.Chip_IOCON_PinMuxSet
                0x0000277a       0x36 C:\Users\Gaston\Documents\facultad\TDII\Proyecto\lpc_chip_175x_6x\Debug\liblpc_chip_175x_6x.a(iocon_17xx_40xx.o)
                0x0000277a                Chip_IOCON_PinMuxSet
 .text.Chip_IOCON_PinMux
                0x000027b0       0x94 C:\Users\Gaston\Documents\facultad\TDII\Proyecto\lpc_chip_175x_6x\Debug\liblpc_chip_175x_6x.a(iocon_17xx_40xx.o)
                0x000027b0                Chip_IOCON_PinMux
 .text.Chip_IOCON_SetPinMuxing
                0x00002844       0x62 C:\Users\Gaston\Documents\facultad\TDII\Proyecto\lpc_chip_175x_6x\Debug\liblpc_chip_175x_6x.a(iocon_17xx_40xx.o)
                0x00002844                Chip_IOCON_SetPinMuxing
 *fill*         0x000028a6        0x2 ff
 .text.Chip_Clock_IsMainPLLEnabled
                0x000028a8       0x24 C:\Users\Gaston\Documents\facultad\TDII\Proyecto\lpc_chip_175x_6x\Debug\liblpc_chip_175x_6x.a(sysinit_17xx_40xx.o)
 .text.Chip_Clock_IsMainPLLLocked
                0x000028cc       0x24 C:\Users\Gaston\Documents\facultad\TDII\Proyecto\lpc_chip_175x_6x\Debug\liblpc_chip_175x_6x.a(sysinit_17xx_40xx.o)
 .text.Chip_Clock_IsMainPLLConnected
                0x000028f0       0x24 C:\Users\Gaston\Documents\facultad\TDII\Proyecto\lpc_chip_175x_6x\Debug\liblpc_chip_175x_6x.a(sysinit_17xx_40xx.o)
 .text.Chip_Clock_EnableCrystal
                0x00002914       0x20 C:\Users\Gaston\Documents\facultad\TDII\Proyecto\lpc_chip_175x_6x\Debug\liblpc_chip_175x_6x.a(sysinit_17xx_40xx.o)
 .text.Chip_Clock_IsCrystalEnabled
                0x00002934       0x24 C:\Users\Gaston\Documents\facultad\TDII\Proyecto\lpc_chip_175x_6x\Debug\liblpc_chip_175x_6x.a(sysinit_17xx_40xx.o)
 .text.Chip_Clock_SetMainPLLSource
                0x00002958       0x20 C:\Users\Gaston\Documents\facultad\TDII\Proyecto\lpc_chip_175x_6x\Debug\liblpc_chip_175x_6x.a(sysinit_17xx_40xx.o)
 .text.Chip_SetupXtalClocking
                0x00002978       0x90 C:\Users\Gaston\Documents\facultad\TDII\Proyecto\lpc_chip_175x_6x\Debug\liblpc_chip_175x_6x.a(sysinit_17xx_40xx.o)
                0x00002978                Chip_SetupXtalClocking
 .text.Chip_UART_SetupFIFOS
                0x00002a08       0x1a C:\Users\Gaston\Documents\facultad\TDII\Proyecto\lpc_chip_175x_6x\Debug\liblpc_chip_175x_6x.a(uart_17xx_40xx.o)
 .text.Chip_UART_ConfigData
                0x00002a22       0x1a C:\Users\Gaston\Documents\facultad\TDII\Proyecto\lpc_chip_175x_6x\Debug\liblpc_chip_175x_6x.a(uart_17xx_40xx.o)
 .text.Chip_UART_EnableDivisorAccess
                0x00002a3c       0x1e C:\Users\Gaston\Documents\facultad\TDII\Proyecto\lpc_chip_175x_6x\Debug\liblpc_chip_175x_6x.a(uart_17xx_40xx.o)
 .text.Chip_UART_DisableDivisorAccess
                0x00002a5a       0x1e C:\Users\Gaston\Documents\facultad\TDII\Proyecto\lpc_chip_175x_6x\Debug\liblpc_chip_175x_6x.a(uart_17xx_40xx.o)
 .text.Chip_UART_SetDivisorLatches
                0x00002a78       0x26 C:\Users\Gaston\Documents\facultad\TDII\Proyecto\lpc_chip_175x_6x\Debug\liblpc_chip_175x_6x.a(uart_17xx_40xx.o)
 *fill*         0x00002a9e        0x2 ff
 .text.Chip_UART_GetClockIndex
                0x00002aa0       0x50 C:\Users\Gaston\Documents\facultad\TDII\Proyecto\lpc_chip_175x_6x\Debug\liblpc_chip_175x_6x.a(uart_17xx_40xx.o)
 .text.Chip_UART_GetClkIndex
                0x00002af0       0x50 C:\Users\Gaston\Documents\facultad\TDII\Proyecto\lpc_chip_175x_6x\Debug\liblpc_chip_175x_6x.a(uart_17xx_40xx.o)
 .text.Chip_UART_Init
                0x00002b40       0x78 C:\Users\Gaston\Documents\facultad\TDII\Proyecto\lpc_chip_175x_6x\Debug\liblpc_chip_175x_6x.a(uart_17xx_40xx.o)
                0x00002b40                Chip_UART_Init
 .text.Chip_UART_TXEnable
                0x00002bb8       0x18 C:\Users\Gaston\Documents\facultad\TDII\Proyecto\lpc_chip_175x_6x\Debug\liblpc_chip_175x_6x.a(uart_17xx_40xx.o)
                0x00002bb8                Chip_UART_TXEnable
 .text.Chip_UART_TXDisable
                0x00002bd0       0x18 C:\Users\Gaston\Documents\facultad\TDII\Proyecto\lpc_chip_175x_6x\Debug\liblpc_chip_175x_6x.a(uart_17xx_40xx.o)
                0x00002bd0                Chip_UART_TXDisable
 .text.Chip_UART_SetBaud
                0x00002be8       0x62 C:\Users\Gaston\Documents\facultad\TDII\Proyecto\lpc_chip_175x_6x\Debug\liblpc_chip_175x_6x.a(uart_17xx_40xx.o)
                0x00002be8                Chip_UART_SetBaud
 .text.__weak_main
                0x00002c4a        0x4 c:/nxp/mcuxpressoide_10.3.1_2233/ide/plugins/com.nxp.mcuxpresso.tools.win32_10.3.0.201811011841/tools/bin/../lib/gcc/arm-none-eabi/7.3.1/../../../../arm-none-eabi/lib/thumb/v7-m\libcr_c.a(__weak__main.o)
                0x00002c4a                __weak_main
                0x00002c4a                __main
 .text.strlen   0x00002c4e       0x4a c:/nxp/mcuxpressoide_10.3.1_2233/ide/plugins/com.nxp.mcuxpresso.tools.win32_10.3.0.201811011841/tools/bin/../lib/gcc/arm-none-eabi/7.3.1/../../../../arm-none-eabi/lib/thumb/v7-m\libcr_c.a(strlen.o)
                0x00002c4e                strlen
 *(.rodata .rodata.* .constdata .constdata.*)
 .rodata.SmallFont
                0x00002c98      0x478 ./src/DefaultFonts.o
                0x00002c98                SmallFont
 .rodata.icon2  0x00003110      0x800 ./src/TFT.o
                0x00003110                icon2
 .rodata        0x00003910       0x5f ./src/TFT.o
 *fill*         0x0000396f        0x1 ff
 .rodata.OscRateIn
                0x00003970        0x4 C:\Users\Gaston\Documents\facultad\TDII\Proyecto\lpc_board_nxp_lpcxpresso_1769\Debug\liblpc_board_nxp_lpcxpresso_1769.a(board.o)
                0x00003970                OscRateIn
 .rodata.RTCOscRateIn
                0x00003974        0x4 C:\Users\Gaston\Documents\facultad\TDII\Proyecto\lpc_board_nxp_lpcxpresso_1769\Debug\liblpc_board_nxp_lpcxpresso_1769.a(board.o)
                0x00003974                RTCOscRateIn
 .rodata.pinmuxing
                0x00003978       0xb0 C:\Users\Gaston\Documents\facultad\TDII\Proyecto\lpc_board_nxp_lpcxpresso_1769\Debug\liblpc_board_nxp_lpcxpresso_1769.a(board_sysinit.o)
                0x00003a28                . = ALIGN (0x4)

.glue_7         0x00003a28        0x0
 .glue_7        0x00003a28        0x0 linker stubs

.glue_7t        0x00003a28        0x0
 .glue_7t       0x00003a28        0x0 linker stubs

.vfp11_veneer   0x00003a28        0x0
 .vfp11_veneer  0x00003a28        0x0 linker stubs

.v4_bx          0x00003a28        0x0
 .v4_bx         0x00003a28        0x0 linker stubs

.iplt           0x00003a28        0x0
 .iplt          0x00003a28        0x0 ./src/DefaultFonts.o

.rel.dyn        0x00003a28        0x0
 .rel.iplt      0x00003a28        0x0 ./src/DefaultFonts.o

.ARM.extab
 *(.ARM.extab* .gnu.linkonce.armextab.*)
                0x00003a28                __exidx_start = .

.ARM.exidx
 *(.ARM.exidx* .gnu.linkonce.armexidx.*)
                0x00003a28                __exidx_end = .
                0x00003a28                _etext = .

.data_RAM2      0x2007c000        0x0 load address 0x00003a28
 FILL mask 0xff
                [!provide]                PROVIDE (__start_data_RAM2 = .)
 *(.ramfunc.$RAM2)
 *(.ramfunc.$RamAHB32)
 *(.data.$RAM2*)
 *(.data.$RamAHB32*)
                0x2007c000                . = ALIGN (0x4)
                [!provide]                PROVIDE (__end_data_RAM2 = .)

.uninit_RESERVED
                0x10000000        0x0
 *(.bss.$RESERVED*)
                0x10000000                . = ALIGN (0x4)
                0x10000000                _end_uninit_RESERVED = .

.data           0x10000000     0x190c load address 0x00003a28
 FILL mask 0xff
                0x10000000                _data = .
 *(vtable)
 *(.ramfunc*)
 *(.data*)
 .data.sin      0x10000000      0x640 ./src/TFT.o
                0x10000000                sin
 .data.sin2     0x10000640      0x640 ./src/TFT.o
                0x10000640                sin2
 .data.sin3     0x10000c80      0x640 ./src/TFT.o
                0x10000c80                sin3
 .data.sin4     0x100012c0      0x640 ./src/TFT.o
                0x100012c0                sin4
 .data.disp_x_size
                0x10001900        0x4 ./src/UTFT.o
 .data.disp_y_size
                0x10001904        0x4 ./src/UTFT.o
 .data.display_transfer_mode
                0x10001908        0x1 ./src/UTFT.o
                0x1000190c                . = ALIGN (0x4)
 *fill*         0x10001909        0x3 ff
                0x1000190c                _edata = .

.igot.plt       0x1000190c        0x0 load address 0x00005334
 .igot.plt      0x1000190c        0x0 ./src/DefaultFonts.o

.bss_RAM2       0x2007c000        0x0
                [!provide]                PROVIDE (__start_bss_RAM2 = .)
 *(.bss.$RAM2*)
 *(.bss.$RamAHB32*)
                0x2007c000                . = ALIGN ((. != 0x0)?0x4:0x1)
                [!provide]                PROVIDE (__end_bss_RAM2 = .)

.bss            0x1000190c       0x1c
                0x1000190c                _bss = .
 *(.bss*)
 .bss.i.7397    0x1000190c        0x4 ./src/TFT.o
 .bss.fch       0x10001910        0x1 ./src/UTFT.o
 .bss.fcl       0x10001911        0x1 ./src/UTFT.o
 .bss.bch       0x10001912        0x1 ./src/UTFT.o
 .bss.bcl       0x10001913        0x1 ./src/UTFT.o
 .bss.orient    0x10001914        0x1 ./src/UTFT.o
 *fill*         0x10001915        0x3 
 .bss.cfont     0x10001918        0x8 ./src/UTFT.o
 .bss._transparent
                0x10001920        0x1 ./src/UTFT.o
                0x10001920                _transparent
 *(COMMON)
 *fill*         0x10001921        0x3 
 COMMON         0x10001924        0x4 C:\Users\Gaston\Documents\facultad\TDII\Proyecto\lpc_chip_175x_6x\Debug\liblpc_chip_175x_6x.a(chip_17xx_40xx.o)
                0x10001924                SystemCoreClock
                0x10001928                . = ALIGN (0x4)
                0x10001928                _ebss = .
                [!provide]                PROVIDE (end = .)

.noinit_RAM2    0x2007c000        0x0
 *(.noinit.$RAM2*)
 *(.noinit.$RamAHB32*)
                0x2007c000                . = ALIGN (0x4)

.noinit         0x10001928        0x0
                0x10001928                _noinit = .
 *(.noinit*)
                0x10001928                . = ALIGN (0x4)
                0x10001928                _end_noinit = .
                [!provide]                PROVIDE (_pvHeapStart = DEFINED (__user_heap_base)?__user_heap_base:.)
                0x10008000                PROVIDE (_vStackTop = DEFINED (__user_stack_top)?__user_stack_top:(__top_RamLoc32 - 0x0))
                0xefff74de                PROVIDE (__valid_user_code_checksum = (0x0 - ((((((_vStackTop + (ResetISR + 0x1)) + (NMI_Handler + 0x1)) + (HardFault_Handler + 0x1)) + (DEFINED (MemManage_Handler)?MemManage_Handler:0x0 + 0x1)) + (DEFINED (BusFault_Handler)?BusFault_Handler:0x0 + 0x1)) + (DEFINED (UsageFault_Handler)?UsageFault_Handler:0x0 + 0x1))))
                0x00000000                _image_start = LOADADDR (.text)
                0x00005334                _image_end = (LOADADDR (.data) + SIZEOF (.data))
                0x00005334                _image_size = (_image_end - _image_start)
OUTPUT(TFT.axf elf32-littlearm)

.debug_info     0x00000000     0x5fb4
 .debug_info    0x00000000      0x32c ./src/DefaultFonts.o
 .debug_info    0x0000032c      0x3d3 ./src/HW_lpc1769.o
 .debug_info    0x000006ff      0x52b ./src/TFT.o
 .debug_info    0x00000c2a      0xb7e ./src/UTFT.o
 .debug_info    0x000017a8      0x255 ./src/cr_startup_lpc175x_6x.o
 .debug_info    0x000019fd      0x232 ./src/sysinit.o
 .debug_info    0x00001c2f     0x1521 C:\Users\Gaston\Documents\facultad\TDII\Proyecto\lpc_board_nxp_lpcxpresso_1769\Debug\liblpc_board_nxp_lpcxpresso_1769.a(board.o)
 .debug_info    0x00003150      0x6c3 C:\Users\Gaston\Documents\facultad\TDII\Proyecto\lpc_board_nxp_lpcxpresso_1769\Debug\liblpc_board_nxp_lpcxpresso_1769.a(board_sysinit.o)
 .debug_info    0x00003813      0x558 C:\Users\Gaston\Documents\facultad\TDII\Proyecto\lpc_chip_175x_6x\Debug\liblpc_chip_175x_6x.a(chip_17xx_40xx.o)
 .debug_info    0x00003d6b      0xba2 C:\Users\Gaston\Documents\facultad\TDII\Proyecto\lpc_chip_175x_6x\Debug\liblpc_chip_175x_6x.a(clock_17xx_40xx.o)
 .debug_info    0x0000490d      0x31e C:\Users\Gaston\Documents\facultad\TDII\Proyecto\lpc_chip_175x_6x\Debug\liblpc_chip_175x_6x.a(iocon_17xx_40xx.o)
 .debug_info    0x00004c2b      0x474 C:\Users\Gaston\Documents\facultad\TDII\Proyecto\lpc_chip_175x_6x\Debug\liblpc_chip_175x_6x.a(sysinit_17xx_40xx.o)
 .debug_info    0x0000509f      0xf15 C:\Users\Gaston\Documents\facultad\TDII\Proyecto\lpc_chip_175x_6x\Debug\liblpc_chip_175x_6x.a(uart_17xx_40xx.o)

.debug_abbrev   0x00000000     0x17cf
 .debug_abbrev  0x00000000       0xdf ./src/DefaultFonts.o
 .debug_abbrev  0x000000df      0x163 ./src/HW_lpc1769.o
 .debug_abbrev  0x00000242      0x1bf ./src/TFT.o
 .debug_abbrev  0x00000401      0x251 ./src/UTFT.o
 .debug_abbrev  0x00000652      0x114 ./src/cr_startup_lpc175x_6x.o
 .debug_abbrev  0x00000766       0xdd ./src/sysinit.o
 .debug_abbrev  0x00000843      0x3c8 C:\Users\Gaston\Documents\facultad\TDII\Proyecto\lpc_board_nxp_lpcxpresso_1769\Debug\liblpc_board_nxp_lpcxpresso_1769.a(board.o)
 .debug_abbrev  0x00000c0b      0x180 C:\Users\Gaston\Documents\facultad\TDII\Proyecto\lpc_board_nxp_lpcxpresso_1769\Debug\liblpc_board_nxp_lpcxpresso_1769.a(board_sysinit.o)
 .debug_abbrev  0x00000d8b      0x151 C:\Users\Gaston\Documents\facultad\TDII\Proyecto\lpc_chip_175x_6x\Debug\liblpc_chip_175x_6x.a(chip_17xx_40xx.o)
 .debug_abbrev  0x00000edc      0x309 C:\Users\Gaston\Documents\facultad\TDII\Proyecto\lpc_chip_175x_6x\Debug\liblpc_chip_175x_6x.a(clock_17xx_40xx.o)
 .debug_abbrev  0x000011e5      0x14a C:\Users\Gaston\Documents\facultad\TDII\Proyecto\lpc_chip_175x_6x\Debug\liblpc_chip_175x_6x.a(iocon_17xx_40xx.o)
 .debug_abbrev  0x0000132f      0x18e C:\Users\Gaston\Documents\facultad\TDII\Proyecto\lpc_chip_175x_6x\Debug\liblpc_chip_175x_6x.a(sysinit_17xx_40xx.o)
 .debug_abbrev  0x000014bd      0x312 C:\Users\Gaston\Documents\facultad\TDII\Proyecto\lpc_chip_175x_6x\Debug\liblpc_chip_175x_6x.a(uart_17xx_40xx.o)

.debug_aranges  0x00000000      0x6b8
 .debug_aranges
                0x00000000       0x18 ./src/DefaultFonts.o
 .debug_aranges
                0x00000018       0x38 ./src/HW_lpc1769.o
 .debug_aranges
                0x00000050       0x38 ./src/TFT.o
 .debug_aranges
                0x00000088       0xe0 ./src/UTFT.o
 .debug_aranges
                0x00000168       0x80 ./src/cr_startup_lpc175x_6x.o
 .debug_aranges
                0x000001e8       0x20 ./src/sysinit.o
 .debug_aranges
                0x00000208      0x168 C:\Users\Gaston\Documents\facultad\TDII\Proyecto\lpc_board_nxp_lpcxpresso_1769\Debug\liblpc_board_nxp_lpcxpresso_1769.a(board.o)
 .debug_aranges
                0x00000370       0x38 C:\Users\Gaston\Documents\facultad\TDII\Proyecto\lpc_board_nxp_lpcxpresso_1769\Debug\liblpc_board_nxp_lpcxpresso_1769.a(board_sysinit.o)
 .debug_aranges
                0x000003a8       0x38 C:\Users\Gaston\Documents\facultad\TDII\Proyecto\lpc_chip_175x_6x\Debug\liblpc_chip_175x_6x.a(chip_17xx_40xx.o)
 .debug_aranges
                0x000003e0      0x120 C:\Users\Gaston\Documents\facultad\TDII\Proyecto\lpc_chip_175x_6x\Debug\liblpc_chip_175x_6x.a(clock_17xx_40xx.o)
 .debug_aranges
                0x00000500       0x30 C:\Users\Gaston\Documents\facultad\TDII\Proyecto\lpc_chip_175x_6x\Debug\liblpc_chip_175x_6x.a(iocon_17xx_40xx.o)
 .debug_aranges
                0x00000530       0x60 C:\Users\Gaston\Documents\facultad\TDII\Proyecto\lpc_chip_175x_6x\Debug\liblpc_chip_175x_6x.a(sysinit_17xx_40xx.o)
 .debug_aranges
                0x00000590      0x128 C:\Users\Gaston\Documents\facultad\TDII\Proyecto\lpc_chip_175x_6x\Debug\liblpc_chip_175x_6x.a(uart_17xx_40xx.o)

.debug_macro    0x00000000     0x61b0
 .debug_macro   0x00000000      0x220 ./src/DefaultFonts.o
 .debug_macro   0x00000220      0xa6c ./src/DefaultFonts.o
 .debug_macro   0x00000c8c       0x10 ./src/DefaultFonts.o
 .debug_macro   0x00000c9c      0x12d ./src/DefaultFonts.o
 .debug_macro   0x00000dc9      0x5b2 ./src/DefaultFonts.o
 .debug_macro   0x0000137b       0x22 ./src/DefaultFonts.o
 .debug_macro   0x0000139d       0x7b ./src/DefaultFonts.o
 .debug_macro   0x00001418       0x10 ./src/DefaultFonts.o
 .debug_macro   0x00001428       0x2d ./src/DefaultFonts.o
 .debug_macro   0x00001455       0x3a ./src/DefaultFonts.o
 .debug_macro   0x0000148f       0x2d ./src/DefaultFonts.o
 .debug_macro   0x000014bc      0xbb1 ./src/DefaultFonts.o
 .debug_macro   0x0000206d      0x22c ./src/DefaultFonts.o
 .debug_macro   0x00002299       0x42 ./src/DefaultFonts.o
 .debug_macro   0x000022db       0x52 ./src/DefaultFonts.o
 .debug_macro   0x0000232d       0x78 ./src/DefaultFonts.o
 .debug_macro   0x000023a5       0x82 ./src/DefaultFonts.o
 .debug_macro   0x00002427      0x48c ./src/DefaultFonts.o
 .debug_macro   0x000028b3       0x34 ./src/DefaultFonts.o
 .debug_macro   0x000028e7      0x4c5 ./src/DefaultFonts.o
 .debug_macro   0x00002dac      0x1b7 ./src/DefaultFonts.o
 .debug_macro   0x00002f63       0x10 ./src/DefaultFonts.o
 .debug_macro   0x00002f73      0x21b ./src/DefaultFonts.o
 .debug_macro   0x0000318e      0x1b9 ./src/DefaultFonts.o
 .debug_macro   0x00003347       0x40 ./src/DefaultFonts.o
 .debug_macro   0x00003387       0x22 ./src/DefaultFonts.o
 .debug_macro   0x000033a9      0x162 ./src/DefaultFonts.o
 .debug_macro   0x0000350b       0x94 ./src/DefaultFonts.o
 .debug_macro   0x0000359f       0xb8 ./src/DefaultFonts.o
 .debug_macro   0x00003657       0x4c ./src/DefaultFonts.o
 .debug_macro   0x000036a3       0x16 ./src/DefaultFonts.o
 .debug_macro   0x000036b9      0x328 ./src/DefaultFonts.o
 .debug_macro   0x000039e1       0x49 ./src/DefaultFonts.o
 .debug_macro   0x00003a2a       0x16 ./src/DefaultFonts.o
 .debug_macro   0x00003a40       0xca ./src/DefaultFonts.o
 .debug_macro   0x00003b0a       0x18 ./src/DefaultFonts.o
 .debug_macro   0x00003b22      0x184 ./src/DefaultFonts.o
 .debug_macro   0x00003ca6       0x9a ./src/DefaultFonts.o
 .debug_macro   0x00003d40       0x20 ./src/DefaultFonts.o
 .debug_macro   0x00003d60       0x28 ./src/DefaultFonts.o
 .debug_macro   0x00003d88       0x10 ./src/DefaultFonts.o
 .debug_macro   0x00003d98      0x26e ./src/HW_lpc1769.o
 .debug_macro   0x00004006       0x22 ./src/HW_lpc1769.o
 .debug_macro   0x00004028      0x233 ./src/TFT.o
 .debug_macro   0x0000425b      0x27a ./src/TFT.o
 .debug_macro   0x000044d5       0x4c ./src/TFT.o
 .debug_macro   0x00004521      0x242 ./src/UTFT.o
 .debug_macro   0x00004763       0x1d ./src/cr_startup_lpc175x_6x.o
 .debug_macro   0x00004780      0x217 ./src/sysinit.o
 .debug_macro   0x00004997      0x289 C:\Users\Gaston\Documents\facultad\TDII\Proyecto\lpc_board_nxp_lpcxpresso_1769\Debug\liblpc_board_nxp_lpcxpresso_1769.a(board.o)
 .debug_macro   0x00004c20      0xa66 C:\Users\Gaston\Documents\facultad\TDII\Proyecto\lpc_board_nxp_lpcxpresso_1769\Debug\liblpc_board_nxp_lpcxpresso_1769.a(board.o)
 .debug_macro   0x00005686       0x12 C:\Users\Gaston\Documents\facultad\TDII\Proyecto\lpc_board_nxp_lpcxpresso_1769\Debug\liblpc_board_nxp_lpcxpresso_1769.a(board.o)
 .debug_macro   0x00005698      0x217 C:\Users\Gaston\Documents\facultad\TDII\Proyecto\lpc_board_nxp_lpcxpresso_1769\Debug\liblpc_board_nxp_lpcxpresso_1769.a(board_sysinit.o)
 .debug_macro   0x000058af      0x1cd C:\Users\Gaston\Documents\facultad\TDII\Proyecto\lpc_chip_175x_6x\Debug\liblpc_chip_175x_6x.a(chip_17xx_40xx.o)
 .debug_macro   0x00005a7c      0x1cd C:\Users\Gaston\Documents\facultad\TDII\Proyecto\lpc_chip_175x_6x\Debug\liblpc_chip_175x_6x.a(clock_17xx_40xx.o)
 .debug_macro   0x00005c49      0x1cd C:\Users\Gaston\Documents\facultad\TDII\Proyecto\lpc_chip_175x_6x\Debug\liblpc_chip_175x_6x.a(iocon_17xx_40xx.o)
 .debug_macro   0x00005e16      0x1cd C:\Users\Gaston\Documents\facultad\TDII\Proyecto\lpc_chip_175x_6x\Debug\liblpc_chip_175x_6x.a(sysinit_17xx_40xx.o)
 .debug_macro   0x00005fe3      0x1cd C:\Users\Gaston\Documents\facultad\TDII\Proyecto\lpc_chip_175x_6x\Debug\liblpc_chip_175x_6x.a(uart_17xx_40xx.o)

.debug_line     0x00000000     0x4e52
 .debug_line    0x00000000      0x50e ./src/DefaultFonts.o
 .debug_line    0x0000050e      0x618 ./src/HW_lpc1769.o
 .debug_line    0x00000b26      0x723 ./src/TFT.o
 .debug_line    0x00001249      0xacc ./src/UTFT.o
 .debug_line    0x00001d15       0xd3 ./src/cr_startup_lpc175x_6x.o
 .debug_line    0x00001de8      0x4e1 ./src/sysinit.o
 .debug_line    0x000022c9      0x8c6 C:\Users\Gaston\Documents\facultad\TDII\Proyecto\lpc_board_nxp_lpcxpresso_1769\Debug\liblpc_board_nxp_lpcxpresso_1769.a(board.o)
 .debug_line    0x00002b8f      0x524 C:\Users\Gaston\Documents\facultad\TDII\Proyecto\lpc_board_nxp_lpcxpresso_1769\Debug\liblpc_board_nxp_lpcxpresso_1769.a(board_sysinit.o)
 .debug_line    0x000030b3      0x4b8 C:\Users\Gaston\Documents\facultad\TDII\Proyecto\lpc_chip_175x_6x\Debug\liblpc_chip_175x_6x.a(chip_17xx_40xx.o)
 .debug_line    0x0000356b      0x734 C:\Users\Gaston\Documents\facultad\TDII\Proyecto\lpc_chip_175x_6x\Debug\liblpc_chip_175x_6x.a(clock_17xx_40xx.o)
 .debug_line    0x00003c9f      0x4a4 C:\Users\Gaston\Documents\facultad\TDII\Proyecto\lpc_chip_175x_6x\Debug\liblpc_chip_175x_6x.a(iocon_17xx_40xx.o)
 .debug_line    0x00004143      0x52e C:\Users\Gaston\Documents\facultad\TDII\Proyecto\lpc_chip_175x_6x\Debug\liblpc_chip_175x_6x.a(sysinit_17xx_40xx.o)
 .debug_line    0x00004671      0x7e1 C:\Users\Gaston\Documents\facultad\TDII\Proyecto\lpc_chip_175x_6x\Debug\liblpc_chip_175x_6x.a(uart_17xx_40xx.o)

.debug_str      0x00000000    0x14155
 .debug_str     0x00000000    0x1155c ./src/DefaultFonts.o
                              0x11642 (size before relaxing)
 .debug_str     0x0001155c      0x369 ./src/HW_lpc1769.o
                              0x11780 (size before relaxing)
 .debug_str     0x000118c5      0x6c7 ./src/TFT.o
                              0x11e63 (size before relaxing)
 .debug_str     0x00011f8c      0x24a ./src/UTFT.o
                              0x1208c (size before relaxing)
 .debug_str     0x000121d6      0x1d6 ./src/cr_startup_lpc175x_6x.o
                               0x2ebb (size before relaxing)
 .debug_str     0x000123ac       0x1b ./src/sysinit.o
                              0x11467 (size before relaxing)
 .debug_str     0x000123c7      0xd68 C:\Users\Gaston\Documents\facultad\TDII\Proyecto\lpc_board_nxp_lpcxpresso_1769\Debug\liblpc_board_nxp_lpcxpresso_1769.a(board.o)
                              0x12345 (size before relaxing)
 .debug_str     0x0001312f      0x22d C:\Users\Gaston\Documents\facultad\TDII\Proyecto\lpc_board_nxp_lpcxpresso_1769\Debug\liblpc_board_nxp_lpcxpresso_1769.a(board_sysinit.o)
                              0x1186f (size before relaxing)
 .debug_str     0x0001335c       0xaf C:\Users\Gaston\Documents\facultad\TDII\Proyecto\lpc_chip_175x_6x\Debug\liblpc_chip_175x_6x.a(chip_17xx_40xx.o)
                              0x112f5 (size before relaxing)
 .debug_str     0x0001340b      0x852 C:\Users\Gaston\Documents\facultad\TDII\Proyecto\lpc_chip_175x_6x\Debug\liblpc_chip_175x_6x.a(clock_17xx_40xx.o)
                              0x11973 (size before relaxing)
 .debug_str     0x00013c5d       0x74 C:\Users\Gaston\Documents\facultad\TDII\Proyecto\lpc_chip_175x_6x\Debug\liblpc_chip_175x_6x.a(iocon_17xx_40xx.o)
                              0x10df0 (size before relaxing)
 .debug_str     0x00013cd1       0xc4 C:\Users\Gaston\Documents\facultad\TDII\Proyecto\lpc_chip_175x_6x\Debug\liblpc_chip_175x_6x.a(sysinit_17xx_40xx.o)
                              0x10fd8 (size before relaxing)
 .debug_str     0x00013d95      0x3c0 C:\Users\Gaston\Documents\facultad\TDII\Proyecto\lpc_chip_175x_6x\Debug\liblpc_chip_175x_6x.a(uart_17xx_40xx.o)
                              0x11848 (size before relaxing)

.comment        0x00000000       0x7f
 .comment       0x00000000       0x7f ./src/DefaultFonts.o
                                 0x80 (size before relaxing)
 .comment       0x0000007f       0x80 ./src/HW_lpc1769.o
 .comment       0x0000007f       0x80 ./src/TFT.o
 .comment       0x0000007f       0x80 ./src/UTFT.o
 .comment       0x0000007f       0x80 ./src/cr_startup_lpc175x_6x.o
 .comment       0x0000007f       0x80 ./src/sysinit.o
 .comment       0x0000007f       0x80 C:\Users\Gaston\Documents\facultad\TDII\Proyecto\lpc_board_nxp_lpcxpresso_1769\Debug\liblpc_board_nxp_lpcxpresso_1769.a(board.o)
 .comment       0x0000007f       0x80 C:\Users\Gaston\Documents\facultad\TDII\Proyecto\lpc_board_nxp_lpcxpresso_1769\Debug\liblpc_board_nxp_lpcxpresso_1769.a(board_sysinit.o)
 .comment       0x0000007f       0x80 C:\Users\Gaston\Documents\facultad\TDII\Proyecto\lpc_chip_175x_6x\Debug\liblpc_chip_175x_6x.a(chip_17xx_40xx.o)
 .comment       0x0000007f       0x80 C:\Users\Gaston\Documents\facultad\TDII\Proyecto\lpc_chip_175x_6x\Debug\liblpc_chip_175x_6x.a(clock_17xx_40xx.o)
 .comment       0x0000007f       0x80 C:\Users\Gaston\Documents\facultad\TDII\Proyecto\lpc_chip_175x_6x\Debug\liblpc_chip_175x_6x.a(iocon_17xx_40xx.o)
 .comment       0x0000007f       0x80 C:\Users\Gaston\Documents\facultad\TDII\Proyecto\lpc_chip_175x_6x\Debug\liblpc_chip_175x_6x.a(sysinit_17xx_40xx.o)
 .comment       0x0000007f       0x80 C:\Users\Gaston\Documents\facultad\TDII\Proyecto\lpc_chip_175x_6x\Debug\liblpc_chip_175x_6x.a(uart_17xx_40xx.o)
 .comment       0x0000007f       0x80 c:/nxp/mcuxpressoide_10.3.1_2233/ide/plugins/com.nxp.mcuxpresso.tools.win32_10.3.0.201811011841/tools/bin/../lib/gcc/arm-none-eabi/7.3.1/../../../../arm-none-eabi/lib/thumb/v7-m\libcr_c.a(__weak__main.o)
 .comment       0x0000007f       0x80 c:/nxp/mcuxpressoide_10.3.1_2233/ide/plugins/com.nxp.mcuxpresso.tools.win32_10.3.0.201811011841/tools/bin/../lib/gcc/arm-none-eabi/7.3.1/../../../../arm-none-eabi/lib/thumb/v7-m\libcr_c.a(strlen.o)

.ARM.attributes
                0x00000000       0x31
 .ARM.attributes
                0x00000000       0x33 ./src/DefaultFonts.o
 .ARM.attributes
                0x00000033       0x33 ./src/HW_lpc1769.o
 .ARM.attributes
                0x00000066       0x33 ./src/TFT.o
 .ARM.attributes
                0x00000099       0x33 ./src/UTFT.o
 .ARM.attributes
                0x000000cc       0x33 ./src/cr_startup_lpc175x_6x.o
 .ARM.attributes
                0x000000ff       0x33 ./src/sysinit.o
 .ARM.attributes
                0x00000132       0x33 C:\Users\Gaston\Documents\facultad\TDII\Proyecto\lpc_board_nxp_lpcxpresso_1769\Debug\liblpc_board_nxp_lpcxpresso_1769.a(board.o)
 .ARM.attributes
                0x00000165       0x33 C:\Users\Gaston\Documents\facultad\TDII\Proyecto\lpc_board_nxp_lpcxpresso_1769\Debug\liblpc_board_nxp_lpcxpresso_1769.a(board_sysinit.o)
 .ARM.attributes
                0x00000198       0x33 C:\Users\Gaston\Documents\facultad\TDII\Proyecto\lpc_chip_175x_6x\Debug\liblpc_chip_175x_6x.a(chip_17xx_40xx.o)
 .ARM.attributes
                0x000001cb       0x33 C:\Users\Gaston\Documents\facultad\TDII\Proyecto\lpc_chip_175x_6x\Debug\liblpc_chip_175x_6x.a(clock_17xx_40xx.o)
 .ARM.attributes
                0x000001fe       0x33 C:\Users\Gaston\Documents\facultad\TDII\Proyecto\lpc_chip_175x_6x\Debug\liblpc_chip_175x_6x.a(iocon_17xx_40xx.o)
 .ARM.attributes
                0x00000231       0x33 C:\Users\Gaston\Documents\facultad\TDII\Proyecto\lpc_chip_175x_6x\Debug\liblpc_chip_175x_6x.a(sysinit_17xx_40xx.o)
 .ARM.attributes
                0x00000264       0x33 C:\Users\Gaston\Documents\facultad\TDII\Proyecto\lpc_chip_175x_6x\Debug\liblpc_chip_175x_6x.a(uart_17xx_40xx.o)
 .ARM.attributes
                0x00000297       0x33 c:/nxp/mcuxpressoide_10.3.1_2233/ide/plugins/com.nxp.mcuxpresso.tools.win32_10.3.0.201811011841/tools/bin/../lib/gcc/arm-none-eabi/7.3.1/../../../../arm-none-eabi/lib/thumb/v7-m\libcr_c.a(__weak__main.o)
 .ARM.attributes
                0x000002ca       0x33 c:/nxp/mcuxpressoide_10.3.1_2233/ide/plugins/com.nxp.mcuxpresso.tools.win32_10.3.0.201811011841/tools/bin/../lib/gcc/arm-none-eabi/7.3.1/../../../../arm-none-eabi/lib/thumb/v7-m\libcr_c.a(strlen.o)

.debug_ranges   0x00000000      0x5e0
 .debug_ranges  0x00000000       0x28 ./src/HW_lpc1769.o
 .debug_ranges  0x00000028       0x28 ./src/TFT.o
 .debug_ranges  0x00000050       0xd0 ./src/UTFT.o
 .debug_ranges  0x00000120       0x70 ./src/cr_startup_lpc175x_6x.o
 .debug_ranges  0x00000190       0x10 ./src/sysinit.o
 .debug_ranges  0x000001a0      0x158 C:\Users\Gaston\Documents\facultad\TDII\Proyecto\lpc_board_nxp_lpcxpresso_1769\Debug\liblpc_board_nxp_lpcxpresso_1769.a(board.o)
 .debug_ranges  0x000002f8       0x28 C:\Users\Gaston\Documents\facultad\TDII\Proyecto\lpc_board_nxp_lpcxpresso_1769\Debug\liblpc_board_nxp_lpcxpresso_1769.a(board_sysinit.o)
 .debug_ranges  0x00000320       0x28 C:\Users\Gaston\Documents\facultad\TDII\Proyecto\lpc_chip_175x_6x\Debug\liblpc_chip_175x_6x.a(chip_17xx_40xx.o)
 .debug_ranges  0x00000348      0x110 C:\Users\Gaston\Documents\facultad\TDII\Proyecto\lpc_chip_175x_6x\Debug\liblpc_chip_175x_6x.a(clock_17xx_40xx.o)
 .debug_ranges  0x00000458       0x20 C:\Users\Gaston\Documents\facultad\TDII\Proyecto\lpc_chip_175x_6x\Debug\liblpc_chip_175x_6x.a(iocon_17xx_40xx.o)
 .debug_ranges  0x00000478       0x50 C:\Users\Gaston\Documents\facultad\TDII\Proyecto\lpc_chip_175x_6x\Debug\liblpc_chip_175x_6x.a(sysinit_17xx_40xx.o)
 .debug_ranges  0x000004c8      0x118 C:\Users\Gaston\Documents\facultad\TDII\Proyecto\lpc_chip_175x_6x\Debug\liblpc_chip_175x_6x.a(uart_17xx_40xx.o)

.debug_frame    0x00000000     0x1904
 .debug_frame   0x00000000       0xa8 ./src/HW_lpc1769.o
 .debug_frame   0x000000a8       0xa4 ./src/TFT.o
 .debug_frame   0x0000014c      0x3a4 ./src/UTFT.o
 .debug_frame   0x000004f0      0x170 ./src/cr_startup_lpc175x_6x.o
 .debug_frame   0x00000660       0x34 ./src/sysinit.o
 .debug_frame   0x00000694      0x5f0 C:\Users\Gaston\Documents\facultad\TDII\Proyecto\lpc_board_nxp_lpcxpresso_1769\Debug\liblpc_board_nxp_lpcxpresso_1769.a(board.o)
 .debug_frame   0x00000c84       0x8c C:\Users\Gaston\Documents\facultad\TDII\Proyecto\lpc_board_nxp_lpcxpresso_1769\Debug\liblpc_board_nxp_lpcxpresso_1769.a(board_sysinit.o)
 .debug_frame   0x00000d10       0x88 C:\Users\Gaston\Documents\facultad\TDII\Proyecto\lpc_chip_175x_6x\Debug\liblpc_chip_175x_6x.a(chip_17xx_40xx.o)
 .debug_frame   0x00000d98      0x490 C:\Users\Gaston\Documents\facultad\TDII\Proyecto\lpc_chip_175x_6x\Debug\liblpc_chip_175x_6x.a(clock_17xx_40xx.o)
 .debug_frame   0x00001228       0x80 C:\Users\Gaston\Documents\facultad\TDII\Proyecto\lpc_chip_175x_6x\Debug\liblpc_chip_175x_6x.a(iocon_17xx_40xx.o)
 .debug_frame   0x000012a8      0x12c C:\Users\Gaston\Documents\facultad\TDII\Proyecto\lpc_chip_175x_6x\Debug\liblpc_chip_175x_6x.a(sysinit_17xx_40xx.o)
 .debug_frame   0x000013d4      0x530 C:\Users\Gaston\Documents\facultad\TDII\Proyecto\lpc_chip_175x_6x\Debug\liblpc_chip_175x_6x.a(uart_17xx_40xx.o)
