Archive member included to satisfy reference by file (symbol)

C:\Users\Gaston\Desktop\pantalla TFT-07-09-2019\pantalla TFT\lpc_board_nxp_lpcxpresso_1769\Debug\liblpc_board_nxp_lpcxpresso_1769.a(board.o)
                              ./src/TFT.o (Board_Init)
C:\Users\Gaston\Desktop\pantalla TFT-07-09-2019\pantalla TFT\lpc_board_nxp_lpcxpresso_1769\Debug\liblpc_board_nxp_lpcxpresso_1769.a(board_sysinit.o)
                              ./src/sysinit.o (Board_SystemInit)
C:\Users\Gaston\Desktop\pantalla TFT-07-09-2019\pantalla TFT\lpc_chip_175x_6x\Debug\liblpc_chip_175x_6x.a(chip_17xx_40xx.o)
                              ./src/UTFT.o (SystemCoreClock)
C:\Users\Gaston\Desktop\pantalla TFT-07-09-2019\pantalla TFT\lpc_chip_175x_6x\Debug\liblpc_chip_175x_6x.a(clock_17xx_40xx.o)
                              C:\Users\Gaston\Desktop\pantalla TFT-07-09-2019\pantalla TFT\lpc_chip_175x_6x\Debug\liblpc_chip_175x_6x.a(chip_17xx_40xx.o) (Chip_Clock_EnablePLL)
C:\Users\Gaston\Desktop\pantalla TFT-07-09-2019\pantalla TFT\lpc_chip_175x_6x\Debug\liblpc_chip_175x_6x.a(i2s_17xx_40xx.o)
                              C:\Users\Gaston\Desktop\pantalla TFT-07-09-2019\pantalla TFT\lpc_board_nxp_lpcxpresso_1769\Debug\liblpc_board_nxp_lpcxpresso_1769.a(board.o) (Chip_I2S_Init)
C:\Users\Gaston\Desktop\pantalla TFT-07-09-2019\pantalla TFT\lpc_chip_175x_6x\Debug\liblpc_chip_175x_6x.a(iocon_17xx_40xx.o)
                              C:\Users\Gaston\Desktop\pantalla TFT-07-09-2019\pantalla TFT\lpc_board_nxp_lpcxpresso_1769\Debug\liblpc_board_nxp_lpcxpresso_1769.a(board.o) (Chip_IOCON_PinMux)
C:\Users\Gaston\Desktop\pantalla TFT-07-09-2019\pantalla TFT\lpc_chip_175x_6x\Debug\liblpc_chip_175x_6x.a(sysinit_17xx_40xx.o)
                              C:\Users\Gaston\Desktop\pantalla TFT-07-09-2019\pantalla TFT\lpc_board_nxp_lpcxpresso_1769\Debug\liblpc_board_nxp_lpcxpresso_1769.a(board_sysinit.o) (Chip_SetupXtalClocking)
C:\Users\Gaston\Desktop\pantalla TFT-07-09-2019\pantalla TFT\lpc_chip_175x_6x\Debug\liblpc_chip_175x_6x.a(uart_17xx_40xx.o)
                              C:\Users\Gaston\Desktop\pantalla TFT-07-09-2019\pantalla TFT\lpc_board_nxp_lpcxpresso_1769\Debug\liblpc_board_nxp_lpcxpresso_1769.a(board.o) (Chip_UART_Init)
C:\Users\Gaston\Desktop\pantalla TFT-07-09-2019\pantalla TFT\lpc_chip_175x_6x\Debug\liblpc_chip_175x_6x.a(ring_buffer.o)
                              C:\Users\Gaston\Desktop\pantalla TFT-07-09-2019\pantalla TFT\lpc_chip_175x_6x\Debug\liblpc_chip_175x_6x.a(uart_17xx_40xx.o) (RingBuffer_Insert)
c:/nxp/mcuxpressoide_10.3.1_2233/ide/plugins/com.nxp.mcuxpresso.tools.win32_10.3.0.201811011841/tools/bin/../lib/gcc/arm-none-eabi/7.3.1/../../../../arm-none-eabi/lib/thumb/v7-m\libcr_c.a(memcpy.o)
                              C:\Users\Gaston\Desktop\pantalla TFT-07-09-2019\pantalla TFT\lpc_board_nxp_lpcxpresso_1769\Debug\liblpc_board_nxp_lpcxpresso_1769.a(board.o) (memcpy)
c:/nxp/mcuxpressoide_10.3.1_2233/ide/plugins/com.nxp.mcuxpresso.tools.win32_10.3.0.201811011841/tools/bin/../lib/gcc/arm-none-eabi/7.3.1/../../../../arm-none-eabi/lib/thumb/v7-m\libcr_c.a(__weak__main.o)
                              ./src/cr_startup_lpc175x_6x.o (__main)
c:/nxp/mcuxpressoide_10.3.1_2233/ide/plugins/com.nxp.mcuxpresso.tools.win32_10.3.0.201811011841/tools/bin/../lib/gcc/arm-none-eabi/7.3.1/../../../../arm-none-eabi/lib/thumb/v7-m\libcr_c.a(strlen.o)
                              ./src/UTFT.o (strlen)
c:/nxp/mcuxpressoide_10.3.1_2233/ide/plugins/com.nxp.mcuxpresso.tools.win32_10.3.0.201811011841/tools/bin/../lib/gcc/arm-none-eabi/7.3.1/thumb/v7-m\libcr_eabihelpers.a(division_64.o)
                              C:\Users\Gaston\Desktop\pantalla TFT-07-09-2019\pantalla TFT\lpc_chip_175x_6x\Debug\liblpc_chip_175x_6x.a(i2s_17xx_40xx.o) (__aeabi_uldivmod)
c:/nxp/mcuxpressoide_10.3.1_2233/ide/plugins/com.nxp.mcuxpresso.tools.win32_10.3.0.201811011841/tools/bin/../lib/gcc/arm-none-eabi/7.3.1/thumb/v7-m\libcr_eabihelpers.a(division_idiv0.o)
                              c:/nxp/mcuxpressoide_10.3.1_2233/ide/plugins/com.nxp.mcuxpresso.tools.win32_10.3.0.201811011841/tools/bin/../lib/gcc/arm-none-eabi/7.3.1/thumb/v7-m\libcr_eabihelpers.a(division_64.o) (__aeabi_idiv0)
c:/nxp/mcuxpressoide_10.3.1_2233/ide/plugins/com.nxp.mcuxpresso.tools.win32_10.3.0.201811011841/tools/bin/../lib/gcc/arm-none-eabi/7.3.1/thumb/v7-m\libcr_eabihelpers.a(memcpy.o)
                              c:/nxp/mcuxpressoide_10.3.1_2233/ide/plugins/com.nxp.mcuxpresso.tools.win32_10.3.0.201811011841/tools/bin/../lib/gcc/arm-none-eabi/7.3.1/../../../../arm-none-eabi/lib/thumb/v7-m\libcr_c.a(memcpy.o) (__aeabi_memcpy)

Allocating common symbols
Common symbol       size              file

SystemCoreClock     0x4               C:\Users\Gaston\Desktop\pantalla TFT-07-09-2019\pantalla TFT\lpc_chip_175x_6x\Debug\liblpc_chip_175x_6x.a(chip_17xx_40xx.o)

Discarded input sections

 .group         0x00000000        0xc ./src/DefaultFonts.o
 .group         0x00000000        0xc ./src/DefaultFonts.o
[...]
Memory Configuration

Name             Origin             Length             Attributes
MFlash512        0x00000000         0x00080000         xr
RamLoc32         0x10000000         0x00008000         xrw
RamAHB32         0x2007c000         0x00008000         xrw
*default*        0x00000000         0xffffffff

Linker script and memory map

LOAD ./src/DefaultFonts.o
LOAD ./src/HW_lpc1769.o
LOAD ./src/TFT.o
LOAD ./src/UTFT.o
LOAD ./src/cr_startup_lpc175x_6x.o
LOAD ./src/crp.o
LOAD ./src/sysinit.o
LOAD C:\Users\Gaston\Desktop\pantalla TFT-07-09-2019\pantalla TFT\lpc_board_nxp_lpcxpresso_1769\Debug\liblpc_board_nxp_lpcxpresso_1769.a
LOAD C:\Users\Gaston\Desktop\pantalla TFT-07-09-2019\pantalla TFT\lpc_chip_175x_6x\Debug\liblpc_chip_175x_6x.a
START GROUP
LOAD c:/nxp/mcuxpressoide_10.3.1_2233/ide/plugins/com.nxp.mcuxpresso.tools.win32_10.3.0.201811011841/tools/bin/../lib/gcc/arm-none-eabi/7.3.1/../../../../arm-none-eabi/lib/thumb/v7-m\libcr_c.a
LOAD c:/nxp/mcuxpressoide_10.3.1_2233/ide/plugins/com.nxp.mcuxpresso.tools.win32_10.3.0.201811011841/tools/bin/../lib/gcc/arm-none-eabi/7.3.1/thumb/v7-m\libcr_eabihelpers.a
LOAD c:/nxp/mcuxpressoide_10.3.1_2233/ide/plugins/com.nxp.mcuxpresso.tools.win32_10.3.0.201811011841/tools/bin/../lib/gcc/arm-none-eabi/7.3.1/thumb/v7-m\libgcc.a
END GROUP
                0x00000000                __base_MFlash512 = 0x0
                0x00000000                __base_Flash = 0x0
                0x00080000                __top_MFlash512 = 0x80000
                0x00080000                __top_Flash = 0x80000
                0x10000000                __base_RamLoc32 = 0x10000000
                0x10000000                __base_RAM = 0x10000000
                0x10008000                __top_RamLoc32 = 0x10008000
                0x10008000                __top_RAM = 0x10008000
                0x2007c000                __base_RamAHB32 = 0x2007c000
                0x2007c000                __base_RAM2 = 0x2007c000
                0x20084000                __top_RamAHB32 = 0x20084000
                0x20084000                __top_RAM2 = 0x20084000

.text           0x00000000     0x3a8c
 FILL mask 0xff
                0x00000000                __vectors_start__ = ABSOLUTE (.)
 *(.isr_vector)
 .isr_vector    0x00000000       0xcc ./src/cr_startup_lpc175x_6x.o
                0x00000000                g_pfnVectors
                0x000000cc                . = ALIGN (0x4)
                0x000000cc                __section_table_start = .
                0x000000cc                __data_section_table = .
                0x000000cc        0x4 LONG 0x3a8c LOADADDR (.data)
                0x000000d0        0x4 LONG 0x10000000 ADDR (.data)
                0x000000d4        0x4 LONG 0x190c SIZEOF (.data)
                0x000000d8        0x4 LONG 0x3a8c LOADADDR (.data_RAM2)
                0x000000dc        0x4 LONG 0x2007c000 ADDR (.data_RAM2)
                0x000000e0        0x4 LONG 0x0 SIZEOF (.data_RAM2)
                0x000000e4                __data_section_table_end = .
                0x000000e4                __bss_section_table = .
                0x000000e4        0x4 LONG 0x1000190c ADDR (.bss)
                0x000000e8        0x4 LONG 0x1c SIZEOF (.bss)
                0x000000ec        0x4 LONG 0x2007c000 ADDR (.bss_RAM2)
                0x000000f0        0x4 LONG 0x0 SIZEOF (.bss_RAM2)
                0x000000f4                __bss_section_table_end = .
                0x000000f4                __section_table_end = .
 *(.after_vectors*)
 .after_vectors
                0x000000f4      0x12c ./src/cr_startup_lpc175x_6x.o
                0x000000f4                data_init
                0x00000136                bss_init
                0x0000016c                ResetISR
                0x000001e4                NMI_Handler
                0x000001ea                HardFault_Handler
                0x000001f0                MemManage_Handler
                0x000001f6                BusFault_Handler
                0x000001fc                UsageFault_Handler
                0x00000202                SVC_Handler
                0x00000208                DebugMon_Handler
                0x0000020e                PendSV_Handler
                0x00000214                SysTick_Handler
                0x0000021a                EINT3_IRQHandler
                0x0000021a                CANActivity_IRQHandler
                0x0000021a                TIMER3_IRQHandler
                0x0000021a                UART0_IRQHandler
                0x0000021a                UART1_IRQHandler
                0x0000021a                EINT2_IRQHandler
                0x0000021a                USBActivity_IRQHandler
                0x0000021a                IntDefaultHandler
                0x0000021a                PLL0_IRQHandler
                0x0000021a                CAN_IRQHandler
                0x0000021a                I2C1_IRQHandler
                0x0000021a                SSP0_IRQHandler
                0x0000021a                I2S_IRQHandler
                0x0000021a                I2C2_IRQHandler
                0x0000021a                RTC_IRQHandler
                0x0000021a                TIMER0_IRQHandler
                0x0000021a                SPI_IRQHandler
                0x0000021a                RIT_IRQHandler
                0x0000021a                EINT1_IRQHandler
                0x0000021a                TIMER1_IRQHandler
                0x0000021a                UART2_IRQHandler
                0x0000021a                ADC_IRQHandler
                0x0000021a                SSP1_IRQHandler
                0x0000021a                USB_IRQHandler
                0x0000021a                BOD_IRQHandler
                0x0000021a                I2C0_IRQHandler
                0x0000021a                WDT_IRQHandler
                0x0000021a                PWM1_IRQHandler
                0x0000021a                QEI_IRQHandler
                0x0000021a                EINT0_IRQHandler
                0x0000021a                ETH_IRQHandler
                0x0000021a                PLL1_IRQHandler
                0x0000021a                DMA_IRQHandler
                0x0000021a                TIMER2_IRQHandler
                0x0000021a                UART3_IRQHandler
                0x0000021a                MCPWM_IRQHandler
 *(.text*)
 .text.Chip_GPIO_SetPinState
                0x00000220       0x64 ./src/HW_lpc1769.o
 .text.Chip_GPIO_WritePortBit
                0x00000284       0x2c ./src/HW_lpc1769.o
 .text.LCD_Writ_Bus
                0x000002b0      0x210 ./src/HW_lpc1769.o
                0x000002b0                LCD_Writ_Bus
 .text._fast_fill_16
                0x000004c0      0x3c4 ./src/HW_lpc1769.o
                0x000004c0                _fast_fill_16
 .text.Chip_GPIO_GetPinState
                0x00000884       0x38 ./src/TFT.o
 .text.main     0x000008bc      0x4b4 ./src/TFT.o
                0x000008bc                main
 .text.Chip_GPIO_SetPinState
                0x00000d70       0x64 ./src/UTFT.o
 .text.Chip_GPIO_WritePortBit
                0x00000dd4       0x2c ./src/UTFT.o
 .text.LCD_Write_COM
                0x00000e00       0x34 ./src/UTFT.o
                0x00000e00                LCD_Write_COM
 .text.LCD_Write_DATA2
                0x00000e34       0x3c ./src/UTFT.o
                0x00000e34                LCD_Write_DATA2
 .text.LCD_Write_DATA1
                0x00000e70       0x34 ./src/UTFT.o
                0x00000e70                LCD_Write_DATA1
 .text.LCD_Write_COM_DATA
                0x00000ea4       0x2e ./src/UTFT.o
                0x00000ea4                LCD_Write_COM_DATA
 *fill*         0x00000ed2        0x2 ff
 .text.InitLCD  0x00000ed4      0x698 ./src/UTFT.o
                0x00000ed4                InitLCD
 .text.setXY    0x0000156c       0xd8 ./src/UTFT.o
                0x0000156c                setXY
 .text.clrXY    0x00001644       0x48 ./src/UTFT.o
                0x00001644                clrXY
 .text.clrScr   0x0000168c       0x58 ./src/UTFT.o
                0x0000168c                clrScr
 .text.setColor2
                0x000016e4       0x60 ./src/UTFT.o
                0x000016e4                setColor2
 .text.setBackColor2
                0x00001744       0x68 ./src/UTFT.o
                0x00001744                setBackColor2
 .text.setPixel
                0x000017ac       0x26 ./src/UTFT.o
                0x000017ac                setPixel
 *fill*         0x000017d2        0x2 ff
 .text.drawPixel
                0x000017d4       0x68 ./src/UTFT.o
                0x000017d4                drawPixel
 .text.printChar
                0x0000183c      0x390 ./src/UTFT.o
                0x0000183c                printChar
 .text.print    0x00001bcc      0x14c ./src/UTFT.o
                0x00001bcc                print
 .text.setFont  0x00001d18       0x44 ./src/UTFT.o
                0x00001d18                setFont
 .text.drawBitmap
                0x00001d5c      0x334 ./src/UTFT.o
                0x00001d5c                drawBitmap
 .text.SystemInit
                0x00002090       0x24 ./src/sysinit.o
                0x00002090                SystemInit
 .text.Chip_IOCON_Init
                0x000020b4       0x16 C:\Users\Gaston\Desktop\pantalla TFT-07-09-2019\pantalla TFT\lpc_board_nxp_lpcxpresso_1769\Debug\liblpc_board_nxp_lpcxpresso_1769.a(board.o)
 .text.Chip_GPIO_Init
                0x000020ca       0x16 C:\Users\Gaston\Desktop\pantalla TFT-07-09-2019\pantalla TFT\lpc_board_nxp_lpcxpresso_1769\Debug\liblpc_board_nxp_lpcxpresso_1769.a(board.o)
 .text.Chip_GPIO_SetPinDIROutput
                0x000020e0       0x36 C:\Users\Gaston\Desktop\pantalla TFT-07-09-2019\pantalla TFT\lpc_board_nxp_lpcxpresso_1769\Debug\liblpc_board_nxp_lpcxpresso_1769.a(board.o)
 .text.Chip_GPIO_SetPinDIRInput
                0x00002116       0x3a C:\Users\Gaston\Desktop\pantalla TFT-07-09-2019\pantalla TFT\lpc_board_nxp_lpcxpresso_1769\Debug\liblpc_board_nxp_lpcxpresso_1769.a(board.o)
 .text.Chip_GPIO_SetPinDIR
                0x00002150       0x42 C:\Users\Gaston\Desktop\pantalla TFT-07-09-2019\pantalla TFT\lpc_board_nxp_lpcxpresso_1769\Debug\liblpc_board_nxp_lpcxpresso_1769.a(board.o)
 .text.Chip_GPIO_WriteDirBit
                0x00002192       0x2e C:\Users\Gaston\Desktop\pantalla TFT-07-09-2019\pantalla TFT\lpc_board_nxp_lpcxpresso_1769\Debug\liblpc_board_nxp_lpcxpresso_1769.a(board.o)
 .text.Chip_UART_ConfigData
                0x000021c0       0x1a C:\Users\Gaston\Desktop\pantalla TFT-07-09-2019\pantalla TFT\lpc_board_nxp_lpcxpresso_1769\Debug\liblpc_board_nxp_lpcxpresso_1769.a(board.o)
 *fill*         0x000021da        0x2 ff
 .text.Board_LED_Init
                0x000021dc       0x18 C:\Users\Gaston\Desktop\pantalla TFT-07-09-2019\pantalla TFT\lpc_board_nxp_lpcxpresso_1769\Debug\liblpc_board_nxp_lpcxpresso_1769.a(board.o)
 .text.Board_UART_Init
                0x000021f4       0x12 C:\Users\Gaston\Desktop\pantalla TFT-07-09-2019\pantalla TFT\lpc_board_nxp_lpcxpresso_1769\Debug\liblpc_board_nxp_lpcxpresso_1769.a(board.o)
                0x000021f4                Board_UART_Init
 *fill*         0x00002206        0x2 ff
 .text.Board_Debug_Init
                0x00002208       0x30 C:\Users\Gaston\Desktop\pantalla TFT-07-09-2019\pantalla TFT\lpc_board_nxp_lpcxpresso_1769\Debug\liblpc_board_nxp_lpcxpresso_1769.a(board.o)
                0x00002208                Board_Debug_Init
 .text.Board_Init
                0x00002238       0x38 C:\Users\Gaston\Desktop\pantalla TFT-07-09-2019\pantalla TFT\lpc_board_nxp_lpcxpresso_1769\Debug\liblpc_board_nxp_lpcxpresso_1769.a(board.o)
                0x00002238                Board_Init
 .text.Board_UTFT_Init
                0x00002270       0xfc C:\Users\Gaston\Desktop\pantalla TFT-07-09-2019\pantalla TFT\lpc_board_nxp_lpcxpresso_1769\Debug\liblpc_board_nxp_lpcxpresso_1769.a(board.o)
                0x00002270                Board_UTFT_Init
 .text.Chip_SYSCTL_SetFLASHAccess
                0x0000236c       0x30 C:\Users\Gaston\Desktop\pantalla TFT-07-09-2019\pantalla TFT\lpc_board_nxp_lpcxpresso_1769\Debug\liblpc_board_nxp_lpcxpresso_1769.a(board_sysinit.o)
 .text.Board_SetupMuxing
                0x0000239c       0x1c C:\Users\Gaston\Desktop\pantalla TFT-07-09-2019\pantalla TFT\lpc_board_nxp_lpcxpresso_1769\Debug\liblpc_board_nxp_lpcxpresso_1769.a(board_sysinit.o)
                0x0000239c                Board_SetupMuxing
 .text.Board_SetupClocking
                0x000023b8       0x12 C:\Users\Gaston\Desktop\pantalla TFT-07-09-2019\pantalla TFT\lpc_board_nxp_lpcxpresso_1769\Debug\liblpc_board_nxp_lpcxpresso_1769.a(board_sysinit.o)
                0x000023b8                Board_SetupClocking
 .text.Board_SystemInit
                0x000023ca       0x1e C:\Users\Gaston\Desktop\pantalla TFT-07-09-2019\pantalla TFT\lpc_board_nxp_lpcxpresso_1769\Debug\liblpc_board_nxp_lpcxpresso_1769.a(board_sysinit.o)
                0x000023ca                Board_SystemInit
 .text.SystemCoreClockUpdate
                0x000023e8       0x18 C:\Users\Gaston\Desktop\pantalla TFT-07-09-2019\pantalla TFT\lpc_chip_175x_6x\Debug\liblpc_chip_175x_6x.a(chip_17xx_40xx.o)
                0x000023e8                SystemCoreClockUpdate
 .text.Chip_Clock_IsMainPLLEnabled
                0x00002400       0x24 C:\Users\Gaston\Desktop\pantalla TFT-07-09-2019\pantalla TFT\lpc_chip_175x_6x\Debug\liblpc_chip_175x_6x.a(clock_17xx_40xx.o)
 .text.Chip_Clock_IsMainPLLConnected
                0x00002424       0x24 C:\Users\Gaston\Desktop\pantalla TFT-07-09-2019\pantalla TFT\lpc_chip_175x_6x\Debug\liblpc_chip_175x_6x.a(clock_17xx_40xx.o)
 .text.Chip_Clock_FeedPLL
                0x00002448       0x34 C:\Users\Gaston\Desktop\pantalla TFT-07-09-2019\pantalla TFT\lpc_chip_175x_6x\Debug\liblpc_chip_175x_6x.a(clock_17xx_40xx.o)
 .text.Chip_Clock_GetMainPLLSource
                0x0000247c       0x20 C:\Users\Gaston\Desktop\pantalla TFT-07-09-2019\pantalla TFT\lpc_chip_175x_6x\Debug\liblpc_chip_175x_6x.a(clock_17xx_40xx.o)
 .text.Chip_Clock_GetMainOscRate
                0x0000249c       0x14 C:\Users\Gaston\Desktop\pantalla TFT-07-09-2019\pantalla TFT\lpc_chip_175x_6x\Debug\liblpc_chip_175x_6x.a(clock_17xx_40xx.o)
 .text.Chip_Clock_GetIntOscRate
                0x000024b0       0x14 C:\Users\Gaston\Desktop\pantalla TFT-07-09-2019\pantalla TFT\lpc_chip_175x_6x\Debug\liblpc_chip_175x_6x.a(clock_17xx_40xx.o)
 .text.Chip_Clock_GetRTCOscRate
                0x000024c4       0x14 C:\Users\Gaston\Desktop\pantalla TFT-07-09-2019\pantalla TFT\lpc_chip_175x_6x\Debug\liblpc_chip_175x_6x.a(clock_17xx_40xx.o)
 .text.Chip_Clock_GetMainPLLInClockRate
                0x000024d8        0xe C:\Users\Gaston\Desktop\pantalla TFT-07-09-2019\pantalla TFT\lpc_chip_175x_6x\Debug\liblpc_chip_175x_6x.a(clock_17xx_40xx.o)
 *fill*         0x000024e6        0x2 ff
 .text.Chip_Clock_EnablePLL
                0x000024e8       0x44 C:\Users\Gaston\Desktop\pantalla TFT-07-09-2019\pantalla TFT\lpc_chip_175x_6x\Debug\liblpc_chip_175x_6x.a(clock_17xx_40xx.o)
                0x000024e8                Chip_Clock_EnablePLL
 .text.Chip_Clock_DisablePLL
                0x0000252c       0x48 C:\Users\Gaston\Desktop\pantalla TFT-07-09-2019\pantalla TFT\lpc_chip_175x_6x\Debug\liblpc_chip_175x_6x.a(clock_17xx_40xx.o)
                0x0000252c                Chip_Clock_DisablePLL
 .text.Chip_Clock_SetupPLL
                0x00002574       0x5c C:\Users\Gaston\Desktop\pantalla TFT-07-09-2019\pantalla TFT\lpc_chip_175x_6x\Debug\liblpc_chip_175x_6x.a(clock_17xx_40xx.o)
                0x00002574                Chip_Clock_SetupPLL
 .text.Chip_Clock_EnablePeriphClock
                0x000025d0       0x34 C:\Users\Gaston\Desktop\pantalla TFT-07-09-2019\pantalla TFT\lpc_chip_175x_6x\Debug\liblpc_chip_175x_6x.a(clock_17xx_40xx.o)
                0x000025d0                Chip_Clock_EnablePeriphClock
 .text.Chip_Clock_GetCPUClockSource
                0x00002604       0x24 C:\Users\Gaston\Desktop\pantalla TFT-07-09-2019\pantalla TFT\lpc_chip_175x_6x\Debug\liblpc_chip_175x_6x.a(clock_17xx_40xx.o)
                0x00002604                Chip_Clock_GetCPUClockSource
 .text.Chip_Clock_SetCPUClockDiv
                0x00002628       0x20 C:\Users\Gaston\Desktop\pantalla TFT-07-09-2019\pantalla TFT\lpc_chip_175x_6x\Debug\liblpc_chip_175x_6x.a(clock_17xx_40xx.o)
                0x00002628                Chip_Clock_SetCPUClockDiv
 .text.Chip_Clock_GetCPUClockDiv
                0x00002648       0x1c C:\Users\Gaston\Desktop\pantalla TFT-07-09-2019\pantalla TFT\lpc_chip_175x_6x\Debug\liblpc_chip_175x_6x.a(clock_17xx_40xx.o)
                0x00002648                Chip_Clock_GetCPUClockDiv
 .text.Chip_Clock_GetPCLKDiv
                0x00002664       0x8c C:\Users\Gaston\Desktop\pantalla TFT-07-09-2019\pantalla TFT\lpc_chip_175x_6x\Debug\liblpc_chip_175x_6x.a(clock_17xx_40xx.o)
                0x00002664                Chip_Clock_GetPCLKDiv
 .text.Chip_Clock_GetSYSCLKRate
                0x000026f0       0x34 C:\Users\Gaston\Desktop\pantalla TFT-07-09-2019\pantalla TFT\lpc_chip_175x_6x\Debug\liblpc_chip_175x_6x.a(clock_17xx_40xx.o)
                0x000026f0                Chip_Clock_GetSYSCLKRate
 .text.Chip_Clock_GetMainPLLOutClockRate
                0x00002724       0x54 C:\Users\Gaston\Desktop\pantalla TFT-07-09-2019\pantalla TFT\lpc_chip_175x_6x\Debug\liblpc_chip_175x_6x.a(clock_17xx_40xx.o)
                0x00002724                Chip_Clock_GetMainPLLOutClockRate
 .text.Chip_Clock_GetMainClockRate
                0x00002778       0x28 C:\Users\Gaston\Desktop\pantalla TFT-07-09-2019\pantalla TFT\lpc_chip_175x_6x\Debug\liblpc_chip_175x_6x.a(clock_17xx_40xx.o)
                0x00002778                Chip_Clock_GetMainClockRate
 .text.Chip_Clock_GetSystemClockRate
                0x000027a0       0x18 C:\Users\Gaston\Desktop\pantalla TFT-07-09-2019\pantalla TFT\lpc_chip_175x_6x\Debug\liblpc_chip_175x_6x.a(clock_17xx_40xx.o)
                0x000027a0                Chip_Clock_GetSystemClockRate
 .text.Chip_Clock_GetPeripheralClockRate
                0x000027b8       0x26 C:\Users\Gaston\Desktop\pantalla TFT-07-09-2019\pantalla TFT\lpc_chip_175x_6x\Debug\liblpc_chip_175x_6x.a(clock_17xx_40xx.o)
                0x000027b8                Chip_Clock_GetPeripheralClockRate
 .text.Chip_IOCON_PinMuxSet
                0x000027de       0x36 C:\Users\Gaston\Desktop\pantalla TFT-07-09-2019\pantalla TFT\lpc_chip_175x_6x\Debug\liblpc_chip_175x_6x.a(iocon_17xx_40xx.o)
                0x000027de                Chip_IOCON_PinMuxSet
 .text.Chip_IOCON_PinMux
                0x00002814       0x94 C:\Users\Gaston\Desktop\pantalla TFT-07-09-2019\pantalla TFT\lpc_chip_175x_6x\Debug\liblpc_chip_175x_6x.a(iocon_17xx_40xx.o)
                0x00002814                Chip_IOCON_PinMux
 .text.Chip_IOCON_SetPinMuxing
                0x000028a8       0x62 C:\Users\Gaston\Desktop\pantalla TFT-07-09-2019\pantalla TFT\lpc_chip_175x_6x\Debug\liblpc_chip_175x_6x.a(iocon_17xx_40xx.o)
                0x000028a8                Chip_IOCON_SetPinMuxing
 *fill*         0x0000290a        0x2 ff
 .text.Chip_Clock_IsMainPLLEnabled
                0x0000290c       0x24 C:\Users\Gaston\Desktop\pantalla TFT-07-09-2019\pantalla TFT\lpc_chip_175x_6x\Debug\liblpc_chip_175x_6x.a(sysinit_17xx_40xx.o)
 .text.Chip_Clock_IsMainPLLLocked
                0x00002930       0x24 C:\Users\Gaston\Desktop\pantalla TFT-07-09-2019\pantalla TFT\lpc_chip_175x_6x\Debug\liblpc_chip_175x_6x.a(sysinit_17xx_40xx.o)
 .text.Chip_Clock_IsMainPLLConnected
                0x00002954       0x24 C:\Users\Gaston\Desktop\pantalla TFT-07-09-2019\pantalla TFT\lpc_chip_175x_6x\Debug\liblpc_chip_175x_6x.a(sysinit_17xx_40xx.o)
 .text.Chip_Clock_EnableCrystal
                0x00002978       0x20 C:\Users\Gaston\Desktop\pantalla TFT-07-09-2019\pantalla TFT\lpc_chip_175x_6x\Debug\liblpc_chip_175x_6x.a(sysinit_17xx_40xx.o)
 .text.Chip_Clock_IsCrystalEnabled
                0x00002998       0x24 C:\Users\Gaston\Desktop\pantalla TFT-07-09-2019\pantalla TFT\lpc_chip_175x_6x\Debug\liblpc_chip_175x_6x.a(sysinit_17xx_40xx.o)
 .text.Chip_Clock_SetMainPLLSource
                0x000029bc       0x20 C:\Users\Gaston\Desktop\pantalla TFT-07-09-2019\pantalla TFT\lpc_chip_175x_6x\Debug\liblpc_chip_175x_6x.a(sysinit_17xx_40xx.o)
 .text.Chip_SetupXtalClocking
                0x000029dc       0x90 C:\Users\Gaston\Desktop\pantalla TFT-07-09-2019\pantalla TFT\lpc_chip_175x_6x\Debug\liblpc_chip_175x_6x.a(sysinit_17xx_40xx.o)
                0x000029dc                Chip_SetupXtalClocking
 .text.Chip_UART_SetupFIFOS
                0x00002a6c       0x1a C:\Users\Gaston\Desktop\pantalla TFT-07-09-2019\pantalla TFT\lpc_chip_175x_6x\Debug\liblpc_chip_175x_6x.a(uart_17xx_40xx.o)
 .text.Chip_UART_ConfigData
                0x00002a86       0x1a C:\Users\Gaston\Desktop\pantalla TFT-07-09-2019\pantalla TFT\lpc_chip_175x_6x\Debug\liblpc_chip_175x_6x.a(uart_17xx_40xx.o)
 .text.Chip_UART_EnableDivisorAccess
                0x00002aa0       0x1e C:\Users\Gaston\Desktop\pantalla TFT-07-09-2019\pantalla TFT\lpc_chip_175x_6x\Debug\liblpc_chip_175x_6x.a(uart_17xx_40xx.o)
 .text.Chip_UART_DisableDivisorAccess
                0x00002abe       0x1e C:\Users\Gaston\Desktop\pantalla TFT-07-09-2019\pantalla TFT\lpc_chip_175x_6x\Debug\liblpc_chip_175x_6x.a(uart_17xx_40xx.o)
 .text.Chip_UART_SetDivisorLatches
                0x00002adc       0x26 C:\Users\Gaston\Desktop\pantalla TFT-07-09-2019\pantalla TFT\lpc_chip_175x_6x\Debug\liblpc_chip_175x_6x.a(uart_17xx_40xx.o)
 *fill*         0x00002b02        0x2 ff
 .text.Chip_UART_GetClockIndex
                0x00002b04       0x50 C:\Users\Gaston\Desktop\pantalla TFT-07-09-2019\pantalla TFT\lpc_chip_175x_6x\Debug\liblpc_chip_175x_6x.a(uart_17xx_40xx.o)
 .text.Chip_UART_GetClkIndex
                0x00002b54       0x50 C:\Users\Gaston\Desktop\pantalla TFT-07-09-2019\pantalla TFT\lpc_chip_175x_6x\Debug\liblpc_chip_175x_6x.a(uart_17xx_40xx.o)
 .text.Chip_UART_Init
                0x00002ba4       0x78 C:\Users\Gaston\Desktop\pantalla TFT-07-09-2019\pantalla TFT\lpc_chip_175x_6x\Debug\liblpc_chip_175x_6x.a(uart_17xx_40xx.o)
                0x00002ba4                Chip_UART_Init
 .text.Chip_UART_TXEnable
                0x00002c1c       0x18 C:\Users\Gaston\Desktop\pantalla TFT-07-09-2019\pantalla TFT\lpc_chip_175x_6x\Debug\liblpc_chip_175x_6x.a(uart_17xx_40xx.o)
                0x00002c1c                Chip_UART_TXEnable
 .text.Chip_UART_TXDisable
                0x00002c34       0x18 C:\Users\Gaston\Desktop\pantalla TFT-07-09-2019\pantalla TFT\lpc_chip_175x_6x\Debug\liblpc_chip_175x_6x.a(uart_17xx_40xx.o)
                0x00002c34                Chip_UART_TXDisable
 .text.Chip_UART_SetBaud
                0x00002c4c       0x62 C:\Users\Gaston\Desktop\pantalla TFT-07-09-2019\pantalla TFT\lpc_chip_175x_6x\Debug\liblpc_chip_175x_6x.a(uart_17xx_40xx.o)
                0x00002c4c                Chip_UART_SetBaud
 .text.__weak_main
                0x00002cae        0x4 c:/nxp/mcuxpressoide_10.3.1_2233/ide/plugins/com.nxp.mcuxpresso.tools.win32_10.3.0.201811011841/tools/bin/../lib/gcc/arm-none-eabi/7.3.1/../../../../arm-none-eabi/lib/thumb/v7-m\libcr_c.a(__weak__main.o)
                0x00002cae                __weak_main
                0x00002cae                __main
 .text.strlen   0x00002cb2       0x4a c:/nxp/mcuxpressoide_10.3.1_2233/ide/plugins/com.nxp.mcuxpresso.tools.win32_10.3.0.201811011841/tools/bin/../lib/gcc/arm-none-eabi/7.3.1/../../../../arm-none-eabi/lib/thumb/v7-m\libcr_c.a(strlen.o)
                0x00002cb2                strlen
 *(.rodata .rodata.* .constdata .constdata.*)
 .rodata.SmallFont
                0x00002cfc      0x478 ./src/DefaultFonts.o
                0x00002cfc                SmallFont
 .rodata.icon2  0x00003174      0x800 ./src/TFT.o
                0x00003174                icon2
 .rodata        0x00003974       0x5f ./src/TFT.o
 *fill*         0x000039d3        0x1 ff
 .rodata.OscRateIn
                0x000039d4        0x4 C:\Users\Gaston\Desktop\pantalla TFT-07-09-2019\pantalla TFT\lpc_board_nxp_lpcxpresso_1769\Debug\liblpc_board_nxp_lpcxpresso_1769.a(board.o)
                0x000039d4                OscRateIn
 .rodata.RTCOscRateIn
                0x000039d8        0x4 C:\Users\Gaston\Desktop\pantalla TFT-07-09-2019\pantalla TFT\lpc_board_nxp_lpcxpresso_1769\Debug\liblpc_board_nxp_lpcxpresso_1769.a(board.o)
                0x000039d8                RTCOscRateIn
 .rodata.pinmuxing
                0x000039dc       0xb0 C:\Users\Gaston\Desktop\pantalla TFT-07-09-2019\pantalla TFT\lpc_board_nxp_lpcxpresso_1769\Debug\liblpc_board_nxp_lpcxpresso_1769.a(board_sysinit.o)
                0x00003a8c                . = ALIGN (0x4)

.glue_7         0x00003a8c        0x0
 .glue_7        0x00003a8c        0x0 linker stubs

.glue_7t        0x00003a8c        0x0
 .glue_7t       0x00003a8c        0x0 linker stubs

.vfp11_veneer   0x00003a8c        0x0
 .vfp11_veneer  0x00003a8c        0x0 linker stubs

.v4_bx          0x00003a8c        0x0
 .v4_bx         0x00003a8c        0x0 linker stubs

.iplt           0x00003a8c        0x0
 .iplt          0x00003a8c        0x0 ./src/DefaultFonts.o

.rel.dyn        0x00003a8c        0x0
 .rel.iplt      0x00003a8c        0x0 ./src/DefaultFonts.o

.ARM.extab
 *(.ARM.extab* .gnu.linkonce.armextab.*)
                0x00003a8c                __exidx_start = .

.ARM.exidx
 *(.ARM.exidx* .gnu.linkonce.armexidx.*)
                0x00003a8c                __exidx_end = .
                0x00003a8c                _etext = .

.data_RAM2      0x2007c000        0x0 load address 0x00003a8c
 FILL mask 0xff
                [!provide]                PROVIDE (__start_data_RAM2 = .)
 *(.ramfunc.$RAM2)
 *(.ramfunc.$RamAHB32)
 *(.data.$RAM2*)
 *(.data.$RamAHB32*)
                0x2007c000                . = ALIGN (0x4)
                [!provide]                PROVIDE (__end_data_RAM2 = .)

.uninit_RESERVED
                0x10000000        0x0
 *(.bss.$RESERVED*)
                0x10000000                . = ALIGN (0x4)
                0x10000000                _end_uninit_RESERVED = .

.data           0x10000000     0x190c load address 0x00003a8c
 FILL mask 0xff
                0x10000000                _data = .
 *(vtable)
 *(.ramfunc*)
 *(.data*)
 .data.sin      0x10000000      0x640 ./src/TFT.o
                0x10000000                sin
 .data.sin2     0x10000640      0x640 ./src/TFT.o
                0x10000640                sin2
 .data.sin3     0x10000c80      0x640 ./src/TFT.o
                0x10000c80                sin3
 .data.sin4     0x100012c0      0x640 ./src/TFT.o
                0x100012c0                sin4
 .data.disp_x_size
                0x10001900        0x4 ./src/UTFT.o
 .data.disp_y_size
                0x10001904        0x4 ./src/UTFT.o
 .data.display_transfer_mode
                0x10001908        0x1 ./src/UTFT.o
                0x1000190c                . = ALIGN (0x4)
 *fill*         0x10001909        0x3 ff
                0x1000190c                _edata = .

.igot.plt       0x1000190c        0x0 load address 0x00005398
 .igot.plt      0x1000190c        0x0 ./src/DefaultFonts.o

.bss_RAM2       0x2007c000        0x0
                [!provide]                PROVIDE (__start_bss_RAM2 = .)
 *(.bss.$RAM2*)
 *(.bss.$RamAHB32*)
                0x2007c000                . = ALIGN ((. != 0x0)?0x4:0x1)
                [!provide]                PROVIDE (__end_bss_RAM2 = .)

.bss            0x1000190c       0x1c
                0x1000190c                _bss = .
 *(.bss*)
 .bss.i.7397    0x1000190c        0x4 ./src/TFT.o
 .bss.fch       0x10001910        0x1 ./src/UTFT.o
 .bss.fcl       0x10001911        0x1 ./src/UTFT.o
 .bss.bch       0x10001912        0x1 ./src/UTFT.o
 .bss.bcl       0x10001913        0x1 ./src/UTFT.o
 .bss.orient    0x10001914        0x1 ./src/UTFT.o
 *fill*         0x10001915        0x3 
 .bss.cfont     0x10001918        0x8 ./src/UTFT.o
 .bss._transparent
                0x10001920        0x1 ./src/UTFT.o
                0x10001920                _transparent
 *(COMMON)
 *fill*         0x10001921        0x3 
 COMMON         0x10001924        0x4 C:\Users\Gaston\Desktop\pantalla TFT-07-09-2019\pantalla TFT\lpc_chip_175x_6x\Debug\liblpc_chip_175x_6x.a(chip_17xx_40xx.o)
                0x10001924                SystemCoreClock
                0x10001928                . = ALIGN (0x4)
                0x10001928                _ebss = .
                [!provide]                PROVIDE (end = .)

.noinit_RAM2    0x2007c000        0x0
 *(.noinit.$RAM2*)
 *(.noinit.$RamAHB32*)
                0x2007c000                . = ALIGN (0x4)

.noinit         0x10001928        0x0
                0x10001928                _noinit = .
 *(.noinit*)
                0x10001928                . = ALIGN (0x4)
                0x10001928                _end_noinit = .
                [!provide]                PROVIDE (_pvHeapStart = DEFINED (__user_heap_base)?__user_heap_base:.)
                0x10008000                PROVIDE (_vStackTop = DEFINED (__user_stack_top)?__user_stack_top:(__top_RamLoc32 - 0x0))
                0xefff74de                PROVIDE (__valid_user_code_checksum = (0x0 - ((((((_vStackTop + (ResetISR + 0x1)) + (NMI_Handler + 0x1)) + (HardFault_Handler + 0x1)) + (DEFINED (MemManage_Handler)?MemManage_Handler:0x0 + 0x1)) + (DEFINED (BusFault_Handler)?BusFault_Handler:0x0 + 0x1)) + (DEFINED (UsageFault_Handler)?UsageFault_Handler:0x0 + 0x1))))
                0x00000000                _image_start = LOADADDR (.text)
                0x00005398                _image_end = (LOADADDR (.data) + SIZEOF (.data))
                0x00005398                _image_size = (_image_end - _image_start)
OUTPUT(TFT.axf elf32-littlearm)

.debug_info     0x00000000     0x5f1c
 .debug_info    0x00000000      0x32c ./src/DefaultFonts.o
 .debug_info    0x0000032c      0x3d3 ./src/HW_lpc1769.o
 .debug_info    0x000006ff      0x493 ./src/TFT.o
 .debug_info    0x00000b92      0xb7e ./src/UTFT.o
 .debug_info    0x00001710      0x255 ./src/cr_startup_lpc175x_6x.o
 .debug_info    0x00001965      0x232 ./src/sysinit.o
 .debug_info    0x00001b97     0x1521 C:\Users\Gaston\Desktop\pantalla TFT-07-09-2019\pantalla TFT\lpc_board_nxp_lpcxpresso_1769\Debug\liblpc_board_nxp_lpcxpresso_1769.a(board.o)
 .debug_info    0x000030b8      0x6c3 C:\Users\Gaston\Desktop\pantalla TFT-07-09-2019\pantalla TFT\lpc_board_nxp_lpcxpresso_1769\Debug\liblpc_board_nxp_lpcxpresso_1769.a(board_sysinit.o)
 .debug_info    0x0000377b      0x558 C:\Users\Gaston\Desktop\pantalla TFT-07-09-2019\pantalla TFT\lpc_chip_175x_6x\Debug\liblpc_chip_175x_6x.a(chip_17xx_40xx.o)
 .debug_info    0x00003cd3      0xba2 C:\Users\Gaston\Desktop\pantalla TFT-07-09-2019\pantalla TFT\lpc_chip_175x_6x\Debug\liblpc_chip_175x_6x.a(clock_17xx_40xx.o)
 .debug_info    0x00004875      0x31e C:\Users\Gaston\Desktop\pantalla TFT-07-09-2019\pantalla TFT\lpc_chip_175x_6x\Debug\liblpc_chip_175x_6x.a(iocon_17xx_40xx.o)
 .debug_info    0x00004b93      0x474 C:\Users\Gaston\Desktop\pantalla TFT-07-09-2019\pantalla TFT\lpc_chip_175x_6x\Debug\liblpc_chip_175x_6x.a(sysinit_17xx_40xx.o)
 .debug_info    0x00005007      0xf15 C:\Users\Gaston\Desktop\pantalla TFT-07-09-2019\pantalla TFT\lpc_chip_175x_6x\Debug\liblpc_chip_175x_6x.a(uart_17xx_40xx.o)

.debug_abbrev   0x00000000     0x17a1
 .debug_abbrev  0x00000000       0xdf ./src/DefaultFonts.o
 .debug_abbrev  0x000000df      0x163 ./src/HW_lpc1769.o
 .debug_abbrev  0x00000242      0x191 ./src/TFT.o
 .debug_abbrev  0x000003d3      0x251 ./src/UTFT.o
 .debug_abbrev  0x00000624      0x114 ./src/cr_startup_lpc175x_6x.o
 .debug_abbrev  0x00000738       0xdd ./src/sysinit.o
 .debug_abbrev  0x00000815      0x3c8 C:\Users\Gaston\Desktop\pantalla TFT-07-09-2019\pantalla TFT\lpc_board_nxp_lpcxpresso_1769\Debug\liblpc_board_nxp_lpcxpresso_1769.a(board.o)
 .debug_abbrev  0x00000bdd      0x180 C:\Users\Gaston\Desktop\pantalla TFT-07-09-2019\pantalla TFT\lpc_board_nxp_lpcxpresso_1769\Debug\liblpc_board_nxp_lpcxpresso_1769.a(board_sysinit.o)
 .debug_abbrev  0x00000d5d      0x151 C:\Users\Gaston\Desktop\pantalla TFT-07-09-2019\pantalla TFT\lpc_chip_175x_6x\Debug\liblpc_chip_175x_6x.a(chip_17xx_40xx.o)
 .debug_abbrev  0x00000eae      0x309 C:\Users\Gaston\Desktop\pantalla TFT-07-09-2019\pantalla TFT\lpc_chip_175x_6x\Debug\liblpc_chip_175x_6x.a(clock_17xx_40xx.o)
 .debug_abbrev  0x000011b7      0x14a C:\Users\Gaston\Desktop\pantalla TFT-07-09-2019\pantalla TFT\lpc_chip_175x_6x\Debug\liblpc_chip_175x_6x.a(iocon_17xx_40xx.o)
 .debug_abbrev  0x00001301      0x18e C:\Users\Gaston\Desktop\pantalla TFT-07-09-2019\pantalla TFT\lpc_chip_175x_6x\Debug\liblpc_chip_175x_6x.a(sysinit_17xx_40xx.o)
 .debug_abbrev  0x0000148f      0x312 C:\Users\Gaston\Desktop\pantalla TFT-07-09-2019\pantalla TFT\lpc_chip_175x_6x\Debug\liblpc_chip_175x_6x.a(uart_17xx_40xx.o)

.debug_aranges  0x00000000      0x6a8
 .debug_aranges
                0x00000000       0x18 ./src/DefaultFonts.o
 .debug_aranges
                0x00000018       0x38 ./src/HW_lpc1769.o
 .debug_aranges
                0x00000050       0x28 ./src/TFT.o
 .debug_aranges
                0x00000078       0xe0 ./src/UTFT.o
 .debug_aranges
                0x00000158       0x80 ./src/cr_startup_lpc175x_6x.o
 .debug_aranges
                0x000001d8       0x20 ./src/sysinit.o
 .debug_aranges
                0x000001f8      0x168 C:\Users\Gaston\Desktop\pantalla TFT-07-09-2019\pantalla TFT\lpc_board_nxp_lpcxpresso_1769\Debug\liblpc_board_nxp_lpcxpresso_1769.a(board.o)
 .debug_aranges
                0x00000360       0x38 C:\Users\Gaston\Desktop\pantalla TFT-07-09-2019\pantalla TFT\lpc_board_nxp_lpcxpresso_1769\Debug\liblpc_board_nxp_lpcxpresso_1769.a(board_sysinit.o)
 .debug_aranges
                0x00000398       0x38 C:\Users\Gaston\Desktop\pantalla TFT-07-09-2019\pantalla TFT\lpc_chip_175x_6x\Debug\liblpc_chip_175x_6x.a(chip_17xx_40xx.o)
 .debug_aranges
                0x000003d0      0x120 C:\Users\Gaston\Desktop\pantalla TFT-07-09-2019\pantalla TFT\lpc_chip_175x_6x\Debug\liblpc_chip_175x_6x.a(clock_17xx_40xx.o)
 .debug_aranges
                0x000004f0       0x30 C:\Users\Gaston\Desktop\pantalla TFT-07-09-2019\pantalla TFT\lpc_chip_175x_6x\Debug\liblpc_chip_175x_6x.a(iocon_17xx_40xx.o)
 .debug_aranges
                0x00000520       0x60 C:\Users\Gaston\Desktop\pantalla TFT-07-09-2019\pantalla TFT\lpc_chip_175x_6x\Debug\liblpc_chip_175x_6x.a(sysinit_17xx_40xx.o)
 .debug_aranges
                0x00000580      0x128 C:\Users\Gaston\Desktop\pantalla TFT-07-09-2019\pantalla TFT\lpc_chip_175x_6x\Debug\liblpc_chip_175x_6x.a(uart_17xx_40xx.o)

.debug_macro    0x00000000     0x6162
 .debug_macro   0x00000000      0x220 ./src/DefaultFonts.o
 .debug_macro   0x00000220      0xa6c ./src/DefaultFonts.o
 .debug_macro   0x00000c8c       0x10 ./src/DefaultFonts.o
 .debug_macro   0x00000c9c      0x12d ./src/DefaultFonts.o
 .debug_macro   0x00000dc9      0x5b2 ./src/DefaultFonts.o
 .debug_macro   0x0000137b       0x22 ./src/DefaultFonts.o
 .debug_macro   0x0000139d       0x7b ./src/DefaultFonts.o
 .debug_macro   0x00001418       0x10 ./src/DefaultFonts.o
 .debug_macro   0x00001428       0x2d ./src/DefaultFonts.o
 .debug_macro   0x00001455       0x3a ./src/DefaultFonts.o
 .debug_macro   0x0000148f       0x2d ./src/DefaultFonts.o
 .debug_macro   0x000014bc      0xbb1 ./src/DefaultFonts.o
 .debug_macro   0x0000206d      0x22c ./src/DefaultFonts.o
 .debug_macro   0x00002299       0x42 ./src/DefaultFonts.o
 .debug_macro   0x000022db       0x52 ./src/DefaultFonts.o
 .debug_macro   0x0000232d       0x78 ./src/DefaultFonts.o
 .debug_macro   0x000023a5       0x82 ./src/DefaultFonts.o
 .debug_macro   0x00002427      0x48c ./src/DefaultFonts.o
 .debug_macro   0x000028b3       0x34 ./src/DefaultFonts.o
 .debug_macro   0x000028e7      0x4c5 ./src/DefaultFonts.o
 .debug_macro   0x00002dac      0x1b7 ./src/DefaultFonts.o
 .debug_macro   0x00002f63       0x10 ./src/DefaultFonts.o
 .debug_macro   0x00002f73      0x21b ./src/DefaultFonts.o
 .debug_macro   0x0000318e      0x1b9 ./src/DefaultFonts.o
 .debug_macro   0x00003347       0x40 ./src/DefaultFonts.o
 .debug_macro   0x00003387       0x22 ./src/DefaultFonts.o
 .debug_macro   0x000033a9      0x162 ./src/DefaultFonts.o
 .debug_macro   0x0000350b       0x94 ./src/DefaultFonts.o
 .debug_macro   0x0000359f       0xb8 ./src/DefaultFonts.o
 .debug_macro   0x00003657       0x4c ./src/DefaultFonts.o
 .debug_macro   0x000036a3       0x16 ./src/DefaultFonts.o
 .debug_macro   0x000036b9      0x328 ./src/DefaultFonts.o
 .debug_macro   0x000039e1       0x49 ./src/DefaultFonts.o
 .debug_macro   0x00003a2a       0x16 ./src/DefaultFonts.o
 .debug_macro   0x00003a40       0xca ./src/DefaultFonts.o
 .debug_macro   0x00003b0a       0x18 ./src/DefaultFonts.o
 .debug_macro   0x00003b22      0x184 ./src/DefaultFonts.o
 .debug_macro   0x00003ca6       0x9a ./src/DefaultFonts.o
 .debug_macro   0x00003d40       0x20 ./src/DefaultFonts.o
 .debug_macro   0x00003d60       0x28 ./src/DefaultFonts.o
 .debug_macro   0x00003d88       0x10 ./src/DefaultFonts.o
 .debug_macro   0x00003d98      0x220 ./src/HW_lpc1769.o
 .debug_macro   0x00003fb8       0x22 ./src/HW_lpc1769.o
 .debug_macro   0x00003fda      0x233 ./src/TFT.o
 .debug_macro   0x0000420d      0x27a ./src/TFT.o
 .debug_macro   0x00004487       0x4c ./src/TFT.o
 .debug_macro   0x000044d3      0x242 ./src/UTFT.o
 .debug_macro   0x00004715       0x1d ./src/cr_startup_lpc175x_6x.o
 .debug_macro   0x00004732      0x217 ./src/sysinit.o
 .debug_macro   0x00004949      0x289 C:\Users\Gaston\Desktop\pantalla TFT-07-09-2019\pantalla TFT\lpc_board_nxp_lpcxpresso_1769\Debug\liblpc_board_nxp_lpcxpresso_1769.a(board.o)
 .debug_macro   0x00004bd2      0xa66 C:\Users\Gaston\Desktop\pantalla TFT-07-09-2019\pantalla TFT\lpc_board_nxp_lpcxpresso_1769\Debug\liblpc_board_nxp_lpcxpresso_1769.a(board.o)
 .debug_macro   0x00005638       0x12 C:\Users\Gaston\Desktop\pantalla TFT-07-09-2019\pantalla TFT\lpc_board_nxp_lpcxpresso_1769\Debug\liblpc_board_nxp_lpcxpresso_1769.a(board.o)
 .debug_macro   0x0000564a      0x217 C:\Users\Gaston\Desktop\pantalla TFT-07-09-2019\pantalla TFT\lpc_board_nxp_lpcxpresso_1769\Debug\liblpc_board_nxp_lpcxpresso_1769.a(board_sysinit.o)
 .debug_macro   0x00005861      0x1cd C:\Users\Gaston\Desktop\pantalla TFT-07-09-2019\pantalla TFT\lpc_chip_175x_6x\Debug\liblpc_chip_175x_6x.a(chip_17xx_40xx.o)
 .debug_macro   0x00005a2e      0x1cd C:\Users\Gaston\Desktop\pantalla TFT-07-09-2019\pantalla TFT\lpc_chip_175x_6x\Debug\liblpc_chip_175x_6x.a(clock_17xx_40xx.o)
 .debug_macro   0x00005bfb      0x1cd C:\Users\Gaston\Desktop\pantalla TFT-07-09-2019\pantalla TFT\lpc_chip_175x_6x\Debug\liblpc_chip_175x_6x.a(iocon_17xx_40xx.o)
 .debug_macro   0x00005dc8      0x1cd C:\Users\Gaston\Desktop\pantalla TFT-07-09-2019\pantalla TFT\lpc_chip_175x_6x\Debug\liblpc_chip_175x_6x.a(sysinit_17xx_40xx.o)
 .debug_macro   0x00005f95      0x1cd C:\Users\Gaston\Desktop\pantalla TFT-07-09-2019\pantalla TFT\lpc_chip_175x_6x\Debug\liblpc_chip_175x_6x.a(uart_17xx_40xx.o)

.debug_line     0x00000000     0x4de7
 .debug_line    0x00000000      0x50e ./src/DefaultFonts.o
 .debug_line    0x0000050e      0x5ec ./src/HW_lpc1769.o
 .debug_line    0x00000afa      0x6e4 ./src/TFT.o
 .debug_line    0x000011de      0xacc ./src/UTFT.o
 .debug_line    0x00001caa       0xd3 ./src/cr_startup_lpc175x_6x.o
 .debug_line    0x00001d7d      0x4e1 ./src/sysinit.o
 .debug_line    0x0000225e      0x8c6 C:\Users\Gaston\Desktop\pantalla TFT-07-09-2019\pantalla TFT\lpc_board_nxp_lpcxpresso_1769\Debug\liblpc_board_nxp_lpcxpresso_1769.a(board.o)
 .debug_line    0x00002b24      0x524 C:\Users\Gaston\Desktop\pantalla TFT-07-09-2019\pantalla TFT\lpc_board_nxp_lpcxpresso_1769\Debug\liblpc_board_nxp_lpcxpresso_1769.a(board_sysinit.o)
 .debug_line    0x00003048      0x4b8 C:\Users\Gaston\Desktop\pantalla TFT-07-09-2019\pantalla TFT\lpc_chip_175x_6x\Debug\liblpc_chip_175x_6x.a(chip_17xx_40xx.o)
 .debug_line    0x00003500      0x734 C:\Users\Gaston\Desktop\pantalla TFT-07-09-2019\pantalla TFT\lpc_chip_175x_6x\Debug\liblpc_chip_175x_6x.a(clock_17xx_40xx.o)
 .debug_line    0x00003c34      0x4a4 C:\Users\Gaston\Desktop\pantalla TFT-07-09-2019\pantalla TFT\lpc_chip_175x_6x\Debug\liblpc_chip_175x_6x.a(iocon_17xx_40xx.o)
 .debug_line    0x000040d8      0x52e C:\Users\Gaston\Desktop\pantalla TFT-07-09-2019\pantalla TFT\lpc_chip_175x_6x\Debug\liblpc_chip_175x_6x.a(sysinit_17xx_40xx.o)
 .debug_line    0x00004606      0x7e1 C:\Users\Gaston\Desktop\pantalla TFT-07-09-2019\pantalla TFT\lpc_chip_175x_6x\Debug\liblpc_chip_175x_6x.a(uart_17xx_40xx.o)

.debug_str      0x00000000    0x13fdc
 .debug_str     0x00000000    0x1155c ./src/DefaultFonts.o
                              0x11642 (size before relaxing)
 .debug_str     0x0001155c      0x1f0 ./src/HW_lpc1769.o
                              0x11636 (size before relaxing)
 .debug_str     0x0001174c      0x6c7 ./src/TFT.o
                              0x11e22 (size before relaxing)
 .debug_str     0x00011e13      0x24a ./src/UTFT.o
                              0x1208c (size before relaxing)
 .debug_str     0x0001205d      0x1d6 ./src/cr_startup_lpc175x_6x.o
                               0x2ebb (size before relaxing)
 .debug_str     0x00012233       0x1b ./src/sysinit.o
                              0x11467 (size before relaxing)
 .debug_str     0x0001224e      0xd68 C:\Users\Gaston\Desktop\pantalla TFT-07-09-2019\pantalla TFT\lpc_board_nxp_lpcxpresso_1769\Debug\liblpc_board_nxp_lpcxpresso_1769.a(board.o)
                              0x12345 (size before relaxing)
 .debug_str     0x00012fb6      0x22d C:\Users\Gaston\Desktop\pantalla TFT-07-09-2019\pantalla TFT\lpc_board_nxp_lpcxpresso_1769\Debug\liblpc_board_nxp_lpcxpresso_1769.a(board_sysinit.o)
                              0x1186f (size before relaxing)
 .debug_str     0x000131e3       0xaf C:\Users\Gaston\Desktop\pantalla TFT-07-09-2019\pantalla TFT\lpc_chip_175x_6x\Debug\liblpc_chip_175x_6x.a(chip_17xx_40xx.o)
                              0x112f5 (size before relaxing)
 .debug_str     0x00013292      0x852 C:\Users\Gaston\Desktop\pantalla TFT-07-09-2019\pantalla TFT\lpc_chip_175x_6x\Debug\liblpc_chip_175x_6x.a(clock_17xx_40xx.o)
                              0x11973 (size before relaxing)
 .debug_str     0x00013ae4       0x74 C:\Users\Gaston\Desktop\pantalla TFT-07-09-2019\pantalla TFT\lpc_chip_175x_6x\Debug\liblpc_chip_175x_6x.a(iocon_17xx_40xx.o)
                              0x10df0 (size before relaxing)
 .debug_str     0x00013b58       0xc4 C:\Users\Gaston\Desktop\pantalla TFT-07-09-2019\pantalla TFT\lpc_chip_175x_6x\Debug\liblpc_chip_175x_6x.a(sysinit_17xx_40xx.o)
                              0x10fd8 (size before relaxing)
 .debug_str     0x00013c1c      0x3c0 C:\Users\Gaston\Desktop\pantalla TFT-07-09-2019\pantalla TFT\lpc_chip_175x_6x\Debug\liblpc_chip_175x_6x.a(uart_17xx_40xx.o)
                              0x11848 (size before relaxing)

.comment        0x00000000       0x7f
 .comment       0x00000000       0x7f ./src/DefaultFonts.o
                                 0x80 (size before relaxing)
 .comment       0x0000007f       0x80 ./src/HW_lpc1769.o
 .comment       0x0000007f       0x80 ./src/TFT.o
 .comment       0x0000007f       0x80 ./src/UTFT.o
 .comment       0x0000007f       0x80 ./src/cr_startup_lpc175x_6x.o
 .comment       0x0000007f       0x80 ./src/sysinit.o
 .comment       0x0000007f       0x80 C:\Users\Gaston\Desktop\pantalla TFT-07-09-2019\pantalla TFT\lpc_board_nxp_lpcxpresso_1769\Debug\liblpc_board_nxp_lpcxpresso_1769.a(board.o)
 .comment       0x0000007f       0x80 C:\Users\Gaston\Desktop\pantalla TFT-07-09-2019\pantalla TFT\lpc_board_nxp_lpcxpresso_1769\Debug\liblpc_board_nxp_lpcxpresso_1769.a(board_sysinit.o)
 .comment       0x0000007f       0x80 C:\Users\Gaston\Desktop\pantalla TFT-07-09-2019\pantalla TFT\lpc_chip_175x_6x\Debug\liblpc_chip_175x_6x.a(chip_17xx_40xx.o)
 .comment       0x0000007f       0x80 C:\Users\Gaston\Desktop\pantalla TFT-07-09-2019\pantalla TFT\lpc_chip_175x_6x\Debug\liblpc_chip_175x_6x.a(clock_17xx_40xx.o)
 .comment       0x0000007f       0x80 C:\Users\Gaston\Desktop\pantalla TFT-07-09-2019\pantalla TFT\lpc_chip_175x_6x\Debug\liblpc_chip_175x_6x.a(iocon_17xx_40xx.o)
 .comment       0x0000007f       0x80 C:\Users\Gaston\Desktop\pantalla TFT-07-09-2019\pantalla TFT\lpc_chip_175x_6x\Debug\liblpc_chip_175x_6x.a(sysinit_17xx_40xx.o)
 .comment       0x0000007f       0x80 C:\Users\Gaston\Desktop\pantalla TFT-07-09-2019\pantalla TFT\lpc_chip_175x_6x\Debug\liblpc_chip_175x_6x.a(uart_17xx_40xx.o)
 .comment       0x0000007f       0x80 c:/nxp/mcuxpressoide_10.3.1_2233/ide/plugins/com.nxp.mcuxpresso.tools.win32_10.3.0.201811011841/tools/bin/../lib/gcc/arm-none-eabi/7.3.1/../../../../arm-none-eabi/lib/thumb/v7-m\libcr_c.a(__weak__main.o)
 .comment       0x0000007f       0x80 c:/nxp/mcuxpressoide_10.3.1_2233/ide/plugins/com.nxp.mcuxpresso.tools.win32_10.3.0.201811011841/tools/bin/../lib/gcc/arm-none-eabi/7.3.1/../../../../arm-none-eabi/lib/thumb/v7-m\libcr_c.a(strlen.o)

.ARM.attributes
                0x00000000       0x31
 .ARM.attributes
                0x00000000       0x33 ./src/DefaultFonts.o
 .ARM.attributes
                0x00000033       0x33 ./src/HW_lpc1769.o
 .ARM.attributes
                0x00000066       0x33 ./src/TFT.o
 .ARM.attributes
                0x00000099       0x33 ./src/UTFT.o
 .ARM.attributes
                0x000000cc       0x33 ./src/cr_startup_lpc175x_6x.o
 .ARM.attributes
                0x000000ff       0x33 ./src/sysinit.o
 .ARM.attributes
                0x00000132       0x33 C:\Users\Gaston\Desktop\pantalla TFT-07-09-2019\pantalla TFT\lpc_board_nxp_lpcxpresso_1769\Debug\liblpc_board_nxp_lpcxpresso_1769.a(board.o)
 .ARM.attributes
                0x00000165       0x33 C:\Users\Gaston\Desktop\pantalla TFT-07-09-2019\pantalla TFT\lpc_board_nxp_lpcxpresso_1769\Debug\liblpc_board_nxp_lpcxpresso_1769.a(board_sysinit.o)
 .ARM.attributes
                0x00000198       0x33 C:\Users\Gaston\Desktop\pantalla TFT-07-09-2019\pantalla TFT\lpc_chip_175x_6x\Debug\liblpc_chip_175x_6x.a(chip_17xx_40xx.o)
 .ARM.attributes
                0x000001cb       0x33 C:\Users\Gaston\Desktop\pantalla TFT-07-09-2019\pantalla TFT\lpc_chip_175x_6x\Debug\liblpc_chip_175x_6x.a(clock_17xx_40xx.o)
 .ARM.attributes
                0x000001fe       0x33 C:\Users\Gaston\Desktop\pantalla TFT-07-09-2019\pantalla TFT\lpc_chip_175x_6x\Debug\liblpc_chip_175x_6x.a(iocon_17xx_40xx.o)
 .ARM.attributes
                0x00000231       0x33 C:\Users\Gaston\Desktop\pantalla TFT-07-09-2019\pantalla TFT\lpc_chip_175x_6x\Debug\liblpc_chip_175x_6x.a(sysinit_17xx_40xx.o)
 .ARM.attributes
                0x00000264       0x33 C:\Users\Gaston\Desktop\pantalla TFT-07-09-2019\pantalla TFT\lpc_chip_175x_6x\Debug\liblpc_chip_175x_6x.a(uart_17xx_40xx.o)
 .ARM.attributes
                0x00000297       0x33 c:/nxp/mcuxpressoide_10.3.1_2233/ide/plugins/com.nxp.mcuxpresso.tools.win32_10.3.0.201811011841/tools/bin/../lib/gcc/arm-none-eabi/7.3.1/../../../../arm-none-eabi/lib/thumb/v7-m\libcr_c.a(__weak__main.o)
 .ARM.attributes
                0x000002ca       0x33 c:/nxp/mcuxpressoide_10.3.1_2233/ide/plugins/com.nxp.mcuxpresso.tools.win32_10.3.0.201811011841/tools/bin/../lib/gcc/arm-none-eabi/7.3.1/../../../../arm-none-eabi/lib/thumb/v7-m\libcr_c.a(strlen.o)

.debug_ranges   0x00000000      0x5d0
 .debug_ranges  0x00000000       0x28 ./src/HW_lpc1769.o
 .debug_ranges  0x00000028       0x18 ./src/TFT.o
 .debug_ranges  0x00000040       0xd0 ./src/UTFT.o
 .debug_ranges  0x00000110       0x70 ./src/cr_startup_lpc175x_6x.o
 .debug_ranges  0x00000180       0x10 ./src/sysinit.o
 .debug_ranges  0x00000190      0x158 C:\Users\Gaston\Desktop\pantalla TFT-07-09-2019\pantalla TFT\lpc_board_nxp_lpcxpresso_1769\Debug\liblpc_board_nxp_lpcxpresso_1769.a(board.o)
 .debug_ranges  0x000002e8       0x28 C:\Users\Gaston\Desktop\pantalla TFT-07-09-2019\pantalla TFT\lpc_board_nxp_lpcxpresso_1769\Debug\liblpc_board_nxp_lpcxpresso_1769.a(board_sysinit.o)
 .debug_ranges  0x00000310       0x28 C:\Users\Gaston\Desktop\pantalla TFT-07-09-2019\pantalla TFT\lpc_chip_175x_6x\Debug\liblpc_chip_175x_6x.a(chip_17xx_40xx.o)
 .debug_ranges  0x00000338      0x110 C:\Users\Gaston\Desktop\pantalla TFT-07-09-2019\pantalla TFT\lpc_chip_175x_6x\Debug\liblpc_chip_175x_6x.a(clock_17xx_40xx.o)
 .debug_ranges  0x00000448       0x20 C:\Users\Gaston\Desktop\pantalla TFT-07-09-2019\pantalla TFT\lpc_chip_175x_6x\Debug\liblpc_chip_175x_6x.a(iocon_17xx_40xx.o)
 .debug_ranges  0x00000468       0x50 C:\Users\Gaston\Desktop\pantalla TFT-07-09-2019\pantalla TFT\lpc_chip_175x_6x\Debug\liblpc_chip_175x_6x.a(sysinit_17xx_40xx.o)
 .debug_ranges  0x000004b8      0x118 C:\Users\Gaston\Desktop\pantalla TFT-07-09-2019\pantalla TFT\lpc_chip_175x_6x\Debug\liblpc_chip_175x_6x.a(uart_17xx_40xx.o)

.debug_frame    0x00000000     0x18bc
 .debug_frame   0x00000000       0xac ./src/HW_lpc1769.o
 .debug_frame   0x000000ac       0x58 ./src/TFT.o
 .debug_frame   0x00000104      0x3a4 ./src/UTFT.o
 .debug_frame   0x000004a8      0x170 ./src/cr_startup_lpc175x_6x.o
 .debug_frame   0x00000618       0x34 ./src/sysinit.o
 .debug_frame   0x0000064c      0x5f0 C:\Users\Gaston\Desktop\pantalla TFT-07-09-2019\pantalla TFT\lpc_board_nxp_lpcxpresso_1769\Debug\liblpc_board_nxp_lpcxpresso_1769.a(board.o)
 .debug_frame   0x00000c3c       0x8c C:\Users\Gaston\Desktop\pantalla TFT-07-09-2019\pantalla TFT\lpc_board_nxp_lpcxpresso_1769\Debug\liblpc_board_nxp_lpcxpresso_1769.a(board_sysinit.o)
 .debug_frame   0x00000cc8       0x88 C:\Users\Gaston\Desktop\pantalla TFT-07-09-2019\pantalla TFT\lpc_chip_175x_6x\Debug\liblpc_chip_175x_6x.a(chip_17xx_40xx.o)
 .debug_frame   0x00000d50      0x490 C:\Users\Gaston\Desktop\pantalla TFT-07-09-2019\pantalla TFT\lpc_chip_175x_6x\Debug\liblpc_chip_175x_6x.a(clock_17xx_40xx.o)
 .debug_frame   0x000011e0       0x80 C:\Users\Gaston\Desktop\pantalla TFT-07-09-2019\pantalla TFT\lpc_chip_175x_6x\Debug\liblpc_chip_175x_6x.a(iocon_17xx_40xx.o)
 .debug_frame   0x00001260      0x12c C:\Users\Gaston\Desktop\pantalla TFT-07-09-2019\pantalla TFT\lpc_chip_175x_6x\Debug\liblpc_chip_175x_6x.a(sysinit_17xx_40xx.o)
 .debug_frame   0x0000138c      0x530 C:\Users\Gaston\Desktop\pantalla TFT-07-09-2019\pantalla TFT\lpc_chip_175x_6x\Debug\liblpc_chip_175x_6x.a(uart_17xx_40xx.o)
