01:19:16 **** Incremental Build of configuration Debug for project lpc_chip_175x_6x ****
make -r all 
make: Nothing to be done for 'all'.
01:19:20 **** Incremental Build of configuration Debug for project c-tds-project-4a ****
make -r -j2 all 
Building file: ../example/src/tasks/task-Door1_switch_lpc1769.c
Building file: ../example/src/tasks/task-Clean_Room_controller_lpc1769.c
Invoking: MCU C Compiler
arm-none-eabi-gcc -DNO_BOARD_LIB -D__REDLIB__ -DDEBUG -D__CODE_RED -D__USE_LPCOPEN -DCORE_M3 -I"C:\Users\Gaston\git\c-tds-project-4a\example\inc\UTFT" -I"C:\Users\Gaston\git\c-tds-project-4a\example\inc" -I"C:\Users\Gaston\Documents\facultad\TDII\Proyecto\lpc_board_nxp_lpcxpresso_1769\inc" -I"C:\Users\Gaston\Documents\facultad\TDII\Proyecto\lpc_chip_175x_6x\inc" -O0 -g3 -Wall -c -fmessage-length=0 -fno-builtin -ffunction-sections -fdata-sections -mcpu=cortex-m3 -mthumb -D__REDLIB__ -specs=redlib.specs -MMD -MP -MF"example/src/tasks/task-Door1_switch_lpc1769.d" -MT"example/src/tasks/task-Door1_switch_lpc1769.o" -MT"example/src/tasks/task-Door1_switch_lpc1769.d" -o "example/src/tasks/task-Door1_switch_lpc1769.o" "../example/src/tasks/task-Door1_switch_lpc1769.c"
Invoking: MCU C Compiler
arm-none-eabi-gcc -DNO_BOARD_LIB -D__REDLIB__ -DDEBUG -D__CODE_RED -D__USE_LPCOPEN -DCORE_M3 -I"C:\Users\Gaston\git\c-tds-project-4a\example\inc\UTFT" -I"C:\Users\Gaston\git\c-tds-project-4a\example\inc" -I"C:\Users\Gaston\Documents\facultad\TDII\Proyecto\lpc_board_nxp_lpcxpresso_1769\inc" -I"C:\Users\Gaston\Documents\facultad\TDII\Proyecto\lpc_chip_175x_6x\inc" -O0 -g3 -Wall -c -fmessage-length=0 -fno-builtin -ffunction-sections -fdata-sections -mcpu=cortex-m3 -mthumb -D__REDLIB__ -specs=redlib.specs -MMD -MP -MF"example/src/tasks/task-Clean_Room_controller_lpc1769.d" -MT"example/src/tasks/task-Clean_Room_controller_lpc1769.o" -MT"example/src/tasks/task-Clean_Room_controller_lpc1769.d" -o "example/src/tasks/task-Clean_Room_controller_lpc1769.o" "../example/src/tasks/task-Clean_Room_controller_lpc1769.c"
../example/src/tasks/task-Clean_Room_controller_lpc1769.c: In function 'CLEAN_ROOM_CONTROLLER_Update':
../example/src/tasks/task-Clean_Room_controller_lpc1769.c:122:37: warning: unused variable 'RGEm' [-Wunused-variable]
     static uint32_t Open_Door=false,RGEm=0,OUTEm=0;
                                     ^~~~
At top level:
../example/src/tasks/task-Clean_Room_controller_lpc1769.c:122:37: warning: 'RGEm' defined but not used [-Wunused-variable]
Finished building: ../example/src/tasks/task-Clean_Room_controller_lpc1769.c
Finished building: ../example/src/tasks/task-Door1_switch_lpc1769.c
 
Building file: ../example/src/tasks/task-Door2_switch_lpc1769.c
 
Invoking: MCU C Compiler
arm-none-eabi-gcc -DNO_BOARD_LIB -D__REDLIB__ -DDEBUG -D__CODE_RED -D__USE_LPCOPEN -DCORE_M3 -I"C:\Users\Gaston\git\c-tds-project-4a\example\inc\UTFT" -I"C:\Users\Gaston\git\c-tds-project-4a\example\inc" -I"C:\Users\Gaston\Documents\facultad\TDII\Proyecto\lpc_board_nxp_lpcxpresso_1769\inc" -I"C:\Users\Gaston\Documents\facultad\TDII\Proyecto\lpc_chip_175x_6x\inc" -O0 -g3 -Wall -c -fmessage-length=0 -fno-builtin -ffunction-sections -fdata-sections -mcpu=cortex-m3 -mthumb -D__REDLIB__ -specs=redlib.specs -MMD -MP -MF"example/src/tasks/task-Door2_switch_lpc1769.d" -MT"example/src/tasks/task-Door2_switch_lpc1769.o" -MT"example/src/tasks/task-Door2_switch_lpc1769.d" -o "example/src/tasks/task-Door2_switch_lpc1769.o" "../example/src/tasks/task-Door2_switch_lpc1769.c"
Building file: ../example/src/tasks/task-Emergency_switch_lpc1769.c
Invoking: MCU C Compiler
arm-none-eabi-gcc -DNO_BOARD_LIB -D__REDLIB__ -DDEBUG -D__CODE_RED -D__USE_LPCOPEN -DCORE_M3 -I"C:\Users\Gaston\git\c-tds-project-4a\example\inc\UTFT" -I"C:\Users\Gaston\git\c-tds-project-4a\example\inc" -I"C:\Users\Gaston\Documents\facultad\TDII\Proyecto\lpc_board_nxp_lpcxpresso_1769\inc" -I"C:\Users\Gaston\Documents\facultad\TDII\Proyecto\lpc_chip_175x_6x\inc" -O0 -g3 -Wall -c -fmessage-length=0 -fno-builtin -ffunction-sections -fdata-sections -mcpu=cortex-m3 -mthumb -D__REDLIB__ -specs=redlib.specs -MMD -MP -MF"example/src/tasks/task-Emergency_switch_lpc1769.d" -MT"example/src/tasks/task-Emergency_switch_lpc1769.o" -MT"example/src/tasks/task-Emergency_switch_lpc1769.d" -o "example/src/tasks/task-Emergency_switch_lpc1769.o" "../example/src/tasks/task-Emergency_switch_lpc1769.c"
Finished building: ../example/src/tasks/task-Door2_switch_lpc1769.c
 
Finished building: ../example/src/tasks/task-Emergency_switch_lpc1769.c
Building file: ../example/src/tasks/task-LockDoor1_led_lpc1769.c
Invoking: MCU C Compiler
arm-none-eabi-gcc -DNO_BOARD_LIB -D__REDLIB__ -DDEBUG -D__CODE_RED -D__USE_LPCOPEN -DCORE_M3 -I"C:\Users\Gaston\git\c-tds-project-4a\example\inc\UTFT" -I"C:\Users\Gaston\git\c-tds-project-4a\example\inc" -I"C:\Users\Gaston\Documents\facultad\TDII\Proyecto\lpc_board_nxp_lpcxpresso_1769\inc" -I"C:\Users\Gaston\Documents\facultad\TDII\Proyecto\lpc_chip_175x_6x\inc" -O0 -g3 -Wall -c -fmessage-length=0 -fno-builtin -ffunction-sections -fdata-sections -mcpu=cortex-m3 -mthumb -D__REDLIB__ -specs=redlib.specs -MMD -MP -MF"example/src/tasks/task-LockDoor1_led_lpc1769.d" -MT"example/src/tasks/task-LockDoor1_led_lpc1769.o" -MT"example/src/tasks/task-LockDoor1_led_lpc1769.d" -o "example/src/tasks/task-LockDoor1_led_lpc1769.o" "../example/src/tasks/task-LockDoor1_led_lpc1769.c"
 
Building file: ../example/src/tasks/task-LockDoor2_led_lpc1769.c
Invoking: MCU C Compiler
arm-none-eabi-gcc -DNO_BOARD_LIB -D__REDLIB__ -DDEBUG -D__CODE_RED -D__USE_LPCOPEN -DCORE_M3 -I"C:\Users\Gaston\git\c-tds-project-4a\example\inc\UTFT" -I"C:\Users\Gaston\git\c-tds-project-4a\example\inc" -I"C:\Users\Gaston\Documents\facultad\TDII\Proyecto\lpc_board_nxp_lpcxpresso_1769\inc" -I"C:\Users\Gaston\Documents\facultad\TDII\Proyecto\lpc_chip_175x_6x\inc" -O0 -g3 -Wall -c -fmessage-length=0 -fno-builtin -ffunction-sections -fdata-sections -mcpu=cortex-m3 -mthumb -D__REDLIB__ -specs=redlib.specs -MMD -MP -MF"example/src/tasks/task-LockDoor2_led_lpc1769.d" -MT"example/src/tasks/task-LockDoor2_led_lpc1769.o" -MT"example/src/tasks/task-LockDoor2_led_lpc1769.d" -o "example/src/tasks/task-LockDoor2_led_lpc1769.o" "../example/src/tasks/task-LockDoor2_led_lpc1769.c"
Finished building: ../example/src/tasks/task-LockDoor2_led_lpc1769.c
 
Finished building: ../example/src/tasks/task-LockDoor1_led_lpc1769.c
Building file: ../example/src/tasks/task-heartbeat_lpc1769.c
Invoking: MCU C Compiler
arm-none-eabi-gcc -DNO_BOARD_LIB -D__REDLIB__ -DDEBUG -D__CODE_RED -D__USE_LPCOPEN -DCORE_M3 -I"C:\Users\Gaston\git\c-tds-project-4a\example\inc\UTFT" -I"C:\Users\Gaston\git\c-tds-project-4a\example\inc" -I"C:\Users\Gaston\Documents\facultad\TDII\Proyecto\lpc_board_nxp_lpcxpresso_1769\inc" -I"C:\Users\Gaston\Documents\facultad\TDII\Proyecto\lpc_chip_175x_6x\inc" -O0 -g3 -Wall -c -fmessage-length=0 -fno-builtin -ffunction-sections -fdata-sections -mcpu=cortex-m3 -mthumb -D__REDLIB__ -specs=redlib.specs -MMD -MP -MF"example/src/tasks/task-heartbeat_lpc1769.d" -MT"example/src/tasks/task-heartbeat_lpc1769.o" -MT"example/src/tasks/task-heartbeat_lpc1769.d" -o "example/src/tasks/task-heartbeat_lpc1769.o" "../example/src/tasks/task-heartbeat_lpc1769.c"
 
Building file: ../example/src/tasks/task-pantalla.c
Invoking: MCU C Compiler
arm-none-eabi-gcc -DNO_BOARD_LIB -D__REDLIB__ -DDEBUG -D__CODE_RED -D__USE_LPCOPEN -DCORE_M3 -I"C:\Users\Gaston\git\c-tds-project-4a\example\inc\UTFT" -I"C:\Users\Gaston\git\c-tds-project-4a\example\inc" -I"C:\Users\Gaston\Documents\facultad\TDII\Proyecto\lpc_board_nxp_lpcxpresso_1769\inc" -I"C:\Users\Gaston\Documents\facultad\TDII\Proyecto\lpc_chip_175x_6x\inc" -O0 -g3 -Wall -c -fmessage-length=0 -fno-builtin -ffunction-sections -fdata-sections -mcpu=cortex-m3 -mthumb -D__REDLIB__ -specs=redlib.specs -MMD -MP -MF"example/src/tasks/task-pantalla.d" -MT"example/src/tasks/task-pantalla.o" -MT"example/src/tasks/task-pantalla.d" -o "example/src/tasks/task-pantalla.o" "../example/src/tasks/task-pantalla.c"
../example/src/tasks/task-pantalla.c: In function 'task_pantalla_Init':
../example/src/tasks/task-pantalla.c:23:13: warning: passing argument 1 of 'setFont' discards 'const' qualifier from pointer target type [-Wdiscarded-qualifiers]
     setFont(SmallFont);
             ^~~~~~~~~
In file included from ../example/src/tasks/task-pantalla.c:8:0:
c:\users\gaston\git\c-tds-project-4a\example\inc\utft\utft.h:163:8: note: expected 'uint8_t * {aka unsigned char *}' but argument is of type 'const uint8_t * {aka const unsigned char *}'
   void setFont(uint8_t* font);
        ^~~~~~~
../example/src/tasks/task-pantalla.c: In function 'task_pantalla':
../example/src/tasks/task-pantalla.c:42:12: warning: pointer targets in passing argument 1 of 'print' differ in signedness [-Wpointer-sign]
      print("Vpp=1.5V",305,105,0);
            ^~~~~~~~~~
In file included from ../example/src/tasks/task-pantalla.c:8:0:
c:\users\gaston\git\c-tds-project-4a\example\inc\utft\utft.h:159:8: note: expected 'uint8_t * {aka unsigned char *}' but argument is of type 'char *'
   void print(uint8_t *st, uint16_t x, uint16_t y, int16_t deg);
        ^~~~~
../example/src/tasks/task-pantalla.c:43:12: warning: pointer targets in passing argument 1 of 'print' differ in signedness [-Wpointer-sign]
      print("frec=2Mhz",305,125,0);
            ^~~~~~~~~~~
In file included from ../example/src/tasks/task-pantalla.c:8:0:
c:\users\gaston\git\c-tds-project-4a\example\inc\utft\utft.h:159:8: note: expected 'uint8_t * {aka unsigned char *}' but argument is of type 'char *'
   void print(uint8_t *st, uint16_t x, uint16_t y, int16_t deg);
        ^~~~~
../example/src/tasks/task-pantalla.c:44:12: warning: pointer targets in passing argument 1 of 'print' differ in signedness [-Wpointer-sign]
      print("fs=200Mhz",CENTER,225,0);
            ^~~~~~~~~~~
In file included from ../example/src/tasks/task-pantalla.c:8:0:
c:\users\gaston\git\c-tds-project-4a\example\inc\utft\utft.h:159:8: note: expected 'uint8_t * {aka unsigned char *}' but argument is of type 'char *'
   void print(uint8_t *st, uint16_t x, uint16_t y, int16_t deg);
        ^~~~~
../example/src/tasks/task-pantalla.c:57:9: warning: pointer targets in passing argument 1 of 'print' differ in signedness [-Wpointer-sign]
   print("Vpp=10.3V",305,105,0);
         ^~~~~~~~~~~
In file included from ../example/src/tasks/task-pantalla.c:8:0:
c:\users\gaston\git\c-tds-project-4a\example\inc\utft\utft.h:159:8: note: expected 'uint8_t * {aka unsigned char *}' but argument is of type 'char *'
   void print(uint8_t *st, uint16_t x, uint16_t y, int16_t deg);
        ^~~~~
../example/src/tasks/task-pantalla.c:58:9: warning: pointer targets in passing argument 1 of 'print' differ in signedness [-Wpointer-sign]
   print("frec=1.234Khz",305,125,0);
         ^~~~~~~~~~~~~~~
In file included from ../example/src/tasks/task-pantalla.c:8:0:
c:\users\gaston\git\c-tds-project-4a\example\inc\utft\utft.h:159:8: note: expected 'uint8_t * {aka unsigned char *}' but argument is of type 'char *'
   void print(uint8_t *st, uint16_t x, uint16_t y, int16_t deg);
        ^~~~~
../example/src/tasks/task-pantalla.c:59:9: warning: pointer targets in passing argument 1 of 'print' differ in signedness [-Wpointer-sign]
   print("fs=100khz",CENTER,225,0);
         ^~~~~~~~~~~
In file included from ../example/src/tasks/task-pantalla.c:8:0:
c:\users\gaston\git\c-tds-project-4a\example\inc\utft\utft.h:159:8: note: expected 'uint8_t * {aka unsigned char *}' but argument is of type 'char *'
   void print(uint8_t *st, uint16_t x, uint16_t y, int16_t deg);
        ^~~~~
Finished building: ../example/src/tasks/task-heartbeat_lpc1769.c
 
Building file: ../example/src/tasks/task-s3_switch_lpc1769.c
Invoking: MCU C Compiler
arm-none-eabi-gcc -DNO_BOARD_LIB -D__REDLIB__ -DDEBUG -D__CODE_RED -D__USE_LPCOPEN -DCORE_M3 -I"C:\Users\Gaston\git\c-tds-project-4a\example\inc\UTFT" -I"C:\Users\Gaston\git\c-tds-project-4a\example\inc" -I"C:\Users\Gaston\Documents\facultad\TDII\Proyecto\lpc_board_nxp_lpcxpresso_1769\inc" -I"C:\Users\Gaston\Documents\facultad\TDII\Proyecto\lpc_chip_175x_6x\inc" -O0 -g3 -Wall -c -fmessage-length=0 -fno-builtin -ffunction-sections -fdata-sections -mcpu=cortex-m3 -mthumb -D__REDLIB__ -specs=redlib.specs -MMD -MP -MF"example/src/tasks/task-s3_switch_lpc1769.d" -MT"example/src/tasks/task-s3_switch_lpc1769.o" -MT"example/src/tasks/task-s3_switch_lpc1769.d" -o "example/src/tasks/task-s3_switch_lpc1769.o" "../example/src/tasks/task-s3_switch_lpc1769.c"
Finished building: ../example/src/tasks/task-pantalla.c
 
Building file: ../example/src/tasks/task-watchdog_lpc1769.c
Invoking: MCU C Compiler
arm-none-eabi-gcc -DNO_BOARD_LIB -D__REDLIB__ -DDEBUG -D__CODE_RED -D__USE_LPCOPEN -DCORE_M3 -I"C:\Users\Gaston\git\c-tds-project-4a\example\inc\UTFT" -I"C:\Users\Gaston\git\c-tds-project-4a\example\inc" -I"C:\Users\Gaston\Documents\facultad\TDII\Proyecto\lpc_board_nxp_lpcxpresso_1769\inc" -I"C:\Users\Gaston\Documents\facultad\TDII\Proyecto\lpc_chip_175x_6x\inc" -O0 -g3 -Wall -c -fmessage-length=0 -fno-builtin -ffunction-sections -fdata-sections -mcpu=cortex-m3 -mthumb -D__REDLIB__ -specs=redlib.specs -MMD -MP -MF"example/src/tasks/task-watchdog_lpc1769.d" -MT"example/src/tasks/task-watchdog_lpc1769.o" -MT"example/src/tasks/task-watchdog_lpc1769.d" -o "example/src/tasks/task-watchdog_lpc1769.o" "../example/src/tasks/task-watchdog_lpc1769.c"
Finished building: ../example/src/tasks/task-s3_switch_lpc1769.c
 
Building file: ../example/src/main/main.c
Invoking: MCU C Compiler
arm-none-eabi-gcc -DNO_BOARD_LIB -D__REDLIB__ -DDEBUG -D__CODE_RED -D__USE_LPCOPEN -DCORE_M3 -I"C:\Users\Gaston\git\c-tds-project-4a\example\inc\UTFT" -I"C:\Users\Gaston\git\c-tds-project-4a\example\inc" -I"C:\Users\Gaston\Documents\facultad\TDII\Proyecto\lpc_board_nxp_lpcxpresso_1769\inc" -I"C:\Users\Gaston\Documents\facultad\TDII\Proyecto\lpc_chip_175x_6x\inc" -O0 -g3 -Wall -c -fmessage-length=0 -fno-builtin -ffunction-sections -fdata-sections -mcpu=cortex-m3 -mthumb -D__REDLIB__ -specs=redlib.specs -MMD -MP -MF"example/src/main/main.d" -MT"example/src/main/main.o" -MT"example/src/main/main.d" -o "example/src/main/main.o" "../example/src/main/main.c"
Finished building: ../example/src/tasks/task-watchdog_lpc1769.c
 
Building file: ../example/src/c-tds/monittor_lpc1769.c
Invoking: MCU C Compiler
arm-none-eabi-gcc -DNO_BOARD_LIB -D__REDLIB__ -DDEBUG -D__CODE_RED -D__USE_LPCOPEN -DCORE_M3 -I"C:\Users\Gaston\git\c-tds-project-4a\example\inc\UTFT" -I"C:\Users\Gaston\git\c-tds-project-4a\example\inc" -I"C:\Users\Gaston\Documents\facultad\TDII\Proyecto\lpc_board_nxp_lpcxpresso_1769\inc" -I"C:\Users\Gaston\Documents\facultad\TDII\Proyecto\lpc_chip_175x_6x\inc" -O0 -g3 -Wall -c -fmessage-length=0 -fno-builtin -ffunction-sections -fdata-sections -mcpu=cortex-m3 -mthumb -D__REDLIB__ -specs=redlib.specs -MMD -MP -MF"example/src/c-tds/monittor_lpc1769.d" -MT"example/src/c-tds/monittor_lpc1769.o" -MT"example/src/c-tds/monittor_lpc1769.d" -o "example/src/c-tds/monittor_lpc1769.o" "../example/src/c-tds/monittor_lpc1769.c"
Finished building: ../example/src/main/main.c
 
Building file: ../example/src/c-tds/scheduler_lpc1769.c
Invoking: MCU C Compiler
arm-none-eabi-gcc -DNO_BOARD_LIB -D__REDLIB__ -DDEBUG -D__CODE_RED -D__USE_LPCOPEN -DCORE_M3 -I"C:\Users\Gaston\git\c-tds-project-4a\example\inc\UTFT" -I"C:\Users\Gaston\git\c-tds-project-4a\example\inc" -I"C:\Users\Gaston\Documents\facultad\TDII\Proyecto\lpc_board_nxp_lpcxpresso_1769\inc" -I"C:\Users\Gaston\Documents\facultad\TDII\Proyecto\lpc_chip_175x_6x\inc" -O0 -g3 -Wall -c -fmessage-length=0 -fno-builtin -ffunction-sections -fdata-sections -mcpu=cortex-m3 -mthumb -D__REDLIB__ -specs=redlib.specs -MMD -MP -MF"example/src/c-tds/scheduler_lpc1769.d" -MT"example/src/c-tds/scheduler_lpc1769.o" -MT"example/src/c-tds/scheduler_lpc1769.d" -o "example/src/c-tds/scheduler_lpc1769.o" "../example/src/c-tds/scheduler_lpc1769.c"
../example/src/c-tds/scheduler_lpc1769.c: In function 'SCH_Dispatch_Tasks':
../example/src/c-tds/scheduler_lpc1769.c:270:14: warning: variable 'time_SCH' set but not used [-Wunused-but-set-variable]
     uint32_t time_SCH;
              ^~~~~~~~
Finished building: ../example/src/c-tds/monittor_lpc1769.c
 
Building file: ../example/src/c-tds/system_lpc1769.c
Invoking: MCU C Compiler
arm-none-eabi-gcc -DNO_BOARD_LIB -D__REDLIB__ -DDEBUG -D__CODE_RED -D__USE_LPCOPEN -DCORE_M3 -I"C:\Users\Gaston\git\c-tds-project-4a\example\inc\UTFT" -I"C:\Users\Gaston\git\c-tds-project-4a\example\inc" -I"C:\Users\Gaston\Documents\facultad\TDII\Proyecto\lpc_board_nxp_lpcxpresso_1769\inc" -I"C:\Users\Gaston\Documents\facultad\TDII\Proyecto\lpc_chip_175x_6x\inc" -O0 -g3 -Wall -c -fmessage-length=0 -fno-builtin -ffunction-sections -fdata-sections -mcpu=cortex-m3 -mthumb -D__REDLIB__ -specs=redlib.specs -MMD -MP -MF"example/src/c-tds/system_lpc1769.d" -MT"example/src/c-tds/system_lpc1769.o" -MT"example/src/c-tds/system_lpc1769.d" -o "example/src/c-tds/system_lpc1769.o" "../example/src/c-tds/system_lpc1769.c"
Finished building: ../example/src/c-tds/scheduler_lpc1769.c
 
Finished building: ../example/src/c-tds/system_lpc1769.c
 
Building target: c-tds-project-4a.axf
Invoking: MCU Linker
arm-none-eabi-gcc -nostdlib -L"C:\Users\Gaston\Documents\facultad\TDII\Proyecto\lpc_chip_175x_6x\Debug" -Xlinker -Map="c-tds-project-4a.map" -Xlinker --gc-sections -mcpu=cortex-m3 -mthumb -T "c-tds-project-4_Debug.ld" -o "c-tds-project-4a.axf"  ./example/src/tasks/task-Clean_Room_controller_lpc1769.o ./example/src/tasks/task-Door1_switch_lpc1769.o ./example/src/tasks/task-Door2_switch_lpc1769.o ./example/src/tasks/task-Emergency_switch_lpc1769.o ./example/src/tasks/task-LockDoor1_led_lpc1769.o ./example/src/tasks/task-LockDoor2_led_lpc1769.o ./example/src/tasks/task-heartbeat_lpc1769.o ./example/src/tasks/task-pantalla.o ./example/src/tasks/task-s3_switch_lpc1769.o ./example/src/tasks/task-watchdog_lpc1769.o  ./example/src/pantalla_TFT/DefaultFonts.o ./example/src/pantalla_TFT/HW_lpc1769.o ./example/src/pantalla_TFT/UTFT.o  ./example/src/main/cr_startup_lpc175x_6x.o ./example/src/main/main.o ./example/src/main/sysinit.o  ./example/src/c-tds/monittor_lpc1769.o ./example/src/c-tds/scheduler_lpc1769.o ./example/src/c-tds/system_lpc1769.o   -llpc_chip_175x_6x
Finished building target: c-tds-project-4a.axf
 
make --no-print-directory post-build
Performing post-build steps
arm-none-eabi-size "c-tds-project-4a.axf"; # arm-none-eabi-objcopy -v -O binary "c-tds-project-4a.axf" "c-tds-project-4a.bin" ; # checksum -p LPC1769 -d "c-tds-project-4a.bin";
   text	   data	    bss	    dec	    hex	filename
  13796	   3212	   1344	  18352	   47b0	c-tds-project-4a.axf
 
01:19:41 **** Incremental Build of configuration Debug for project c-tds-project-4a ****
make -r -j2 all 
make: Nothing to be done for 'all'.
01:28:00 **** Clean-only build of configuration Debug for project TFT ****
make -r -j2 clean 
rm -rf  ./src/DefaultFonts.o ./src/HW_lpc1769.o ./src/TFT.o ./src/UTFT.o ./src/cr_startup_lpc175x_6x.o ./src/crp.o ./src/sysinit.o  ./src/DefaultFonts.d ./src/HW_lpc1769.d ./src/TFT.d ./src/UTFT.d ./src/cr_startup_lpc175x_6x.d ./src/crp.d ./src/sysinit.d  TFT.axf
 
01:28:03 **** Clean-only build of configuration Debug for project c-tds-project-4a ****
make -r -j2 clean 
rm -rf  ./example/src/tasks/task-Clean_Room_controller_lpc1769.o ./example/src/tasks/task-Door1_switch_lpc1769.o ./example/src/tasks/task-Door2_switch_lpc1769.o ./example/src/tasks/task-Emergency_switch_lpc1769.o ./example/src/tasks/task-LockDoor1_led_lpc1769.o ./example/src/tasks/task-LockDoor2_led_lpc1769.o ./example/src/tasks/task-heartbeat_lpc1769.o ./example/src/tasks/task-pantalla.o ./example/src/tasks/task-s3_switch_lpc1769.o ./example/src/tasks/task-watchdog_lpc1769.o  ./example/src/pantalla_TFT/DefaultFonts.o ./example/src/pantalla_TFT/HW_lpc1769.o ./example/src/pantalla_TFT/UTFT.o  ./example/src/main/cr_startup_lpc175x_6x.o ./example/src/main/main.o ./example/src/main/sysinit.o  ./example/src/c-tds/monittor_lpc1769.o ./example/src/c-tds/scheduler_lpc1769.o ./example/src/c-tds/system_lpc1769.o  ./example/src/tasks/task-Clean_Room_controller_lpc1769.d ./example/src/tasks/task-Door1_switch_lpc1769.d ./example/src/tasks/task-Door2_switch_lpc1769.d ./example/src/tasks/task-Emergency_switch_lpc1769.d ./example/src/tasks/task-LockDoor1_led_lpc1769.d ./example/src/tasks/task-LockDoor2_led_lpc1769.d ./example/src/tasks/task-heartbeat_lpc1769.d ./example/src/tasks/task-pantalla.d ./example/src/tasks/task-s3_switch_lpc1769.d ./example/src/tasks/task-watchdog_lpc1769.d  ./example/src/pantalla_TFT/DefaultFonts.d ./example/src/pantalla_TFT/HW_lpc1769.d ./example/src/pantalla_TFT/UTFT.d  ./example/src/main/cr_startup_lpc175x_6x.d ./example/src/main/main.d ./example/src/main/sysinit.d  ./example/src/c-tds/monittor_lpc1769.d ./example/src/c-tds/scheduler_lpc1769.d ./example/src/c-tds/system_lpc1769.d  c-tds-project-4a.axf
 
01:28:04 **** Clean-only build of configuration Debug for project lpc_board_nxp_lpcxpresso_1769 ****
make -r clean 
rm -rf  ./src/board.o ./src/board_sysinit.o ./src/lpc_phy_smsc87x0.o  ./src/board.d ./src/board_sysinit.d ./src/lpc_phy_smsc87x0.d  liblpc_board_nxp_lpcxpresso_1769.a
 
01:28:05 **** Clean-only build of configuration Debug for project lpc_chip_175x_6x ****
make -r clean 
rm -rf  ./src/adc_17xx_40xx.o ./src/can_17xx_40xx.o ./src/chip_17xx_40xx.o ./src/clock_17xx_40xx.o ./src/cmp_17xx_40xx.o ./src/crc_17xx_40xx.o ./src/dac_17xx_40xx.o ./src/eeprom_17xx_40xx.o ./src/emc_17xx_40xx.o ./src/enet_17xx_40xx.o ./src/gpdma_17xx_40xx.o ./src/gpio_17xx_40xx.o ./src/gpioint_17xx_40xx.o ./src/i2c_17xx_40xx.o ./src/i2s_17xx_40xx.o ./src/iap.o ./src/iocon_17xx_40xx.o ./src/lcd_17xx_40xx.o ./src/pmu_17xx_40xx.o ./src/ring_buffer.o ./src/ritimer_17xx_40xx.o ./src/rtc_17xx_40xx.o ./src/sdc_17xx_40xx.o ./src/sdmmc_17xx_40xx.o ./src/spi_17xx_40xx.o ./src/ssp_17xx_40xx.o ./src/stopwatch_17xx_40xx.o ./src/sysctl_17xx_40xx.o ./src/sysinit_17xx_40xx.o ./src/timer_17xx_40xx.o ./src/uart_17xx_40xx.o ./src/wwdt_17xx_40xx.o  ./src/adc_17xx_40xx.d ./src/can_17xx_40xx.d ./src/chip_17xx_40xx.d ./src/clock_17xx_40xx.d ./src/cmp_17xx_40xx.d ./src/crc_17xx_40xx.d ./src/dac_17xx_40xx.d ./src/eeprom_17xx_40xx.d ./src/emc_17xx_40xx.d ./src/enet_17xx_40xx.d ./src/gpdma_17xx_40xx.d ./src/gpio_17xx_40xx.d ./src/gpioint_17xx_40xx.d ./src/i2c_17xx_40xx.d ./src/i2s_17xx_40xx.d ./src/iap.d ./src/iocon_17xx_40xx.d ./src/lcd_17xx_40xx.d ./src/pmu_17xx_40xx.d ./src/ring_buffer.d ./src/ritimer_17xx_40xx.d ./src/rtc_17xx_40xx.d ./src/sdc_17xx_40xx.d ./src/sdmmc_17xx_40xx.d ./src/spi_17xx_40xx.d ./src/ssp_17xx_40xx.d ./src/stopwatch_17xx_40xx.d ./src/sysctl_17xx_40xx.d ./src/sysinit_17xx_40xx.d ./src/timer_17xx_40xx.d ./src/uart_17xx_40xx.d ./src/wwdt_17xx_40xx.d  liblpc_chip_175x_6x.a
 
